05-05 16:43:41.461 W/BroadcastQueue(  531): Background execution not allowed: receiving Intent { act=android.intent.action.PACKAGE_REMOVED (has data) flg=0x4000010 (has extras) } to com.amazon.alexa.externalmediaplayer.fireos/com.amazon.alexa.externalmediaplayeragent.receivers.AgentServiceProxyingBroadcastReceiver
05-05 16:43:41.502 I/AmazonInputSwitchService(  531): Received package deletion event for com.xandeflix.app
05-05 16:43:41.512 W/ContextImpl(  531): Calling a method in the system process without a qualified user: android.app.ContextImpl.sendBroadcast:1064 com.amazon.android.service.pm.AmazonPackageManagerService$PackageInstalledOrRemovedReceiver.onReceive:109 android.app.LoadedApk$ReceiverDispatcher$Args.lambda$getRunnable$0:1422 android.app.-$$Lambda$LoadedApk$ReceiverDispatcher$Args$_BumDX2UKsnxLVrE6UJsJZkotuA.run:2 android.os.Handler.handleCallback:873 
05-05 16:43:41.545 W/BroadcastQueue(  531): Background execution not allowed: receiving Intent { act=android.intent.action.PACKAGE_REMOVED (has data) flg=0x4000010 (has extras) } to com.amazon.identity.auth.device.authorization/.appsync.PackageChangedReceiver
05-05 16:43:41.566 W/BroadcastQueue(  531): Background execution not allowed: receiving Intent { act=android.intent.action.PACKAGE_REMOVED (has data) flg=0x4000010 (has extras) } to com.amazon.vizzini/com.amazon.alexa.androidapplicationagent.receivers.CommonServiceProxyingBroadcastReceiver
05-05 16:43:41.714 W/Looper  (  531): Slow dispatch took 177ms main h=android.app.ActivityThread$H c=android.app.-$$Lambda$LoadedApk$ReceiverDispatcher$Args$_BumDX2UKsnxLVrE6UJsJZkotuA@8f7f005 m=0
05-05 16:43:41.714 W/Looper  (  531): Slow delivery took 247ms main h=android.app.ActivityThread$H c=android.app.-$$Lambda$LoadedApk$ReceiverDispatcher$Args$_BumDX2UKsnxLVrE6UJsJZkotuA@590e85a m=0
05-05 16:43:41.717 I/AmazonInputSwitchService(  531): Received package installation event for com.xandeflix.app
05-05 16:43:41.725 W/ContextImpl(  531): Calling a method in the system process without a qualified user: android.app.ContextImpl.sendBroadcast:1064 com.amazon.android.service.pm.AmazonPackageManagerService$PackageInstalledOrRemovedReceiver.onReceive:103 android.app.LoadedApk$ReceiverDispatcher$Args.lambda$getRunnable$0:1422 android.app.-$$Lambda$LoadedApk$ReceiverDispatcher$Args$_BumDX2UKsnxLVrE6UJsJZkotuA.run:2 android.os.Handler.handleCallback:873 
05-05 16:43:41.833 I/AmazonInputSwitchService(  531): Received package installation event for com.xandeflix.app
05-05 16:43:41.864 I/AmazonProfileService(  531): Event is not filtered because it is not in filter key list.
05-05 16:43:41.885 W/Looper  (  531): Drained
05-05 16:43:42.333 W/ActivityManager(  531): Slow operation: 841ms so far, now at startProcess: returned from zygote!
05-05 16:43:42.334 W/ActivityManager(  531): Slow operation: 841ms so far, now at startProcess: done updating battery stats
05-05 16:43:42.334 W/ActivityManager(  531): Slow operation: 841ms so far, now at startProcess: building log message
05-05 16:43:42.334 I/ActivityManager(  531): Start proc 14906:com.android.keychain/1000 for service com.android.keychain/.KeyChainService
05-05 16:43:42.334 W/ActivityManager(  531): Slow operation: 841ms so far, now at startProcess: starting to update pids map
05-05 16:43:42.334 W/ActivityManager(  531): Slow operation: 841ms so far, now at startProcess: done updating pids map
05-05 16:43:42.419 W/ActivityManager(  531): Slow operation: 75ms so far, now at startProcess: returned from zygote!
05-05 16:43:42.419 W/ActivityManager(  531): Slow operation: 76ms so far, now at startProcess: done updating battery stats
05-05 16:43:42.419 W/ActivityManager(  531): Slow operation: 76ms so far, now at startProcess: building log message
05-05 16:43:42.419 I/ActivityManager(  531): Start proc 14914:com.amazon.ceviche/u0a78 for content provider com.amazon.ceviche/.TrackEventsContentProvider
05-05 16:43:42.419 W/ActivityManager(  531): Slow operation: 76ms so far, now at startProcess: starting to update pids map
05-05 16:43:42.419 W/ActivityManager(  531): Slow operation: 76ms so far, now at startProcess: done updating pids map
05-05 16:43:42.666 I/ActivityManager(  531): START u0 {flg=0x10000000 cmp=com.xandeflix.app/.MainActivity} from uid 2000
05-05 16:43:42.673 I/AmazonProfileService(  531): shouldAbortActivityStart() Package: xxx activity: xxx
05-05 16:43:42.674 I/AmazonProfileService(  531): shouldAbortActivityStart() not aborted
05-05 16:43:42.825 I/AmazonProfileService(  531): Registering callback
05-05 16:43:43.032 I/perfmonitord:StatUtil(  369): CPUUtilization crossed 95%. Current - 100%
05-05 16:43:43.055 I/ActivityManager(  531): Start proc 14971:com.xandeflix.app/u0a258 for activity com.xandeflix.app/.MainActivity
05-05 16:43:43.297 W/AmazonProfileService(  531): Active profile for the package xxx not present for customer Id xxx
05-05 16:43:43.302 W/AmazonProfileService(  531): Active profile for the package xxx not present for customer Id xxx
05-05 16:43:43.324 I/AmazonProfileService(  531): Sending broadcast as the package is a non-enabled app
05-05 16:43:43.394 I/ActivityManager(  531): Start proc 14999:com.amazon.aca/u0a66 for content provider com.amazon.aca/.cues.provider.HintsProvider
05-05 16:43:43.442 W/AmazonProfileService(  531): Active profile for the package xxx not present for customer Id xxx
05-05 16:43:44.044 W/BroadcastQueue(  531): Background execution not allowed: receiving Intent { act=android.intent.action.PACKAGE_ADDED (has data) flg=0x4000010 (has extras) } to com.amazon.sync.service/com.amazon.sync.framework.receivers.ApplicationChangedReceiver
05-05 16:43:44.047 W/BroadcastQueue(  531): Background execution not allowed: receiving Intent { act=android.intent.action.PACKAGE_ADDED (has data) flg=0x4000010 (has extras) } to com.amazon.venezia/com.amazon.juggler.settings.AppEventReceiver
05-05 16:43:44.047 W/BroadcastQueue(  531): Background execution not allowed: receiving Intent { act=android.intent.action.PACKAGE_ADDED (has data) flg=0x4000010 (has extras) } to com.amazon.adep/.nimh.device.management.PackageStatusReceiver
05-05 16:43:44.048 W/BroadcastQueue(  531): Background execution not allowed: receiving Intent { act=android.intent.action.PACKAGE_ADDED (has data) flg=0x4000010 (has extras) } to com.amazon.alexa.externalmediaplayer.fireos/com.amazon.alexa.externalmediaplayeragent.receivers.AgentServiceProxyingBroadcastReceiver
05-05 16:43:44.056 W/BroadcastQueue(  531): Background execution not allowed: receiving Intent { act=android.intent.action.PACKAGE_ADDED (has data) flg=0x4000010 (has extras) } to com.amazon.identity.auth.device.authorization/.appsync.PackageChangedReceiver
05-05 16:43:44.063 W/BroadcastQueue(  531): Background execution not allowed: receiving Intent { act=android.intent.action.PACKAGE_ADDED (has data) flg=0x4000010 (has extras) } to com.amazon.vizzini/com.amazon.alexa.androidapplicationagent.receivers.CommonServiceProxyingBroadcastReceiver
05-05 16:43:44.063 W/BroadcastQueue(  531): Background execution not allowed: receiving Intent { act=android.intent.action.PACKAGE_ADDED (has data) flg=0x4000010 (has extras) } to com.amazon.vizzini/amazon.speech.simclient.endpointstate.defaultvalue.DefaultStateTrigger
05-05 16:43:44.095 W/BroadcastQueue(  531): Background execution not allowed: receiving Intent { act=android.intent.action.PACKAGE_ADDED (has data) flg=0x4000010 (has extras) } to com.svox.pico/.VoiceDataInstallerReceiver
05-05 16:43:44.127 W/BroadcastQueue(  531): Background execution not allowed: receiving Intent { act=android.intent.action.PACKAGE_REPLACED (has data) flg=0x4000010 (has extras) } to com.amazon.venezia/com.amazon.mas.client.locker.receiver.LockerSystemEventsBroadcastReceiver
05-05 16:43:44.131 W/BroadcastQueue(  531): Background execution not allowed: receiving Intent { act=android.intent.action.PACKAGE_REPLACED (has data) flg=0x4000010 (has extras) } to com.amazon.sync.service/com.amazon.sync.framework.receivers.ApplicationChangedReceiver
05-05 16:43:44.131 W/BroadcastQueue(  531): Background execution not allowed: receiving Intent { act=android.intent.action.PACKAGE_REPLACED (has data) flg=0x4000010 (has extras) } to com.amazon.identity.auth.device.authorization/.appsync.PackageChangedReceiver
05-05 16:43:44.131 W/BroadcastQueue(  531): Background execution not allowed: receiving Intent { act=android.intent.action.PACKAGE_REPLACED (has data) flg=0x4000010 (has extras) } to com.amazon.platform.fdrw/.PackageWhitelistingHandler
05-05 16:43:44.131 W/BroadcastQueue(  531): Background execution not allowed: receiving Intent { act=android.intent.action.PACKAGE_REPLACED (has data) flg=0x4000010 (has extras) } to com.amazon.tv.settings.v2/com.amazon.systemappuninstalllib.receiver.PackageReplacedReceiver
05-05 16:43:44.131 W/BroadcastQueue(  531): Background execution not allowed: receiving Intent { act=android.intent.action.PACKAGE_REPLACED (has data) flg=0x4000010 (has extras) } to com.amazon.venezia/com.amazon.mas.client.apps.AppManagerBroadcastReceiver
05-05 16:43:44.131 W/BroadcastQueue(  531): Background execution not allowed: receiving Intent { act=android.intent.action.PACKAGE_REPLACED (has data) flg=0x4000010 (has extras) } to com.amazon.venezia/com.amazon.mas.client.appupdateservice.PackageStateReceiver
05-05 16:43:44.131 W/BroadcastQueue(  531): Background execution not allowed: receiving Intent { act=android.intent.action.PACKAGE_REPLACED (has data) flg=0x4000010 (has extras) } to com.amazon.venezia/com.amazon.mas.client.install.background.AndroidPackageBroadcastReceiver
05-05 16:43:44.132 W/BroadcastQueue(  531): Background execution not allowed: receiving Intent { act=android.intent.action.PACKAGE_REPLACED (has data) flg=0x4000010 (has extras) } to com.amazon.vizzini/amazon.speech.simclient.endpointstate.defaultvalue.DefaultStateTrigger
05-05 16:43:44.799 I/ActivityManager(  531): Start proc 15087:com.amazon.alexa.externalmediaplayer.fireos/u0a69 for broadcast com.amazon.alexa.externalmediaplayer.fireos/com.amazon.alexa.externalmediaplayeragent.receivers.PackageUpdatedBroadcastReceiver
05-05 16:43:45.021 E/TaskPersister(  531): File error accessing recents directory (directory doesn't exist?).
05-05 16:43:45.350 I/ActivityManager(  531): Start proc 15122:com.amazon.webview.chromium:AWVArcusServiceProcess/u0a195 for service com.amazon.webview.chromium/com.amazon.webview.awvdeploymentservice.service.AWVArcusService
05-05 16:43:45.366 I/ActivityManager(  531): Start proc 15133:com.amazon.webview.chromium/u0a195 for content provider com.amazon.webview.chromium/com.amazon.webview.awvdeploymentservice.service.AWVArcusContentProvider
05-05 16:43:45.619 I/ActivityManager(  531): Start proc 15166:com.amazon.alexamediaplayer.runtime.ftv:smbs/u0a71 for service com.amazon.alexamediaplayer.runtime.ftv/com.amazon.spotify.mediabrowserservice.SpotifyMediaBrowserService
05-05 16:43:45.816 E/LoadedApk(15166): Unable to instantiate appComponentFactory
05-05 16:43:45.816 E/LoadedApk(15166): java.lang.ClassNotFoundException: Didn't find class "com.amazon.alexamediaplayer.runtime.ftv.androidx" on path: DexPathList[[zip file "/system/framework/org.apache.http.legacy.boot.jar", zip file "/system/priv-app/MetricsApi/MetricsApi.apk", zip file "/system/priv-app/MinervaApi/MinervaApi.apk", zip file "/system/framework/FireOSPhoenixSDKNeoJavaServiceApi.jar", zip file "/system/framework/com.amazon.identity.auth.device.jar", zip file "/data/app/com.amazon.alexamediaplayer.runtime.ftv-1zsINymA--TKAxnc9PrZrA==/base.apk"],nativeLibraryDirectories=[/data/app/com.amazon.alexamediaplayer.runtime.ftv-1zsINymA--TKAxnc9PrZrA==/lib/arm, /data/app/com.amazon.alexamediaplayer.runtime.ftv-1zsINymA--TKAxnc9PrZrA==/base.apk!/lib/armeabi-v7a, /system/lib]]
05-05 16:43:45.816 E/LoadedApk(15166): 	at dalvik.system.BaseDexClassLoader.findClass(BaseDexClassLoader.java:134)
05-05 16:43:45.816 E/LoadedApk(15166): 	at java.lang.ClassLoader.loadClass(ClassLoader.java:379)
05-05 16:43:45.816 E/LoadedApk(15166): 	at java.lang.ClassLoader.loadClass(ClassLoader.java:312)
05-05 16:43:45.816 E/LoadedApk(15166): 	at android.app.LoadedApk.createAppFactory(LoadedApk.java:244)
05-05 16:43:45.816 E/LoadedApk(15166): 	at android.app.LoadedApk.createOrUpdateClassLoaderLocked(LoadedApk.java:749)
05-05 16:43:45.816 E/LoadedApk(15166): 	at android.app.LoadedApk.getClassLoader(LoadedApk.java:828)
05-05 16:43:45.816 E/LoadedApk(15166): 	at android.app.LoadedApk.getResources(LoadedApk.java:1062)
05-05 16:43:45.816 E/LoadedApk(15166): 	at android.app.ContextImpl.createAppContext(ContextImpl.java:2397)
05-05 16:43:45.816 E/LoadedApk(15166): 	at android.app.ActivityThread.handleBindApplication(ActivityThread.java:5842)
05-05 16:43:45.816 E/LoadedApk(15166): 	at android.app.ActivityThread.access$1200(ActivityThread.java:208)
05-05 16:43:45.816 E/LoadedApk(15166): 	at android.app.ActivityThread$H.handleMessage(ActivityThread.java:1674)
05-05 16:43:45.816 E/LoadedApk(15166): 	at android.os.Handler.dispatchMessage(Handler.java:106)
05-05 16:43:45.816 E/LoadedApk(15166): 	at android.os.Looper.loop(Looper.java:211)
05-05 16:43:45.816 E/LoadedApk(15166): 	at android.app.ActivityThread.main(ActivityThread.java:6777)
05-05 16:43:45.816 E/LoadedApk(15166): 	at java.lang.reflect.Method.invoke(Native Method)
05-05 16:43:45.816 E/LoadedApk(15166): 	at com.android.internal.os.RuntimeInit$MethodAndArgsCaller.run(RuntimeInit.java:493)
05-05 16:43:45.816 E/LoadedApk(15166): 	at com.android.internal.os.ZygoteInit.main(ZygoteInit.java:858)
05-05 16:43:45.839 W/ActivityManager(  531): Slow operation: 51ms so far, now at startProcess: building log message
05-05 16:43:45.839 I/ActivityManager(  531): Start proc 15191:com.amazon.webview.chromium:sandboxed_process0/u0i5 for webview_service com.xandeflix.app/org.chromium.content.app.SandboxedProcessService0
05-05 16:43:45.839 W/ActivityManager(  531): Slow operation: 51ms so far, now at startProcess: starting to update pids map
05-05 16:43:45.839 W/ActivityManager(  531): Slow operation: 51ms so far, now at startProcess: done updating pids map
05-05 16:43:46.147 I/ActivityManager(  531): Start proc 15230:com.amazon.webview.chromium:webview_service/u0a195 for service com.amazon.webview.chromium/org.chromium.android_webview.services.ComponentsProviderService
05-05 16:43:46.536 W/TextServicesManagerService(  531): no available spell checker services found
05-05 16:43:47.260 E/WindowManager(  531): App trying to use insecure INPUT_FEATURE_NO_INPUT_CHANNEL flag. Ignoring
05-05 16:43:47.310 I/AmazonProfileService(  531): Event is not filtered because it is not in filter key list.
05-05 16:43:48.436 W/AmazonProfileService(  531): Active profile for the package xxx not present for customer Id xxx
05-05 16:43:49.299 I/CrashReporterActivityManagerCallback(  531): CPU cores online info: 1111
05-05 16:43:49.316 I/CrashReporterActivityManagerCallback(  531): addErrorToDropBox inserted hashcode=56b2c146c071aad456ed9081fa57b3f96757053d for eventType wtf.
05-05 16:43:49.419 W/BroadcastQueue(  531): Permission Denial: receiving Intent { act=android.intent.action.DROPBOX_ENTRY_ADDED flg=0x10 (has extras) } to ProcessRecord{726c0f 14999:com.amazon.aca/u0a66} (pid=14999, uid=10066) requires android.permission.READ_LOGS due to sender android (uid 1000)
05-05 16:43:50.162 E/AmazonHdmiService(  531): Settings client binder died.
05-05 16:43:50.165 I/ActivityManager(  531): Process com.amazon.tv.devicecontrol (pid 14654) has died: cch+3CEM 
05-05 16:43:50.235 I/ActivityManager(  531): Process com.amazon.diode (pid 14605) has died: cch+3CEM 
05-05 16:43:50.331 I/ActivityManager(  531): Process com.amazon.bueller.photos (pid 14772) has died: cch+3CEM 
--------- beginning of main
05-05 16:43:50.468 I/DiskCleanupTask( 1723): .dl_persistent: 15 KB
05-05 16:43:50.477 I/BoundedBatchFileQueue( 1247): batch file added: 1778010230476_us-east-1_0001
05-05 16:43:50.493 W/VoiceInteractionManagerService(  531): no available voice recognition services found for user 0
05-05 16:43:50.511 I/PackageRecency(  531): Package com.xandeflix.app has changed
05-05 16:43:50.512 W/PackageRecency(  531): No listeners found
05-05 16:43:50.559 I/ActivityManager(  531): Process com.amazon.adep (pid 14755) has died: cch+3CEM 
05-05 16:43:50.560 I/Zygote  (  269): Process 14840 exited due to signal 9 (Killed)
05-05 16:43:50.560 W/libprocessgroup(  531): kill(-14755, 9) failed: No such process
05-05 16:43:50.560 I/libprocessgroup(  531): Successfully killed process cgroup uid 10068 pid 14755 in 0ms
05-05 16:43:50.561 I/Zygote  (  269): Process 14755 exited due to signal 9 (Killed)
05-05 16:43:50.566 I/Zygote  (  269): Process 14738 exited due to signal 9 (Killed)
05-05 16:43:50.580 I/PeriodicKPIReporter(  822): Shutdown was invoked.
05-05 16:43:50.580 I/CoordinatorUtils(  822): Report Trim-memory (level-10) to NSC
05-05 16:43:50.581 I/CoordinatorUtils(  822): Neo Trim-memory NSC notification (level-10) - done
05-05 16:43:50.581 I/ActivityManager(  531): Process com.amazon.device.software.ota (pid 14840) has died: cch+3CEM 
05-05 16:43:50.582 W/libprocessgroup(  531): kill(-14840, 9) failed: No such process
05-05 16:43:50.582 I/libprocessgroup(  531): Successfully killed process cgroup uid 10024 pid 14840 in 0ms
05-05 16:43:50.584 I/PeriodicKPIReporter(  822): Shutdown was invoked.
05-05 16:43:50.589 I/ActivityManager(  531): Process com.android.defcontainer (pid 14738) has died: cch+3CEM 
05-05 16:43:50.590 W/libprocessgroup(  531): kill(-14738, 9) failed: No such process
05-05 16:43:50.590 I/libprocessgroup(  531): Successfully killed process cgroup uid 10018 pid 14738 in 0ms
05-05 16:43:50.591 I/BuellerApplication( 1723): Received on trim from framework, level is 60
05-05 16:43:50.592 I/BuellerApplication( 1723):  should trim frozen image false
05-05 16:43:50.592 I/BuellerApplication( 1723): TRIM_MEMORY_MODERATE
05-05 16:43:50.592 I/MediaBrowseInMemoryCacheImpl( 1723): Cache size before trim: 223
05-05 16:43:50.592 I/MediaBrowseInMemoryCacheImpl( 1723): Cache size after trim: 223
05-05 16:43:50.592 I/ImageTrimMemoryHandler( 1723): Processing trimMemory level=60, availablePriority=2, cachedPriority=2, bytesInMemoryCache=1 MB, bytesInUse=5 MB
05-05 16:43:50.592 I/BuellerApplication( 1723): Trim memory has completed
05-05 16:43:50.593 I/MediaBrowseServiceImpl( 1723): Received notice that MediaBrowseServiceImpl is to trim memory. Trim memory level: 60
05-05 16:43:50.593 I/ImagePriorityLru( 1723): Releasing 0 cached items, and 0 available items, bytesInUse=5 MB, bytesOnlyInCache=1 MB
05-05 16:43:50.602 I/PeriodicKPIReporter(  822): Shutdown was invoked.
05-05 16:43:50.603 I/CoordinatorUtils(  822): Report Trim-memory (level-15) to NSC
05-05 16:43:50.605 I/CoordinatorUtils(  822): Neo Trim-memory NSC notification (level-15) - done
05-05 16:43:50.605 I/PeriodicKPIReporter(  822): Shutdown was invoked.
05-05 16:43:50.609 I/DiskCleanupTask( 1723): Total cache directory size is 28 MB
05-05 16:43:50.609 I/DiskCleanupTask( 1723): Checking database file...
05-05 16:43:50.612 I/DiskCleanupTask( 1723): mbcache.db-wal: 512 KB
05-05 16:43:50.612 I/DiskCleanupTask( 1723): RecentCdaCardBackupDB-shm: 32 KB
05-05 16:43:50.613 I/DiskCleanupTask( 1723): LauncherPersistentDB: 4 KB
05-05 16:43:50.613 I/DiskCleanupTask( 1723): ContinueWatchingItemDB: 4 KB
05-05 16:43:50.615 I/DiskCleanupTask( 1723): arn:aws:remote-config:us-west-2:541693914820:appConfig:ayo68shj_ConfigurationCache.db: 16 KB
05-05 16:43:50.615 I/DiskCleanupTask( 1723): CardDeviceAgentDB-wal: 512 KB
05-05 16:43:50.616 I/DiskCleanupTask( 1723): RecentCdaCardBackupDB: 24 KB
05-05 16:43:50.616 I/DiskCleanupTask( 1723): arn:aws:remote-config:us-west-2:541693914820:appConfig:att2x7wd_ConfigurationCache.db: 16 KB
05-05 16:43:50.616 I/DiskCleanupTask( 1723): arn:aws:remote-config:us-west-2:541693914820:appConfig:aoio3k0i_ConfigurationCache.db: 36 KB
05-05 16:43:50.622 I/DiskCleanupTask( 1723): arn:aws:remote-config:us-west-2:455205533140:appConfig:apiz0o87_ConfigurationCache.db: 16 KB
05-05 16:43:50.629 I/DiskCleanupTask( 1723): ContinueWatchingItemDB-wal: 36 KB
05-05 16:43:50.630 I/DiskCleanupTask( 1723): LauncherPersistentDB-shm: 32 KB
05-05 16:43:50.631 I/DiskCleanupTask( 1723): mbcache.db-shm: 32 KB
05-05 16:43:50.633 I/DiskCleanupTask( 1723): CardDeviceAgentDB: 168 KB
05-05 16:43:50.633 I/DiskCleanupTask( 1723): producer.db-shm: 32 KB
05-05 16:43:50.634 I/DiskCleanupTask( 1723): arn:aws:remote-config:us-west-2:541693914820:appConfig:a0n5bwx7_ConfigurationCache.db: 16 KB
05-05 16:43:50.634 I/OpenGLRenderer(14971): Davey! duration=1146ms; Flags=0, IntendedVsync=3593626699635, Vsync=3593626699635, OldestInputEvent=9223372036854775807, NewestInputEvent=0, HandleInputStart=3593627214135, AnimationStart=3593627228981, PerformTraversalsStart=3593629146981, DrawStart=3593629834520, SyncQueued=3593632265135, SyncStart=3593632349520, IssueDrawCommandsStart=3593632494443, SwapBuffers=3594772453597, FrameCompleted=3594773659443, DequeueBufferDuration=341000, QueueBufferDuration=563000, 
05-05 16:43:50.634 I/DiskCleanupTask( 1723): mbcache.db: 4 MB
05-05 16:43:50.634 I/DiskCleanupTask( 1723): arn:aws:remote-config:us-west-2:541693914820:appConfig:aziejdrs_ConfigurationCache.db: 16 KB
05-05 16:43:50.634 I/DiskCleanupTask( 1723): ContinueWatchingItemDB-shm: 32 KB
05-05 16:43:50.634 I/DiskCleanupTask( 1723): producer.db-wal: 406 KB
05-05 16:43:50.634 I/DiskCleanupTask( 1723): CardDeviceAgentDB-shm: 32 KB
05-05 16:43:50.635 I/DiskCleanupTask( 1723): LauncherPersistentDB-wal: 56 KB
05-05 16:43:50.635 I/DiskCleanupTask( 1723): producer.db: 20 KB
05-05 16:43:50.635 I/DiskCleanupTask( 1723): RecentCdaCardBackupDB-wal: 410 KB
05-05 16:43:50.650 I/ImagePriorityLru( 1723): Releasing 6 cached items, and 2 available items, bytesInUse=5 MB, bytesOnlyInCache=81 KB
05-05 16:43:50.665 I/DiskCleanupTask( 1723): Total database directory size is 7 MB
05-05 16:43:50.665 I/BuellerApplication( 1723): Notified of having no active activities
05-05 16:43:50.665 I/AivConnectorManager( 1723): Attempting to release AivConnector
05-05 16:43:50.671 I/WholeHomeAudioManager( 1723): unbindService() called
05-05 16:43:50.679 I/Choreographer(14971): Skipped 64 frames!  The application may be doing too much work on its main thread.
05-05 16:43:50.731 E/cr_AWVDeploymentClient(14971): Chromium Version = v138 key doesn't exist. So, default version config will be used.
05-05 16:43:50.736 I/cr_AWVDeploymentClient(14971): awv-force-overlay-colorspace-for-hdr can't be enabled on device other than mm-tablet
05-05 16:43:50.737 I/cr_AWVDeploymentClient(14971): remove-text-selection-handle-keyboard can't be enabled on device other than mm-tablet-mmftv
05-05 16:43:50.737 I/cr_AWVDeploymentClient(14971): disable-download can't be enabled on device other than mm
05-05 16:43:50.737 I/cr_AWVDeploymentClient(14971): enable-loose-resolution-check-for-h264-hw-decoder can't be enabled on device other than mm-tablet-mmftv
05-05 16:43:50.737 I/cr_AWVDeploymentClient(14971): enable-swap-width-height-for-h264-hw-decoder can't be enabled on device other than mm-tablet-mmftv
05-05 16:43:50.737 I/cr_AWVDeploymentClient(14971): disable-webview-sandboxed-renderer can't be enabled on device other than tablet
05-05 16:43:50.737 I/cr_AWVDeploymentClient(14971): enable-directboot-mode can't be enabled on device other than tablet
05-05 16:43:50.751 E/cr_AWVDeploymentClient(14971): Default device config doesn't exist
05-05 16:43:50.752 I/WebViewExtAmazonConfig(14971): Appending switch disable-streaming-for-exo
05-05 16:43:50.753 I/WebViewExtAmazonConfig(14971): Saving renderer process switch key=disable-streaming-for-exo value=
05-05 16:43:50.753 I/WebViewExtAmazonConfig(14971): Appending switch hide-keyboard-on-ime-go
05-05 16:43:50.753 I/WebViewExtAmazonConfig(14971): Saving renderer process switch key=hide-keyboard-on-ime-go value=
05-05 16:43:50.753 I/WebViewExtAmazonConfig(14971): Appending switch awv-gamepad-button-a-opens-keyboard
05-05 16:43:50.753 I/WebViewExtAmazonConfig(14971): Saving renderer process switch key=awv-gamepad-button-a-opens-keyboard value=
05-05 16:43:50.754 I/WebViewExtAmazonConfig(14971): Appending switch set-engine-options-allow-list with value --enable-awv-mode,--enable-system-key-events-processing,--amazon-player-type=exoplayer,--should-use-utc-time-dash,--exo-live-seek-offset-ms=0,--exo-skip-initial-seek-to-0,--exo-handle-seek-after-end,--enable-preparsed-js-caching,--max-overscroll-distance=0,--disable-vibration,--disable-audio-focus-handling,--disable-webkit-media-source,--enable-devtools-experiments
05-05 16:43:50.754 I/WebViewExtAmazonConfig(14971): Saving renderer process switch key=set-engine-options-allow-list value=--enable-awv-mode,--enable-system-key-events-processing,--amazon-player-type=exoplayer,--should-use-utc-time-dash,--exo-live-seek-offset-ms=0,--exo-skip-initial-seek-to-0,--exo-handle-seek-after-end,--enable-preparsed-js-caching,--max-overscroll-distance=0,--disable-vibration,--disable-audio-focus-handling,--disable-webkit-media-source,--enable-devtools-experiments
05-05 16:43:50.754 I/WebViewExtAmazonConfig(14971): Appending switch keyboard-previous-next-then-close
05-05 16:43:50.754 I/WebViewExtAmazonConfig(14971): Saving renderer process switch key=keyboard-previous-next-then-close value=
05-05 16:43:50.754 I/WebViewExtAmazonConfig(14971): Appending switch delay-metadata-ready-for-exo
05-05 16:43:50.754 I/WebViewExtAmazonConfig(14971): Saving renderer process switch key=delay-metadata-ready-for-exo value=
05-05 16:43:50.754 I/WebViewExtAmazonConfig(14971): Appending switch awv-surfaceview-enable-scale-metrics
05-05 16:43:50.754 I/WebViewExtAmazonConfig(14971): Saving renderer process switch key=awv-surfaceview-enable-scale-metrics value=
05-05 16:43:50.755 I/WebViewExtAmazonConfig(14971): Appending switch enable-media-element-key-handling
05-05 16:43:50.755 I/WebViewExtAmazonConfig(14971): Saving renderer process switch key=enable-media-element-key-handling value=
05-05 16:43:50.755 I/WebViewExtAmazonConfig(14971): Appending switch enable-show-hide-password-ime-fix
05-05 16:43:50.755 I/WebViewExtAmazonConfig(14971): Saving renderer process switch key=enable-show-hide-password-ime-fix value=
05-05 16:43:50.755 I/WebViewExtAmazonConfig(14971): Appending switch awv-secure-laurl
05-05 16:43:50.755 I/WebViewExtAmazonConfig(14971): Saving renderer process switch key=awv-secure-laurl value=
05-05 16:43:50.755 I/WebViewExtAmazonConfig(14971): Appending switch disable-remote-gamepad-classifying
05-05 16:43:50.755 I/WebViewExtAmazonConfig(14971): Saving renderer process switch key=disable-remote-gamepad-classifying value=
05-05 16:43:50.755 I/WebViewExtAmazonConfig(14971): Appending switch awv-chrome-inspect-fix-white-video
05-05 16:43:50.755 I/WebViewExtAmazonConfig(14971): Saving renderer process switch key=awv-chrome-inspect-fix-white-video value=
05-05 16:43:50.756 I/WebViewExtAmazonConfig(14971): Appending switch ignore-previous-start-time-buffer
05-05 16:43:50.756 I/WebViewExtAmazonConfig(14971): Saving renderer process switch key=ignore-previous-start-time-buffer value=
05-05 16:43:50.756 I/WebViewExtAmazonConfig(14971): Appending switch disable-soft-keyboard-element-focused
05-05 16:43:50.756 I/WebViewExtAmazonConfig(14971): Saving renderer process switch key=disable-soft-keyboard-element-focused value=
05-05 16:43:50.756 I/WebViewExtAmazonConfig(14971): Appending switch delay-setting-surface-exo
05-05 16:43:50.756 I/WebViewExtAmazonConfig(14971): Saving renderer process switch key=delay-setting-surface-exo value=
05-05 16:43:50.756 I/WebViewExtAmazonConfig(14971): Appending switch awv-video-renderer-estimated-refresh-rate
05-05 16:43:50.756 I/WebViewExtAmazonConfig(14971): Saving renderer process switch key=awv-video-renderer-estimated-refresh-rate value=
05-05 16:43:50.773 I/WebViewExtAmazon(14971): Reducing mse-buffer size due to low memory device (<=1GB RAM)
05-05 16:43:50.773 I/WebViewExtAmazonConfig(14971): Appending switch mse-video-buffer-size-limit-mb with value 30
05-05 16:43:50.774 I/WebViewExtAmazonConfig(14971): Saving renderer process switch key=mse-video-buffer-size-limit-mb value=30
05-05 16:43:50.774 I/WebViewExtAmazonConfig(14971): Appending switch mse-audio-buffer-size-limit-mb with value 2
05-05 16:43:50.774 I/WebViewExtAmazonConfig(14971): Saving renderer process switch key=mse-audio-buffer-size-limit-mb value=2
05-05 16:43:50.774 I/cr_AWVDeploymentClient(14971): disconnectRemote
05-05 16:43:50.809 I/AWVArcusService(15122): onDestroy
05-05 16:43:50.942 I/OpenGLRenderer(14971): Davey! duration=1335ms; Flags=0, IntendedVsync=3593743478186, Vsync=3594811212586, OldestInputEvent=9223372036854775807, NewestInputEvent=0, HandleInputStart=3594819356751, AnimationStart=3594819523212, PerformTraversalsStart=3594822378366, DrawStart=3594823512289, SyncQueued=3594825966135, SyncStart=3594828710058, IssueDrawCommandsStart=3594828828212, SwapBuffers=3595080351135, FrameCompleted=3595081464289, DequeueBufferDuration=960000, QueueBufferDuration=619000, 
05-05 16:43:51.059 I/ActivityManager(  531): Process com.android.keychain (pid 14906) has died: cch+3CEM 
05-05 16:43:51.060 W/libprocessgroup(  531): kill(-14906, 9) failed: No such process
05-05 16:43:51.071 I/Zygote  (  269): Process 14906 exited due to signal 9 (Killed)
05-05 16:43:51.081 I/PeriodicKPIReporter(  822): Shutdown was invoked.
05-05 16:43:51.082 I/CoordinatorUtils(  822): Report Trim-memory (level-15) to NSC
05-05 16:43:51.082 I/CoordinatorUtils(  822): Neo Trim-memory NSC notification (level-15) - done
05-05 16:43:51.084 I/PeriodicKPIReporter(  822): Shutdown was invoked.
05-05 16:43:51.102 W/libprocessgroup(  531): kill(-14906, 9) failed: No such process
05-05 16:43:51.102 I/libprocessgroup(  531): Successfully killed process cgroup uid 1000 pid 14906 in 42ms
05-05 16:43:51.124 I/Zygote  (  269): Process 15230 exited due to signal 9 (Killed)
05-05 16:43:51.127 I/ActivityManager(  531): Process com.amazon.webview.chromium:webview_service (pid 15230) has died: cch+3CEM 
05-05 16:43:51.127 W/libprocessgroup(  531): kill(-15230, 9) failed: No such process
05-05 16:43:51.127 I/libprocessgroup(  531): Successfully killed process cgroup uid 10195 pid 15230 in 0ms
05-05 16:43:51.195 I/ImageTrimMemoryHandler( 1723): Processed trimMemory level=40, bytesInMemoryCache=81 KB, bytesInUse=2 MB
05-05 16:43:51.691 I/ImageTrimMemoryHandler( 1723): Processed trimMemory level=60, bytesInMemoryCache=81 KB, bytesInUse=2 MB
05-05 16:43:52.066 I/perfmonitord:StatUtil(  369): CPUUtilization now below 95%. Usage - 12%. Total milliseconds above threshold - 9000
05-05 16:43:52.250 W/bt_btif (  791): bta_hh_le_input_rpt_notify uuid=0x2a4d srv_handle=79 is_bl_svc_primary=1 rpt_id=1 len=3
05-05 16:43:52.275 I/AmazonProfileService(  531): Event is not filtered because it is not in filter key list.
05-05 16:43:52.275 I/KeyMapManagerUtil(  531): Unknown remote sku id 39. Fetch remote sku id from system property
05-05 16:43:52.348 W/bt_btif (  791): bta_hh_le_input_rpt_notify uuid=0x2a4d srv_handle=79 is_bl_svc_primary=1 rpt_id=1 len=3
05-05 16:43:52.349 I/KeyMapManagerUtil(  531): Unknown remote sku id 39. Fetch remote sku id from system property
05-05 16:43:52.448 I/adbd    (  363): Calling send_auth_request...
05-05 16:43:52.449 E/adbd    (  363): error reading protocol FD 24: Connection reset by peer
05-05 16:43:52.473 I/adbd    (  363): Loading keys from /data/misc/adb/adb_keys
05-05 16:43:52.484 I/adbd    (  363): adb client authorized
05-05 16:43:52.940 W/MediaCodecDenylist(  531): Ota group not found for 1180 tries
05-05 16:43:53.428 W/bt_btif (  791): bta_hh_le_input_rpt_notify uuid=0x2a4d srv_handle=79 is_bl_svc_primary=1 rpt_id=1 len=3
05-05 16:43:53.429 I/KeyMapManagerUtil(  531): Unknown remote sku id 39. Fetch remote sku id from system property
05-05 16:43:53.549 W/bt_btif (  791): bta_hh_le_input_rpt_notify uuid=0x2a4d srv_handle=79 is_bl_svc_primary=1 rpt_id=1 len=3
05-05 16:43:53.550 I/KeyMapManagerUtil(  531): Unknown remote sku id 39. Fetch remote sku id from system property
05-05 16:43:53.888 W/bt_btif (  791): bta_hh_le_input_rpt_notify uuid=0x2a4d srv_handle=79 is_bl_svc_primary=1 rpt_id=1 len=3
05-05 16:43:53.889 I/KeyMapManagerUtil(  531): Unknown remote sku id 39. Fetch remote sku id from system property
05-05 16:43:53.991 I/main.wifi_score( 1307): dump_wifi_score_ctxt(): is2g=1, is11ac=0, is11ax=0, chan_bw=20, nss=2, bcn_rssi=-44, data_rssi=-46, tx_ok=6309, tx_failed=1236, cca_idle_pct=16
05-05 16:43:53.991 I/main.wifi_score( 1307): dump_wifi_score_ctxt(): last_tx_stats: sgi=0, pream=1, mcs=5, ss=2, bw=0
05-05 16:43:53.991 I/main.wifi_score( 1307): rate correction orig per/mcs/bw 59/5/0, new per/mcs/bw 29/4/0
05-05 16:43:54.048 W/bt_btif (  791): bta_hh_le_input_rpt_notify uuid=0x2a4d srv_handle=79 is_bl_svc_primary=1 rpt_id=1 len=3
05-05 16:43:54.049 I/KeyMapManagerUtil(  531): Unknown remote sku id 39. Fetch remote sku id from system property
05-05 16:43:54.266 I/InputReader(  531): Reconfiguring input devices.  changes=0x00000010
05-05 16:43:54.289 W/Searchables(  531): No global search activity found
05-05 16:43:53.889 I/chatty  (  531): uid=1000(system) InputReader identical 4 lines
05-05 16:43:54.049 I/AmazonProfileService(  531): Event is not filtered because it is not in filter key list.
05-05 16:43:54.293 W/VoiceInteractionManagerService(  531): no available voice interaction services found for user 0
05-05 16:43:54.294 I/PackageRecency(  531): Package com.amazon.ceviche has changed
05-05 16:43:54.294 W/PackageRecency(  531): No listeners found
05-05 16:43:54.312 I/chatty  ( 1631): uid=10163(com.amazon.vizzini) pool-8-thread-1 expire 27 lines
05-05 16:43:54.342 I/NapkinApplication( 8656): TRIM_MEMORY_COMPLETE
05-05 16:43:54.352 I/AmazonAppstore.FireTVGlide( 8656): Cleared Glide Memory Cache
05-05 16:43:54.362 W/Looper  (  531): Slow dispatch took 127ms main h=android.app.ActivityThread$H c=android.app.-$$Lambda$LoadedApk$ReceiverDispatcher$Args$_BumDX2UKsnxLVrE6UJsJZkotuA@4b6746 m=0
05-05 16:43:54.362 I/chatty  ( 1631): uid=10163(com.amazon.vizzini) expire 4 lines
05-05 16:43:54.365 W/IMGMemtrackHAL(  303): hal_get_memory: memtrack cache rebuild was required
05-05 16:43:54.368 W/bt_btif (  791): bta_hh_le_input_rpt_notify uuid=0x2a4d srv_handle=79 is_bl_svc_primary=1 rpt_id=1 len=3
05-05 16:43:54.369 I/AmazonProfileService(  531): Event is not filtered because it is not in filter key list.
05-05 16:43:54.369 I/KeyMapManagerUtil(  531): Unknown remote sku id 39. Fetch remote sku id from system property
05-05 16:43:54.406 I/AmazonInputSwitchService(  531): Received package installation event for com.amazon.ceviche
05-05 16:43:54.441 W/Process (  531): Unable to open /proc/0/status
05-05 16:43:54.464 E/Capacitor(14971): Unable to open asset URL: https://localhost/playlists/favicon.svg
05-05 16:43:54.466 E/Capacitor(14971): Unable to open asset URL: https://localhost/playlists/favicon.svg
05-05 16:43:54.471 E/Capacitor(14971): Unable to open asset URL: https://localhost/playlists/favicon.svg
05-05 16:43:54.481 W/Looper  (  531): Slow delivery took 201ms main h=android.app.ActivityThread$H c=android.app.-$$Lambda$LoadedApk$ReceiverDispatcher$Args$_BumDX2UKsnxLVrE6UJsJZkotuA@e12b5f7 m=0
05-05 16:43:54.482 W/ActivityManager(  531): Slow operation: 53ms so far, now at startProcess: returned from zygote!
05-05 16:43:54.482 W/ActivityManager(  531): Slow operation: 54ms so far, now at startProcess: done updating battery stats
05-05 16:43:54.483 W/ActivityManager(  531): Slow operation: 54ms so far, now at startProcess: building log message
05-05 16:43:54.483 I/ActivityManager(  531): Start proc 15337:com.amazon.adep/u0a68 for broadcast com.amazon.adep/.nimh.device.management.SecurityEventReceiver
05-05 16:43:54.483 W/ActivityManager(  531): Slow operation: 54ms so far, now at startProcess: starting to update pids map
05-05 16:43:54.483 W/ActivityManager(  531): Slow operation: 54ms so far, now at startProcess: done updating pids map
05-05 16:43:54.473 E/Capacitor(14971): Unable to open asset URL: https://localhost/playlists/favicon.svg
05-05 16:43:54.508 W/bt_btif (  791): bta_hh_le_input_rpt_notify uuid=0x2a4d srv_handle=79 is_bl_svc_primary=1 rpt_id=1 len=3
05-05 16:43:54.508 I/AmazonProfileService(  531): Event is not filtered because it is not in filter key list.
05-05 16:43:54.509 I/KeyMapManagerUtil(  531): Unknown remote sku id 39. Fetch remote sku id from system property
05-05 16:43:54.534 E/com.amazon.ade(15337): Not starting debugger since process cannot load the jdwp agent.
05-05 16:43:54.578 W/Looper  (  531): Drained
05-05 16:43:54.617 I/com.amazon.ade(15337): The ClassLoaderContext is a special shared library.
05-05 16:43:54.623 I/com.amazon.ade(15337): The ClassLoaderContext is a special shared library.
05-05 16:43:54.628 W/com.amazon.ade(15337): ClassLoaderContext classpath size mismatch for position 0. expected=0, found=2 (PCL[] | PCL[/system/framework/com.amazon.ceviche.sdk.jar*1534895123:/system/framework/com.amazon.identity.auth.device.jar*1759628808])
05-05 16:43:55.036 I/com.amazon.adep/MAPInit(15337): Initializing MAP (130050002 / MAPAndroidLib-1.3.51367.0) for app com.amazon.adep. MAP release version: 20260206N
05-05 16:43:55.054 I/com.amazon.adep/MetricsHelper(15337): FireOS Minerva metrics is supported
05-05 16:43:55.055 I/com.amazon.adep/MAPInit(15337): Running MAPInit on main thread: true
05-05 16:43:55.062 I/com.amazon.adep/ClientToCentralTrustLogicImpl(15337): Current package is: com.amazon.adep. Directly trust central package: com.amazon.imp, since it is system MAP library
05-05 16:43:55.064 I/chatty  (15337): uid=10068(com.amazon.adep) identical 2 lines
05-05 16:43:55.065 I/com.amazon.adep/ClientToCentralTrustLogicImpl(15337): Current package is: com.amazon.adep. Directly trust central package: com.amazon.imp, since it is system MAP library
05-05 16:43:55.067 I/com.amazon.adep/IsolatedModeSwitcher(15337): App does not support client driven runtime isolation.
05-05 16:43:55.067 I/com.amazon.adep/ClientToCentralTrustLogicImpl(15337): Current package is: com.amazon.adep. Directly trust central package: com.amazon.imp, since it is system MAP library
05-05 16:43:55.069 I/com.amazon.adep/ClientToCentralTrustLogicImpl(15337): Current package is: com.amazon.adep. Directly trust central package: com.amazon.imp, since it is system MAP library
05-05 16:43:55.070 I/com.amazon.adep/FeatureSetCache(15337): Caching feature IsolateApplication as false
05-05 16:43:55.070 I/com.amazon.adep/ClientToCentralTrustLogicImpl(15337): Current package is: com.amazon.adep. Directly trust central package: com.amazon.imp, since it is system MAP library
05-05 16:43:55.073 E/com.amazon.adep/PlatformUtils(15337): Could not initialize FidoAuthenticatorJSBridge because Fido client could not be initialized
05-05 16:43:55.089 W/MinervaServiceWrapper(15337): record : MinervaService not yet bound. Buffered Metric Event String. Buffer Size: 1
05-05 16:43:55.095 W/com.amazon.adep/WhatsAppAutoreadPluginHelper(15337): WhatsAppAutoreadPlugin is not supported for this package: com.amazon.adep
05-05 16:43:55.097 W/MinervaServiceWrapper(15337): record : MinervaService not yet bound. Buffered Metric Event String. Buffer Size: 2
05-05 16:43:55.097 I/com.amazon.adep/DataStorageFactoryImpl(15337): Creating new DataStorageFactoryImpl
05-05 16:43:55.097 I/com.amazon.adep/MAPInitTasks(15337): Get DataStorage instance for initialization
05-05 16:43:55.097 I/com.amazon.adep/DataStorageFactoryImpl(15337): Initializing new DataStorage
05-05 16:43:55.098 I/com.amazon.adep/ClientToCentralTrustLogicImpl(15337): Current package is: com.amazon.adep. Directly trust central package: com.amazon.imp, since it is system MAP library
05-05 16:43:55.100 I/com.amazon.adep/ClientToCentralTrustLogicImpl(15337): Current package is: com.amazon.adep. Directly trust central package: com.amazon.imp, since it is system MAP library
05-05 16:43:55.101 I/com.amazon.adep/IsolatedModeSwitcher(15337): App does not support client driven runtime isolation.
05-05 16:43:55.102 I/com.amazon.adep/ClientToCentralTrustLogicImpl(15337): Current package is: com.amazon.adep. Directly trust central package: com.amazon.imp, since it is system MAP library
05-05 16:43:55.106 I/com.amazon.adep/ClientToCentralTrustLogicImpl(15337): Current package is: com.amazon.adep. Directly trust central package: com.amazon.imp, since it is system MAP library
05-05 16:43:55.108 I/com.amazon.adep/DeviceAttributeCache(15337): Setting device attribute CentralAPK to true
05-05 16:43:55.110 I/com.amazon.adep/DataStorageFactoryImpl(15337): Creating and using new CentralAccountManagerDataStorage
05-05 16:43:55.115 I/com.amazon.adep/LocalKeyValueStore(15337): Create DE shared preference, OS supports direct boot.
05-05 16:43:55.117 I/com.amazon.adep/LocalKeyValueStore(15337): Create DE shared preference, OS supports direct boot.
05-05 16:43:55.118 I/com.amazon.adep/MAPInitTasks(15337): Initialize DataStorage instance
05-05 16:43:55.118 I/com.amazon.adep/MAPInitTasks(15337): Setup DataStorage instance
05-05 16:43:55.119 I/com.amazon.adep/ClientToCentralTrustLogicImpl(15337): Current package is: com.amazon.adep. Directly trust central package: com.amazon.imp, since it is system MAP library
05-05 16:43:55.123 I/chatty  (15337): uid=10068(com.amazon.adep) identical 9 lines
05-05 16:43:55.125 I/com.amazon.adep/ClientToCentralTrustLogicImpl(15337): Current package is: com.amazon.adep. Directly trust central package: com.amazon.imp, since it is system MAP library
05-05 16:43:55.126 I/com.amazon.adep/IsolatedModeSwitcher(15337): App does not support client driven runtime isolation.
05-05 16:43:55.126 I/Ceviche (15337): [main][Ceviche] Initialized Ceviche (Ceviche-1.0.3438.0) for com.amazon.adep
05-05 16:43:55.129 I/com.amazon.adep/TrustedPackageManager(15337): Trying to use default signature based package trust logic. This should be on 3P device
05-05 16:43:55.130 I/com.amazon.adep/TrustedPackageManager(15337): Setting package trust logic as: signature based package trust logic
05-05 16:43:55.131 W/com.amazon.ade(15337): Class com.amazon.identity.auth.device.framework.AmazonDeviceInfo failed lock verification and will run slower.
05-05 16:43:55.131 W/com.amazon.ade(15337): Common causes for lock verification issues are non-optimized dex code
05-05 16:43:55.131 W/com.amazon.ade(15337): and incorrect proguard optimizations.
05-05 16:43:55.138 W/MinervaServiceWrapper(15337): record : MinervaService not yet bound. Buffered Metric Event String. Buffer Size: 3
05-05 16:43:55.141 W/MinervaServiceWrapper(15337): record : MinervaService not yet bound. Buffered Metric Event String. Buffer Size: 4
05-05 16:43:55.155 I/com.amazon.adep/AmazonSerialNumber(15337): MAP Client side on FireOS 7+ calls IPC to get the DSN.
05-05 16:43:55.165 I/com.amazon.imp/SSODeviceInfo[0](  939): Amazon Device Info will try to get central device serial
05-05 16:43:55.165 I/com.amazon.imp/AmazonDeviceSecurityFactoryImpl[0](  939): Use device hardware auth.
05-05 16:43:55.175 I/com.amazon.adep/LocalKeyValueStore(15337): Create DE shared preference, OS supports direct boot.
05-05 16:43:55.183 I/com.amazon.adep/LocalKeyValueStore(15337): Create DE shared preference, OS supports direct boot.
05-05 16:43:55.188 W/bt_btif (  791): bta_hh_le_input_rpt_notify uuid=0x2a4d srv_handle=79 is_bl_svc_primary=1 rpt_id=1 len=3
05-05 16:43:55.189 I/AmazonProfileService(  531): Event is not filtered because it is not in filter key list.
05-05 16:43:55.189 I/KeyMapManagerUtil(  531): Unknown remote sku id 39. Fetch remote sku id from system property
05-05 16:43:55.212 I/com.amazon.adep/LocalKeyValueStore(15337): Create DE shared preference, OS supports direct boot.
05-05 16:43:55.220 I/com.amazon.adep/ClientToCentralTrustLogicImpl(15337): Current package is: com.amazon.adep. Directly trust central package: com.amazon.imp, since it is system MAP library
05-05 16:43:55.221 I/com.amazon.adep/ClientToCentralTrustLogicImpl(15337): Current package is: com.amazon.adep. Directly trust central package: com.amazon.imp, since it is system MAP library
05-05 16:43:55.222 I/com.amazon.adep/MAPInitTasks(15337): Start update legacy authportal domain in database if needed
05-05 16:43:55.229 I/com.amazon.ade(15337): Rejecting re-init on previously-failed class java.lang.Class<com.amazon.identity.auth.device.framework.LWASSOPluginHelper$LWASSODependencyImpl>: java.lang.NoClassDefFoundError: Failed resolution of: Lcom/amazon/identity/mobi/lwasso/api/LWASSODependency;
05-05 16:43:55.229 I/com.amazon.ade(15337):   at void com.amazon.identity.auth.device.framework.MAPInitTasks.performInitOperations() (MAPInitTasks.java:125)
05-05 16:43:55.229 I/com.amazon.ade(15337):   at void com.amazon.identity.auth.device.api.MAPInit$2.run() (MAPInit.java:1)
05-05 16:43:55.229 I/com.amazon.ade(15337):   at void com.amazon.identity.auth.device.utils.ThreadUtils$1.run() (ThreadUtils.java:2)
05-05 16:43:55.229 I/com.amazon.ade(15337):   at void java.util.concurrent.ThreadPoolExecutor.runWorker(java.util.concurrent.ThreadPoolExecutor$Worker) (ThreadPoolExecutor.java:1167)
05-05 16:43:55.229 I/com.amazon.ade(15337):   at void java.util.concurrent.ThreadPoolExecutor$Worker.run() (ThreadPoolExecutor.java:641)
05-05 16:43:55.229 I/com.amazon.ade(15337):   at void java.lang.Thread.run() (Thread.java:764)
05-05 16:43:55.229 I/com.amazon.ade(15337): Caused by: java.lang.ClassNotFoundException: Didn't find class "com.amazon.identity.mobi.lwasso.api.LWASSODependency" on path: DexPathList[[zip file "/system/framework/com.amazon.ceviche.sdk.jar", zip file "/system/framework/com.amazon.identity.auth.device.jar", zip file "/system/priv-app/MetricsApi/MetricsApi.apk", zip file "/system/priv-app/MinervaApi/MinervaApi.apk", zip file "/system/priv-app/com.amazon.adep/com.amazon.adep.apk"],nativeLibraryDirectories=[/system/priv-app/com.amazon.adep/lib/arm, /system/priv-app/com.amazon.adep/com.amazon.adep.apk!/lib/armeabi-v7a, /system/lib, /system/priv-app/MetricsApi/MetricsApi.apk!/lib/armeabi-v7a, /system/priv-app/MinervaApi/MinervaApi.apk!/lib/armeabi-v7a, /system/lib]]
05-05 16:43:55.229 I/com.amazon.ade(15337):   at java.lang.Class dalvik.system.BaseDexClassLoader.findClass(java.lang.String) (BaseDexClassLoader.java:134)
05-05 16:43:55.229 I/com.amazon.ade(15337):   at java.lang.Class java.lang.ClassLoader.loadClass(java.lang.String, boolean) (ClassLoader.java:379)
05-05 16:43:55.229 I/com.amazon.ade(15337):   at java.lang.Class java.lang.ClassLoader.loadClass(java.lang.String) (ClassLoader.java:312)
05-05 16:43:55.230 I/com.amazon.ade(15337):   at void com.amazon.identity.auth.device.framework.MAPInitTasks.performInitOperations() (MAPInitTasks.java:125)
05-05 16:43:55.230 I/com.amazon.ade(15337):   at void com.amazon.identity.auth.device.api.MAPInit$2.run() (MAPInit.java:1)
05-05 16:43:55.230 I/com.amazon.ade(15337):   at void com.amazon.identity.auth.device.utils.ThreadUtils$1.run() (ThreadUtils.java:2)
05-05 16:43:55.230 I/com.amazon.ade(15337):   at void java.util.concurrent.ThreadPoolExecutor.runWorker(java.util.concurrent.ThreadPoolExecutor$Worker) (ThreadPoolExecutor.java:1167)
05-05 16:43:55.230 I/com.amazon.ade(15337):   at void java.util.concurrent.ThreadPoolExecutor$Worker.run() (ThreadPoolExecutor.java:641)
05-05 16:43:55.230 I/com.amazon.ade(15337):   at void java.lang.Thread.run() (Thread.java:764)
05-05 16:43:55.230 I/com.amazon.ade(15337): 
05-05 16:43:55.231 I/com.amazon.ade(15337): Rejecting re-init on previously-failed class java.lang.Class<com.amazon.identity.auth.device.framework.LWASSOPluginHelper$LWASSODependencyImpl>: java.lang.NoClassDefFoundError: Failed resolution of: Lcom/amazon/identity/mobi/lwasso/api/LWASSODependency;
05-05 16:43:55.231 I/com.amazon.ade(15337):   at void com.amazon.identity.auth.device.framework.MAPInitTasks.performInitOperations() (MAPInitTasks.java:125)
05-05 16:43:55.231 I/com.amazon.ade(15337):   at void com.amazon.identity.auth.device.api.MAPInit$2.run() (MAPInit.java:1)
05-05 16:43:55.232 I/com.amazon.ade(15337):   at void com.amazon.identity.auth.device.utils.ThreadUtils$1.run() (ThreadUtils.java:2)
05-05 16:43:55.232 I/com.amazon.ade(15337):   at void java.util.concurrent.ThreadPoolExecutor.runWorker(java.util.concurrent.ThreadPoolExecutor$Worker) (ThreadPoolExecutor.java:1167)
05-05 16:43:55.232 I/com.amazon.ade(15337):   at void java.util.concurrent.ThreadPoolExecutor$Worker.run() (ThreadPoolExecutor.java:641)
05-05 16:43:55.232 I/com.amazon.ade(15337):   at void java.lang.Thread.run() (Thread.java:764)
05-05 16:43:55.232 I/com.amazon.ade(15337): Caused by: java.lang.ClassNotFoundException: Didn't find class "com.amazon.identity.mobi.lwasso.api.LWASSODependency" on path: DexPathList[[zip file "/system/framework/com.amazon.ceviche.sdk.jar", zip file "/system/framework/com.amazon.identity.auth.device.jar", zip file "/system/priv-app/MetricsApi/MetricsApi.apk", zip file "/system/priv-app/MinervaApi/MinervaApi.apk", zip file "/system/priv-app/com.amazon.adep/com.amazon.adep.apk"],nativeLibraryDirectories=[/system/priv-app/com.amazon.adep/lib/arm, /system/priv-app/com.amazon.adep/com.amazon.adep.apk!/lib/armeabi-v7a, /system/lib, /system/priv-app/MetricsApi/MetricsApi.apk!/lib/armeabi-v7a, /system/priv-app/MinervaApi/MinervaApi.apk!/lib/armeabi-v7a, /system/lib]]
05-05 16:43:55.232 I/com.amazon.ade(15337):   at java.lang.Class dalvik.system.BaseDexClassLoader.findClass(java.lang.String) (BaseDexClassLoader.java:134)
05-05 16:43:55.232 I/com.amazon.ade(15337):   at java.lang.Class java.lang.ClassLoader.loadClass(java.lang.String, boolean) (ClassLoader.java:379)
05-05 16:43:55.232 I/com.amazon.ade(15337):   at java.lang.Class java.lang.ClassLoader.loadClass(java.lang.String) (ClassLoader.java:312)
05-05 16:43:55.232 I/com.amazon.ade(15337):   at void com.amazon.identity.auth.device.framework.MAPInitTasks.performInitOperations() (MAPInitTasks.java:125)
