05-05 16:44:46.703 W/OZ-DCS:InputPreferenceManagerImpl(15538): Connection retry 2, connecting to AmazonInputPreferenceManager
05-05 16:44:46.704 W/ActivityManager(  531): Unable to start service Intent { cmp=com.amazon.tv.inputpreference.service/.AmazonInputPreferenceServiceImpl } U=0: not found
05-05 16:44:46.704 E/OZ-DCS:InputPreferenceManagerImpl(15538): Failed to connect to AmazonInputPreferenceManager
05-05 16:44:47.295 I/whad    ( 1652): DeviceVisibilityManager:runProactiveVisibilityTest:started test 3 of 3
05-05 16:44:47.295 I/whad    ( 1652): DeviceVisibilityManager:runProactiveVisibilityTest:skippingLocalDevice,bssid=0,essid=0,networkTypeGuesses=2_4_GHZ
05-05 16:44:47.295 I/whad    ( 1652): DeviceVisibilityManager:runProactiveVisibilityTest:testingId=XX13WK
05-05 16:44:47.296 I/whad    ( 1652): DeviceVisibilityManager:runProactiveVisibilityTest:testingId=XX08SX
05-05 16:44:47.296 I/whad    ( 1652): Device:testVisibility:reason=sending,fetchingCapabilities=1,uniqueId=XX13WK
05-05 16:44:47.296 I/whad    ( 1652): DeviceVisibilityManager:runProactiveVisibilityTest:testingId=XX01M4
05-05 16:44:47.296 I/whad    ( 1652): Device:testVisibility:reason=sending,fetchingCapabilities=1,uniqueId=XX08SX
05-05 16:44:47.296 I/whad    ( 1652): DeviceVisibilityManager:runProactiveVisibilityTest:localDevice=XX0CJ0,finished sending proactive test 3 of 3
05-05 16:44:47.298 I/whad    ( 1652): Device:testVisibility:reason=sending,fetchingCapabilities=1,uniqueId=XX01M4
05-05 16:44:47.299 I/whad    ( 1652): Device:testVisibilityFailed:uniqueId=XX08SX,reason=Timeout,bssid=2,essid=2,wifiFrequency=0,networkTypeGuesses=2_4_GHZ
05-05 16:44:47.299 I/whad    ( 1652): DeviceVisibilityManager:proactiveVisibilityThread:clearing the priority devices set.
05-05 16:44:47.299 I/whad    ( 1652): DeviceVisibilityManager:proactiveVisibilityThread:maintenance test
05-05 16:44:47.299 I/whad    ( 1652): DeviceVisibilityManager:runProactiveVisibilityTest:started test 1 of 3
05-05 16:44:47.299 I/whad    ( 1652): ConnectionEdgeDetector:onVisibilityTestResult:updatedConnectionEdge,localDevice=XX0CJ0,remoteDevice=XX08SX,edgeType=None,reason=DifferentSeparateNetworks
05-05 16:44:47.299 I/whad    ( 1652): DeviceVisibilityManager:runProactiveVisibilityTest:skippingLocalDevice,bssid=0,essid=0,networkTypeGuesses=2_4_GHZ
05-05 16:44:47.299 I/whad    ( 1652): DeviceVisibilityManager:runProactiveVisibilityTest:testingId=XX13WK
05-05 16:44:47.299 I/whad    ( 1652): Device:testVisibility:reason=sending,fetchingCapabilities=1,uniqueId=XX13WK
05-05 16:44:47.301 I/whad    ( 1652): Device:testVisibilityFailed:uniqueId=XX13WK,reason=Timeout,bssid=1,essid=1,wifiFrequency=0,networkTypeGuesses=5_0_GHZ
05-05 16:44:47.302 I/whad    ( 1652): ConnectionEdgeDetector:onVisibilityTestResult:updatedConnectionEdge,localDevice=XX0CJ0,remoteDevice=XX13WK,edgeType=None,reason=DifferentSeparateNetworks
05-05 16:44:47.304 I/whad    ( 1652): Device:testVisibilityFailed:uniqueId=XX01M4,reason=Timeout,bssid=2,essid=2,wifiFrequency=0,networkTypeGuesses=2_4_GHZ
05-05 16:44:47.304 I/whad    ( 1652): ConnectionEdgeDetector:onVisibilityTestResult:updatedConnectionEdge,localDevice=XX0CJ0,remoteDevice=XX01M4,edgeType=None,reason=DifferentSeparateNetworks
05-05 16:44:49.989 I/bt_stack(  791): [INFO:hearing_aid.cc(1900)] GetDeviceCount: Not initialized yet
05-05 16:44:50.503 I/Node    (  313): dolby-audio-meter, AdapterPcmSystem adapter audio meter: channel 0; audio level: 0.000
05-05 16:44:50.503 I/Node    (  313): dolby-audio-meter, AdapterPcmSystem adapter audio meter: channel 1; audio level: 0.000
05-05 16:44:50.535 I/Node    (  313): dolby-audio-meter, AdapterPcmOut adapter audio meter: channel 0; audio level: 0.000
05-05 16:44:50.535 I/Node    (  313): dolby-audio-meter, AdapterPcmOut adapter audio meter: channel 1; audio level: 0.000
05-05 16:44:51.745 W/OZ-DCS:InputPreferenceManagerImpl(15538): Connection retry 3, connecting to AmazonInputPreferenceManager
05-05 16:44:51.746 W/ActivityManager(  531): Unable to start service Intent { cmp=com.amazon.tv.inputpreference.service/.AmazonInputPreferenceServiceImpl } U=0: not found
05-05 16:44:51.747 E/OZ-DCS:InputPreferenceManagerImpl(15538): Failed to connect to AmazonInputPreferenceManager
05-05 16:44:53.315 I/DiebusMetrics( 1723): Starting reporting metrics
05-05 16:44:53.351 I/DiebusMetrics( 1723): End reporting metrics
05-05 16:44:53.730 W/MediaCodecDenylist(  531): Ota group not found for 1200 tries
05-05 16:44:53.910 I/DiebusMetrics( 1723): Starting reporting metrics
05-05 16:44:53.980 I/DiebusMetrics( 1723): End reporting metrics
05-05 16:44:54.334 I/wlan_stats( 1307): 30s Txop: ret=30 avg_txop=2
05-05 16:44:56.544 I/main.wifi_score( 1307): dump_wifi_score_ctxt(): is2g=1, is11ac=0, is11ax=0, chan_bw=20, nss=2, bcn_rssi=-43, data_rssi=-48, tx_ok=6314, tx_failed=1236, cca_idle_pct=58
05-05 16:44:56.544 I/main.wifi_score( 1307): dump_wifi_score_ctxt(): last_tx_stats: sgi=0, pream=1, mcs=5, ss=2, bw=0
05-05 16:44:56.788 W/OZ-DCS:InputPreferenceManagerImpl(15538): Connection retry 4, connecting to AmazonInputPreferenceManager
05-05 16:44:56.789 E/OZ-DCS:InputPreferenceManagerImpl(15538): Failed to connect to AmazonInputPreferenceManager
05-05 16:44:56.959 W/Process (  531): Unable to open /proc/0/status
05-05 16:44:56.788 W/ActivityManager(  531): Unable to start service Intent { cmp=com.amazon.tv.inputpreference.service/.AmazonInputPreferenceServiceImpl } U=0: not found
05-05 16:44:56.976 I/ActivityManager(  531): Start proc 15688:com.amazon.diode/u0a91 for service com.amazon.diode/.scheduling.DelayedAnalysisJobScheduler
05-05 16:44:56.995 E/om.amazon.diod(15688): Not starting debugger since process cannot load the jdwp agent.
05-05 16:44:57.032 I/om.amazon.diod(15688): The ClassLoaderContext is a special shared library.
05-05 16:44:57.038 W/om.amazon.diod(15688): ClassLoaderContext classpath size mismatch for position 0. expected=0, found=1 (PCL[] | PCL[/system/framework/com.amazon.identity.auth.device.jar*1759628808])
05-05 16:44:57.046 W/om.amazon.diod(15688): ClassLoaderContext classpath size mismatch for position 0. expected=0, found=2 (PCL[] | PCL[/system/framework/com.amazon.identity.auth.device.jar*1759628808:/system/priv-app/DeviceSoftwareOTAContracts/DeviceSoftwareOTAContracts.apk*1675565511])
05-05 16:44:57.047 W/om.amazon.diod(15688): Found duplicate classes, falling back to extracting from APK : /system/priv-app/com.amazon.communication/com.amazon.communication.apk
05-05 16:44:57.047 W/om.amazon.diod(15688): NOTE: This wastes RAM and hurts startup performance.
05-05 16:44:57.047 W/om.amazon.diod(15688): Found duplicated class when checking oat files: 'Lcom/amazon/fireos/sdk/annotations/EmptyStub;' in /system/priv-app/DeviceSoftwareOTAContracts/DeviceSoftwareOTAContracts.apk and /system/priv-app/com.amazon.communication/com.amazon.communication.apk
05-05 16:44:57.047 W/om.amazon.diod(15688): 
05-05 16:44:57.069 W/om.amazon.diod(15688): ClassLoaderContext classpath size mismatch for position 0. expected=0, found=3 (PCL[] | PCL[/system/framework/com.amazon.identity.auth.device.jar*1759628808:/system/priv-app/DeviceSoftwareOTAContracts/DeviceSoftwareOTAContracts.apk*1675565511:/system/priv-app/com.amazon.communication/com.amazon.communication.apk*2155301895])
05-05 16:44:57.070 W/om.amazon.diod(15688): Found duplicate classes, falling back to extracting from APK : /system/priv-app/DeviceMessagingAndroidInternalSDK/DeviceMessagingAndroidInternalSDK.apk
05-05 16:44:57.070 W/om.amazon.diod(15688): NOTE: This wastes RAM and hurts startup performance.
05-05 16:44:57.070 W/om.amazon.diod(15688): Found duplicated class when checking oat files: 'Lcom/amazon/dcp/tph/TPHConstants;' in /system/priv-app/DeviceMessagingAndroidInternalSDK/DeviceMessagingAndroidInternalSDK.apk and /system/priv-app/DeviceSoftwareOTAContracts/DeviceSoftwareOTAContracts.apk
05-05 16:44:57.070 W/om.amazon.diod(15688): 
05-05 16:44:57.084 I/om.amazon.diod(15688): The ClassLoaderContext is a special shared library.
05-05 16:44:57.087 I/om.amazon.diod(15688): The ClassLoaderContext is a special shared library.
05-05 16:44:57.091 W/om.amazon.diod(15688): ClassLoaderContext classpath size mismatch for position 0. expected=0, found=7 (PCL[] | PCL[/system/framework/com.amazon.identity.auth.device.jar*1759628808:/system/priv-app/DeviceSoftwareOTAContracts/DeviceSoftwareOTAContracts.apk*1675565511:/system/priv-app/com.amazon.communication/com.amazon.communication.apk*2155301895:/system/priv-app/DeviceMessagingAndroidInternalSDK/DeviceMessagingAndroidInternalSDK.apk*1700992038:/system/priv-app/MinervaApi/MinervaApi.apk*2651230893:/system/framework/connectivity_manager_api.jar*587598333:/system/framework/org.apache.http.legacy.boot.jar*796383208])
05-05 16:44:57.091 W/om.amazon.diod(15688): Found duplicate classes, falling back to extracting from APK : /system/priv-app/DeviceClientPlatformContractsFramework/DeviceClientPlatformContractsFramework.apk
05-05 16:44:57.091 W/om.amazon.diod(15688): NOTE: This wastes RAM and hurts startup performance.
05-05 16:44:57.091 W/om.amazon.diod(15688): Found duplicated class when checking oat files: 'Lcom/amazon/dcp/common/ThirdPartyDeviceUtils;' in /system/priv-app/DeviceClientPlatformContractsFramework/DeviceClientPlatformContractsFramework.apk and /system/priv-app/DeviceSoftwareOTAContracts/DeviceSoftwareOTAContracts.apk
05-05 16:44:57.091 W/om.amazon.diod(15688): 
05-05 16:44:57.112 W/om.amazon.diod(15688): resources.arsc in APK '/system/priv-app/DeviceClientPlatformContractsFramework/DeviceClientPlatformContractsFramework.apk' is compressed.
05-05 16:44:57.136 I/com.amazon.diode/MAPInit(15688): Initializing MAP (130050002 / MAPAndroidLib-1.3.51367.0) for app com.amazon.diode. MAP release version: 20260206N
05-05 16:44:57.147 I/com.amazon.diode/MetricsHelper(15688): FireOS Minerva metrics is supported
05-05 16:44:57.148 I/com.amazon.diode/MAPInit(15688): Running MAPInit on main thread: true
05-05 16:44:57.153 I/com.amazon.diode/ClientToCentralTrustLogicImpl(15688): Current package is: com.amazon.diode. Directly trust central package: com.amazon.imp, since it is system MAP library
05-05 16:44:57.156 I/chatty  (15688): uid=10091(com.amazon.diode) identical 2 lines
05-05 16:44:57.157 I/com.amazon.diode/ClientToCentralTrustLogicImpl(15688): Current package is: com.amazon.diode. Directly trust central package: com.amazon.imp, since it is system MAP library
05-05 16:44:57.158 I/com.amazon.diode/IsolatedModeSwitcher(15688): App does not support client driven runtime isolation.
05-05 16:44:57.158 I/com.amazon.diode/ClientToCentralTrustLogicImpl(15688): Current package is: com.amazon.diode. Directly trust central package: com.amazon.imp, since it is system MAP library
05-05 16:44:57.161 I/com.amazon.diode/ClientToCentralTrustLogicImpl(15688): Current package is: com.amazon.diode. Directly trust central package: com.amazon.imp, since it is system MAP library
05-05 16:44:57.162 I/com.amazon.diode/FeatureSetCache(15688): Caching feature IsolateApplication as false
05-05 16:44:57.163 I/com.amazon.diode/ClientToCentralTrustLogicImpl(15688): Current package is: com.amazon.diode. Directly trust central package: com.amazon.imp, since it is system MAP library
05-05 16:44:57.167 E/com.amazon.diode/PlatformUtils(15688): Could not initialize FidoAuthenticatorJSBridge because Fido client could not be initialized
05-05 16:44:57.170 I/com.amazon.diode/LocalKeyValueStore(15688): Create DE shared preference, OS supports direct boot.
05-05 16:44:57.175 I/com.amazon.diode/TrustedPackageManager(15688): Trying to use default signature based package trust logic. This should be on 3P device
05-05 16:44:57.175 I/com.amazon.diode/TrustedPackageManager(15688): Setting package trust logic as: signature based package trust logic
05-05 16:44:57.176 W/om.amazon.diod(15688): Class com.amazon.identity.auth.device.framework.AmazonDeviceInfo failed lock verification and will run slower.
05-05 16:44:57.176 W/om.amazon.diod(15688): Common causes for lock verification issues are non-optimized dex code
05-05 16:44:57.176 W/om.amazon.diod(15688): and incorrect proguard optimizations.
05-05 16:44:57.192 W/MinervaServiceWrapper(15688): record : MinervaService not yet bound. Buffered Metric Event String. Buffer Size: 1
05-05 16:44:57.197 I/com.amazon.diode.DiodeApplication(15688): Registered receiver: com.amazon.diode.receivers.IdentifyReceiver@6bb1e08 with filter: android.content.IntentFilter@30269a1 for intent : com.amazon.diode.intent.IDENTIFY
05-05 16:44:57.198 I/com.amazon.diode.DiodeApplication(15688): Registered receiver: com.amazon.diode.receivers.ActionReceiver@d464387 with filter: android.content.IntentFilter@e812b4 for intent : com.amazon.diode.intent.ACTION
05-05 16:44:57.200 W/com.amazon.diode/WhatsAppAutoreadPluginHelper(15688): WhatsAppAutoreadPlugin is not supported for this package: com.amazon.diode
05-05 16:44:57.201 I/com.amazon.diode.registration.Analyzers(15688): Registered receiver: com.amazon.diode.events.ConnectivityChangeEventReceiver@f4da620 with filter: android.content.IntentFilter@e4799e for intent : Intent { act=android.net.conn.CONNECTIVITY_CHANGE flg=0x4200010 (has extras) }
05-05 16:44:57.202 I/com.amazon.diode/DataStorageFactoryImpl(15688): Creating new DataStorageFactoryImpl
05-05 16:44:57.202 I/com.amazon.diode/MAPInitTasks(15688): Get DataStorage instance for initialization
05-05 16:44:57.202 I/com.amazon.diode/DataStorageFactoryImpl(15688): Initializing new DataStorage
05-05 16:44:57.202 W/MinervaServiceWrapper(15688): record : MinervaService not yet bound. Buffered Metric Event String. Buffer Size: 2
05-05 16:44:57.203 I/com.amazon.diode/ClientToCentralTrustLogicImpl(15688): Current package is: com.amazon.diode. Directly trust central package: com.amazon.imp, since it is system MAP library
05-05 16:44:57.205 I/com.amazon.diode/ClientToCentralTrustLogicImpl(15688): Current package is: com.amazon.diode. Directly trust central package: com.amazon.imp, since it is system MAP library
05-05 16:44:57.206 I/com.amazon.diode/IsolatedModeSwitcher(15688): App does not support client driven runtime isolation.
05-05 16:44:57.208 I/com.amazon.diode/ClientToCentralTrustLogicImpl(15688): Current package is: com.amazon.diode. Directly trust central package: com.amazon.imp, since it is system MAP library
05-05 16:44:57.210 I/com.amazon.diode/ClientToCentralTrustLogicImpl(15688): Current package is: com.amazon.diode. Directly trust central package: com.amazon.imp, since it is system MAP library
05-05 16:44:57.212 I/com.amazon.diode/DeviceAttributeCache(15688): Setting device attribute CentralAPK to true
05-05 16:44:57.214 I/com.amazon.diode/DataStorageFactoryImpl(15688): Creating and using new CentralAccountManagerDataStorage
05-05 16:44:57.215 I/com.amazon.diode/LocalKeyValueStore(15688): Create DE shared preference, OS supports direct boot.
05-05 16:44:57.215 I/com.amazon.diode/LocalKeyValueStore(15688): Create DE shared preference, OS supports direct boot.
05-05 16:44:57.216 I/com.amazon.diode/MAPInitTasks(15688): Initialize DataStorage instance
05-05 16:44:57.216 I/com.amazon.diode/MAPInitTasks(15688): Setup DataStorage instance
05-05 16:44:57.217 I/com.amazon.diode/ClientToCentralTrustLogicImpl(15688): Current package is: com.amazon.diode. Directly trust central package: com.amazon.imp, since it is system MAP library
05-05 16:44:57.218 I/chatty  (15688): uid=10091(com.amazon.diode) MAPCommonThread identical 1 line
05-05 16:44:57.221 I/com.amazon.diode/ClientToCentralTrustLogicImpl(15688): Current package is: com.amazon.diode. Directly trust central package: com.amazon.imp, since it is system MAP library
05-05 16:44:57.222 I/com.amazon.diode.events.CaptivePortalEventManager(15688): Registered Captive Portal check for FireOS 6
05-05 16:44:57.222 I/com.amazon.diode/ClientToCentralTrustLogicImpl(15688): Current package is: com.amazon.diode. Directly trust central package: com.amazon.imp, since it is system MAP library
05-05 16:44:57.224 I/com.amazon.diode/ClientToCentralTrustLogicImpl(15688): Current package is: com.amazon.diode. Directly trust central package: com.amazon.imp, since it is system MAP library
05-05 16:44:57.227 I/com.amazon.diode/IsolatedModeSwitcher(15688): App does not support client driven runtime isolation.
05-05 16:44:57.239 I/com.amazon.diode/AmazonSerialNumber(15688): MAP Client side on FireOS 7+ calls IPC to get the DSN.
05-05 16:44:57.247 I/com.amazon.diode.events.ConnectivityChangeEventReceiver(15688): Got external Connectivity event
05-05 16:44:57.247 I/com.amazon.imp/SSODeviceInfo[0](  939): Amazon Device Info will try to get central device serial
05-05 16:44:57.247 I/com.amazon.imp/AmazonDeviceSecurityFactoryImpl[0](  939): Use device hardware auth.
05-05 16:44:57.253 I/com.amazon.diode/LocalKeyValueStore(15688): Create DE shared preference, OS supports direct boot.
05-05 16:44:57.259 I/chatty  (15688): uid=10091(com.amazon.diode) MAPCommonThread identical 6 lines
05-05 16:44:57.260 I/com.amazon.diode/LocalKeyValueStore(15688): Create DE shared preference, OS supports direct boot.
05-05 16:44:57.276 I/com.amazonaws.mobileconnectors.remoteconfiguration.clientcontextdecorator.RemoteConfigurationAndroidClientAugmenting ARCUS client context with system attributes
05-05 16:44:57.290 I/com.amazon.diode/ClientToCentralTrustLogicImpl(15688): Current package is: com.amazon.diode. Directly trust central package: com.amazon.imp, since it is system MAP library
05-05 16:44:57.292 I/com.amazon.diode/ClientToCentralTrustLogicImpl(15688): Current package is: com.amazon.diode. Directly trust central package: com.amazon.imp, since it is system MAP library
05-05 16:44:57.293 I/com.amazon.diode/MAPInitTasks(15688): Start update legacy authportal domain in database if needed
05-05 16:44:57.296 I/om.amazon.diod(15688): Rejecting re-init on previously-failed class java.lang.Class<com.amazon.identity.auth.device.framework.LWASSOPluginHelper$LWASSODependencyImpl>: java.lang.NoClassDefFoundError: Failed resolution of: Lcom/amazon/identity/mobi/lwasso/api/LWASSODependency;
05-05 16:44:57.296 I/om.amazon.diod(15688):   at void com.amazon.identity.auth.device.framework.MAPInitTasks.performInitOperations() (MAPInitTasks.java:125)
05-05 16:44:57.296 I/om.amazon.diod(15688):   at void com.amazon.identity.auth.device.api.MAPInit$2.run() (MAPInit.java:1)
05-05 16:44:57.296 I/om.amazon.diod(15688):   at void com.amazon.identity.auth.device.utils.ThreadUtils$1.run() (ThreadUtils.java:2)
05-05 16:44:57.296 I/om.amazon.diod(15688):   at void java.util.concurrent.ThreadPoolExecutor.runWorker(java.util.concurrent.ThreadPoolExecutor$Worker) (ThreadPoolExecutor.java:1167)
05-05 16:44:57.296 I/om.amazon.diod(15688):   at void java.util.concurrent.ThreadPoolExecutor$Worker.run() (ThreadPoolExecutor.java:641)
05-05 16:44:57.296 I/om.amazon.diod(15688):   at void java.lang.Thread.run() (Thread.java:764)
05-05 16:44:57.296 I/om.amazon.diod(15688): Caused by: java.lang.ClassNotFoundException: Didn't find class "com.amazon.identity.mobi.lwasso.api.LWASSODependency" on path: DexPathList[[zip file "/system/framework/com.amazon.identity.auth.device.jar", zip file "/system/priv-app/DeviceSoftwareOTAContracts/DeviceSoftwareOTAContracts.apk", zip file "/system/priv-app/com.amazon.communication/com.amazon.communication.apk", zip file "/system/priv-app/DeviceMessagingAndroidInternalSDK/DeviceMessagingAndroidInternalSDK.apk", zip file "/system/priv-app/MinervaApi/MinervaApi.apk", zip file "/system/framework/connectivity_manager_api.jar", zip file "/system/framework/org.apache.http.legacy.boot.jar", zip file "/system/priv-app/DeviceClientPlatformContractsFramework/DeviceClientPlatformContractsFramework.apk", zip file "/system/priv-app/com.amazon.diode/com.amazon.diode.apk"],nativeLibraryDirectories=[/system/priv-app/com.amazon.diode/lib/arm, /system/lib, /system/lib]]
05-05 16:44:57.296 I/om.amazon.diod(15688):   at java.lang.Class dalvik.system.BaseDexClassLoader.findClass(java.lang.String) (BaseDexClassLoader.java:134)
05-05 16:44:57.296 I/om.amazon.diod(15688):   at java.lang.Class java.lang.ClassLoader.loadClass(java.lang.String, boolean) (ClassLoader.java:379)
05-05 16:44:57.296 I/om.amazon.diod(15688):   at java.lang.Class java.lang.ClassLoader.loadClass(java.lang.String) (ClassLoader.java:312)
05-05 16:44:57.296 I/om.amazon.diod(15688):   at void com.amazon.identity.auth.device.framework.MAPInitTasks.performInitOperations() (MAPInitTasks.java:125)
05-05 16:44:57.296 I/om.amazon.diod(15688):   at void com.amazon.identity.auth.device.api.MAPInit$2.run() (MAPInit.java:1)
05-05 16:44:57.296 I/om.amazon.diod(15688):   at void com.amazon.identity.auth.device.utils.ThreadUtils$1.run() (ThreadUtils.java:2)
05-05 16:44:57.296 I/om.amazon.diod(15688):   at void java.util.concurrent.ThreadPoolExecutor.runWorker(java.util.concurrent.ThreadPoolExecutor$Worker) (ThreadPoolExecutor.java:1167)
05-05 16:44:57.296 I/om.amazon.diod(15688):   at void java.util.concurrent.ThreadPoolExecutor$Worker.run() (ThreadPoolExecutor.java:641)
05-05 16:44:57.296 I/om.amazon.diod(15688):   at void java.lang.Thread.run() (Thread.java:764)
05-05 16:44:57.296 I/om.amazon.diod(15688): 
05-05 16:44:57.296 I/om.amazon.diod(15688): Rejecting re-init on previously-failed class java.lang.Class<com.amazon.identity.auth.device.framework.LWASSOPluginHelper$LWASSODependencyImpl>: java.lang.NoClassDefFoundError: Failed resolution of: Lcom/amazon/identity/mobi/lwasso/api/LWASSODependency;
05-05 16:44:57.296 I/om.amazon.diod(15688):   at void com.amazon.identity.auth.device.framework.MAPInitTasks.performInitOperations() (MAPInitTasks.java:125)
05-05 16:44:57.296 I/om.amazon.diod(15688):   at void com.amazon.identity.auth.device.api.MAPInit$2.run() (MAPInit.java:1)
05-05 16:44:57.296 I/om.amazon.diod(15688):   at void com.amazon.identity.auth.device.utils.ThreadUtils$1.run() (ThreadUtils.java:2)
05-05 16:44:57.296 I/om.amazon.diod(15688):   at void java.util.concurrent.ThreadPoolExecutor.runWorker(java.util.concurrent.ThreadPoolExecutor$Worker) (ThreadPoolExecutor.java:1167)
05-05 16:44:57.296 I/om.amazon.diod(15688):   at void java.util.concurrent.ThreadPoolExecutor$Worker.run() (ThreadPoolExecutor.java:641)
05-05 16:44:57.296 I/om.amazon.diod(15688):   at void java.lang.Thread.run() (Thread.java:764)
05-05 16:44:57.296 I/om.amazon.diod(15688): Caused by: java.lang.ClassNotFoundException: Didn't find class "com.amazon.identity.mobi.lwasso.api.LWASSODependency" on path: DexPathList[[zip file "/system/framework/com.amazon.identity.auth.device.jar", zip file "/system/priv-app/DeviceSoftwareOTAContracts/DeviceSoftwareOTAContracts.apk", zip file "/system/priv-app/com.amazon.communication/com.amazon.communication.apk", zip file "/system/priv-app/DeviceMessagingAndroidInternalSDK/DeviceMessagingAndroidInternalSDK.apk", zip file "/system/priv-app/MinervaApi/MinervaApi.apk", zip file "/system/framework/connectivity_manager_api.jar", zip file "/system/framework/org.apache.http.legacy.boot.jar", zip file "/system/priv-app/DeviceClientPlatformContractsFramework/DeviceClientPlatformContractsFramework.apk", zip file "/system/priv-app/com.amazon.diode/com.amazon.diode.apk"],nativeLibraryDirectories=[/system/priv-app/com.amazon.diode/lib/arm, /system/lib, /system/lib]]
05-05 16:44:57.296 I/om.amazon.diod(15688):   at java.lang.Class dalvik.system.BaseDexClassLoader.findClass(java.lang.String) (BaseDexClassLoader.java:134)
05-05 16:44:57.296 I/om.amazon.diod(15688):   at java.lang.Class java.lang.ClassLoader.loadClass(java.lang.String, boolean) (ClassLoader.java:379)
05-05 16:44:57.296 I/om.amazon.diod(15688):   at java.lang.Class java.lang.ClassLoader.loadClass(java.lang.String) (ClassLoader.java:312)
05-05 16:44:57.296 I/om.amazon.diod(15688):   at void com.amazon.identity.auth.device.framework.MAPInitTasks.performInitOperations() (MAPInitTasks.java:125)
05-05 16:44:57.296 I/om.amazon.diod(15688):   at void com.amazon.identity.auth.device.api.MAPInit$2.run() (MAPInit.java:1)
05-05 16:44:57.296 I/om.amazon.diod(15688):   at void com.amazon.identity.auth.device.utils.ThreadUtils$1.run() (ThreadUtils.java:2)
05-05 16:44:57.296 I/om.amazon.diod(15688):   at void java.util.concurrent.ThreadPoolExecutor.runWorker(java.util.concurrent.ThreadPoolExecutor$Worker) (ThreadPoolExecutor.java:1167)
05-05 16:44:57.296 I/om.amazon.diod(15688):   at void java.util.concurrent.ThreadPoolExecutor$Worker.run() (ThreadPoolExecutor.java:641)
05-05 16:44:57.296 I/om.amazon.diod(15688):   at void java.lang.Thread.run() (Thread.java:764)
05-05 16:44:57.296 I/om.amazon.diod(15688): 
05-05 16:44:57.297 W/com.amazon.diode/WhatsAppAutoreadPluginHelper(15688): WhatsAppAutoreadPlugin is not supported for this package: com.amazon.diode
05-05 16:44:57.300 E/whad    ( 1652): Http1Client:sendRemoteCommand:curl_easy_perform failed, err=28
05-05 16:44:57.301 W/whad    ( 1652): Http1Client:sendRemoteCommand:curlDebug=[0] Found bundle for host xxx: 0xa4ac1638 [serially]
05-05 16:44:57.301 W/whad    ( 1652): Http1Client:sendRemoteCommand:curlDebug=[0] Server doesn't support multiplex (yet)
05-05 16:44:57.301 W/whad    ( 1652): Http1Client:sendRemoteCommand:curlDebug=[0] Connection #146 is still name resolving, can't reuse
05-05 16:44:57.301 W/whad    ( 1652): Http1Client:sendRemoteCommand:curlDebug=[1]   Trying xxx:55443...
05-05 16:44:57.301 W/whad    ( 1652): Http1Client:sendRemoteCommand:curlDebug=[3] TCP_NODELAY set
05-05 16:44:57.301 W/whad    ( 1652): Http1Client:sendRemoteCommand:curlDebug=[10003] Connection timed out after 10003 milliseconds
05-05 16:44:57.301 W/whad    ( 1652): Http1Client:sendRemoteCommand:curlDebug=[10003] Closing connection 147
05-05 16:44:57.301 I/whad    ( 1652): Device:testVisibilityFailed:uniqueId=XX08SX,reason=Timeout,bssid=2,essid=2,wifiFrequency=0,networkTypeGuesses=2_4_GHZ
05-05 16:44:57.301 I/whad    ( 1652): ConnectionEdgeDetector:onVisibilityTestResult:updatedConnectionEdge,localDevice=XX0CJ0,remoteDevice=XX08SX,edgeType=None,reason=DifferentSeparateNetworks
05-05 16:44:57.302 E/whad    ( 1652): Http1Client:sendRemoteCommand:curl_easy_perform failed, err=28
05-05 16:44:57.302 W/whad    ( 1652): Http1Client:sendRemoteCommand:curlDebug=[0] Found bundle for host xxx: 0xab7af838 [serially]
05-05 16:44:57.302 W/whad    ( 1652): Http1Client:sendRemoteCommand:curlDebug=[1] Server doesn't support multiplex (yet)
05-05 16:44:57.302 W/whad    ( 1652): Http1Client:sendRemoteCommand:curlDebug=[1] Connection #146 is still name resolving, can't reuse
05-05 16:44:57.302 W/whad    ( 1652): Http1Client:sendRemoteCommand:curlDebug=[2]   Trying xxx:55443...
05-05 16:44:57.302 W/whad    ( 1652): Http1Client:sendRemoteCommand:curlDebug=[4] TCP_NODELAY set
05-05 16:44:57.302 W/whad    ( 1652): Http1Client:sendRemoteCommand:curlDebug=[10005] Connection timed out after 10004 milliseconds
05-05 16:44:57.302 W/whad    ( 1652): Http1Client:sendRemoteCommand:curlDebug=[10005] Closing connection 147
05-05 16:44:57.302 E/whad    ( 1652): Http1Client:sendRemoteCommand:curl_easy_perform failed, err=28
05-05 16:44:57.302 W/whad    ( 1652): Http1Client:sendRemoteCommand:curlDebug=[0] Found bundle for host xxx: 0xab7afe98 [serially]
05-05 16:44:57.302 W/whad    ( 1652): Http1Client:sendRemoteCommand:curlDebug=[0] Server doesn't support multiplex (yet)
05-05 16:44:57.302 W/whad    ( 1652): Http1Client:sendRemoteCommand:curlDebug=[0] Connection #146 is still name resolving, can't reuse
05-05 16:44:57.302 W/whad    ( 1652): Http1Client:sendRemoteCommand:curlDebug=[0]   Trying xxx:55443...
05-05 16:44:57.302 W/whad    ( 1652): Http1Client:sendRemoteCommand:curlDebug=[1] TCP_NODELAY set
05-05 16:44:57.302 W/whad    ( 1652): Http1Client:sendRemoteCommand:curlDebug=[10001] Connection timed out after 10001 milliseconds
05-05 16:44:57.302 W/whad    ( 1652): Http1Client:sendRemoteCommand:curlDebug=[10001] Closing connection 147
05-05 16:44:57.302 I/whad    ( 1652): Device:testVisibilityFailed:uniqueId=XX13WK,reason=Timeout,bssid=1,essid=1,wifiFrequency=0,networkTypeGuesses=5_0_GHZ
05-05 16:44:57.302 I/whad    ( 1652): Device:testVisibilityFailed:uniqueId=XX01M4,reason=Timeout,bssid=2,essid=2,wifiFrequency=0,networkTypeGuesses=2_4_GHZ
05-05 16:44:57.302 I/whad    ( 1652): ConnectionEdgeDetector:onVisibilityTestResult:updatedConnectionEdge,localDevice=XX0CJ0,remoteDevice=XX13WK,edgeType=None,reason=DifferentSeparateNetworks
05-05 16:44:57.302 I/whad    ( 1652): ConnectionEdgeDetector:onVisibilityTestResult:updatedConnectionEdge,localDevice=XX0CJ0,remoteDevice=XX01M4,edgeType=None,reason=DifferentSeparateNetworks
05-05 16:44:57.307 I/whad    ( 1652): Device:testVisibilityFailed:uniqueId=XX13WK,reason=Timeout,bssid=1,essid=1,wifiFrequency=0,networkTypeGuesses=5_0_GHZ
05-05 16:44:57.307 I/whad    ( 1652): ConnectionEdgeDetector:onVisibilityTestResult:updatedConnectionEdge,localDevice=XX0CJ0,remoteDevice=XX13WK,edgeType=None,reason=DifferentSeparateNetworks
05-05 16:44:57.307 I/whad    ( 1652): DeviceVisibilityManager:runProactiveVisibilityTest:testingId=XX08SX
05-05 16:44:57.307 I/whad    ( 1652): Device:testVisibility:reason=sending,fetchingCapabilities=1,uniqueId=XX08SX
05-05 16:44:57.351 I/com.amazon.diode.events.EventSaverService(15688): Got external event for client CaptivePortalEventStore
05-05 16:44:58.753 I/main.wifi_score( 1307): dump_wifi_score_ctxt(): is2g=1, is11ac=0, is11ax=0, chan_bw=20, nss=2, bcn_rssi=-43, data_rssi=-47, tx_ok=6314, tx_failed=1236, cca_idle_pct=58
05-05 16:44:58.753 I/main.wifi_score( 1307): dump_wifi_score_ctxt(): last_tx_stats: sgi=0, pream=1, mcs=7, ss=2, bw=0
05-05 16:45:00.519 I/Node    (  313): dolby-audio-meter, AdapterPcmSystem adapter audio meter: channel 0; audio level: 0.000
05-05 16:45:00.520 I/Node    (  313): dolby-audio-meter, AdapterPcmSystem adapter audio meter: channel 1; audio level: 0.000
05-05 16:45:00.551 I/Node    (  313): dolby-audio-meter, AdapterPcmOut adapter audio meter: channel 0; audio level: 0.000
05-05 16:45:00.551 I/Node    (  313): dolby-audio-meter, AdapterPcmOut adapter audio meter: channel 1; audio level: 0.000
05-05 16:45:00.962 I/main.wifi_score( 1307): dump_wifi_score_ctxt(): is2g=1, is11ac=0, is11ax=0, chan_bw=20, nss=2, bcn_rssi=-43, data_rssi=-47, tx_ok=6314, tx_failed=1236, cca_idle_pct=58
05-05 16:45:00.962 I/main.wifi_score( 1307): dump_wifi_score_ctxt(): last_tx_stats: sgi=0, pream=1, mcs=7, ss=2, bw=0
05-05 16:45:01.821 W/OZ-DCS:InputPreferenceManagerImpl(15538): Connection retry 5, connecting to AmazonInputPreferenceManager
05-05 16:45:01.822 W/ActivityManager(  531): Unable to start service Intent { cmp=com.amazon.tv.inputpreference.service/.AmazonInputPreferenceServiceImpl } U=0: not found
05-05 16:45:01.823 E/OZ-DCS:InputPreferenceManagerImpl(15538): Failed to connect to AmazonInputPreferenceManager
05-05 16:45:04.544 I/main.wifi_score( 1307): dump_wifi_score_ctxt(): is2g=1, is11ac=0, is11ax=0, chan_bw=20, nss=2, bcn_rssi=-44, data_rssi=-47, tx_ok=6314, tx_failed=1236, cca_idle_pct=58
05-05 16:45:04.544 I/main.wifi_score( 1307): dump_wifi_score_ctxt(): last_tx_stats: sgi=0, pream=1, mcs=7, ss=2, bw=0
05-05 16:45:04.792 W/ContextImpl(  822): Calling a method in the system process without a qualified user: android.app.ContextImpl.bindService:1655 android.content.ContextWrapper.bindService:698 com.amazon.connectivitymanager.ConnectivityManager.<init>:172 x0.a.d:32 x0.a$a.V1:6 
05-05 16:45:04.795 I/NEODelegate(  822): AmazonConnectivityManager connected internally to a service
05-05 16:45:04.797 I/PeriodicKPIReporter(  822): Shutdown was invoked.
05-05 16:45:04.808 I/com_amazon_devicecont..( 1398): Stored battery level 53% for device 74:A7:EA:0B:05:FE
05-05 16:45:05.597 I/OZ-MET:MinervaMetricsStore(15538): Counter metric FosConnectivity.connectingSucceeded is stored. Count: 1
05-05 16:45:05.597 I/OZ-DCS:ConnectivityManagerWrapper(15538): ConnectivityManager connected internally to a service
05-05 16:45:05.605 I/OZ-DCS:RemoteBatteryLevelTracker(15538): Storing battery level 53
05-05 16:45:05.605 W/IMGMemtrackHAL(  303): hal_get_memory: memtrack cache rebuild was required
05-05 16:45:05.618 I/OZ-MET:MinervaMetricsStore(15538): Counter metric Dart.remoteBattery.storedBatteryLevel is stored. Count: 1
05-05 16:45:06.861 W/OZ-DCS:InputPreferenceManagerImpl(15538): Connection retry 6, connecting to AmazonInputPreferenceManager
05-05 16:45:06.861 W/ActivityManager(  531): Unable to start service Intent { cmp=com.amazon.tv.inputpreference.service/.AmazonInputPreferenceServiceImpl } U=0: not found
05-05 16:45:06.862 E/OZ-DCS:InputPreferenceManagerImpl(15538): Failed to connect to AmazonInputPreferenceManager
05-05 16:45:07.309 I/whad    ( 1652): Device:testVisibilityFailed:uniqueId=XX08SX,reason=Timeout,bssid=2,essid=2,wifiFrequency=0,networkTypeGuesses=2_4_GHZ
05-05 16:45:07.310 I/whad    ( 1652): ConnectionEdgeDetector:onVisibilityTestResult:updatedConnectionEdge,localDevice=XX0CJ0,remoteDevice=XX08SX,edgeType=None,reason=DifferentSeparateNetworks
05-05 16:45:07.310 I/whad    ( 1652): DeviceVisibilityManager:runProactiveVisibilityTest:testingId=XX01M4
05-05 16:45:07.310 I/whad    ( 1652): Device:testVisibility:reason=sending,fetchingCapabilities=1,uniqueId=XX01M4
05-05 16:45:09.427 I/SPCH-Cont_ExternalPlaybackStateManager( 1631): MediaStatus inactive or no media state, using default inactive context
05-05 16:45:09.427 I/SPCH-Cont_ExternalPlaybackStateManager( 1631): Either something changed or this is a heartbeat event, so we need to update the server: { focus changed: false, context changed: false, heartbeat: true }
05-05 16:45:09.431 E/SPCH-MinervaSchemaStorage( 1631): No schema was found for source LocalMediaPlayer
05-05 16:45:09.431 E/SPCH-MinervaSchemaRetriever( 1631): No schema was found for metric StateUpdate in source LocalMediaPlayer
05-05 16:45:09.645 I/main.wifi_score( 1307): dump_wifi_score_ctxt(): is2g=1, is11ac=0, is11ax=0, chan_bw=20, nss=2, bcn_rssi=-43, data_rssi=-46, tx_ok=6314, tx_failed=1236, cca_idle_pct=49
05-05 16:45:09.646 I/main.wifi_score( 1307): dump_wifi_score_ctxt(): last_tx_stats: sgi=0, pream=1, mcs=7, ss=2, bw=0
05-05 16:45:09.727 E/storaged(  388): getDiskStats failed with result NOT_SUPPORTED and size 0
05-05 16:45:10.535 I/Node    (  313): dolby-audio-meter, AdapterPcmSystem adapter audio meter: channel 0; audio level: 0.000
05-05 16:45:10.535 I/Node    (  313): dolby-audio-meter, AdapterPcmSystem adapter audio meter: channel 1; audio level: 0.000
05-05 16:45:10.567 I/Node    (  313): dolby-audio-meter, AdapterPcmOut adapter audio meter: channel 0; audio level: 0.000
05-05 16:45:10.567 I/Node    (  313): dolby-audio-meter, AdapterPcmOut adapter audio meter: channel 1; audio level: 0.000
05-05 16:45:11.900 W/OZ-DCS:InputPreferenceManagerImpl(15538): Connection retry 7, connecting to AmazonInputPreferenceManager
05-05 16:45:11.901 W/ActivityManager(  531): Unable to start service Intent { cmp=com.amazon.tv.inputpreference.service/.AmazonInputPreferenceServiceImpl } U=0: not found
05-05 16:45:11.902 E/OZ-DCS:InputPreferenceManagerImpl(15538): Failed to connect to AmazonInputPreferenceManager
05-05 16:45:11.964 I/DeviceEvent( 1631): CSMSIM#alexa_event_no_callback#0#LocalMediaPlayer#PlaybackState
05-05 16:45:11.967 I/SPCH-SIM_SimStateMachine( 1631): Got AlexaEvent in ReadyState
05-05 16:45:11.969 I/SPCH-SIM_SIMSCLSession( 1631): sendEvent LocalMediaPlayer:PlaybackState
05-05 16:45:11.970 I/DeviceEvent( 1631): CSMSIM#alexa_event#1#LocalMediaPlayer#PlaybackState#true#true
05-05 16:45:11.971 I/SPCH-SIM_RequestDataMapperController( 1631): Adding to mapper, new size 57
05-05 16:45:11.985 I/AVSClient( 1631): [a] I HTTP2Transport:sendMessagesAndPings:this=0xa4165a00,connectionId=3556581828-1-1,engineType=1:sendingMessageRequest,m_state=CONNECTED
05-05 16:45:11.985 I/AvsMetricRecorder( 1631): ACL_MESSAGE_REQUEST_QUEUE metadata: MetricName, MessageRequestEnqueue
05-05 16:45:11.985 I/AvsMetricRecorder( 1631): ACL_MESSAGE_REQUEST_QUEUE counter metric: CounterValue, 1.0
05-05 16:45:11.987 I/AvsMetricRecorder( 1631): ACL_MESSAGE_REQUEST_QUEUE metadata: MetricName, MessageRequestDequeue
05-05 16:45:11.987 I/AvsMetricRecorder( 1631): ACL_MESSAGE_REQUEST_QUEUE metadata: NameSpace, LocalMediaPlayer
05-05 16:45:11.987 I/AvsMetricRecorder( 1631): ACL_MESSAGE_REQUEST_QUEUE metadata: Name, PlaybackState
05-05 16:45:11.987 I/AvsMetricRecorder( 1631): ACL_MESSAGE_REQUEST_QUEUE duration metric: TimerValue, 0
05-05 16:45:11.987 I/AvsMetricRecorder( 1631): ACL_MESSAGE_REQUEST_QUEUE counter metric: CounterValue, 0.0
05-05 16:45:11.987 E/SPCH-MinervaSchemaStorage( 1631): No schema was found for source ACL_MESSAGE_REQUEST_QUEUE
05-05 16:45:11.987 E/SPCH-MinervaSchemaRetriever( 1631): No schema was found for metric CounterValue in source ACL_MESSAGE_REQUEST_QUEUE
05-05 16:45:11.988 I/com.amazon.imp/TokenJobQueue[0](  939): Begin executing task GetToken:com.amazon.vizzini/com.amazon.dcp.sso.token.oauth.amazon.access_token
05-05 16:45:11.988 I/com.amazon.imp/TokenJobQueue[0](  939): Scheduled running concurrent job GetToken:com.amazon.vizzini/com.amazon.dcp.sso.token.oauth.amazon.access_token.
05-05 16:45:11.988 I/com.amazon.imp/MAPApplicationInformationQueryer[0](  939): Populate change for remote MAP info.
05-05 16:45:11.988 I/com.amazon.imp/MAPApplicationInformationQueryer[0](  939): CacheContainsPartialResults? true
05-05 16:45:11.990 E/SPCH-MinervaSchemaStorage( 1631): No schema was found for source ACL_MESSAGE_REQUEST_QUEUE
05-05 16:45:11.990 E/SPCH-MinervaSchemaRetriever( 1631): No schema was found for metric CounterValue in source ACL_MESSAGE_REQUEST_QUEUE
05-05 16:45:11.991 I/com.amazon.imp/TokenJobQueue[0](  939): Finish executing task GetToken:com.amazon.vizzini/com.amazon.dcp.sso.token.oauth.amazon.access_token.
05-05 16:45:11.994 I/AVSClient( 1631): [a] I MessageRequestHandler:create:context=0xa4165a34,messageRequest=0xa4ad6a40,connectionId=3556581828-1-1
05-05 16:45:11.995 I/MinervaRemoteDmlConfigDataProvider( 1247): Cached value expired. Syncing with config.
05-05 16:45:11.996 W/AVSClient( 1631): [c] W MetricEventBuilder:addDataPointFailed:reason=invalidDataPoint
05-05 16:45:12.306 I/AVSClient( 1631): [c] I MimeResponseSink:onReceiveResponseCode:this=0xabdd6c90,connectionId=3556581828-1-1,id=AVSEvent-357,responseCode=204
05-05 16:45:12.307 I/AVSClient( 1631): [c] I MimeResponseSink:receivedRequestId:this=0xabdd6c90,connectionId=3556581828-1-1,id=AVSEvent-357,value=x-amzn-requestid\: 747a78bd-13fb-48db-8286-8bffe85383b3
05-05 16:45:12.307 I/AVSClient( 1631): [c] I MimeResponseSink:receivedRequestId:this=0xabdd6c90,connectionId=3556581828-1-1,id=AVSEvent-357,value=x-amzn-requestid\: 0edfecfffe2de9ff-000017f2-01805a74-6f54ed1ad141476f-531d30d2-357
05-05 16:45:12.308 I/SPCH-SCL_MessageObserverImpl( 1631): MessageRequestObserver.onSendCompleted [CSM_ad8e0fec-fedd-4183-a7c6-8cc7fcceed42_1778010311966.0..CSM_ad8e0fec-fedd-4183-a7c6-8cc7fcceed42_1778010311966]: SUCCESS_NO_CONTENT
05-05 16:45:12.309 I/SPCH-SIM_EventResponseHandler( 1631): Finish. Invoking EventCallback for SUCCESS_NO_CONTENT
05-05 16:45:12.310 I/SPCH-SIM_SimStateMachine( 1631): Got EndEventResponseEvent in ReadyState
05-05 16:45:12.310 I/SPCH-SIM_SIMState( 1631): Ignoring EndEventResponseEvent
05-05 16:45:12.544 I/main.wifi_score( 1307): dump_wifi_score_ctxt(): is2g=1, is11ac=0, is11ax=0, chan_bw=20, nss=2, bcn_rssi=-43, data_rssi=-47, tx_ok=6314, tx_failed=1236, cca_idle_pct=49
05-05 16:45:12.544 I/main.wifi_score( 1307): dump_wifi_score_ctxt(): last_tx_stats: sgi=0, pream=1, mcs=7, ss=2, bw=0
