--------- beginning of main
05-03 12:59:28.933 21452 21868 I com.amazon.ceviche/LocalKeyValueStore: Create DE shared preference, OS supports direct boot.
05-03 12:59:28.940   788   916 E bt_btif_gattc: btif_gattc_upstreams_evt: Unhandled event (7)!
05-03 12:59:28.940   788   916 I chatty  : uid=1002(bluetooth) BT Service Call identical 6 lines
05-03 12:59:28.940   788   916 E bt_btif_gattc: btif_gattc_upstreams_evt: Unhandled event (7)!
05-03 12:59:28.970  7564  7608 I RDM/BleDFU: Start Remote logging if pending
05-03 12:59:29.002   788  1189 I bt_stack: [INFO:gatt_api.cc(1212)] GATT_Disconnect conn_id=7
05-03 12:59:29.002   788  1189 I bt_stack: [INFO:gatt_api.cc(1149)] GATT_CancelConnect: gatt_if=7
05-03 12:59:29.002   788  1189 E bt_stack: [ERROR:bta_gattc_act.cc(446)] bta_gattc_cancel_bk_conn: failed
05-03 12:59:29.002  7564  7608 I RDM/BleDFU: Handling resetServiceConnection
05-03 12:59:29.003  7564  7608 E RDM/BleDFU: Empty byte arraylist
05-03 12:59:29.006  7564  7606 I RDM/BlePAService: checkAndProcessRequest
05-03 12:59:29.008  1728  1728 I BuellerApplication: Received on trim from framework, level is 60
05-03 12:59:29.008  1728  1728 I BuellerApplication:  should trim frozen image false
05-03 12:59:29.008  1728  1728 I BuellerApplication: TRIM_MEMORY_MODERATE
05-03 12:59:29.008  1728  1728 I MediaBrowseInMemoryCacheImpl: Cache size before trim: 345
05-03 12:59:29.008  1728  1728 I MediaBrowseInMemoryCacheImpl: Cache size after trim: 345
05-03 12:59:29.008  1728  1728 I BuellerApplication: Trim memory has completed
05-03 12:59:29.008  1728  2051 I ImageTrimMemoryHandler: Processing trimMemory level=60, availablePriority=2, cachedPriority=2, bytesInMemoryCache=0 bytes, bytesInUse=36 KB
05-03 12:59:29.008  1728  1728 I MediaBrowseServiceImpl: Received notice that MediaBrowseServiceImpl is to trim memory. Trim memory level: 60
05-03 12:59:29.009 21825 21825 I KeyMapEventReceiver: Got REMOTE_ACTION_COMPLETE with device address: 74:A7:EA:0B:05:FE
05-03 12:59:29.011 21825 21825 W KeyMapEventReceiver: REMOTE_ACTION_COMPLETE seen without having gotten a CONNECTION for device 74:A7:EA:0B:05:FE
05-03 12:59:29.011  1728  2051 I ImagePriorityLru: Releasing 0 cached items, and 0 available items, bytesInUse=36 KB, bytesOnlyInCache=0 bytes
05-03 12:59:29.012  1728  2051 I ImagePriorityLru: Releasing 0 cached items, and 0 available items, bytesInUse=36 KB, bytesOnlyInCache=0 bytes
05-03 12:59:29.012 21825 21825 I KeyMapProductConfig: No matching BLE Remote Device with VID 0x0171 and PID 0x041C
05-03 12:59:29.013 21825 21825 E KeyMapEventReceiver: Not supported BLE Remote
05-03 12:59:29.035   528   528 W TelecomManager: Telecom Service not found.
05-03 12:59:29.734  1728  2051 I ImageTrimMemoryHandler: Processed trimMemory level=60, bytesInMemoryCache=0 bytes, bytesInUse=36 KB
--------- beginning of system
05-03 12:59:29.923   381   487 E storaged: getDiskStats failed with result NOT_SUPPORTED and size 0
05-03 12:59:29.929  1728  2051 I chatty  : uid=10151(com.amazon.tv.launcher) Launcher ImageC identical 2 lines
05-03 12:59:29.930  1728  2051 I ImageTrimMemoryHandler: Processed trimMemory level=60, bytesInMemoryCache=0 bytes, bytesInUse=36 KB
05-03 12:59:29.986   528   528 W Process : Unable to open /proc/0/status
05-03 12:59:30.004   528   547 I ActivityManager: Start proc 21871:com.amazon.webview.chromium:webview_service/u0a195 for service com.amazon.webview.chromium/org.chromium.android_webview.services.AwVariationsSeedFetcher
05-03 12:59:30.027 21871 21871 E webview_servic: Not starting debugger since process cannot load the jdwp agent.
05-03 12:59:30.039   528   544 I UsageStatsService: User[0] Flushing usage stats to disk
05-03 12:59:30.049  1728  2051 I ImageTrimMemoryHandler: Processed trimMemory level=60, bytesInMemoryCache=0 bytes, bytesInUse=36 KB
05-03 12:59:30.084  3841  3841 I SALE_MyApp: calling notifyChange for (content://com.amazon.device.sale.provider/notification)
05-03 12:59:30.107 21871 21871 W webview_servic: Unknown chunk type '200'.
05-03 12:59:30.124 21871 21871 I cr_WebViewApkApp: version=138.0.7204.244 (61480832) minSdkVersion=26 isBundle=false processName=com.amazon.webview.chromium:webview_service
05-03 12:59:30.180  1282  1282 I main.wifi_score: dump_wifi_score_ctxt(): is2g=1, is11ac=0, is11ax=0, chan_bw=20, nss=2, bcn_rssi=-38, data_rssi=-43, tx_ok=11697, tx_failed=28995, cca_idle_pct=78
05-03 12:59:30.180  1282  1282 I main.wifi_score: dump_wifi_score_ctxt(): last_tx_stats: sgi=0, pream=1, mcs=7, ss=2, bw=0
05-03 12:59:30.180 21871 21886 W cr_VariationsSeedFetch: IOException when fetching variations seed.
05-03 12:59:30.180 21871 21886 W cr_VariationsSeedFetch: java.net.ConnectException: Failed to connect to /0.0.0.0:443
05-03 12:59:30.180 21871 21886 W cr_VariationsSeedFetch: 	at com.android.okhttp.internal.io.RealConnection.connectSocket(RealConnection.java:143)
05-03 12:59:30.180 21871 21886 W cr_VariationsSeedFetch: 	at com.android.okhttp.internal.io.RealConnection.connect(RealConnection.java:112)
05-03 12:59:30.180 21871 21886 W cr_VariationsSeedFetch: 	at com.android.okhttp.internal.http.StreamAllocation.findConnection(StreamAllocation.java:184)
05-03 12:59:30.180 21871 21886 W cr_VariationsSeedFetch: 	at com.android.okhttp.internal.http.StreamAllocation.findHealthyConnection(StreamAllocation.java:126)
05-03 12:59:30.180 21871 21886 W cr_VariationsSeedFetch: 	at com.android.okhttp.internal.http.StreamAllocation.newStream(StreamAllocation.java:95)
05-03 12:59:30.180 21871 21886 W cr_VariationsSeedFetch: 	at com.android.okhttp.internal.http.HttpEngine.connect(HttpEngine.java:281)
05-03 12:59:30.180 21871 21886 W cr_VariationsSeedFetch: 	at com.android.okhttp.internal.http.HttpEngine.sendRequest(HttpEngine.java:224)
05-03 12:59:30.180 21871 21886 W cr_VariationsSeedFetch: 	at com.android.okhttp.internal.huc.HttpURLConnectionImpl.execute(HttpURLConnectionImpl.java:461)
05-03 12:59:30.180 21871 21886 W cr_VariationsSeedFetch: 	at com.android.okhttp.internal.huc.HttpURLConnectionImpl.connect(HttpURLConnectionImpl.java:127)
05-03 12:59:30.180 21871 21886 W cr_VariationsSeedFetch: 	at com.android.okhttp.internal.huc.DelegatingHttpsURLConnection.connect(DelegatingHttpsURLConnection.java:89)
05-03 12:59:30.180 21871 21886 W cr_VariationsSeedFetch: 	at com.android.okhttp.internal.huc.HttpsURLConnectionImpl.connect(HttpsURLConnectionImpl.java:26)
05-03 12:59:30.180 21871 21886 W cr_VariationsSeedFetch: 	at org.chromium.android_webview.services.AwVariationsSeedFetcher$FetchTask.fetchSeed(chromium-AmazonWebView.apk-stable-@FileArg(gen/AMAZON_VERSION.json:code):192)
05-03 12:59:30.180 21871 21886 W cr_VariationsSeedFetch: 	at org.chromium.android_webview.services.AwVariationsSeedFetcher$FetchTask.doInBackground(chromium-AmazonWebView.apk-stable-@FileArg(gen/AMAZON_VERSION.json:code):42)
05-03 12:59:30.180 21871 21886 W cr_VariationsSeedFetch: 	at org.chromium.base.task.AsyncTask$$ExternalSyntheticLambda0.call(chromium-AmazonWebView.apk-stable-@FileArg(gen/AMAZON_VERSION.json:code):9)
05-03 12:59:30.180 21871 21886 W cr_VariationsSeedFetch: 	at java.util.concurrent.FutureTask.run(FutureTask.java:266)
05-03 12:59:30.180 21871 21886 W cr_VariationsSeedFetch: 	at org.chromium.base.task.AsyncTask$NamedFutureTask.run(chromium-AmazonWebView.apk-stable-@FileArg(gen/AMAZON_VERSION.json:code):26)
05-03 12:59:30.180 21871 21886 W cr_VariationsSeedFetch: 	at org.chromium.base.task.TaskRunnerImpl.runPreNativeTask(chromium-AmazonWebView.apk-stable-@FileArg(gen/AMAZON_VERSION.json:code):31)
05-03 12:59:30.180 21871 21886 W cr_VariationsSeedFetch: 	at org.chromium.base.task.TaskRunnerImpl$$ExternalSyntheticLambda0.run(chromium-AmazonWebView.apk-stable-@FileArg(gen/AMAZON_VERSION.json:code):3)
05-03 12:59:30.180 21871 21886 W cr_VariationsSeedFetch: 	at java.util.concurrent.ThreadPoolExecutor.runWorker(ThreadPoolExecutor.java:1167)
05-03 12:59:30.180 21871 21886 W cr_VariationsSeedFetch: 	at java.util.concurrent.ThreadPoolExecutor$Worker.run(ThreadPoolExecutor.java:641)
05-03 12:59:30.180 21871 21886 W cr_VariationsSeedFetch: 	at java.lang.Thread.run(Thread.java:764)
05-03 12:59:33.731   528   733 W MediaCodecDenylist: Ota group not found for 3720 tries
05-03 12:59:35.282  1282  1282 I main.wifi_score: dump_wifi_score_ctxt(): is2g=1, is11ac=0, is11ax=0, chan_bw=20, nss=2, bcn_rssi=-38, data_rssi=-54, tx_ok=11697, tx_failed=29029, cca_idle_pct=82
05-03 12:59:35.282  1282  1282 I main.wifi_score: dump_wifi_score_ctxt(): last_tx_stats: sgi=0, pream=1, mcs=7, ss=2, bw=0
05-03 12:59:35.282  1282  1282 I main.wifi_score: rate correction orig per/mcs/bw 100/7/0, new per/mcs/bw 10/4/0
05-03 12:59:36.630   321 18051 I Node    : dolby-audio-meter, AdapterPcmSystem adapter audio meter: channel 0; audio level: 0.000
05-03 12:59:36.630   321 18051 I Node    : dolby-audio-meter, AdapterPcmSystem adapter audio meter: channel 1; audio level: 0.000
05-03 12:59:36.630   321 18051 I Node    : dolby-audio-meter, AdapterPcmOut adapter audio meter: channel 0; audio level: 0.000
05-03 12:59:36.630   321 18051 I Node    : dolby-audio-meter, AdapterPcmOut adapter audio meter: channel 1; audio level: 0.000
05-03 12:59:38.181  1282  1282 I main.wifi_score: dump_wifi_score_ctxt(): is2g=1, is11ac=0, is11ax=0, chan_bw=20, nss=2, bcn_rssi=-42, data_rssi=-54, tx_ok=11701, tx_failed=29043, cca_idle_pct=82
05-03 12:59:38.181  1282  1282 I main.wifi_score: dump_wifi_score_ctxt(): last_tx_stats: sgi=0, pream=1, mcs=7, ss=2, bw=0
05-03 12:59:38.181  1282  1282 I main.wifi_score: rate correction orig per/mcs/bw 77/7/0, new per/mcs/bw 17/5/0
05-03 12:59:42.181  1282  1282 I main.wifi_score: dump_wifi_score_ctxt(): is2g=1, is11ac=0, is11ax=0, chan_bw=20, nss=2, bcn_rssi=-42, data_rssi=-54, tx_ok=11701, tx_failed=29043, cca_idle_pct=82
05-03 12:59:42.181  1282  1282 I main.wifi_score: dump_wifi_score_ctxt(): last_tx_stats: sgi=0, pream=1, mcs=7, ss=2, bw=0
05-03 12:59:42.469  1728  2076 I DiebusMetrics: Starting reporting metrics
05-03 12:59:42.508  1728  2076 I DiebusMetrics: End reporting metrics
05-03 12:59:43.305  1728  2017 I DiebusMetrics: Starting reporting metrics
05-03 12:59:43.405  1728  2017 I DiebusMetrics: End reporting metrics
05-03 12:59:43.912   788  1189 I bt_stack: [INFO:hearing_aid.cc(1900)] GetDeviceCount: Not initialized yet
05-03 12:59:45.149   833  2352 W ContextImpl: Calling a method in the system process without a qualified user: android.app.ContextImpl.bindService:1655 android.content.ContextWrapper.bindService:698 com.amazon.connectivitymanager.ConnectivityManager.<init>:172 x0.a.d:32 x0.a$a.V1:6 
05-03 12:59:45.154   833   833 I NEODelegate: AmazonConnectivityManager connected internally to a service
05-03 12:59:45.158   833   833 I PeriodicKPIReporter: Shutdown was invoked.
05-03 12:59:45.171  1376 21748 I com_amazon_devicecont..: Stored battery level 53% for device 74:A7:EA:0B:05:FE
05-03 12:59:45.352 21428 21768 I OZ-DCS:RemoteBatteryLevelTracker: Storing battery level 53
05-03 12:59:45.353 21428 21428 I OZ-DCS:ConnectivityManagerWrapper: ConnectivityManager connected internally to a service
05-03 12:59:45.353 21428 21517 I OZ-MET:MinervaMetricsStore: Counter metric FosConnectivity.connectingSucceeded is stored. Count: 1
05-03 12:59:45.367 21428 21517 I OZ-MET:MinervaMetricsStore: Counter metric Dart.remoteBattery.storedBatteryLevel is stored. Count: 1
05-03 12:59:46.181  1282  1282 I main.wifi_score: dump_wifi_score_ctxt(): is2g=1, is11ac=0, is11ax=0, chan_bw=20, nss=2, bcn_rssi=-39, data_rssi=-56, tx_ok=11701, tx_failed=29043, cca_idle_pct=82
05-03 12:59:46.181  1282  1282 I main.wifi_score: dump_wifi_score_ctxt(): last_tx_stats: sgi=0, pream=1, mcs=7, ss=2, bw=0
05-03 12:59:46.646   321 18051 I Node    : dolby-audio-meter, AdapterPcmSystem adapter audio meter: channel 0; audio level: 0.000
05-03 12:59:46.646   321 18051 I Node    : dolby-audio-meter, AdapterPcmSystem adapter audio meter: channel 1; audio level: 0.000
05-03 12:59:46.646   321 18051 I Node    : dolby-audio-meter, AdapterPcmOut adapter audio meter: channel 0; audio level: 0.000
05-03 12:59:46.646   321 18051 I Node    : dolby-audio-meter, AdapterPcmOut adapter audio meter: channel 1; audio level: 0.000
05-03 12:59:50.181  1282  1282 I main.wifi_score: dump_wifi_score_ctxt(): is2g=1, is11ac=0, is11ax=0, chan_bw=20, nss=2, bcn_rssi=-38, data_rssi=-53, tx_ok=11701, tx_failed=29043, cca_idle_pct=82
05-03 12:59:50.181  1282  1282 I main.wifi_score: dump_wifi_score_ctxt(): last_tx_stats: sgi=0, pream=1, mcs=7, ss=2, bw=0
05-03 12:59:50.330  1602 21742 I chatty  : uid=10163(com.amazon.vizzini) expire 1 line
05-03 12:59:55.282  1282  1282 I main.wifi_score: dump_wifi_score_ctxt(): is2g=1, is11ac=0, is11ax=0, chan_bw=20, nss=2, bcn_rssi=-44, data_rssi=-53, tx_ok=11701, tx_failed=29043, cca_idle_pct=74
05-03 12:59:55.282  1282  1282 I main.wifi_score: dump_wifi_score_ctxt(): last_tx_stats: sgi=0, pream=1, mcs=7, ss=2, bw=0
05-03 12:59:56.662   321 18051 I Node    : dolby-audio-meter, AdapterPcmSystem adapter audio meter: channel 0; audio level: 0.000
05-03 12:59:56.662   321 18051 I Node    : dolby-audio-meter, AdapterPcmSystem adapter audio meter: channel 1; audio level: 0.000
05-03 12:59:56.662   321 18051 I Node    : dolby-audio-meter, AdapterPcmOut adapter audio meter: channel 0; audio level: 0.000
05-03 12:59:56.662   321 18051 I Node    : dolby-audio-meter, AdapterPcmOut adapter audio meter: channel 1; audio level: 0.000
05-03 12:59:58.181  1282  1282 I main.wifi_score: dump_wifi_score_ctxt(): is2g=1, is11ac=0, is11ax=0, chan_bw=20, nss=2, bcn_rssi=-38, data_rssi=-53, tx_ok=11701, tx_failed=29043, cca_idle_pct=74
05-03 12:59:58.181  1282  1282 I main.wifi_score: dump_wifi_score_ctxt(): last_tx_stats: sgi=0, pream=1, mcs=7, ss=2, bw=0
05-03 12:59:58.708   833   833 I NEODelegate: AmazonConnectivityManager connected internally to a service
05-03 12:59:58.709   833   833 I PeriodicKPIReporter: Shutdown was invoked.
05-03 12:59:58.716  1376 21864 I com_amazon_devicecont..: Stored battery level 53% for device 74:A7:EA:0B:05:FE
05-03 12:59:58.761 21428 21517 I OZ-MET:MinervaMetricsStore: Counter metric FosConnectivity.connectingSucceeded is stored. Count: 2
05-03 12:59:58.761 21428 21428 I OZ-DCS:ConnectivityManagerWrapper: ConnectivityManager connected internally to a service
05-03 12:59:58.764 21428 21865 I OZ-DCS:RemoteBatteryLevelTracker: Storing battery level 53
05-03 12:59:58.766 21428 21517 I OZ-MET:MinervaMetricsStore: Counter metric Dart.remoteBattery.storedBatteryLevel is stored. Count: 2
05-03 12:59:58.932   528   528 W Process : Unable to open /proc/0/status
05-03 12:59:58.706   833  2352 W ContextImpl: Calling a method in the system process without a qualified user: android.app.ContextImpl.bindService:1655 android.content.ContextWrapper.bindService:698 com.amazon.connectivitymanager.ConnectivityManager.<init>:172 x0.a.d:32 x0.a$a.V1:6 
05-03 12:59:58.950   528   547 I ActivityManager: Start proc 21894:com.amazon.bueller.photos/u0a77 for service com.amazon.bueller.photos/com.amazon.gallery.thor.config.control.RemoteConfigurationJob
05-03 12:59:58.970 21894 21894 E .bueller.photo: Not starting debugger since process cannot load the jdwp agent.
05-03 12:59:59.011 21894 21894 I .bueller.photo: The ClassLoaderContext is a special shared library.
05-03 12:59:59.013 21894 21894 W .bueller.photo: ClassLoaderContext classpath size mismatch for position 0. expected=0, found=1 (PCL[] | PCL[/system/framework/com.amazon.identity.auth.device.jar*1759628808])
05-03 12:59:59.019 21894 21894 I .bueller.photo: The ClassLoaderContext is a special shared library.
05-03 12:59:59.025 21894 21894 W .bueller.photo: ClassLoaderContext classpath size mismatch for position 0. expected=0, found=3 (PCL[] | PCL[/system/framework/com.amazon.identity.auth.device.jar*1759628808:/system/priv-app/MetricsApi/MetricsApi.apk*3997826149:/system/framework/retaildemoapi.jar*4019160098])
05-03 12:59:59.121 21894 21894 I MultiDex: VM with version 2.1.0 has multidex support
05-03 12:59:59.122 21894 21894 I MultiDex: Installing application
05-03 12:59:59.122 21894 21894 I MultiDex: VM has multidex support, MultiDex support library is disabled.
05-03 12:59:59.145 21894 21894 W FirebaseApp: Default FirebaseApp failed to initialize because no default options were found. This usually means that com.google.gms:google-services was not applied to your gradle project.
05-03 12:59:59.145 21894 21894 I FirebaseInitProvider: FirebaseApp initialization unsuccessful
05-03 12:59:59.280 21894 21894 I com.amazon.bueller.photos/MAPInit: Initializing MAP (130050002 / MAPAndroidLib-1.3.51367.0) for app com.amazon.bueller.photos. MAP release version: 20260206N
05-03 12:59:59.292 21894 21894 I com.amazon.bueller.photos/MetricsHelper: FireOS Minerva metrics is supported
05-03 12:59:59.293 21894 21894 I com.amazon.bueller.photos/MAPInit: Running MAPInit on main thread: true
05-03 12:59:59.297 21894 21894 I com.amazon.bueller.photos/ClientToCentralTrustLogicImpl: Current package is: com.amazon.bueller.photos. Directly trust central package: com.amazon.imp, since it is system MAP library
05-03 12:59:59.300 21894 21894 I chatty  : uid=10077(com.amazon.bueller.photos) identical 2 lines
05-03 12:59:59.301 21894 21894 I com.amazon.bueller.photos/ClientToCentralTrustLogicImpl: Current package is: com.amazon.bueller.photos. Directly trust central package: com.amazon.imp, since it is system MAP library
05-03 12:59:59.302 21894 21894 I com.amazon.bueller.photos/IsolatedModeSwitcher: App does not support client driven runtime isolation.
05-03 12:59:59.302 21894 21894 I com.amazon.bueller.photos/ClientToCentralTrustLogicImpl: Current package is: com.amazon.bueller.photos. Directly trust central package: com.amazon.imp, since it is system MAP library
05-03 12:59:59.303 21894 21894 I com.amazon.bueller.photos/ClientToCentralTrustLogicImpl: Current package is: com.amazon.bueller.photos. Directly trust central package: com.amazon.imp, since it is system MAP library
05-03 12:59:59.304 21894 21894 I com.amazon.bueller.photos/FeatureSetCache: Caching feature IsolateApplication as false
05-03 12:59:59.305 21894 21894 I com.amazon.bueller.photos/ClientToCentralTrustLogicImpl: Current package is: com.amazon.bueller.photos. Directly trust central package: com.amazon.imp, since it is system MAP library
05-03 12:59:59.307 21894 21913 E com.amazon.bueller.photos/PlatformUtils: Could not initialize FidoAuthenticatorJSBridge because Fido client could not be initialized
05-03 12:59:59.321 21894 21894 I com.amazon.bueller.photos/LocalKeyValueStore: Create DE shared preference, OS supports direct boot.
05-03 12:59:59.327 21894 21913 W MinervaServiceWrapper: record : MinervaService not yet bound. Buffered Metric Event String. Buffer Size: 1
05-03 12:59:59.327 21894 21894 I com.amazon.bueller.photos/TrustedPackageManager: Trying to use default signature based package trust logic. This should be on 3P device
05-03 12:59:59.327 21894 21894 I com.amazon.bueller.photos/TrustedPackageManager: Setting package trust logic as: signature based package trust logic
05-03 12:59:59.328 21894 21894 W .bueller.photo: Class com.amazon.identity.auth.device.framework.AmazonDeviceInfo failed lock verification and will run slower.
05-03 12:59:59.328 21894 21894 W .bueller.photo: Common causes for lock verification issues are non-optimized dex code
05-03 12:59:59.328 21894 21894 W .bueller.photo: and incorrect proguard optimizations.
05-03 12:59:59.332 21894 21913 W com.amazon.bueller.photos/WhatsAppAutoreadPluginHelper: WhatsAppAutoreadPlugin is not supported for this package: com.amazon.bueller.photos
05-03 12:59:59.333 21894 21920 I com.amazon.bueller.photos/DataStorageFactoryImpl: Creating new DataStorageFactoryImpl
05-03 12:59:59.333 21894 21920 I com.amazon.bueller.photos/MAPInitTasks: Get DataStorage instance for initialization
05-03 12:59:59.333 21894 21920 I com.amazon.bueller.photos/DataStorageFactoryImpl: Initializing new DataStorage
05-03 12:59:59.334 21894 21920 I com.amazon.bueller.photos/ClientToCentralTrustLogicImpl: Current package is: com.amazon.bueller.photos. Directly trust central package: com.amazon.imp, since it is system MAP library
05-03 12:59:59.334 21894 21913 W MinervaServiceWrapper: record : MinervaService not yet bound. Buffered Metric Event String. Buffer Size: 2
05-03 12:59:59.335 21894 21920 I com.amazon.bueller.photos/ClientToCentralTrustLogicImpl: Current package is: com.amazon.bueller.photos. Directly trust central package: com.amazon.imp, since it is system MAP library
05-03 12:59:59.336 21894 21920 I com.amazon.bueller.photos/IsolatedModeSwitcher: App does not support client driven runtime isolation.
05-03 12:59:59.337 21894 21920 I com.amazon.bueller.photos/ClientToCentralTrustLogicImpl: Current package is: com.amazon.bueller.photos. Directly trust central package: com.amazon.imp, since it is system MAP library
05-03 12:59:59.338 21894 21920 I com.amazon.bueller.photos/ClientToCentralTrustLogicImpl: Current package is: com.amazon.bueller.photos. Directly trust central package: com.amazon.imp, since it is system MAP library
05-03 12:59:59.340 21894 21920 I com.amazon.bueller.photos/DeviceAttributeCache: Setting device attribute CentralAPK to true
05-03 12:59:59.340 21894 21920 I com.amazon.bueller.photos/DataStorageFactoryImpl: Creating and using new NonCanonicalDataStorage
05-03 12:59:59.341 21894 21920 I com.amazon.bueller.photos/LocalKeyValueStore: Create DE shared preference, OS supports direct boot.
05-03 12:59:59.341 21894 21920 I com.amazon.bueller.photos/MAPInitTasks: Initialize DataStorage instance
05-03 12:59:59.341 21894 21920 I com.amazon.bueller.photos/MAPInitTasks: Setup DataStorage instance
05-03 12:59:59.342 21894 21920 I com.amazon.bueller.photos/ClientToCentralTrustLogicImpl: Current package is: com.amazon.bueller.photos. Directly trust central package: com.amazon.imp, since it is system MAP library
05-03 12:59:59.345 21894 21920 I chatty  : uid=10077(com.amazon.bueller.photos) identical 9 lines
05-03 12:59:59.346 21894 21920 I com.amazon.bueller.photos/ClientToCentralTrustLogicImpl: Current package is: com.amazon.bueller.photos. Directly trust central package: com.amazon.imp, since it is system MAP library
05-03 12:59:59.347 21894 21920 I com.amazon.bueller.photos/IsolatedModeSwitcher: App does not support client driven runtime isolation.
05-03 12:59:59.360 21894 21920 I com.amazon.bueller.photos/AmazonSerialNumber: MAP Client side on FireOS 7+ calls IPC to get the DSN.
05-03 12:59:59.365   941  5535 I com.amazon.imp/SSODeviceInfo[0]: Amazon Device Info will try to get central device serial
05-03 12:59:59.365   941  5535 I com.amazon.imp/AmazonDeviceSecurityFactoryImpl[0]: Use device hardware auth.
05-03 12:59:59.369 21894 21920 I com.amazon.bueller.photos/LocalKeyValueStore: Create DE shared preference, OS supports direct boot.
05-03 12:59:59.373 21894 21920 I com.amazon.bueller.photos/LocalKeyValueStore: Create DE shared preference, OS supports direct boot.
05-03 12:59:59.386 21894 21920 I com.amazon.bueller.photos/ClientToCentralTrustLogicImpl: Current package is: com.amazon.bueller.photos. Directly trust central package: com.amazon.imp, since it is system MAP library
05-03 12:59:59.388 21894 21920 I com.amazon.bueller.photos/ClientToCentralTrustLogicImpl: Current package is: com.amazon.bueller.photos. Directly trust central package: com.amazon.imp, since it is system MAP library
05-03 12:59:59.389 21894 21920 I com.amazon.bueller.photos/MAPInitTasks: Start update legacy authportal domain in database if needed
05-03 12:59:59.391 21894 21920 I .bueller.photo: Rejecting re-init on previously-failed class java.lang.Class<com.amazon.identity.auth.device.framework.LWASSOPluginHelper$LWASSODependencyImpl>: java.lang.NoClassDefFoundError: Failed resolution of: Lcom/amazon/identity/mobi/lwasso/api/LWASSODependency;
05-03 12:59:59.391 21894 21920 I .bueller.photo:   at void com.amazon.identity.auth.device.framework.MAPInitTasks.performInitOperations() (MAPInitTasks.java:125)
05-03 12:59:59.391 21894 21920 I .bueller.photo:   at void com.amazon.identity.auth.device.api.MAPInit$2.run() (MAPInit.java:1)
05-03 12:59:59.391 21894 21920 I .bueller.photo:   at void com.amazon.identity.auth.device.utils.ThreadUtils$1.run() (ThreadUtils.java:2)
05-03 12:59:59.391 21894 21920 I .bueller.photo:   at void java.util.concurrent.ThreadPoolExecutor.runWorker(java.util.concurrent.ThreadPoolExecutor$Worker) (ThreadPoolExecutor.java:1167)
05-03 12:59:59.391 21894 21920 I .bueller.photo:   at void java.util.concurrent.ThreadPoolExecutor$Worker.run() (ThreadPoolExecutor.java:641)
05-03 12:59:59.391 21894 21920 I .bueller.photo:   at void java.lang.Thread.run() (Thread.java:764)
05-03 12:59:59.391 21894 21920 I .bueller.photo: Caused by: java.lang.ClassNotFoundException: Didn't find class "com.amazon.identity.mobi.lwasso.api.LWASSODependency" on path: DexPathList[[zip file "/system/framework/com.amazon.identity.auth.device.jar", zip file "/system/priv-app/MetricsApi/MetricsApi.apk", zip file "/system/framework/retaildemoapi.jar", zip file "/system/priv-app/DeviceMessagingAndroidSDK/DeviceMessagingAndroidSDK.apk", zip file "/system/priv-app/MinervaApi/MinervaApi.apk", zip file "/data/app/com.amazon.bueller.photos--qRSclbZdtrlVUi_JlgfdQ==/base.apk"],nativeLibraryDirectories=[/data/app/com.amazon.bueller.photos--qRSclbZdtrlVUi_JlgfdQ==/lib/arm, /data/app/com.amazon.bueller.photos--qRSclbZdtrlVUi_JlgfdQ==/base.apk!/lib/armeabi-v7a, /system/priv-app/MetricsApi/MetricsApi.apk!/lib/armeabi-v7a, /system/priv-app/DeviceMessagingAndroidSDK/DeviceMessagingAndroidSDK.apk!/lib/armeabi-v7a, /system/priv-app/MinervaApi/MinervaApi.apk!/lib/armeabi-v7a, /system/lib]]
05-03 12:59:59.391 21894 21920 I .bueller.photo:   at java.lang.Class dalvik.system.BaseDexClassLoader.findClass(java.lang.String) (BaseDexClassLoader.java:134)
05-03 12:59:59.391 21894 21920 I .bueller.photo:   at java.lang.Class java.lang.ClassLoader.loadClass(java.lang.String, boolean) (ClassLoader.java:379)
05-03 12:59:59.391 21894 21920 I .bueller.photo:   at java.lang.Class java.lang.ClassLoader.loadClass(java.lang.String) (ClassLoader.java:312)
05-03 12:59:59.391 21894 21920 I .bueller.photo:   at void com.amazon.identity.auth.device.framework.MAPInitTasks.performInitOperations() (MAPInitTasks.java:125)
05-03 12:59:59.391 21894 21920 I .bueller.photo:   at void com.amazon.identity.auth.device.api.MAPInit$2.run() (MAPInit.java:1)
05-03 12:59:59.391 21894 21920 I .bueller.photo:   at void com.amazon.identity.auth.device.utils.ThreadUtils$1.run() (ThreadUtils.java:2)
05-03 12:59:59.391 21894 21920 I .bueller.photo:   at void java.util.concurrent.ThreadPoolExecutor.runWorker(java.util.concurrent.ThreadPoolExecutor$Worker) (ThreadPoolExecutor.java:1167)
05-03 12:59:59.391 21894 21920 I .bueller.photo:   at void java.util.concurrent.ThreadPoolExecutor$Worker.run() (ThreadPoolExecutor.java:641)
05-03 12:59:59.391 21894 21920 I .bueller.photo:   at void java.lang.Thread.run() (Thread.java:764)
05-03 12:59:59.391 21894 21920 I .bueller.photo: 
05-03 12:59:59.392 21894 21920 I .bueller.photo: Rejecting re-init on previously-failed class java.lang.Class<com.amazon.identity.auth.device.framework.LWASSOPluginHelper$LWASSODependencyImpl>: java.lang.NoClassDefFoundError: Failed resolution of: Lcom/amazon/identity/mobi/lwasso/api/LWASSODependency;
05-03 12:59:59.392 21894 21920 I .bueller.photo:   at void com.amazon.identity.auth.device.framework.MAPInitTasks.performInitOperations() (MAPInitTasks.java:125)
05-03 12:59:59.392 21894 21920 I .bueller.photo:   at void com.amazon.identity.auth.device.api.MAPInit$2.run() (MAPInit.java:1)
05-03 12:59:59.392 21894 21920 I .bueller.photo:   at void com.amazon.identity.auth.device.utils.ThreadUtils$1.run() (ThreadUtils.java:2)
05-03 12:59:59.392 21894 21920 I .bueller.photo:   at void java.util.concurrent.ThreadPoolExecutor.runWorker(java.util.concurrent.ThreadPoolExecutor$Worker) (ThreadPoolExecutor.java:1167)
05-03 12:59:59.392 21894 21920 I .bueller.photo:   at void java.util.concurrent.ThreadPoolExecutor$Worker.run() (ThreadPoolExecutor.java:641)
05-03 12:59:59.392 21894 21920 I .bueller.photo:   at void java.lang.Thread.run() (Thread.java:764)
05-03 12:59:59.392 21894 21920 I .bueller.photo: Caused by: java.lang.ClassNotFoundException: Didn't find class "com.amazon.identity.mobi.lwasso.api.LWASSODependency" on path: DexPathList[[zip file "/system/framework/com.amazon.identity.auth.device.jar", zip file "/system/priv-app/MetricsApi/MetricsApi.apk", zip file "/system/framework/retaildemoapi.jar", zip file "/system/priv-app/DeviceMessagingAndroidSDK/DeviceMessagingAndroidSDK.apk", zip file "/system/priv-app/MinervaApi/MinervaApi.apk", zip file "/data/app/com.amazon.bueller.photos--qRSclbZdtrlVUi_JlgfdQ==/base.apk"],nativeLibraryDirectories=[/data/app/com.amazon.bueller.photos--qRSclbZdtrlVUi_JlgfdQ==/lib/arm, /data/app/com.amazon.bueller.photos--qRSclbZdtrlVUi_JlgfdQ==/base.apk!/lib/armeabi-v7a, /system/priv-app/MetricsApi/MetricsApi.apk!/lib/armeabi-v7a, /system/priv-app/DeviceMessagingAndroidSDK/DeviceMessagingAndroidSDK.apk!/lib/armeabi-v7a, /system/priv-app/MinervaApi/MinervaApi.apk!/lib/armeabi-v7a, /system/lib]]
05-03 12:59:59.392 21894 21920 I .bueller.photo:   at java.lang.Class dalvik.system.BaseDexClassLoader.findClass(java.lang.String) (BaseDexClassLoader.java:134)
05-03 12:59:59.392 21894 21920 I .bueller.photo:   at java.lang.Class java.lang.ClassLoader.loadClass(java.lang.String, boolean) (ClassLoader.java:379)
05-03 12:59:59.392 21894 21920 I .bueller.photo:   at java.lang.Class java.lang.ClassLoader.loadClass(java.lang.String) (ClassLoader.java:312)
05-03 12:59:59.392 21894 21920 I .bueller.photo:   at void com.amazon.identity.auth.device.framework.MAPInitTasks.performInitOperations() (MAPInitTasks.java:125)
05-03 12:59:59.392 21894 21920 I .bueller.photo:   at void com.amazon.identity.auth.device.api.MAPInit$2.run() (MAPInit.java:1)
05-03 12:59:59.392 21894 21920 I .bueller.photo:   at void com.amazon.identity.auth.device.utils.ThreadUtils$1.run() (ThreadUtils.java:2)
05-03 12:59:59.392 21894 21920 I .bueller.photo:   at void java.util.concurrent.ThreadPoolExecutor.runWorker(java.util.concurrent.ThreadPoolExecutor$Worker) (ThreadPoolExecutor.java:1167)
05-03 12:59:59.392 21894 21920 I .bueller.photo:   at void java.util.concurrent.ThreadPoolExecutor$Worker.run() (ThreadPoolExecutor.java:641)
05-03 12:59:59.392 21894 21920 I .bueller.photo:   at void java.lang.Thread.run() (Thread.java:764)
05-03 12:59:59.392 21894 21920 I .bueller.photo: 
05-03 12:59:59.393 21894 21920 W com.amazon.bueller.photos/WhatsAppAutoreadPluginHelper: WhatsAppAutoreadPlugin is not supported for this package: com.amazon.bueller.photos
05-03 12:59:59.394 21894 21920 W MinervaServiceWrapper: record : MinervaService not yet bound. Buffered Metric Event String. Buffer Size: 3
05-03 12:59:59.406 21894 21894 W Java7Support: Unable to load JDK7 types (annotations, java.nio.file.Path): no Java7 support added
05-03 12:59:59.433 21894 21929 I com.amazon.bueller.photos/LocalKeyValueStore: Create DE shared preference, OS supports direct boot.
05-03 12:59:59.444 21894 21929 I chatty  : uid=10077(com.amazon.bueller.photos) identical 1 line
05-03 12:59:59.456 21894 21929 I com.amazon.bueller.photos/LocalKeyValueStore: Create DE shared preference, OS supports direct boot.
05-03 12:59:59.459   941 21589 I com.amazon.imp/CustomerAttributeStoreLogic[0]: Callback with value empty: false
05-03 12:59:59.467 21894 21894 I AmznGallery__RemoteConfigurationManager: Cancelling previous jobs.
05-03 12:59:59.467 21894 21894 I AmznGallery__ScheduledJobsManager: Registering initial job services
05-03 12:59:59.485 21894 21894 I AmznGallery__RemoteConfigurationManager: Adding to job scheduler.
05-03 12:59:59.486 21894 21894 I AmznGallery__RemoteConfigurationManager: 1 remote config fetch jobs scheduled
05-03 12:59:59.487 21894 21938 W JobInfo : Requested interval +10m0s0ms for job 5235 is too small; raising to +15m0s0ms
05-03 12:59:59.501 21894 21894 I LauncherLibrary: Received trim memory warning. Level 5
05-03 12:59:59.502 21894 21894 I AmznGallery__PhotosApplication: Trim Memory level 5
05-03 12:59:59.509 21894 21935 I AmznGallery__MapAccountPreferences: Non-member mode check supported. isNonMemberMode: false
05-03 12:59:59.558 21894 21916 I AmznGallery__MapAccountPreferences: Non-member mode check supported. isNonMemberMode: false
05-03 12:59:59.565   941 21589 I com.amazon.imp/CustomerAttributeStoreLogic[0]: Callback with value empty: false
05-03 12:59:59.565 21894 21916 I AmznGallery__PhotosAppDisablePreferences: Successfully synchronized app-disabled setting.
05-03 12:59:59.572 21894 21929 I AmznGallery__ArcusManager: Skipping remote config sync. Current config was synced recently. Config Id: arn:aws:remote-config:us-west-2:073681691401:appConfig:aqq1sei0
05-03 12:59:59.575 21894 21929 I AmznGallery__MinervaChildProfileFilter: canRecordMetric = true
05-03 12:59:59.594 21894 21916 I AmznGallery__MinervaChildProfileFilter: canRecordMetric = true
05-03 12:59:59.595   941 21589 I com.amazon.imp/CustomerAttributeStoreLogic[0]: Callback with value empty: false
05-03 12:59:59.623 21894 21929 I AmznGallery__ArcusManager: Skipping remote config sync. Current config was synced recently. Config Id: arn:aws:remote-config:us-west-2:073681691401:appConfig:au5chxnk
05-03 12:59:59.624 21894 21929 I AmznGallery__MinervaChildProfileFilter: canRecordMetric = true
05-03 12:59:59.641 21894 21929 I AmznGallery__ArcusManager: Skipping remote config sync. Current config was synced recently. Config Id: arn:aws:remote-config:us-west-2:042058650461:appConfig:admbl7od
05-03 12:59:59.644 21894 21935 I AmznGallery__MapAccountPreferences: Non-member mode check supported. isNonMemberMode: false
05-03 12:59:59.650 21894 21935 I AmznGallery__MapAccountPreferences: Non-member mode check supported. isNonMemberMode: false
05-03 12:59:59.655 21894 21935 I AmznGallery__PhotosAppDisablePreferences: Cached disablement setting is valid
05-03 12:59:59.655 21894 21935 I AmznGallery__PhotosAppDisablePreferences: Using TTL cached disabled setting.
05-03 12:59:59.655 21894 21935 I AmznGallery__CDSSyncManager: Successfully finished preparing for coldboot
05-03 13:00:00.085 21894 21944 E System  : TRACE Starting certificate trust
05-03 13:00:02.182  1282  1282 I main.wifi_score: dump_wifi_score_ctxt(): is2g=1, is11ac=0, is11ax=0, chan_bw=20, nss=2, bcn_rssi=-45, data_rssi=-49, tx_ok=11704, tx_failed=29057, cca_idle_pct=74
05-03 13:00:02.182  1282  1282 I main.wifi_score: dump_wifi_score_ctxt(): last_tx_stats: sgi=0, pream=1, mcs=7, ss=2, bw=0
05-03 13:00:02.182  1282  1282 I main.wifi_score: rate correction orig per/mcs/bw 82/7/0, new per/mcs/bw 22/5/0
05-03 13:00:02.182  1282  1282 I main.wifi_score: cca_idle 45%, bcn_rssi -45, data_rssi -49, per 22% (ok=3, failed=14), N MCS 5, BW 0 SS 2  104mbps, AMPDU length 16, dur 2531us UDP tput 33mbps.
05-03 13:00:02.182  1282  1282 I main.wifi_score: Score 0, mcs 72 (phyrate cur/min/avg/max= 104/6/102/130 mbps), expected  UDP throughput cur/min/avg/max= 33/1/34/82 mbps.
05-03 13:00:06.181  1282  1282 I main.wifi_score: dump_wifi_score_ctxt(): is2g=1, is11ac=0, is11ax=0, chan_bw=20, nss=2, bcn_rssi=-44, data_rssi=-51, tx_ok=11704, tx_failed=29057, cca_idle_pct=74
05-03 13:00:06.181  1282  1282 I main.wifi_score: dump_wifi_score_ctxt(): last_tx_stats: sgi=0, pream=1, mcs=7, ss=2, bw=0
05-03 13:00:06.678   321 18051 I Node    : dolby-audio-meter, AdapterPcmSystem adapter audio meter: channel 0; audio level: 0.000
05-03 13:00:06.678   321 18051 I Node    : dolby-audio-meter, AdapterPcmSystem adapter audio meter: channel 1; audio level: 0.000
05-03 13:00:06.678   321 18051 I Node    : dolby-audio-meter, AdapterPcmOut adapter audio meter: channel 0; audio level: 0.000
05-03 13:00:06.678   321 18051 I Node    : dolby-audio-meter, AdapterPcmOut adapter audio meter: channel 1; audio level: 0.000
05-03 13:00:10.181  1282  1282 I main.wifi_score: dump_wifi_score_ctxt(): is2g=1, is11ac=0, is11ax=0, chan_bw=20, nss=2, bcn_rssi=-44, data_rssi=-51, tx_ok=11704, tx_failed=29057, cca_idle_pct=74
05-03 13:00:10.181  1282  1282 I main.wifi_score: dump_wifi_score_ctxt(): last_tx_stats: sgi=0, pream=1, mcs=7, ss=2, bw=0
05-03 13:00:15.281  1282  1282 I main.wifi_score: dump_wifi_score_ctxt(): is2g=1, is11ac=0, is11ax=0, chan_bw=20, nss=2, bcn_rssi=-43, data_rssi=-52, tx_ok=11704, tx_failed=29057, cca_idle_pct=78
05-03 13:00:15.281  1282  1282 I main.wifi_score: dump_wifi_score_ctxt(): last_tx_stats: sgi=0, pream=1, mcs=7, ss=2, bw=0
05-03 13:00:16.694   321 18051 I Node    : dolby-audio-meter, AdapterPcmSystem adapter audio meter: channel 0; audio level: 0.000
05-03 13:00:16.694   321 18051 I Node    : dolby-audio-meter, AdapterPcmSystem adapter audio meter: channel 1; audio level: 0.000
05-03 13:00:16.694   321 18051 I Node    : dolby-audio-meter, AdapterPcmOut adapter audio meter: channel 0; audio level: 0.000
05-03 13:00:16.694   321 18051 I Node    : dolby-audio-meter, AdapterPcmOut adapter audio meter: channel 1; audio level: 0.000
05-03 13:00:18.180  1282  1282 I main.wifi_score: dump_wifi_score_ctxt(): is2g=1, is11ac=0, is11ax=0, chan_bw=20, nss=2, bcn_rssi=-45, data_rssi=-53, tx_ok=11704, tx_failed=29057, cca_idle_pct=78
05-03 13:00:18.180  1282  1282 I main.wifi_score: dump_wifi_score_ctxt(): last_tx_stats: sgi=0, pream=1, mcs=7, ss=2, bw=0
05-03 13:00:20.044  1728  1728 I MediaBrowseServiceImpl: Received notice that MediaBrowseServiceImpl is onLowMemory.
05-03 13:00:22.181  1282  1282 I main.wifi_score: dump_wifi_score_ctxt(): is2g=1, is11ac=0, is11ax=0, chan_bw=20, nss=2, bcn_rssi=-43, data_rssi=-50, tx_ok=11704, tx_failed=29057, cca_idle_pct=78
05-03 13:00:22.181  1282  1282 I main.wifi_score: dump_wifi_score_ctxt(): last_tx_stats: sgi=0, pream=1, mcs=7, ss=2, bw=0
05-03 13:00:26.181  1282  1282 I main.wifi_score: dump_wifi_score_ctxt(): is2g=1, is11ac=0, is11ax=0, chan_bw=20, nss=2, bcn_rssi=-45, data_rssi=-50, tx_ok=11704, tx_failed=29057, cca_idle_pct=78
05-03 13:00:26.181  1282  1282 I main.wifi_score: dump_wifi_score_ctxt(): last_tx_stats: sgi=0, pream=1, mcs=7, ss=2, bw=0
05-03 13:00:26.710   321 18051 I Node    : dolby-audio-meter, AdapterPcmSystem adapter audio meter: channel 0; audio level: 0.000
05-03 13:00:26.710   321 18051 I Node    : dolby-audio-meter, AdapterPcmSystem adapter audio meter: channel 1; audio level: 0.000
05-03 13:00:26.710   321 18051 I Node    : dolby-audio-meter, AdapterPcmOut adapter audio meter: channel 0; audio level: 0.000
05-03 13:00:26.710   321 18051 I Node    : dolby-audio-meter, AdapterPcmOut adapter audio meter: channel 1; audio level: 0.000
05-03 13:00:29.924   381   487 E storaged: getDiskStats failed with result NOT_SUPPORTED and size 0
05-03 13:00:30.182  1282  1282 I main.wifi_score: dump_wifi_score_ctxt(): is2g=1, is11ac=0, is11ax=0, chan_bw=20, nss=2, bcn_rssi=-44, data_rssi=-50, tx_ok=11704, tx_failed=29057, cca_idle_pct=78
05-03 13:00:30.182  1282  1282 I main.wifi_score: dump_wifi_score_ctxt(): last_tx_stats: sgi=0, pream=1, mcs=7, ss=2, bw=0
05-03 13:00:34.477   528   733 W MediaCodecDenylist: Ota group not found for 3740 tries
05-03 13:00:35.282  1282  1282 I main.wifi_score: dump_wifi_score_ctxt(): is2g=1, is11ac=0, is11ax=0, chan_bw=20, nss=2, bcn_rssi=-43, data_rssi=-50, tx_ok=11704, tx_failed=29057, cca_idle_pct=80
05-03 13:00:35.282  1282  1282 I main.wifi_score: dump_wifi_score_ctxt(): last_tx_stats: sgi=0, pream=1, mcs=1, ss=1, bw=0
05-03 13:00:35.283  1282  1282 E wlan_stats: rtnetlink recv failure
05-03 13:00:35.283  1282  1282 E wlan_stats: ERROR: Error fetching Kernel stats from driver
05-03 13:00:35.284  1282  1282 I wlan_stats: BMC Stats not supported on the chip
05-03 13:00:35.284  1282  1282 I main.wlan_stats: wlan0:rssi=-50;rssi2=-45;noise=-90;noise2=-81;s_channel=1;txframes=40761;txfails=29057;txper=71%;txaggr=9 0 0 0 0 0 0 0;rxframes=11300;rxcrc=290667;rxper=96.2%;rxdrop=0;phymod=N;phyrate=130;lasttxrate=MCS1_BW20;lastrxrate=MCS15_BW20;
05-03 13:00:35.284  1282  1282 I main.wlan_stats: tx_packets=0;tx_bytes=0;tx_errors=0;tx_dropped=0;rx_packets=0;rx_bytes=0;rx_errors=0;rx_dropped=0;
05-03 13:00:35.284  1282  1282 I main.wlan_stats: max_rssi=-20;min_rssi=-85;max_noise=-90;min_noise=-90;noise histogram=189 264 584 833 2402 4598 4075 3598 10069 48229 26724;
05-03 13:00:35.285  1282  1282 I main.wlan_stats: ch_busy=20%;ch_idle=80%;ch_tx=0%;ch_rx=0%;total=993409;busy=206071;my_tx=0;my_rx=0;tx_ok=0%;tx_fail=0%;tx_retry=0%;rx_ok=0%;rx_fcs=100%;tx_ok=0;tx_fail=0;txretry=0;rx_ok=0;rx_fcs=20;cck_false=152;cck_crc=0;ofdm_false=51;ofdm_crc=3;
05-03 13:00:35.285  1282  1282 I main.wlan_stats: TXRATE=1M, BW20, LP, CCK, BCC ; PER=0; PERCNT=100%;RXRATE=MCS15, BW20, SGI, MM, LDPC; PERCNT=100%;
05-03 13:00:35.285  1282  1282 I main.wlan_stats: process metric stats: num of samples64; beacon rssi: ins=-43, avg=-35; data rssi: ins=-50, avg=-40; data rssi2: ins=-45, avg=-40; noise:  ins=-90, avg=-90; noise2:  ins=-81, avg=-82; idle per: ins=80, sum=4484; max idle per: 82; min idle per: 12; 
05-03 13:00:36.726   321 18051 I Node    : dolby-audio-meter, AdapterPcmSystem adapter audio meter: channel 0; audio level: 0.000
05-03 13:00:36.726   321 18051 I Node    : dolby-audio-meter, AdapterPcmSystem adapter audio meter: channel 1; audio level: 0.000
05-03 13:00:36.726   321 18051 I Node    : dolby-audio-meter, AdapterPcmOut adapter audio meter: channel 0; audio level: 0.000
05-03 13:00:36.726   321 18051 I Node    : dolby-audio-meter, AdapterPcmOut adapter audio meter: channel 1; audio level: 0.000
05-03 13:00:38.180  1282  1282 I main.wifi_score: dump_wifi_score_ctxt(): is2g=1, is11ac=0, is11ax=0, chan_bw=20, nss=2, bcn_rssi=-45, data_rssi=-50, tx_ok=11706, tx_failed=29072, cca_idle_pct=80
05-03 13:00:38.180  1282  1282 I main.wifi_score: dump_wifi_score_ctxt(): last_tx_stats: sgi=0, pream=1, mcs=7, ss=2, bw=0
05-03 13:00:38.180  1282  1282 I main.wifi_score: rate correction orig per/mcs/bw 88/7/0, new per/mcs/bw 28/5/0
05-03 13:00:38.180  1282  1282 I main.wifi_score: cca_idle 51%, bcn_rssi -45, data_rssi -50, per 28% (ok=2, failed=15), N MCS 5, BW 0 SS 2  104mbps, AMPDU length 16, dur 2660us UDP tput 35mbps.
05-03 13:00:38.180  1282  1282 I main.wifi_score: Score 0, mcs 72 (phyrate cur/min/avg/max= 104/6/103/130 mbps), expected  UDP throughput cur/min/avg/max= 35/1/34/82 mbps.
05-03 13:00:42.181  1282  1282 I main.wifi_score: dump_wifi_score_ctxt(): is2g=1, is11ac=0, is11ax=0, chan_bw=20, nss=2, bcn_rssi=-45, data_rssi=-50, tx_ok=11706, tx_failed=29072, cca_idle_pct=80
05-03 13:00:42.181  1282  1282 I main.wifi_score: dump_wifi_score_ctxt(): last_tx_stats: sgi=0, pream=1, mcs=7, ss=2, bw=0
05-03 13:00:46.181  1282  1282 I main.wifi_score: dump_wifi_score_ctxt(): is2g=1, is11ac=0, is11ax=0, chan_bw=20, nss=2, bcn_rssi=-43, data_rssi=-48, tx_ok=11706, tx_failed=29072, cca_idle_pct=80
05-03 13:00:46.181  1282  1282 I main.wifi_score: dump_wifi_score_ctxt(): last_tx_stats: sgi=0, pream=1, mcs=7, ss=2, bw=0
05-03 13:00:46.742   321 18051 I Node    : dolby-audio-meter, AdapterPcmSystem adapter audio meter: channel 0; audio level: 0.000
05-03 13:00:46.742   321 18051 I Node    : dolby-audio-meter, AdapterPcmSystem adapter audio meter: channel 1; audio level: 0.000
05-03 13:00:46.742   321 18051 I Node    : dolby-audio-meter, AdapterPcmOut adapter audio meter: channel 0; audio level: 0.000
05-03 13:00:46.742   321 18051 I Node    : dolby-audio-meter, AdapterPcmOut adapter audio meter: channel 1; audio level: 0.000
05-03 13:00:50.181  1282  1282 I main.wifi_score: dump_wifi_score_ctxt(): is2g=1, is11ac=0, is11ax=0, chan_bw=20, nss=2, bcn_rssi=-38, data_rssi=-44, tx_ok=11706, tx_failed=29072, cca_idle_pct=80
05-03 13:00:50.181  1282  1282 I main.wifi_score: dump_wifi_score_ctxt(): last_tx_stats: sgi=0, pream=1, mcs=5, ss=2, bw=0
05-03 13:00:50.349  1602 21893 I chatty  : uid=10163(com.amazon.vizzini) expire 1 line
05-03 13:00:55.281  1282  1282 I main.wifi_score: dump_wifi_score_ctxt(): is2g=1, is11ac=0, is11ax=0, chan_bw=20, nss=2, bcn_rssi=-35, data_rssi=-44, tx_ok=11706, tx_failed=29072, cca_idle_pct=80
05-03 13:00:55.281  1282  1282 I main.wifi_score: dump_wifi_score_ctxt(): last_tx_stats: sgi=0, pream=1, mcs=7, ss=2, bw=0
05-03 13:00:56.758   321 18051 I Node    : dolby-audio-meter, AdapterPcmSystem adapter audio meter: channel 0; audio level: 0.000
05-03 13:00:56.758   321 18051 I Node    : dolby-audio-meter, AdapterPcmSystem adapter audio meter: channel 1; audio level: 0.000
05-03 13:00:56.758   321 18051 I Node    : dolby-audio-meter, AdapterPcmOut adapter audio meter: channel 0; audio level: 0.000
05-03 13:00:56.758   321 18051 I Node    : dolby-audio-meter, AdapterPcmOut adapter audio meter: channel 1; audio level: 0.000
05-03 13:00:58.180  1282  1282 I main.wifi_score: dump_wifi_score_ctxt(): is2g=1, is11ac=0, is11ax=0, chan_bw=20, nss=2, bcn_rssi=-34, data_rssi=-44, tx_ok=11706, tx_failed=29072, cca_idle_pct=80
05-03 13:00:58.180  1282  1282 I main.wifi_score: dump_wifi_score_ctxt(): last_tx_stats: sgi=0, pream=1, mcs=7, ss=2, bw=0
05-03 13:01:00.011   314   314 W IMGMemtrackHAL: hal_get_memory: memtrack cache rebuild was required
05-03 13:01:02.181  1282  1282 I main.wifi_score: dump_wifi_score_ctxt(): is2g=1, is11ac=0, is11ax=0, chan_bw=20, nss=2, bcn_rssi=-34, data_rssi=-44, tx_ok=11706, tx_failed=29072, cca_idle_pct=80
05-03 13:01:02.181  1282  1282 I main.wifi_score: dump_wifi_score_ctxt(): last_tx_stats: sgi=0, pream=1, mcs=7, ss=2, bw=0
05-03 13:01:06.181  1282  1282 I main.wifi_score: dump_wifi_score_ctxt(): is2g=1, is11ac=0, is11ax=0, chan_bw=20, nss=2, bcn_rssi=-35, data_rssi=-42, tx_ok=11706, tx_failed=29072, cca_idle_pct=80
05-03 13:01:06.181  1282  1282 I main.wifi_score: dump_wifi_score_ctxt(): last_tx_stats: sgi=0, pream=1, mcs=7, ss=2, bw=0
05-03 13:01:06.774   321 18051 I Node    : dolby-audio-meter, AdapterPcmSystem adapter audio meter: channel 0; audio level: 0.000
05-03 13:01:06.774   321 18051 I Node    : dolby-audio-meter, AdapterPcmSystem adapter audio meter: channel 1; audio level: 0.000
05-03 13:01:06.774   321 18051 I Node    : dolby-audio-meter, AdapterPcmOut adapter audio meter: channel 0; audio level: 0.000
05-03 13:01:06.774   321 18051 I Node    : dolby-audio-meter, AdapterPcmOut adapter audio meter: channel 1; audio level: 0.000
05-03 13:01:10.181  1282  1282 I main.wifi_score: dump_wifi_score_ctxt(): is2g=1, is11ac=0, is11ax=0, chan_bw=20, nss=2, bcn_rssi=-37, data_rssi=-42, tx_ok=11706, tx_failed=29072, cca_idle_pct=80
05-03 13:01:10.182  1282  1282 I main.wifi_score: dump_wifi_score_ctxt(): last_tx_stats: sgi=0, pream=1, mcs=7, ss=2, bw=0
05-03 13:01:12.539  1728  2076 I DiebusMetrics: Starting reporting metrics
05-03 13:01:12.539  1728  2076 I DiebusMetrics: End reporting metrics
05-03 13:01:13.422  1728  2017 I DiebusMetrics: Starting reporting metrics
05-03 13:01:13.423  1728  2017 I DiebusMetrics: End reporting metrics
05-03 13:01:15.282  1282  1282 I main.wifi_score: dump_wifi_score_ctxt(): is2g=1, is11ac=0, is11ax=0, chan_bw=20, nss=2, bcn_rssi=-41, data_rssi=-43, tx_ok=11706, tx_failed=29072, cca_idle_pct=69
05-03 13:01:15.282  1282  1282 I main.wifi_score: dump_wifi_score_ctxt(): last_tx_stats: sgi=0, pream=0, mcs=24, ss=0, bw=0
05-03 13:01:16.790   321 18051 I Node    : dolby-audio-meter, AdapterPcmSystem adapter audio meter: channel 0; audio level: 0.000
05-03 13:01:16.790   321 18051 I Node    : dolby-audio-meter, AdapterPcmSystem adapter audio meter: channel 1; audio level: 0.000
05-03 13:01:16.790   321 18051 I Node    : dolby-audio-meter, AdapterPcmOut adapter audio meter: channel 0; audio level: 0.000
05-03 13:01:16.790   321 18051 I Node    : dolby-audio-meter, AdapterPcmOut adapter audio meter: channel 1; audio level: 0.000
05-03 13:01:18.181  1282  1282 I main.wifi_score: dump_wifi_score_ctxt(): is2g=1, is11ac=0, is11ax=0, chan_bw=20, nss=2, bcn_rssi=-39, data_rssi=-36, tx_ok=11706, tx_failed=29072, cca_idle_pct=69
05-03 13:01:18.181  1282  1282 I main.wifi_score: dump_wifi_score_ctxt(): last_tx_stats: sgi=0, pream=0, mcs=1, ss=0, bw=0
05-03 13:01:22.181  1282  1282 I main.wifi_score: dump_wifi_score_ctxt(): is2g=1, is11ac=0, is11ax=0, chan_bw=20, nss=2, bcn_rssi=-37, data_rssi=-36, tx_ok=11706, tx_failed=29072, cca_idle_pct=69
05-03 13:01:22.181  1282  1282 I main.wifi_score: dump_wifi_score_ctxt(): last_tx_stats: sgi=0, pream=0, mcs=6, ss=0, bw=0
05-03 13:01:26.182  1282  1282 I main.wifi_score: dump_wifi_score_ctxt(): is2g=1, is11ac=0, is11ax=0, chan_bw=20, nss=2, bcn_rssi=-36, data_rssi=-36, tx_ok=11706, tx_failed=29072, cca_idle_pct=69
05-03 13:01:26.182  1282  1282 I main.wifi_score: dump_wifi_score_ctxt(): last_tx_stats: sgi=0, pream=0, mcs=6, ss=0, bw=0
05-03 13:01:26.806   321 18051 I Node    : dolby-audio-meter, AdapterPcmSystem adapter audio meter: channel 0; audio level: 0.000
05-03 13:01:26.806   321 18051 I Node    : dolby-audio-meter, AdapterPcmSystem adapter audio meter: channel 1; audio level: 0.000
05-03 13:01:26.806   321 18051 I Node    : dolby-audio-meter, AdapterPcmOut adapter audio meter: channel 0; audio level: 0.000
05-03 13:01:26.806   321 18051 I Node    : dolby-audio-meter, AdapterPcmOut adapter audio meter: channel 1; audio level: 0.000
05-03 13:01:29.925   381   487 E storaged: getDiskStats failed with result NOT_SUPPORTED and size 0
05-03 13:01:30.182  1282  1282 I main.wifi_score: dump_wifi_score_ctxt(): is2g=1, is11ac=0, is11ax=0, chan_bw=20, nss=2, bcn_rssi=-36, data_rssi=-36, tx_ok=11706, tx_failed=29072, cca_idle_pct=69
05-03 13:01:30.182  1282  1282 I main.wifi_score: dump_wifi_score_ctxt(): last_tx_stats: sgi=0, pream=0, mcs=6, ss=0, bw=0
05-03 13:01:34.003  1628  4078 W whad    : TimeSyncClient:clientThread:no successful exchanges in slot, last attempt sent 1003754384 ns ago
05-03 13:01:35.269   528   733 W MediaCodecDenylist: Ota group not found for 3760 tries
