05-03 13:05:17.174   321 18051 I Node    : dolby-audio-meter, AdapterPcmOut adapter audio meter: channel 0; audio level: 0.000
05-03 13:05:17.174   321 18051 I Node    : dolby-audio-meter, AdapterPcmOut adapter audio meter: channel 1; audio level: 0.000
05-03 13:05:17.177   314   314 W IMGMemtrackHAL: hal_get_memory: memtrack cache rebuild was required
05-03 13:05:18.177   314   314 W IMGMemtrackHAL: hal_get_memory: memtrack cache rebuild was required
05-03 13:05:18.182  1282  1282 I main.wifi_score: dump_wifi_score_ctxt(): is2g=1, is11ac=0, is11ax=0, chan_bw=20, nss=2, bcn_rssi=-37, data_rssi=-41, tx_ok=11836, tx_failed=29259, cca_idle_pct=83
05-03 13:05:18.182  1282  1282 I main.wifi_score: dump_wifi_score_ctxt(): last_tx_stats: sgi=0, pream=1, mcs=7, ss=2, bw=0
05-03 13:05:19.177   314   314 W IMGMemtrackHAL: hal_get_memory: memtrack cache rebuild was required
05-03 13:05:20.177   314   314 I chatty  : uid=1000(system) memtrack@1.0-se identical 1 line
05-03 13:05:21.178   314   314 W IMGMemtrackHAL: hal_get_memory: memtrack cache rebuild was required
05-03 13:05:22.181  1282  1282 I main.wifi_score: dump_wifi_score_ctxt(): is2g=1, is11ac=0, is11ax=0, chan_bw=20, nss=2, bcn_rssi=-36, data_rssi=-41, tx_ok=11836, tx_failed=29259, cca_idle_pct=83
05-03 13:05:22.181  1282  1282 I main.wifi_score: dump_wifi_score_ctxt(): last_tx_stats: sgi=0, pream=1, mcs=7, ss=2, bw=0
05-03 13:05:22.183   314   314 W IMGMemtrackHAL: hal_get_memory: memtrack cache rebuild was required
05-03 13:05:25.177   314   314 I chatty  : uid=1000(system) memtrack@1.0-se identical 3 lines
05-03 13:05:26.177   314   314 W IMGMemtrackHAL: hal_get_memory: memtrack cache rebuild was required
05-03 13:05:26.181  1282  1282 I main.wifi_score: dump_wifi_score_ctxt(): is2g=1, is11ac=0, is11ax=0, chan_bw=20, nss=2, bcn_rssi=-35, data_rssi=-41, tx_ok=11836, tx_failed=29259, cca_idle_pct=83
05-03 13:05:26.181  1282  1282 I main.wifi_score: dump_wifi_score_ctxt(): last_tx_stats: sgi=0, pream=1, mcs=7, ss=2, bw=0
05-03 13:05:27.176   314   314 W IMGMemtrackHAL: hal_get_memory: memtrack cache rebuild was required
05-03 13:05:27.190   321 18051 I Node    : dolby-audio-meter, AdapterPcmSystem adapter audio meter: channel 0; audio level: 0.000
05-03 13:05:27.190   321 18051 I Node    : dolby-audio-meter, AdapterPcmSystem adapter audio meter: channel 1; audio level: 0.000
05-03 13:05:27.190   321 18051 I Node    : dolby-audio-meter, AdapterPcmOut adapter audio meter: channel 0; audio level: 0.000
05-03 13:05:27.190   321 18051 I Node    : dolby-audio-meter, AdapterPcmOut adapter audio meter: channel 1; audio level: 0.000
05-03 13:05:28.175   314   314 W IMGMemtrackHAL: hal_get_memory: memtrack cache rebuild was required
05-03 13:05:29.928   381   487 E storaged: getDiskStats failed with result NOT_SUPPORTED and size 0
05-03 13:05:29.175   314   314 I chatty  : uid=1000(system) memtrack@1.0-se identical 1 line
05-03 13:05:30.175   314   314 W IMGMemtrackHAL: hal_get_memory: memtrack cache rebuild was required
05-03 13:05:30.180  1282  1282 I main.wifi_score: dump_wifi_score_ctxt(): is2g=1, is11ac=0, is11ax=0, chan_bw=20, nss=2, bcn_rssi=-35, data_rssi=-40, tx_ok=11836, tx_failed=29259, cca_idle_pct=83
05-03 13:05:30.180  1282  1282 I main.wifi_score: dump_wifi_score_ctxt(): last_tx_stats: sgi=0, pream=1, mcs=4, ss=2, bw=0
05-03 13:05:31.176   314   314 W IMGMemtrackHAL: hal_get_memory: memtrack cache rebuild was required
05-03 13:05:34.175   314   314 I chatty  : uid=1000(system) memtrack@1.0-se identical 3 lines
05-03 13:05:35.180   314   314 W IMGMemtrackHAL: hal_get_memory: memtrack cache rebuild was required
05-03 13:05:35.282  1282  1282 I main.wifi_score: dump_wifi_score_ctxt(): is2g=1, is11ac=0, is11ax=0, chan_bw=20, nss=2, bcn_rssi=-36, data_rssi=-33, tx_ok=11836, tx_failed=29259, cca_idle_pct=79
05-03 13:05:35.282  1282  1282 I main.wifi_score: dump_wifi_score_ctxt(): last_tx_stats: sgi=0, pream=1, mcs=4, ss=2, bw=0
05-03 13:05:36.175   314   314 W IMGMemtrackHAL: hal_get_memory: memtrack cache rebuild was required
05-03 13:05:37.169   314   314 W IMGMemtrackHAL: hal_get_memory: memtrack cache rebuild was required
05-03 13:05:37.206   321 18051 I Node    : dolby-audio-meter, AdapterPcmSystem adapter audio meter: channel 0; audio level: 0.000
05-03 13:05:37.206   321 18051 I Node    : dolby-audio-meter, AdapterPcmSystem adapter audio meter: channel 1; audio level: 0.000
05-03 13:05:37.206   321 18051 I Node    : dolby-audio-meter, AdapterPcmOut adapter audio meter: channel 0; audio level: 0.000
05-03 13:05:37.206   321 18051 I Node    : dolby-audio-meter, AdapterPcmOut adapter audio meter: channel 1; audio level: 0.000
05-03 13:05:38.175   314   314 W IMGMemtrackHAL: hal_get_memory: memtrack cache rebuild was required
05-03 13:05:38.180  1282  1282 I main.wifi_score: dump_wifi_score_ctxt(): is2g=1, is11ac=0, is11ax=0, chan_bw=20, nss=2, bcn_rssi=-36, data_rssi=-33, tx_ok=11838, tx_failed=29272, cca_idle_pct=79
05-03 13:05:38.180  1282  1282 I main.wifi_score: dump_wifi_score_ctxt(): last_tx_stats: sgi=0, pream=1, mcs=7, ss=2, bw=0
05-03 13:05:38.180  1282  1282 I main.wifi_score: rate correction orig per/mcs/bw 86/7/0, new per/mcs/bw 26/5/0
05-03 13:05:38.180  1282  1282 I main.wifi_score: cca_idle 50%, bcn_rssi -36, data_rssi -33, per 26% (ok=2, failed=13), N MCS 5, BW 0 SS 2  104mbps, AMPDU length 16, dur 2617us UDP tput 35mbps.
05-03 13:05:38.180  1282  1282 I main.wifi_score: Score -1, mcs 72 (phyrate cur/min/avg/max= 104/6/98/130 mbps), expected  UDP throughput cur/min/avg/max= 35/1/33/82 mbps.
05-03 13:05:38.339   528   733 W MediaCodecDenylist: Ota group not found for 3840 tries
05-03 13:05:39.181   314   314 W IMGMemtrackHAL: hal_get_memory: memtrack cache rebuild was required
05-03 13:05:40.180   314   314 W IMGMemtrackHAL: hal_get_memory: memtrack cache rebuild was required
05-03 13:05:41.033 22012 22012 I StockPhotos_LegacyStockPhotoScreens: No prep needed. Item already prepped.
05-03 13:05:41.175   314   314 W IMGMemtrackHAL: hal_get_memory: memtrack cache rebuild was required
05-03 13:05:42.180   314   314 W IMGMemtrackHAL: hal_get_memory: memtrack cache rebuild was required
05-03 13:05:42.181  1282  1282 I main.wifi_score: dump_wifi_score_ctxt(): is2g=1, is11ac=0, is11ax=0, chan_bw=20, nss=2, bcn_rssi=-34, data_rssi=-33, tx_ok=11838, tx_failed=29272, cca_idle_pct=79
05-03 13:05:42.181  1282  1282 I main.wifi_score: dump_wifi_score_ctxt(): last_tx_stats: sgi=0, pream=1, mcs=7, ss=2, bw=0
05-03 13:05:42.664  1728  2076 I DiebusMetrics: Starting reporting metrics
05-03 13:05:42.676  1728  2076 I DiebusMetrics: End reporting metrics
05-03 13:05:43.175   314   314 W IMGMemtrackHAL: hal_get_memory: memtrack cache rebuild was required
05-03 13:05:43.529  1728  2017 I DiebusMetrics: Starting reporting metrics
05-03 13:05:43.537  1728  2017 I DiebusMetrics: End reporting metrics
05-03 13:05:44.033 22012 22012 I Screensaver_CompositeScheduler: Done rendering (hiding) k4.k@7fe0946
05-03 13:05:44.034 22012 22012 I Screensaver_CompositeScheduler: Ready to composite k4.k@a27cd9f
05-03 13:05:44.036 22012 22094 I StockPhotos_StockPhotoScreensaverIt: Finished preparing resources
05-03 13:05:44.181   314   314 W IMGMemtrackHAL: hal_get_memory: memtrack cache rebuild was required
05-03 13:05:45.185   314   314 W IMGMemtrackHAL: hal_get_memory: memtrack cache rebuild was required
05-03 13:05:46.181  1282  1282 I main.wifi_score: dump_wifi_score_ctxt(): is2g=1, is11ac=0, is11ax=0, chan_bw=20, nss=2, bcn_rssi=-35, data_rssi=-41, tx_ok=11838, tx_failed=29272, cca_idle_pct=79
05-03 13:05:46.181  1282  1282 I main.wifi_score: dump_wifi_score_ctxt(): last_tx_stats: sgi=0, pream=1, mcs=7, ss=2, bw=0
05-03 13:05:46.184   314   314 W IMGMemtrackHAL: hal_get_memory: memtrack cache rebuild was required
05-03 13:05:47.183   314   314 W IMGMemtrackHAL: hal_get_memory: memtrack cache rebuild was required
05-03 13:05:47.222   321 18051 I Node    : dolby-audio-meter, AdapterPcmSystem adapter audio meter: channel 0; audio level: 0.000
05-03 13:05:47.222   321 18051 I Node    : dolby-audio-meter, AdapterPcmSystem adapter audio meter: channel 1; audio level: 0.000
05-03 13:05:47.222   321 18051 I Node    : dolby-audio-meter, AdapterPcmOut adapter audio meter: channel 0; audio level: 0.000
05-03 13:05:47.222   321 18051 I Node    : dolby-audio-meter, AdapterPcmOut adapter audio meter: channel 1; audio level: 0.000
05-03 13:05:48.181   314   314 W IMGMemtrackHAL: hal_get_memory: memtrack cache rebuild was required
05-03 13:05:49.182   314   314 W IMGMemtrackHAL: hal_get_memory: memtrack cache rebuild was required
05-03 13:05:50.181  1282  1282 I main.wifi_score: dump_wifi_score_ctxt(): is2g=1, is11ac=0, is11ax=0, chan_bw=20, nss=2, bcn_rssi=-36, data_rssi=-41, tx_ok=11839, tx_failed=29296, cca_idle_pct=79
05-03 13:05:50.181  1282  1282 I main.wifi_score: dump_wifi_score_ctxt(): last_tx_stats: sgi=0, pream=1, mcs=7, ss=2, bw=0
05-03 13:05:50.181  1282  1282 I main.wifi_score: rate correction orig per/mcs/bw 96/7/0, new per/mcs/bw 6/4/0
05-03 13:05:50.181   314   314 W IMGMemtrackHAL: hal_get_memory: memtrack cache rebuild was required
05-03 13:05:50.530  1602 22322 I SPCH-Cont_HealthLogger: Current State = {"AlexaCaptionsEnabled":"false","Account":"valid","ProfileValidated":"true","ProfileType":"ADULT","AlexaCaptionsSupported":"true","memoryTotalPss":"22559","DeviceFamily":"SMP","memoryTotalSharedDirty":"2120","ActiveSpeechUI":"Classic","ReleaseVersion":"660.0.0","AlexaLegalTermsAccepted":"true","AppVersion":"3.0.21044.0","AlexaExperience":"FULL","SupportsFarField":"false","short_press_overlay_state":"{\"enabled\": true, \"hintsEnabled\": false, \"isChild\": false, \"override\": 0}","memoryAvailable":"325705728","Gateway":"avs-alexa-18-na.amazon.com:443","memoryLow":"false","RemoteSettingsStrategy":"VizArcus","ConnectionState":"CONNECTED","OOBECompleted":"true","memoryTotalPrivateDirty":"12538","str.auto_wake_up_always":"0"}
05-03 13:05:51.182   314   314 W IMGMemtrackHAL: hal_get_memory: memtrack cache rebuild was required
