05-03 12:55:59.423   528   565 W AmazonProtectionLevel: Using stock call, please migrate to new permissions amazon.aosp.permission.INTERACT_ACROSS_USERS_FULL or com.amazon.permission.INTERACT_ACROSS_USERS_FULL for package com.amazon.wifilocker
05-03 12:55:59.428   528   565 W AmazonProtectionLevel: Using stock call, please migrate to new permissions amazon.aosp.permission.INTERACT_ACROSS_USERS_FULL or com.amazon.permission.INTERACT_ACROSS_USERS_FULL for package com.amazon.whisperlink.core.android
05-03 12:55:59.429   528   660 W HdmiCecController: Failed to send <Give Device Power Status> 40:8F with errorCode=1
05-03 12:55:59.453   528   565 W AmazonProtectionLevel: Using stock call, please migrate to new permissions amazon.aosp.permission.INTERACT_ACROSS_USERS_FULL or com.amazon.permission.INTERACT_ACROSS_USERS_FULL for package com.amazon.firebat
05-03 12:55:59.462   528   565 W AmazonProtectionLevel: Using stock call, please migrate to new permissions amazon.aosp.permission.INTERACT_ACROSS_USERS_FULL or com.amazon.permission.INTERACT_ACROSS_USERS_FULL for package com.amazon.providers.contentsupport
05-03 12:55:59.464   528   565 W AmazonProtectionLevel: Using stock call, please migrate to new permissions amazon.aosp.permission.INTERACT_ACROSS_USERS_FULL or com.amazon.permission.INTERACT_ACROSS_USERS_FULL for package com.amazon.device.crashmanager
05-03 12:55:59.470   528   565 W AmazonProtectionLevel: Using stock call, please migrate to new permissions amazon.aosp.permission.INTERACT_ACROSS_USERS_FULL or com.amazon.permission.INTERACT_ACROSS_USERS_FULL for package com.amazon.whisperplay.service.install
05-03 12:55:59.472   528   565 W AmazonProtectionLevel: Using stock call, please migrate to new permissions amazon.aosp.permission.INTERACT_ACROSS_USERS_FULL or com.amazon.permission.INTERACT_ACROSS_USERS_FULL for package com.amazon.tv.launcher
05-03 12:55:59.488   528   565 W AmazonProtectionLevel: Using stock call, please migrate to new permissions amazon.aosp.permission.INTERACT_ACROSS_USERS_FULL or com.amazon.permission.INTERACT_ACROSS_USERS_FULL for package com.amazon.device.software.ota.override
05-03 12:55:59.496   528   565 W AmazonProtectionLevel: Using stock call, please migrate to new permissions amazon.aosp.permission.INTERACT_ACROSS_USERS_FULL or com.amazon.permission.INTERACT_ACROSS_USERS_FULL for package com.amazon.communication.discovery
05-03 12:55:59.515   528   565 W AmazonProtectionLevel: Using stock call, please migrate to new permissions amazon.aosp.permission.INTERACT_ACROSS_USERS_FULL or com.amazon.permission.INTERACT_ACROSS_USERS_FULL for package com.amazon.device.lowstoragemanager
05-03 12:55:59.523   528   565 W AmazonProtectionLevel: Using stock call, please migrate to new permissions amazon.aosp.permission.INTERACT_ACROSS_USERS_FULL or com.amazon.permission.INTERACT_ACROSS_USERS_FULL for package com.amazon.katoch
05-03 12:55:59.932   528   553 W AmazonProfileService: Active profile for the package xxx not present for customer Id xxx
05-03 12:55:59.953   363 20509 I perfmonitord:ProcessRssMonitor: bluetooth@1.0-s      301   : 2416       472        2888      
05-03 12:56:00.091   528  7684 W AmazonProfileService: Active profile for the package xxx not present for customer Id xxx
05-03 12:56:00.103   528  7684 W AmazonProfileService: Active profile for the package xxx not present for customer Id xxx
05-03 12:56:00.107   528   701 W AmazonProfileService: Active profile for the package xxx not present for customer Id xxx
05-03 12:56:00.137   528   565 I ActivityManager: Force stopping com.xandeflix.app appid=10213 user=0: pkg removed
05-03 12:56:00.149   528  5058 I AmazonProfileService: Event is not filtered because it is not in filter key list.
05-03 12:56:00.200   528   547 W ActivityManager: Slow operation: 66ms so far, now at startProcess: done updating battery stats
05-03 12:56:00.200   528   547 W ActivityManager: Slow operation: 66ms so far, now at startProcess: building log message
05-03 12:56:00.200   528   547 I ActivityManager: Start proc 20803:com.android.defcontainer/u0a18 for service com.android.defcontainer/.DefaultContainerService
05-03 12:56:00.200   528   547 W ActivityManager: Slow operation: 66ms so far, now at startProcess: starting to update pids map
05-03 12:56:00.200   528   547 W ActivityManager: Slow operation: 66ms so far, now at startProcess: done updating pids map
05-03 12:56:00.247   528  3610 W BroadcastQueue: Background execution not allowed: receiving Intent { act=android.intent.action.PACKAGE_REMOVED (has data) flg=0x4000010 (has extras) } to com.amazon.venezia/com.amazon.juggler.settings.AppEventReceiver
05-03 12:56:00.251   528   545 W BroadcastQueue: Background execution not allowed: receiving Intent { act=android.intent.action.PACKAGE_REMOVED (has data) flg=0x4000010 (has extras) } to com.amazon.adep/.analyzers.PackageEventReceiver
05-03 12:56:00.251   528   545 W BroadcastQueue: Background execution not allowed: receiving Intent { act=android.intent.action.PACKAGE_REMOVED (has data) flg=0x4000010 (has extras) } to com.amazon.alexa.externalmediaplayer.fireos/com.amazon.alexa.externalmediaplayeragent.receivers.AgentServiceProxyingBroadcastReceiver
05-03 12:56:00.296   528   547 W ActivityManager: Slow operation: 81ms so far, now at startProcess: returned from zygote!
05-03 12:56:00.303   528  4756 W BroadcastQueue: Background execution not allowed: receiving Intent { act=android.intent.action.PACKAGE_REMOVED (has data) flg=0x4000010 (has extras) } to com.amazon.identity.auth.device.authorization/.appsync.PackageChangedReceiver
05-03 12:56:00.306   528   547 W ActivityManager: Slow operation: 90ms so far, now at startProcess: done updating battery stats
05-03 12:56:00.306   528   547 W ActivityManager: Slow operation: 90ms so far, now at startProcess: building log message
05-03 12:56:00.306   528   547 I ActivityManager: Start proc 20816:com.android.keychain/1000 for service com.android.keychain/.KeyChainService
05-03 12:56:00.306   528   547 W ActivityManager: Slow operation: 91ms so far, now at startProcess: starting to update pids map
05-03 12:56:00.306   528   547 W ActivityManager: Slow operation: 91ms so far, now at startProcess: done updating pids map
05-03 12:56:00.307   528   545 W BroadcastQueue: Background execution not allowed: receiving Intent { act=android.intent.action.PACKAGE_REMOVED (has data) flg=0x4000010 (has extras) } to com.amazon.vizzini/com.amazon.alexa.androidapplicationagent.receivers.CommonServiceProxyingBroadcastReceiver
05-03 12:56:00.312   528   781 E TaskPersister: File error accessing recents directory (directory doesn't exist?).
05-03 12:56:00.380   528   528 W Looper  : Slow dispatch took 164ms main h=android.app.ActivityThread$H c=android.app.-$$Lambda$LoadedApk$ReceiverDispatcher$Args$_BumDX2UKsnxLVrE6UJsJZkotuA@fb1fb18 m=0
05-03 12:56:00.381   528   528 W Looper  : Slow delivery took 224ms main h=android.app.ActivityThread$H c=android.app.-$$Lambda$LoadedApk$ReceiverDispatcher$Args$_BumDX2UKsnxLVrE6UJsJZkotuA@5d96971 m=0
05-03 12:56:00.402   528   528 I ConditionProviders: Disallowing condition provider com.xandeflix.app
05-03 12:56:00.403   528   528 I AmazonInputSwitchService: Received package deletion event for com.xandeflix.app
05-03 12:56:00.420   528   528 W ContextImpl: Calling a method in the system process without a qualified user: android.app.ContextImpl.sendBroadcast:1064 com.amazon.android.service.pm.AmazonPackageManagerService$PackageInstalledOrRemovedReceiver.onReceive:109 android.app.LoadedApk$ReceiverDispatcher$Args.lambda$getRunnable$0:1422 android.app.-$$Lambda$LoadedApk$ReceiverDispatcher$Args$_BumDX2UKsnxLVrE6UJsJZkotuA.run:2 android.os.Handler.handleCallback:873 
05-03 12:56:00.505   528   553 W AmazonProfileService: Active profile for the package xxx not present for customer Id xxx
05-03 12:56:00.612   528   528 W Looper  : Drained
05-03 12:56:00.704   528   544 W TextServicesManagerService: no available spell checker services found
05-03 12:56:00.809   528   544 E EspressoShotCallback: android.content.pm.PackageManager$NameNotFoundException: com.xandeflix.app
05-03 12:56:00.883   528   547 I ActivityManager: Start proc 20846:com.amazon.alexa.datastore.app/u0a67 for broadcast com.amazon.alexa.datastore.app/com.amazon.datastore.receivers.PackageOperationsReceiver
05-03 12:56:00.954   363 20509 I perfmonitord:ProcessRssMonitor: servicemanager       217   : 2460       412        2872      
05-03 12:56:01.067   528   547 I ActivityManager: Start proc 20865:com.amazon.cloud9/u0a79 for broadcast com.amazon.cloud9/org.chromium.chrome.browser.browserservices.InstalledWebappBroadcastReceiver
05-03 12:56:01.118   363   363 I perfmonitord:StatUtil: CPUUtilization crossed 95%. Current - 96%
05-03 12:56:01.429   528   660 W HdmiCecController: Failed to send <Give Device Power Status> 40:8F with errorCode=1
05-03 12:56:01.573   528   547 I ActivityManager: Start proc 20902:com.android.providers.tv/u0a54 for broadcast com.android.providers.tv/.PackageRemovedReceiver
05-03 12:56:01.609   528   528 I NotificationService: Cannot find enqueued record for key: 0|com.amazon.tv.launcher|10000|null|10151
05-03 12:56:01.705   528   547 I ActivityManager: Start proc 20920:com.android.providers.downloads/u0a30 for broadcast com.android.providers.downloads/.DownloadReceiver
05-03 12:56:01.854   528   547 I ActivityManager: Start proc 20940:com.amazon.alexa.externalmediaplayer.fireos/u0a69 for broadcast com.amazon.alexa.externalmediaplayer.fireos/com.amazon.alexa.externalmediaplayeragent.receivers.PackageUpdatedBroadcastReceiver
05-03 12:56:01.954   363 20509 I perfmonitord:ProcessRssMonitor: hdmi@1.1-servic      402   : 2336       524        2860      
05-03 12:56:02.121   363   363 I perfmonitord:StatUtil: CPUUtilization now below 95%. Usage - 65%. Total milliseconds above threshold - 1000
05-03 12:56:02.355   528   547 I ActivityManager: Start proc 20984:com.amazon.alexamediaplayer.runtime.ftv:smbs/u0a71 for service com.amazon.alexamediaplayer.runtime.ftv/com.amazon.spotify.mediabrowserservice.SpotifyMediaBrowserService
05-03 12:56:02.496 20984 20984 E LoadedApk: Unable to instantiate appComponentFactory
05-03 12:56:02.496 20984 20984 E LoadedApk: java.lang.ClassNotFoundException: Didn't find class "com.amazon.alexamediaplayer.runtime.ftv.androidx" on path: DexPathList[[zip file "/system/framework/org.apache.http.legacy.boot.jar", zip file "/system/priv-app/MetricsApi/MetricsApi.apk", zip file "/system/priv-app/MinervaApi/MinervaApi.apk", zip file "/system/framework/FireOSPhoenixSDKNeoJavaServiceApi.jar", zip file "/system/framework/com.amazon.identity.auth.device.jar", zip file "/data/app/com.amazon.alexamediaplayer.runtime.ftv-IzUL-dx5kfM1jE2_JKmLTg==/base.apk"],nativeLibraryDirectories=[/data/app/com.amazon.alexamediaplayer.runtime.ftv-IzUL-dx5kfM1jE2_JKmLTg==/lib/arm, /data/app/com.amazon.alexamediaplayer.runtime.ftv-IzUL-dx5kfM1jE2_JKmLTg==/base.apk!/lib/armeabi-v7a, /system/lib]]
05-03 12:56:02.496 20984 20984 E LoadedApk: 	at dalvik.system.BaseDexClassLoader.findClass(BaseDexClassLoader.java:134)
05-03 12:56:02.496 20984 20984 E LoadedApk: 	at java.lang.ClassLoader.loadClass(ClassLoader.java:379)
05-03 12:56:02.496 20984 20984 E LoadedApk: 	at java.lang.ClassLoader.loadClass(ClassLoader.java:312)
05-03 12:56:02.496 20984 20984 E LoadedApk: 	at android.app.LoadedApk.createAppFactory(LoadedApk.java:244)
05-03 12:56:02.496 20984 20984 E LoadedApk: 	at android.app.LoadedApk.createOrUpdateClassLoaderLocked(LoadedApk.java:749)
05-03 12:56:02.496 20984 20984 E LoadedApk: 	at android.app.LoadedApk.getClassLoader(LoadedApk.java:828)
05-03 12:56:02.496 20984 20984 E LoadedApk: 	at android.app.LoadedApk.getResources(LoadedApk.java:1062)
05-03 12:56:02.496 20984 20984 E LoadedApk: 	at android.app.ContextImpl.createAppContext(ContextImpl.java:2397)
05-03 12:56:02.496 20984 20984 E LoadedApk: 	at android.app.ActivityThread.handleBindApplication(ActivityThread.java:5842)
05-03 12:56:02.496 20984 20984 E LoadedApk: 	at android.app.ActivityThread.access$1200(ActivityThread.java:208)
05-03 12:56:02.496 20984 20984 E LoadedApk: 	at android.app.ActivityThread$H.handleMessage(ActivityThread.java:1674)
05-03 12:56:02.496 20984 20984 E LoadedApk: 	at android.os.Handler.dispatchMessage(Handler.java:106)
05-03 12:56:02.496 20984 20984 E LoadedApk: 	at android.os.Looper.loop(Looper.java:211)
05-03 12:56:02.496 20984 20984 E LoadedApk: 	at android.app.ActivityThread.main(ActivityThread.java:6777)
05-03 12:56:02.496 20984 20984 E LoadedApk: 	at java.lang.reflect.Method.invoke(Native Method)
05-03 12:56:02.496 20984 20984 E LoadedApk: 	at com.android.internal.os.RuntimeInit$MethodAndArgsCaller.run(RuntimeInit.java:493)
05-03 12:56:02.496 20984 20984 E LoadedApk: 	at com.android.internal.os.ZygoteInit.main(ZygoteInit.java:858)
05-03 12:56:02.955   363 20509 I perfmonitord:ProcessRssMonitor: allocator@1.0-s      300   : 2372       480        2852      
05-03 12:56:03.123   363   363 I perfmonitord:StatUtil: CPUUtilization crossed 95%. Current - 96%
05-03 12:56:03.429   528   660 W HdmiCecController: Failed to send <Give Device Power Status> 40:8F with errorCode=1
05-03 12:56:03.955   363 20509 I perfmonitord:ProcessRssMonitor: keymanage@1.0-s      341   : 2244       588        2832      
05-03 12:56:04.844   528  1766 I CrashReporterActivityManagerCallback: CPU cores online info: 1111
05-03 12:56:04.855   528 21051 I CrashReporterActivityManagerCallback: addErrorToDropBox inserted hashcode=56b2c146c071aad456ed9081fa57b3f96757053d for eventType wtf.
05-03 12:56:04.906   528   545 W BroadcastQueue: Permission Denial: receiving Intent { act=android.intent.action.DROPBOX_ENTRY_ADDED flg=0x10 (has extras) } to ProcessRecord{ed30046 20651:com.amazon.aca/u0a66} (pid=20651, uid=10066) requires android.permission.READ_LOGS due to sender android (uid 1000)
05-03 12:56:04.956   363 20509 I perfmonitord:ProcessRssMonitor: drm@1.0-service      306   : 1768       1056       2824      
05-03 12:56:05.127   363   363 I perfmonitord:StatUtil: CPUUtilization now below 95%. Usage - 50%. Total milliseconds above threshold - 2000
05-03 12:56:05.244   528   528 E AmazonHdmiService: OneTouchPlay: failed, timeout :Result:1
05-03 12:56:05.956   363 20509 I perfmonitord:ProcessRssMonitor: idme@1.1-servic      339   : 2224       588        2812      
05-03 12:56:06.425   528   613 W ActivityManager: Background start not allowed: service Intent { act=com.android.providers.tv.intent.CLEAN_UP_EPG_DATA flg=0x4 cmp=com.android.providers.tv/.EpgDataCleanupService (has extras) } to com.android.providers.tv/.EpgDataCleanupService from pid=-1 uid=10054 pkg=com.android.providers.tv startFg?=false
05-03 12:56:06.956   363 20509 I perfmonitord:ProcessRssMonitor: health@2.0-serv      313   : 2388       424        2812      
05-03 12:56:07.211   528   528 W Looper  : Slow dispatch took 144ms main h=android.app.ActivityThread$H c=android.app.-$$Lambda$LoadedApk$ReceiverDispatcher$Args$_BumDX2UKsnxLVrE6UJsJZkotuA@344e8ff m=0
05-03 12:56:07.212   528   528 I AmazonInputSwitchService: Received package installation event for com.amazon.ceviche
05-03 12:56:07.265   528   528 W Looper  : Slow delivery took 203ms main h=com.android.server.tv.TvRemoteService$UserHandler c=android.app.-$$Lambda$LoadedApk$ReceiverDispatcher$Args$_BumDX2UKsnxLVrE6UJsJZkotuA@357bc0b m=0
05-03 12:56:07.324   528   544 W VoiceInteractionManagerService: no available voice interaction services found for user 0
05-03 12:56:07.926   528   528 W Looper  : Drained
05-03 12:56:07.956   363 20509 I perfmonitord:ProcessRssMonitor: usb@1.1-service      316   : 2184       592        2776      
05-03 12:56:08.956   363 20509 I perfmonitord:ProcessRssMonitor: configstore@1.1      304   : 2288       488        2776      
05-03 12:56:09.957   363 20509 I perfmonitord:ProcessRssMonitor: gatekeeperd          404   : 1936       784        2720      
05-03 12:56:10.957   363 20509 I perfmonitord:ProcessRssMonitor: gatekeeper@1.0-      310   : 2132       576        2708      
05-03 12:56:11.957   363 20509 I perfmonitord:ProcessRssMonitor: zon.dialservice      1372  : 2076       624        2700      
05-03 12:56:12.957   363 20509 I perfmonitord:ProcessRssMonitor: mediametrics@1.      340   : 2140       540        2680      
05-03 12:56:13.957   363 20509 I perfmonitord:ProcessRssMonitor: drmprov@1.0-ser      335   : 2088       592        2680      
05-03 12:56:14.958   363 20509 I perfmonitord:ProcessRssMonitor: neo-service-coo      284   : 2196       468        2664      
05-03 12:56:15.958   363 20509 I perfmonitord:ProcessRssMonitor: networkpower@1.      327   : 2124       536        2660      
05-03 12:56:16.958   363 20509 I perfmonitord:ProcessRssMonitor: integrity_logge      408   : 2264       380        2644      
05-03 12:56:17.958   363 20509 I perfmonitord:ProcessRssMonitor: securetime           401   : 2232       388        2620      
05-03 12:56:18.958   363 20509 I perfmonitord:ProcessRssMonitor: kisd                 264   : 2144       460        2604      
05-03 12:56:19.959   363 20509 I perfmonitord:ProcessRssMonitor: provider@2.4-ex      302   : 1572       1024       2596      
05-03 12:56:20.959   363 20509 I perfmonitord:ProcessRssMonitor: logcat               3756  : 2256       324        2580      
05-03 12:56:21.959   363 20509 I perfmonitord:ProcessRssMonitor: vndservicemanag      219   : 2036       540        2576      
05-03 12:56:22.959   363 20509 I perfmonitord:ProcessRssMonitor: installer            13446 : 2156       392        2548      
05-03 12:56:23.959   363 20509 I perfmonitord:ProcessRssMonitor: ip6tables-resto      296   : 2204       288        2492      
05-03 12:56:24.959   363 20509 I perfmonitord:ProcessRssMonitor: iptables-restor      295   : 2184       288        2472      
05-03 12:56:25.960   363 20509 I perfmonitord:ProcessRssMonitor: process-tracker      8624  : 2216       240        2456      
05-03 12:56:26.960   363 20509 I perfmonitord:ProcessRssMonitor: tombstoned           411   : 2080       376        2456      
05-03 12:56:27.960   363 20509 I perfmonitord:ProcessRssMonitor: sh                   13444 : 1988       436        2424      
05-03 12:56:28.960   363 20509 I perfmonitord:ProcessRssMonitor: rpmb_svc             416   : 1976       432        2408      
05-03 12:56:29.906   381   487 E storaged: getDiskStats failed with result NOT_SUPPORTED and size 0
05-03 12:56:29.960   363 20509 I perfmonitord:ProcessRssMonitor: leakrecoveryd        358   : 1768       568        2336      
05-03 12:56:30.961   363 20509 I perfmonitord:ProcessRssMonitor: lmkd                 216   : 2148       0          2148      
05-03 12:56:31.961   363 20509 I perfmonitord:ProcessRssMonitor: init                 1     : 860        964        1824      
05-03 12:56:32.961   363 20509 I perfmonitord:ProcessRssMonitor: init                 191   : 88         808        896       
05-03 12:56:33.962   363 20509 I perfmonitord:ProcessRssMonitor: adbd                 8320  : 532        312        844       
05-03 12:56:34.962   363 20509 I perfmonitord:ProcessRssMonitor: ueventd              194   : 88         624        712       
05-03 12:56:35.962   363 20509 I perfmonitord:ProcessRssMonitor: init                 192   : 84         312        396       
05-03 12:56:36.962   363 20509 I perfmonitord:ProcessRssMonitor: watchdogd            343   : 136        128        264       
05-03 12:56:50.083   528  1766 W ActivityManager: Invalid packageName: com.xandeflix.app
05-03 12:56:52.229   528   565 W AmazonProtectionLevel: Using stock call, please migrate to new permissions amazon.aosp.permission.INTERACT_ACROSS_USERS_FULL or com.amazon.permission.INTERACT_ACROSS_USERS_FULL for package com.amazon.alexamediaplayer.runtime.ftv
05-03 12:56:52.237   528   565 W AmazonProtectionLevel: Using stock call, please migrate to new permissions amazon.aosp.permission.INTERACT_ACROSS_USERS_FULL or com.amazon.permission.INTERACT_ACROSS_USERS_FULL for package com.amazon.tv.turnstile
05-03 12:56:52.241   528   565 W AmazonProtectionLevel: Using stock call, please migrate to new permissions amazon.aosp.permission.INTERACT_ACROSS_USERS_FULL or com.amazon.permission.INTERACT_ACROSS_USERS_FULL for package com.amazon.tigris
05-03 12:56:52.249   528   565 W AmazonProtectionLevel: Using stock call, please migrate to new permissions amazon.aosp.permission.INTERACT_ACROSS_USERS_FULL or com.amazon.permission.INTERACT_ACROSS_USERS_FULL for package com.amazon.tv.consents
05-03 12:56:52.250   528   565 W AmazonProtectionLevel: Using stock call, please migrate to new permissions amazon.aosp.permission.INTERACT_ACROSS_USERS_FULL or com.amazon.permission.INTERACT_ACROSS_USERS_FULL for package com.amazon.venezia
05-03 12:56:52.257   528   565 W AmazonProtectionLevel: Using stock call, please migrate to new permissions amazon.aosp.permission.INTERACT_ACROSS_USERS_FULL or com.amazon.permission.INTERACT_ACROSS_USERS_FULL for package com.amazon.ftv.xpicker
05-03 12:56:52.260   528   565 W AmazonProtectionLevel: Using stock call, please migrate to new permissions amazon.aosp.permission.INTERACT_ACROSS_USERS_FULL or com.amazon.permission.INTERACT_ACROSS_USERS_FULL for package com.amazon.vizzini
05-03 12:56:52.270   528   565 W AmazonProtectionLevel: Using stock call, please migrate to new permissions amazon.aosp.permission.INTERACT_ACROSS_USERS_FULL or com.amazon.permission.INTERACT_ACROSS_USERS_FULL for package com.amazon.bueller.photos
05-03 12:56:52.276   528   565 W AmazonProtectionLevel: Using stock call, please migrate to new permissions amazon.aosp.permission.INTERACT_ACROSS_USERS_FULL or com.amazon.permission.INTERACT_ACROSS_USERS_FULL for package com.amazon.dpcclient
05-03 12:56:52.282   528   565 W AmazonProtectionLevel: Using stock call, please migrate to new permissions amazon.aosp.permission.INTERACT_ACROSS_USERS_FULL or com.amazon.permission.INTERACT_ACROSS_USERS_FULL for package com.amazon.alta.h2clientservice
05-03 12:56:52.288   528   565 W AmazonProtectionLevel: Using stock call, please migrate to new permissions amazon.aosp.permission.INTERACT_ACROSS_USERS_FULL or com.amazon.permission.INTERACT_ACROSS_USERS_FULL for package com.amazon.ftv.screensaver
05-03 12:56:52.292   528   565 W AmazonProtectionLevel: Using stock call, please migrate to new permissions amazon.aosp.permission.INTERACT_ACROSS_USERS_FULL or com.amazon.permission.INTERACT_ACROSS_USERS_FULL for package com.amazon.ods.kindleconnect
05-03 12:56:52.296   528   565 W AmazonProtectionLevel: Using stock call, please migrate to new permissions amazon.aosp.permission.INTERACT_ACROSS_USERS_FULL or com.amazon.permission.INTERACT_ACROSS_USERS_FULL for package com.amazon.sharingservice.android.client.proxy
05-03 12:56:52.300   528   565 W AmazonProtectionLevel: Using stock call, please migrate to new permissions amazon.aosp.permission.INTERACT_ACROSS_USERS_FULL or com.amazon.permission.INTERACT_ACROSS_USERS_FULL for package com.amazon.prism.android.service
05-03 12:56:52.303   528   565 W AmazonProtectionLevel: Using stock call, please migrate to new permissions amazon.aosp.permission.INTERACT_ACROSS_USERS_FULL or com.amazon.permission.INTERACT_ACROSS_USERS_FULL for package com.amazon.dialservice
05-03 12:56:52.304   528   565 W AmazonProtectionLevel: Using stock call, please migrate to new permissions amazon.aosp.permission.INTERACT_ACROSS_USERS_FULL or com.amazon.permission.INTERACT_ACROSS_USERS_FULL for package com.amazon.client.metrics.api
05-03 12:56:52.308   528   565 W AmazonProtectionLevel: Using stock call, please migrate to new permissions amazon.aosp.permission.INTERACT_ACROSS_USERS_FULL or com.amazon.permission.INTERACT_ACROSS_USERS_FULL for package com.amazon.ale
05-03 12:56:52.310   528   565 W AmazonProtectionLevel: Using stock call, please migrate to new permissions amazon.aosp.permission.INTERACT_ACROSS_USERS_FULL or com.amazon.permission.INTERACT_ACROSS_USERS_FULL for package com.amazon.dcp
05-03 12:56:52.311   528   565 W AmazonProtectionLevel: Using stock call, please migrate to new permissions amazon.aosp.permission.INTERACT_ACROSS_USERS_FULL or com.amazon.permission.INTERACT_ACROSS_USERS_FULL for package com.amazon.imp
05-03 12:56:52.319   528   565 W AmazonProtectionLevel: Using stock call, please migrate to new permissions amazon.aosp.permission.INTERACT_ACROSS_USERS_FULL or com.amazon.permission.INTERACT_ACROSS_USERS_FULL for package com.amazon.tv.settings.v2
05-03 12:56:52.329   528   565 W AmazonProtectionLevel: Using stock call, please migrate to new permissions amazon.aosp.permission.INTERACT_ACROSS_USERS_FULL or com.amazon.permission.INTERACT_ACROSS_USERS_FULL for package com.amazon.tv.csapp
05-03 12:56:52.333   528   565 W AmazonProtectionLevel: Using stock call, please migrate to new permissions amazon.aosp.permission.INTERACT_ACROSS_USERS_FULL or com.amazon.permission.INTERACT_ACROSS_USERS_FULL for package com.amazon.diode
05-03 12:56:52.335   528   565 W AmazonProtectionLevel: Using stock call, please migrate to new permissions amazon.aosp.permission.INTERACT_ACROSS_USERS_FULL or com.amazon.permission.INTERACT_ACROSS_USERS_FULL for package com.amazon.logan
05-03 12:56:52.340   528   565 W AmazonProtectionLevel: Using stock call, please migrate to new permissions amazon.aosp.permission.INTERACT_ACROSS_USERS_FULL or com.amazon.permission.INTERACT_ACROSS_USERS_FULL for package com.amazon.tahoe
05-03 12:56:52.344   528   565 W AmazonProtectionLevel: Using stock call, please migrate to new permissions amazon.aosp.permission.INTERACT_ACROSS_USERS_FULL or com.amazon.permission.INTERACT_ACROSS_USERS_FULL for package com.amazon.tcomm
05-03 12:56:52.360   528   565 W AmazonProtectionLevel: Using stock call, please migrate to new permissions amazon.aosp.permission.INTERACT_ACROSS_USERS_FULL or com.amazon.permission.INTERACT_ACROSS_USERS_FULL for package com.amazon.device.messaging
05-03 12:56:52.365   528   565 W AmazonProtectionLevel: Using stock call, please migrate to new permissions amazon.aosp.permission.INTERACT_ACROSS_USERS_FULL or com.amazon.permission.INTERACT_ACROSS_USERS_FULL for package com.amazon.ftv.profilepicker
05-03 12:56:52.368   528   565 W AmazonProtectionLevel: Using stock call, please migrate to new permissions amazon.aosp.permission.INTERACT_ACROSS_USERS_FULL or com.amazon.permission.INTERACT_ACROSS_USERS_FULL for package com.amazon.tv.devicecontrol
05-03 12:56:52.382   528   565 W AmazonProtectionLevel: Using stock call, please migrate to new permissions amazon.aosp.permission.INTERACT_ACROSS_USERS_FULL or com.amazon.permission.INTERACT_ACROSS_USERS_FULL for package com.amazon.client.metrics
05-03 12:56:52.388   528   565 W AmazonProtectionLevel: Using stock call, please migrate to new permissions amazon.aosp.permission.INTERACT_ACROSS_USERS_FULL or com.amazon.permission.INTERACT_ACROSS_USERS_FULL for package com.amazon.device.software.ota
05-03 12:56:52.393   528   565 W AmazonProtectionLevel: Using stock call, please migrate to new permissions amazon.aosp.permission.INTERACT_ACROSS_USERS_FULL or com.amazon.permission.INTERACT_ACROSS_USERS_FULL for package com.amazon.wifilocker
05-03 12:56:52.396   528   565 W AmazonProtectionLevel: Using stock call, please migrate to new permissions amazon.aosp.permission.INTERACT_ACROSS_USERS_FULL or com.amazon.permission.INTERACT_ACROSS_USERS_FULL for package com.amazon.whisperlink.core.android
05-03 12:56:52.419   528   565 W AmazonProtectionLevel: Using stock call, please migrate to new permissions amazon.aosp.permission.INTERACT_ACROSS_USERS_FULL or com.amazon.permission.INTERACT_ACROSS_USERS_FULL for package com.amazon.firebat
05-03 12:56:52.424   528   565 W AmazonProtectionLevel: Using stock call, please migrate to new permissions amazon.aosp.permission.INTERACT_ACROSS_USERS_FULL or com.amazon.permission.INTERACT_ACROSS_USERS_FULL for package com.amazon.providers.contentsupport
05-03 12:56:52.426   528   565 W AmazonProtectionLevel: Using stock call, please migrate to new permissions amazon.aosp.permission.INTERACT_ACROSS_USERS_FULL or com.amazon.permission.INTERACT_ACROSS_USERS_FULL for package com.amazon.device.crashmanager
05-03 12:56:52.429   528   565 W AmazonProtectionLevel: Using stock call, please migrate to new permissions amazon.aosp.permission.INTERACT_ACROSS_USERS_FULL or com.amazon.permission.INTERACT_ACROSS_USERS_FULL for package com.amazon.whisperplay.service.install
05-03 12:56:52.432   528   565 W AmazonProtectionLevel: Using stock call, please migrate to new permissions amazon.aosp.permission.INTERACT_ACROSS_USERS_FULL or com.amazon.permission.INTERACT_ACROSS_USERS_FULL for package com.amazon.tv.launcher
05-03 12:56:52.443   528   565 W AmazonProtectionLevel: Using stock call, please migrate to new permissions amazon.aosp.permission.INTERACT_ACROSS_USERS_FULL or com.amazon.permission.INTERACT_ACROSS_USERS_FULL for package com.amazon.device.software.ota.override
05-03 12:56:52.451   528   565 W AmazonProtectionLevel: Using stock call, please migrate to new permissions amazon.aosp.permission.INTERACT_ACROSS_USERS_FULL or com.amazon.permission.INTERACT_ACROSS_USERS_FULL for package com.amazon.communication.discovery
05-03 12:56:52.469   528   565 W AmazonProtectionLevel: Using stock call, please migrate to new permissions amazon.aosp.permission.INTERACT_ACROSS_USERS_FULL or com.amazon.permission.INTERACT_ACROSS_USERS_FULL for package com.amazon.device.lowstoragemanager
05-03 12:56:52.476   528   565 W AmazonProtectionLevel: Using stock call, please migrate to new permissions amazon.aosp.permission.INTERACT_ACROSS_USERS_FULL or com.amazon.permission.INTERACT_ACROSS_USERS_FULL for package com.amazon.katoch
05-03 12:56:52.640   528   565 E PackageManager: Backup Manager not found!
05-03 12:56:52.651   528   565 W CleanUpDalvikCache: null object found, returning
05-03 12:56:52.677   528   565 I com.android.server.pm.ExternalInstallPackageManagerCallback: Installation succeeded for app com.xandeflix.app on internal storage. Return code:1
05-03 12:56:52.699   528   545 W BroadcastQueue: Background execution not allowed: receiving Intent { act=android.intent.action.PACKAGE_ADDED (has data) flg=0x4000010 (has extras) } to com.amazon.sync.service/com.amazon.sync.framework.receivers.ApplicationChangedReceiver
05-03 12:56:52.703   528   545 W BroadcastQueue: Background execution not allowed: receiving Intent { act=android.intent.action.PACKAGE_ADDED (has data) flg=0x4000010 (has extras) } to com.amazon.venezia/com.amazon.juggler.settings.AppEventReceiver
05-03 12:56:52.703   528   545 W BroadcastQueue: Background execution not allowed: receiving Intent { act=android.intent.action.PACKAGE_ADDED (has data) flg=0x4000010 (has extras) } to com.amazon.adep/.nimh.device.management.PackageStatusReceiver
05-03 12:56:52.704   528   545 W BroadcastQueue: Background execution not allowed: receiving Intent { act=android.intent.action.PACKAGE_ADDED (has data) flg=0x4000010 (has extras) } to com.amazon.alexa.externalmediaplayer.fireos/com.amazon.alexa.externalmediaplayeragent.receivers.AgentServiceProxyingBroadcastReceiver
05-03 12:56:52.764   528  8913 W BroadcastQueue: Background execution not allowed: receiving Intent { act=android.intent.action.PACKAGE_ADDED (has data) flg=0x4000010 (has extras) } to com.amazon.identity.auth.device.authorization/.appsync.PackageChangedReceiver
05-03 12:56:52.771   528   545 W BroadcastQueue: Background execution not allowed: receiving Intent { act=android.intent.action.PACKAGE_ADDED (has data) flg=0x4000010 (has extras) } to com.amazon.vizzini/com.amazon.alexa.androidapplicationagent.receivers.CommonServiceProxyingBroadcastReceiver
05-03 12:56:52.772   528   545 W BroadcastQueue: Background execution not allowed: receiving Intent { act=android.intent.action.PACKAGE_ADDED (has data) flg=0x4000010 (has extras) } to com.amazon.vizzini/amazon.speech.simclient.endpointstate.defaultvalue.DefaultStateTrigger
05-03 12:56:52.780   528   528 I AmazonInputSwitchService: Received package installation event for com.xandeflix.app
05-03 12:56:52.791   528   528 W ContextImpl: Calling a method in the system process without a qualified user: android.app.ContextImpl.sendBroadcast:1064 com.amazon.android.service.pm.AmazonPackageManagerService$PackageInstalledOrRemovedReceiver.onReceive:103 android.app.LoadedApk$ReceiverDispatcher$Args.lambda$getRunnable$0:1422 android.app.-$$Lambda$LoadedApk$ReceiverDispatcher$Args$_BumDX2UKsnxLVrE6UJsJZkotuA.run:2 android.os.Handler.handleCallback:873 
05-03 12:56:52.794   528  3610 I ActivityManager: Force stopping com.xandeflix.app appid=10214 user=0: from pid 21090
05-03 12:56:52.875   528  5058 W BroadcastQueue: Background execution not allowed: receiving Intent { act=android.intent.action.PACKAGE_ADDED (has data) flg=0x4000010 (has extras) } to com.svox.pico/.VoiceDataInstallerReceiver
05-03 12:56:52.917   528   544 W TextServicesManagerService: no available spell checker services found
05-03 12:56:53.034   528   544 W VoiceInteractionManagerService: no available voice recognition services found for user 0
05-03 12:56:53.245   528  1766 I ActivityManager: START u0 {act=android.intent.action.MAIN cat=[android.intent.category.LAUNCHER] flg=0x10000000 cmp=com.xandeflix.app/.MainActivity} from uid 2000
05-03 12:56:53.263   528  1766 I AmazonProfileService: shouldAbortActivityStart() Package: xxx activity: xxx
05-03 12:56:53.269   528  1766 I AmazonProfileService: shouldAbortActivityStart() not aborted
05-03 12:56:53.407   528   546 W Looper  : Slow dispatch took 164ms android.ui h=com.android.server.am.ActivityManagerService$UiHandler c=null m=53
05-03 12:56:53.532   528   547 W ActivityManager: Slow operation: 69ms so far, now at startProcess: returned from zygote!
05-03 12:56:53.533   528   547 W ActivityManager: Slow operation: 71ms so far, now at startProcess: done updating battery stats
05-03 12:56:53.533   528   547 W ActivityManager: Slow operation: 71ms so far, now at startProcess: building log message
05-03 12:56:53.533   528   547 I ActivityManager: Start proc 21108:com.xandeflix.app/u0a214 for activity com.xandeflix.app/.MainActivity
05-03 12:56:53.533   528   547 W ActivityManager: Slow operation: 71ms so far, now at startProcess: starting to update pids map
05-03 12:56:53.533   528   547 W ActivityManager: Slow operation: 71ms so far, now at startProcess: done updating pids map
05-03 12:56:53.984   528  8928 W AmazonProfileService: Active profile for the package xxx not present for customer Id xxx
05-03 12:56:53.988   528  8928 W AmazonProfileService: Active profile for the package xxx not present for customer Id xxx
05-03 12:56:54.007   528   553 I AmazonProfileService: Sending broadcast as the package is a non-enabled app
05-03 12:56:54.045   528   701 W AmazonProfileService: Active profile for the package xxx not present for customer Id xxx
05-03 12:56:54.239   363   363 I perfmonitord:StatUtil: CPUUtilization crossed 95%. Current - 95%
05-03 12:56:55.242   363   363 I perfmonitord:StatUtil: CPUUtilization now below 95%. Usage - 91%. Total milliseconds above threshold - 1000
05-03 12:56:55.820   528   547 I ActivityManager: Start proc 21153:com.amazon.webview.chromium:webview_service/u0a195 for service com.amazon.webview.chromium/org.chromium.android_webview.services.VariationsSeedServer
05-03 12:56:55.841   528   547 I ActivityManager: Start proc 21164:com.amazon.webview.chromium:AWVArcusServiceProcess/u0a195 for service com.amazon.webview.chromium/com.amazon.webview.awvdeploymentservice.service.AWVArcusService
05-03 12:56:55.860   528   547 I ActivityManager: Start proc 21177:com.amazon.webview.chromium/u0a195 for content provider com.amazon.webview.chromium/com.amazon.webview.awvdeploymentservice.service.AWVArcusContentProvider
05-03 12:56:56.156   528   547 I ActivityManager: Start proc 21202:com.amazon.webview.chromium:sandboxed_process0/u0i4 for webview_service com.xandeflix.app/org.chromium.content.app.SandboxedProcessService0
05-03 12:56:56.946   528   781 E TaskPersister: File error accessing recents directory (directory doesn't exist?).
05-03 12:56:57.224   528  1620 E WindowManager: App trying to use insecure INPUT_FEATURE_NO_INPUT_CHANNEL flag. Ignoring
05-03 12:56:57.256   528  1620 I AmazonProfileService: Event is not filtered because it is not in filter key list.
05-03 12:56:57.810   528   553 W AmazonProfileService: Active profile for the package xxx not present for customer Id xxx
05-03 12:56:59.017   528  1620 I ActivityManager: Process com.amazon.aca (pid 20651) has died: cch+3CEM 
05-03 12:56:59.107   528  1620 I ActivityManager: Process com.amazon.cloud9 (pid 20865) has died: cch+3CEM 
05-03 12:56:59.116   528  7684 E AmazonHdmiService: Settings client binder died.
05-03 12:56:59.127   528  3610 I ActivityManager: Process com.amazon.tv.devicecontrol (pid 20460) has died: cch+3CEM 
05-03 12:56:59.231   528  3610 I ActivityManager: Process com.android.keychain (pid 20816) has died: cch+3CEM 
05-03 12:56:59.328   528  3610 I ActivityManager: Process com.android.providers.tv (pid 20902) has died: cch+3CEM 
05-03 12:56:59.366   528  3610 I ActivityManager: Process com.android.providers.downloads (pid 20920) has died: cch+3CEM 
05-03 12:57:00.444   528  4756 I ActivityManager: Process com.amazon.alexa.datastore.app (pid 20846) has died: cch+3CEM 
05-03 12:57:00.475   528  7129 I ActivityManager: Process com.amazon.adep (pid 20414) has died: cch+3CEM 
05-03 12:57:02.420   528   528 I NotificationService: Cannot find enqueued record for key: 0|com.amazon.alexa.externalmediaplayer.fireos|2261|null|10069
05-03 12:57:29.913   381   487 E storaged: getDiskStats failed with result NOT_SUPPORTED and size 0
05-03 12:57:38.899   528   624 I AmazonProfileService: Event is not filtered because it is not in filter key list.
05-03 12:57:39.811   528   624 I chatty  : uid=1000(system) InputReader identical 4 lines
05-03 12:57:39.930   528   624 I AmazonProfileService: Event is not filtered because it is not in filter key list.
05-03 12:57:42.374   528  2418 I ActivityManager: Process com.amazon.ceviche (pid 20594) has died: cch+3CEM 
05-03 12:57:42.420   528  8928 I ActivityManager: Process com.android.defcontainer (pid 20803) has died: cch+3CEM 
05-03 12:57:42.549   528  7129 I ActivityManager: Process com.amazon.webview.chromium:webview_service (pid 21153) has died: cch+3CEM 
05-03 12:57:42.568   528  7129 I ActivityManager: Process com.amazon.webview.chromium (pid 21177) has died: cch+3CEM 
05-03 12:57:42.680   528  2418 I ActivityManager: Process com.android.proxyhandler (pid 19471) has died: cch+1CEM 
05-03 12:57:42.692   528  7129 I ActivityManager: Process com.amazon.webview.chromium:AWVArcusServiceProcess (pid 21164) has died: cch+1CEM 
05-03 12:57:42.751   528  2418 I ActivityManager: Process com.android.packageinstaller (pid 20777) has died: cch  CEM 
05-03 12:57:42.776   528   553 W ActivityManager: setHasOverlayUi called on unknown pid: 20777
05-03 12:57:44.612   528   624 I AmazonProfileService: Event is not filtered because it is not in filter key list.
05-03 12:57:46.590   528   624 I chatty  : uid=1000(system) InputReader identical 6 lines
05-03 12:57:46.711   528   624 I AmazonProfileService: Event is not filtered because it is not in filter key list.
05-03 12:57:47.800   528   547 I ActivityManager: Start proc 21294:com.amazon.diode/u0a91 for broadcast com.amazon.diode/.events.ExternalEventReceiver
05-03 12:57:48.210   528   624 I AmazonProfileService: Event is not filtered because it is not in filter key list.
05-03 12:57:48.310   528   624 I AmazonProfileService: Event is not filtered because it is not in filter key list.
05-03 12:57:48.441   528   547 I ActivityManager: Start proc 21325:com.android.proxyhandler/u0a6 for service com.fireos.arcus.proxy/.ArcusProxy
05-03 12:57:48.610   528   624 I AmazonProfileService: Event is not filtered because it is not in filter key list.
05-03 12:57:48.770   528   624 I AmazonProfileService: Event is not filtered because it is not in filter key list.
05-03 12:57:48.965   528  8913 I ActivityManager: Process com.amazon.diode (pid 21294) has died: cch+2CEM 
05-03 12:57:49.050   528   624 I AmazonProfileService: Event is not filtered because it is not in filter key list.
05-03 12:57:51.091   528   624 I chatty  : uid=1000(system) InputReader identical 10 lines
05-03 12:57:51.252   528   624 I AmazonProfileService: Event is not filtered because it is not in filter key list.
05-03 12:57:51.306   528  8913 W BroadcastQueue: Background execution not allowed: receiving Intent { act=amazon.bluetooth.input.profile.action.BATTERY_LEVEL_UPDATE flg=0x4000010 (has extras) } to com.amazon.device.rdmapplication/.services.RemoteBatteryLevelReceiver
05-03 12:57:51.322   528  7129 W BroadcastQueue: Background execution not allowed: receiving Intent { act=amazon.bluetooth.input.profile.action.BATTERY_LEVEL_UPDATE flg=0x4000010 (has extras) } to com.amazon.device.rdmapplication/.services.RemoteBatteryLevelReceiver
05-03 12:57:51.471   528   624 I AmazonProfileService: Event is not filtered because it is not in filter key list.
05-03 12:57:59.631   528   624 I chatty  : uid=1000(system) InputReader identical 40 lines
05-03 12:57:59.791   528   624 I AmazonProfileService: Event is not filtered because it is not in filter key list.
05-03 12:58:01.011   528   624 I AmazonProfileService: Event not filtered. KPM proceeds the key
05-03 12:58:01.071   528   624 I AmazonProfileService: Event not filtered. KPM proceeds the key
05-03 12:58:01.611   528   624 I AmazonProfileService: Event is not filtered because it is not in filter key list.
05-03 12:58:02.111   528   624 I chatty  : uid=1000(system) InputReader identical 2 lines
05-03 12:58:02.291   528   624 I AmazonProfileService: Event is not filtered because it is not in filter key list.
05-03 12:58:02.308   528   545 W ActivityManager: Stopping service due to app idle: u0a69 -2m0s349ms com.amazon.alexa.externalmediaplayer.fireos/com.amazon.alexa.externalmediaplayeragent.ExternalMediaPlayerAgentService
05-03 12:58:02.354 20940 20940 E ActivityThread: Service com.amazon.alexa.externalmediaplayeragent.ExternalMediaPlayerAgentService has leaked ServiceConnection amazon.speech.simclient.context.ContextClient$1@195e228 that was originally bound here
05-03 12:58:02.354 20940 20940 E ActivityThread: android.app.ServiceConnectionLeaked: Service com.amazon.alexa.externalmediaplayeragent.ExternalMediaPlayerAgentService has leaked ServiceConnection amazon.speech.simclient.context.ContextClient$1@195e228 that was originally bound here
05-03 12:58:02.354 20940 20940 E ActivityThread: 	at android.app.LoadedApk$ServiceDispatcher.<init>(LoadedApk.java:1641)
05-03 12:58:02.354 20940 20940 E ActivityThread: 	at android.app.LoadedApk.getServiceDispatcher(LoadedApk.java:1533)
05-03 12:58:02.354 20940 20940 E ActivityThread: 	at android.app.ContextImpl.bindServiceCommon(ContextImpl.java:1703)
05-03 12:58:02.354 20940 20940 E ActivityThread: 	at android.app.ContextImpl.bindService(ContextImpl.java:1656)
05-03 12:58:02.354 20940 20940 E ActivityThread: 	at android.content.ContextWrapper.bindService(ContextWrapper.java:698)
05-03 12:58:02.354 20940 20940 E ActivityThread: 	at amazon.speech.simclient.common.ServiceConnectionManager.bindCommon(ServiceConnectionManager.java:325)
05-03 12:58:02.354 20940 20940 E ActivityThread: 	at amazon.speech.simclient.common.AsyncServiceConnectionManager$1.run(AsyncServiceConnectionManager.java:78)
05-03 12:58:02.354 20940 20940 E ActivityThread: 	at java.util.concurrent.ThreadPoolExecutor.runWorker(ThreadPoolExecutor.java:1167)
05-03 12:58:02.354 20940 20940 E ActivityThread: 	at java.util.concurrent.ThreadPoolExecutor$Worker.run(ThreadPoolExecutor.java:641)
05-03 12:58:02.354 20940 20940 E ActivityThread: 	at java.lang.Thread.run(Thread.java:764)
05-03 12:58:02.360 20940 20940 E ActivityThread: Service com.amazon.alexa.externalmediaplayeragent.ExternalMediaPlayerAgentService has leaked ServiceConnection android.media.browse.MediaBrowser$MediaServiceConnection@7eecc02 that was originally bound here
05-03 12:58:02.360 20940 20940 E ActivityThread: android.app.ServiceConnectionLeaked: Service com.amazon.alexa.externalmediaplayeragent.ExternalMediaPlayerAgentService has leaked ServiceConnection android.media.browse.MediaBrowser$MediaServiceConnection@7eecc02 that was originally bound here
05-03 12:58:02.360 20940 20940 E ActivityThread: 	at android.app.LoadedApk$ServiceDispatcher.<init>(LoadedApk.java:1641)
05-03 12:58:02.360 20940 20940 E ActivityThread: 	at android.app.LoadedApk.getServiceDispatcher(LoadedApk.java:1533)
05-03 12:58:02.360 20940 20940 E ActivityThread: 	at android.app.ContextImpl.bindServiceCommon(ContextImpl.java:1703)
05-03 12:58:02.360 20940 20940 E ActivityThread: 	at android.app.ContextImpl.bindService(ContextImpl.java:1656)
05-03 12:58:02.360 20940 20940 E ActivityThread: 	at android.content.ContextWrapper.bindService(ContextWrapper.java:698)
05-03 12:58:02.360 20940 20940 E ActivityThread: 	at android.media.browse.MediaBrowser$1.run(MediaBrowser.java:187)
05-03 12:58:02.360 20940 20940 E ActivityThread: 	at android.os.Handler.handleCallback(Handler.java:873)
05-03 12:58:02.360 20940 20940 E ActivityThread: 	at android.os.Handler.dispatchMessage(Handler.java:99)
05-03 12:58:02.360 20940 20940 E ActivityThread: 	at android.os.Looper.loop(Looper.java:211)
05-03 12:58:02.360 20940 20940 E ActivityThread: 	at android.os.HandlerThread.run(HandlerThread.java:65)
05-03 12:58:02.370 20940 20940 E ActivityThread: Service com.amazon.alexa.externalmediaplayeragent.ExternalMediaPlayerAgentService has leaked ServiceConnection amazon.speech.simclient.event.EventClient$1@92ec36e that was originally bound here
05-03 12:58:02.370 20940 20940 E ActivityThread: android.app.ServiceConnectionLeaked: Service com.amazon.alexa.externalmediaplayeragent.ExternalMediaPlayerAgentService has leaked ServiceConnection amazon.speech.simclient.event.EventClient$1@92ec36e that was originally bound here
05-03 12:58:02.370 20940 20940 E ActivityThread: 	at android.app.LoadedApk$ServiceDispatcher.<init>(LoadedApk.java:1641)
05-03 12:58:02.370 20940 20940 E ActivityThread: 	at android.app.LoadedApk.getServiceDispatcher(LoadedApk.java:1533)
05-03 12:58:02.370 20940 20940 E ActivityThread: 	at android.app.ContextImpl.bindServiceCommon(ContextImpl.java:1703)
05-03 12:58:02.370 20940 20940 E ActivityThread: 	at android.app.ContextImpl.bindService(ContextImpl.java:1656)
05-03 12:58:02.370 20940 20940 E ActivityThread: 	at android.content.ContextWrapper.bindService(ContextWrapper.java:698)
05-03 12:58:02.370 20940 20940 E ActivityThread: 	at amazon.speech.simclient.common.ServiceConnectionManager.bindCommon(ServiceConnectionManager.java:325)
05-03 12:58:02.370 20940 20940 E ActivityThread: 	at amazon.speech.simclient.common.AsyncServiceConnectionManager$1.run(AsyncServiceConnectionManager.java:78)
05-03 12:58:02.370 20940 20940 E ActivityThread: 	at java.util.concurrent.ThreadPoolExecutor.runWorker(ThreadPoolExecutor.java:1167)
05-03 12:58:02.370 20940 20940 E ActivityThread: 	at java.util.concurrent.ThreadPoolExecutor$Worker.run(ThreadPoolExecutor.java:641)
05-03 12:58:02.370 20940 20940 E ActivityThread: 	at java.lang.Thread.run(Thread.java:764)
05-03 12:58:02.375 20940 20940 E ActivityThread: Service com.amazon.alexa.externalmediaplayeragent.ExternalMediaPlayerAgentService has leaked ServiceConnection amazon.speech.simclient.directive.DirectiveClient$2@bc6bb00 that was originally bound here
05-03 12:58:02.375 20940 20940 E ActivityThread: android.app.ServiceConnectionLeaked: Service com.amazon.alexa.externalmediaplayeragent.ExternalMediaPlayerAgentService has leaked ServiceConnection amazon.speech.simclient.directive.DirectiveClient$2@bc6bb00 that was originally bound here
05-03 12:58:02.375 20940 20940 E ActivityThread: 	at android.app.LoadedApk$ServiceDispatcher.<init>(LoadedApk.java:1641)
05-03 12:58:02.375 20940 20940 E ActivityThread: 	at android.app.LoadedApk.getServiceDispatcher(LoadedApk.java:1533)
05-03 12:58:02.375 20940 20940 E ActivityThread: 	at android.app.ContextImpl.bindServiceCommon(ContextImpl.java:1703)
05-03 12:58:02.375 20940 20940 E ActivityThread: 	at android.app.ContextImpl.bindService(ContextImpl.java:1656)
05-03 12:58:02.375 20940 20940 E ActivityThread: 	at android.content.ContextWrapper.bindService(ContextWrapper.java:698)
05-03 12:58:02.375 20940 20940 E ActivityThread: 	at amazon.speech.simclient.common.ServiceConnectionManager.bindCommon(ServiceConnectionManager.java:325)
05-03 12:58:02.375 20940 20940 E ActivityThread: 	at amazon.speech.simclient.common.AsyncServiceConnectionManager$1.run(AsyncServiceConnectionManager.java:78)
05-03 12:58:02.375 20940 20940 E ActivityThread: 	at java.util.concurrent.ThreadPoolExecutor.runWorker(ThreadPoolExecutor.java:1167)
05-03 12:58:02.375 20940 20940 E ActivityThread: 	at java.util.concurrent.ThreadPoolExecutor$Worker.run(ThreadPoolExecutor.java:641)
05-03 12:58:02.375 20940 20940 E ActivityThread: 	at java.lang.Thread.run(Thread.java:764)
05-03 12:58:02.381 20940 20940 E ActivityThread: Service com.amazon.alexa.externalmediaplayeragent.ExternalMediaPlayerAgentService has leaked ServiceConnection amazon.speech.simclient.focus.ExplicitFocusClient$1@eb657c5 that was originally bound here
05-03 12:58:02.381 20940 20940 E ActivityThread: android.app.ServiceConnectionLeaked: Service com.amazon.alexa.externalmediaplayeragent.ExternalMediaPlayerAgentService has leaked ServiceConnection amazon.speech.simclient.focus.ExplicitFocusClient$1@eb657c5 that was originally bound here
05-03 12:58:02.381 20940 20940 E ActivityThread: 	at android.app.LoadedApk$ServiceDispatcher.<init>(LoadedApk.java:1641)
05-03 12:58:02.381 20940 20940 E ActivityThread: 	at android.app.LoadedApk.getServiceDispatcher(LoadedApk.java:1533)
