05-03 13:07:49.471 22684 22684 W om.amazon.diod: Found duplicate classes, falling back to extracting from APK : /system/priv-app/DeviceClientPlatformContractsFramework/DeviceClientPlatformContractsFramework.apk
05-03 13:07:49.471 22684 22684 W om.amazon.diod: NOTE: This wastes RAM and hurts startup performance.
05-03 13:07:49.471 22684 22684 W om.amazon.diod: Found duplicated class when checking oat files: 'Lcom/amazon/dcp/common/ThirdPartyDeviceUtils;' in /system/priv-app/DeviceClientPlatformContractsFramework/DeviceClientPlatformContractsFramework.apk and /system/priv-app/DeviceSoftwareOTAContracts/DeviceSoftwareOTAContracts.apk
05-03 13:07:49.471 22684 22684 W om.amazon.diod: 
05-03 13:07:49.493 22684 22684 W om.amazon.diod: resources.arsc in APK '/system/priv-app/DeviceClientPlatformContractsFramework/DeviceClientPlatformContractsFramework.apk' is compressed.
05-03 13:07:49.517 22684 22684 I com.amazon.diode/MAPInit: Initializing MAP (130050002 / MAPAndroidLib-1.3.51367.0) for app com.amazon.diode. MAP release version: 20260206N
05-03 13:07:49.527 22684 22684 I com.amazon.diode/MetricsHelper: FireOS Minerva metrics is supported
05-03 13:07:49.528 22684 22684 I com.amazon.diode/MAPInit: Running MAPInit on main thread: true
05-03 13:07:49.532 22684 22684 I com.amazon.diode/ClientToCentralTrustLogicImpl: Current package is: com.amazon.diode. Directly trust central package: com.amazon.imp, since it is system MAP library
05-03 13:07:49.534 22684 22684 I chatty  : uid=10091(com.amazon.diode) identical 2 lines
05-03 13:07:49.535 22684 22684 I com.amazon.diode/ClientToCentralTrustLogicImpl: Current package is: com.amazon.diode. Directly trust central package: com.amazon.imp, since it is system MAP library
05-03 13:07:49.536 22684 22684 I com.amazon.diode/IsolatedModeSwitcher: App does not support client driven runtime isolation.
05-03 13:07:49.537 22684 22684 I com.amazon.diode/ClientToCentralTrustLogicImpl: Current package is: com.amazon.diode. Directly trust central package: com.amazon.imp, since it is system MAP library
05-03 13:07:49.538 22684 22684 I com.amazon.diode/ClientToCentralTrustLogicImpl: Current package is: com.amazon.diode. Directly trust central package: com.amazon.imp, since it is system MAP library
05-03 13:07:49.539 22684 22684 I com.amazon.diode/FeatureSetCache: Caching feature IsolateApplication as false
05-03 13:07:49.539 22684 22684 I com.amazon.diode/ClientToCentralTrustLogicImpl: Current package is: com.amazon.diode. Directly trust central package: com.amazon.imp, since it is system MAP library
05-03 13:07:49.542 22684 22698 E com.amazon.diode/PlatformUtils: Could not initialize FidoAuthenticatorJSBridge because Fido client could not be initialized
05-03 13:07:49.546 22684 22684 I com.amazon.diode/LocalKeyValueStore: Create DE shared preference, OS supports direct boot.
05-03 13:07:49.549 22684 22684 I com.amazon.diode/TrustedPackageManager: Trying to use default signature based package trust logic. This should be on 3P device
05-03 13:07:49.549 22684 22684 I com.amazon.diode/TrustedPackageManager: Setting package trust logic as: signature based package trust logic
05-03 13:07:49.550 22684 22684 W om.amazon.diod: Class com.amazon.identity.auth.device.framework.AmazonDeviceInfo failed lock verification and will run slower.
05-03 13:07:49.550 22684 22684 W om.amazon.diod: Common causes for lock verification issues are non-optimized dex code
05-03 13:07:49.550 22684 22684 W om.amazon.diod: and incorrect proguard optimizations.
05-03 13:07:49.561 22684 22698 W MinervaServiceWrapper: record : MinervaService not yet bound. Buffered Metric Event String. Buffer Size: 1
05-03 13:07:49.567 22684 22698 W com.amazon.diode/WhatsAppAutoreadPluginHelper: WhatsAppAutoreadPlugin is not supported for this package: com.amazon.diode
05-03 13:07:49.568 22684 22684 I com.amazon.diode.DiodeApplication: Registered receiver: com.amazon.diode.receivers.IdentifyReceiver@21c984b with filter: android.content.IntentFilter@195e228 for intent : com.amazon.diode.intent.IDENTIFY
05-03 13:07:49.568 22684 22701 I com.amazon.diode/DataStorageFactoryImpl: Creating new DataStorageFactoryImpl
05-03 13:07:49.568 22684 22701 I com.amazon.diode/MAPInitTasks: Get DataStorage instance for initialization
05-03 13:07:49.568 22684 22684 I com.amazon.diode.DiodeApplication: Registered receiver: com.amazon.diode.receivers.ActionReceiver@1b1e8e6 with filter: android.content.IntentFilter@59a6e27 for intent : com.amazon.diode.intent.ACTION
05-03 13:07:49.568 22684 22701 I com.amazon.diode/DataStorageFactoryImpl: Initializing new DataStorage
05-03 13:07:49.569 22684 22698 W MinervaServiceWrapper: record : MinervaService not yet bound. Buffered Metric Event String. Buffer Size: 2
05-03 13:07:49.570 22684 22684 I com.amazon.diode.registration.Analyzers: Registered receiver: com.amazon.diode.events.ConnectivityChangeEventReceiver@935c5c3 with filter: android.content.IntentFilter@5f8ce40 for intent : Intent { act=android.net.conn.CONNECTIVITY_CHANGE flg=0x4200010 (has extras) }
05-03 13:07:49.570 22684 22701 I com.amazon.diode/ClientToCentralTrustLogicImpl: Current package is: com.amazon.diode. Directly trust central package: com.amazon.imp, since it is system MAP library
05-03 13:07:49.571 22684 22701 I com.amazon.diode/ClientToCentralTrustLogicImpl: Current package is: com.amazon.diode. Directly trust central package: com.amazon.imp, since it is system MAP library
05-03 13:07:49.573 22684 22701 I com.amazon.diode/IsolatedModeSwitcher: App does not support client driven runtime isolation.
05-03 13:07:49.574 22684 22701 I com.amazon.diode/ClientToCentralTrustLogicImpl: Current package is: com.amazon.diode. Directly trust central package: com.amazon.imp, since it is system MAP library
05-03 13:07:49.576 22684 22701 I com.amazon.diode/ClientToCentralTrustLogicImpl: Current package is: com.amazon.diode. Directly trust central package: com.amazon.imp, since it is system MAP library
05-03 13:07:49.578 22684 22701 I com.amazon.diode/DeviceAttributeCache: Setting device attribute CentralAPK to true
05-03 13:07:49.579 22684 22701 I com.amazon.diode/DataStorageFactoryImpl: Creating and using new CentralAccountManagerDataStorage
05-03 13:07:49.580 22684 22701 I com.amazon.diode/LocalKeyValueStore: Create DE shared preference, OS supports direct boot.
05-03 13:07:49.580 22684 22701 I com.amazon.diode/LocalKeyValueStore: Create DE shared preference, OS supports direct boot.
05-03 13:07:49.580 22684 22701 I com.amazon.diode/MAPInitTasks: Initialize DataStorage instance
05-03 13:07:49.580 22684 22701 I com.amazon.diode/MAPInitTasks: Setup DataStorage instance
05-03 13:07:49.581 22684 22701 I com.amazon.diode/ClientToCentralTrustLogicImpl: Current package is: com.amazon.diode. Directly trust central package: com.amazon.imp, since it is system MAP library
05-03 13:07:49.582 22684 22701 I com.amazon.diode/ClientToCentralTrustLogicImpl: Current package is: com.amazon.diode. Directly trust central package: com.amazon.imp, since it is system MAP library
05-03 13:07:49.583 22684 22684 I com.amazon.diode.events.CaptivePortalEventManager: Registered Captive Portal check for FireOS 6
05-03 13:07:49.584 22684 22701 I com.amazon.diode/ClientToCentralTrustLogicImpl: Current package is: com.amazon.diode. Directly trust central package: com.amazon.imp, since it is system MAP library
05-03 13:07:49.585 22684 22701 I chatty  : uid=10091(com.amazon.diode) identical 7 lines
05-03 13:07:49.586 22684 22701 I com.amazon.diode/ClientToCentralTrustLogicImpl: Current package is: com.amazon.diode. Directly trust central package: com.amazon.imp, since it is system MAP library
05-03 13:07:49.587 22684 22701 I com.amazon.diode/IsolatedModeSwitcher: App does not support client driven runtime isolation.
05-03 13:07:49.609 22684 22701 I com.amazon.diode/AmazonSerialNumber: MAP Client side on FireOS 7+ calls IPC to get the DSN.
05-03 13:07:49.613 22684 22684 I com.amazon.diode.events.ConnectivityChangeEventReceiver: Got external Connectivity event
05-03 13:07:49.619   941  6689 I com.amazon.imp/SSODeviceInfo[0]: Amazon Device Info will try to get central device serial
05-03 13:07:49.619   941  6689 I com.amazon.imp/AmazonDeviceSecurityFactoryImpl[0]: Use device hardware auth.
05-03 13:07:49.623 22684 22701 I com.amazon.diode/LocalKeyValueStore: Create DE shared preference, OS supports direct boot.
05-03 13:07:49.629 22684 22701 I com.amazon.diode/LocalKeyValueStore: Create DE shared preference, OS supports direct boot.
05-03 13:07:49.632 22684 22707 I com.amazonaws.mobileconnectors.remoteconfiguration.clientcontextdecorator.RemoteConfigurationAAugmenting ARCUS client context with system attributes
05-03 13:07:49.636 22684 22714 I com.amazon.diode.events.EventSaverService: Got external event for client CaptivePortalEventStore
05-03 13:07:49.658 22684 22701 I com.amazon.diode/ClientToCentralTrustLogicImpl: Current package is: com.amazon.diode. Directly trust central package: com.amazon.imp, since it is system MAP library
05-03 13:07:49.659 22684 22701 I com.amazon.diode/ClientToCentralTrustLogicImpl: Current package is: com.amazon.diode. Directly trust central package: com.amazon.imp, since it is system MAP library
05-03 13:07:49.660 22684 22701 I com.amazon.diode/MAPInitTasks: Start update legacy authportal domain in database if needed
05-03 13:07:49.662 22684 22701 I om.amazon.diod: Rejecting re-init on previously-failed class java.lang.Class<com.amazon.identity.auth.device.framework.LWASSOPluginHelper$LWASSODependencyImpl>: java.lang.NoClassDefFoundError: Failed resolution of: Lcom/amazon/identity/mobi/lwasso/api/LWASSODependency;
05-03 13:07:49.662 22684 22701 I om.amazon.diod:   at void com.amazon.identity.auth.device.framework.MAPInitTasks.performInitOperations() (MAPInitTasks.java:125)
05-03 13:07:49.662 22684 22701 I om.amazon.diod:   at void com.amazon.identity.auth.device.api.MAPInit$2.run() (MAPInit.java:1)
05-03 13:07:49.662 22684 22701 I om.amazon.diod:   at void com.amazon.identity.auth.device.utils.ThreadUtils$1.run() (ThreadUtils.java:2)
05-03 13:07:49.662 22684 22701 I om.amazon.diod:   at void java.util.concurrent.ThreadPoolExecutor.runWorker(java.util.concurrent.ThreadPoolExecutor$Worker) (ThreadPoolExecutor.java:1167)
05-03 13:07:49.662 22684 22701 I om.amazon.diod:   at void java.util.concurrent.ThreadPoolExecutor$Worker.run() (ThreadPoolExecutor.java:641)
05-03 13:07:49.662 22684 22701 I om.amazon.diod:   at void java.lang.Thread.run() (Thread.java:764)
05-03 13:07:49.662 22684 22701 I om.amazon.diod: Caused by: java.lang.ClassNotFoundException: Didn't find class "com.amazon.identity.mobi.lwasso.api.LWASSODependency" on path: DexPathList[[zip file "/system/framework/com.amazon.identity.auth.device.jar", zip file "/system/priv-app/DeviceSoftwareOTAContracts/DeviceSoftwareOTAContracts.apk", zip file "/system/priv-app/com.amazon.communication/com.amazon.communication.apk", zip file "/system/priv-app/DeviceMessagingAndroidInternalSDK/DeviceMessagingAndroidInternalSDK.apk", zip file "/system/priv-app/MinervaApi/MinervaApi.apk", zip file "/system/framework/connectivity_manager_api.jar", zip file "/system/framework/org.apache.http.legacy.boot.jar", zip file "/system/priv-app/DeviceClientPlatformContractsFramework/DeviceClientPlatformContractsFramework.apk", zip file "/system/priv-app/com.amazon.diode/com.amazon.diode.apk"],nativeLibraryDirectories=[/system/priv-app/com.amazon.diode/lib/arm, /system/lib, /system/lib]]
05-03 13:07:49.662 22684 22701 I om.amazon.diod:   at java.lang.Class dalvik.system.BaseDexClassLoader.findClass(java.lang.String) (BaseDexClassLoader.java:134)
05-03 13:07:49.662 22684 22701 I om.amazon.diod:   at java.lang.Class java.lang.ClassLoader.loadClass(java.lang.String, boolean) (ClassLoader.java:379)
05-03 13:07:49.662 22684 22701 I om.amazon.diod:   at java.lang.Class java.lang.ClassLoader.loadClass(java.lang.String) (ClassLoader.java:312)
05-03 13:07:49.662 22684 22701 I om.amazon.diod:   at void com.amazon.identity.auth.device.framework.MAPInitTasks.performInitOperations() (MAPInitTasks.java:125)
05-03 13:07:49.662 22684 22701 I om.amazon.diod:   at void com.amazon.identity.auth.device.api.MAPInit$2.run() (MAPInit.java:1)
05-03 13:07:49.662 22684 22701 I om.amazon.diod:   at void com.amazon.identity.auth.device.utils.ThreadUtils$1.run() (ThreadUtils.java:2)
05-03 13:07:49.662 22684 22701 I om.amazon.diod:   at void java.util.concurrent.ThreadPoolExecutor.runWorker(java.util.concurrent.ThreadPoolExecutor$Worker) (ThreadPoolExecutor.java:1167)
05-03 13:07:49.662 22684 22701 I om.amazon.diod:   at void java.util.concurrent.ThreadPoolExecutor$Worker.run() (ThreadPoolExecutor.java:641)
05-03 13:07:49.662 22684 22701 I om.amazon.diod:   at void java.lang.Thread.run() (Thread.java:764)
05-03 13:07:49.662 22684 22701 I om.amazon.diod: 
05-03 13:07:49.662 22684 22701 I om.amazon.diod: Rejecting re-init on previously-failed class java.lang.Class<com.amazon.identity.auth.device.framework.LWASSOPluginHelper$LWASSODependencyImpl>: java.lang.NoClassDefFoundError: Failed resolution of: Lcom/amazon/identity/mobi/lwasso/api/LWASSODependency;
05-03 13:07:49.662 22684 22701 I om.amazon.diod:   at void com.amazon.identity.auth.device.framework.MAPInitTasks.performInitOperations() (MAPInitTasks.java:125)
05-03 13:07:49.662 22684 22701 I om.amazon.diod:   at void com.amazon.identity.auth.device.api.MAPInit$2.run() (MAPInit.java:1)
05-03 13:07:49.662 22684 22701 I om.amazon.diod:   at void com.amazon.identity.auth.device.utils.ThreadUtils$1.run() (ThreadUtils.java:2)
05-03 13:07:49.662 22684 22701 I om.amazon.diod:   at void java.util.concurrent.ThreadPoolExecutor.runWorker(java.util.concurrent.ThreadPoolExecutor$Worker) (ThreadPoolExecutor.java:1167)
05-03 13:07:49.662 22684 22701 I om.amazon.diod:   at void java.util.concurrent.ThreadPoolExecutor$Worker.run() (ThreadPoolExecutor.java:641)
05-03 13:07:49.662 22684 22701 I om.amazon.diod:   at void java.lang.Thread.run() (Thread.java:764)
05-03 13:07:49.662 22684 22701 I om.amazon.diod: Caused by: java.lang.ClassNotFoundException: Didn't find class "com.amazon.identity.mobi.lwasso.api.LWASSODependency" on path: DexPathList[[zip file "/system/framework/com.amazon.identity.auth.device.jar", zip file "/system/priv-app/DeviceSoftwareOTAContracts/DeviceSoftwareOTAContracts.apk", zip file "/system/priv-app/com.amazon.communication/com.amazon.communication.apk", zip file "/system/priv-app/DeviceMessagingAndroidInternalSDK/DeviceMessagingAndroidInternalSDK.apk", zip file "/system/priv-app/MinervaApi/MinervaApi.apk", zip file "/system/framework/connectivity_manager_api.jar", zip file "/system/framework/org.apache.http.legacy.boot.jar", zip file "/system/priv-app/DeviceClientPlatformContractsFramework/DeviceClientPlatformContractsFramework.apk", zip file "/system/priv-app/com.amazon.diode/com.amazon.diode.apk"],nativeLibraryDirectories=[/system/priv-app/com.amazon.diode/lib/arm, /system/lib, /system/lib]]
05-03 13:07:49.662 22684 22701 I om.amazon.diod:   at java.lang.Class dalvik.system.BaseDexClassLoader.findClass(java.lang.String) (BaseDexClassLoader.java:134)
05-03 13:07:49.662 22684 22701 I om.amazon.diod:   at java.lang.Class java.lang.ClassLoader.loadClass(java.lang.String, boolean) (ClassLoader.java:379)
05-03 13:07:49.662 22684 22701 I om.amazon.diod:   at java.lang.Class java.lang.ClassLoader.loadClass(java.lang.String) (ClassLoader.java:312)
05-03 13:07:49.662 22684 22701 I om.amazon.diod:   at void com.amazon.identity.auth.device.framework.MAPInitTasks.performInitOperations() (MAPInitTasks.java:125)
05-03 13:07:49.662 22684 22701 I om.amazon.diod:   at void com.amazon.identity.auth.device.api.MAPInit$2.run() (MAPInit.java:1)
05-03 13:07:49.662 22684 22701 I om.amazon.diod:   at void com.amazon.identity.auth.device.utils.ThreadUtils$1.run() (ThreadUtils.java:2)
05-03 13:07:49.662 22684 22701 I om.amazon.diod:   at void java.util.concurrent.ThreadPoolExecutor.runWorker(java.util.concurrent.ThreadPoolExecutor$Worker) (ThreadPoolExecutor.java:1167)
05-03 13:07:49.662 22684 22701 I om.amazon.diod:   at void java.util.concurrent.ThreadPoolExecutor$Worker.run() (ThreadPoolExecutor.java:641)
05-03 13:07:49.662 22684 22701 I om.amazon.diod:   at void java.lang.Thread.run() (Thread.java:764)
05-03 13:07:49.662 22684 22701 I om.amazon.diod: 
05-03 13:07:49.663 22684 22701 W com.amazon.diode/WhatsAppAutoreadPluginHelper: WhatsAppAutoreadPlugin is not supported for this package: com.amazon.diode
05-03 13:07:49.690 22684 22714 I com.amazon.diode.events.EventSaverService: Got external event for client WifiDiagsUtil
05-03 13:07:50.181  1282  1282 I chatty  : uid=0(root) /vendor/bin/wlan_stats expire 12 lines
05-03 13:07:50.609  1602 22679 I chatty  : uid=10163(com.amazon.vizzini) expire 1 line
05-03 13:07:52.093  1628  4048 I whad    : DeviceVisibilityManager:runProactiveVisibilityTest:started test 3 of 5
05-03 13:07:52.093  1628  4048 I whad    : DeviceVisibilityManager:runProactiveVisibilityTest:skippingLocalDevice,bssid=1,essid=1,networkTypeGuesses=2_4_GHZ
05-03 13:07:52.093  1628  4048 I whad    : DeviceVisibilityManager:runProactiveVisibilityTest:testingId=XX13WK
05-03 13:07:52.093  1628  4048 I whad    : Device:testVisibility:reason=sending,fetchingCapabilities=1,uniqueId=XX13WK
05-03 13:07:57.430   321 18051 I Node    : dolby-audio-meter, AdapterPcmSystem adapter audio meter: channel 0; audio level: 0.000
05-03 13:07:57.430   321 18051 I Node    : dolby-audio-meter, AdapterPcmSystem adapter audio meter: channel 1; audio level: 0.000
05-03 13:07:57.430   321 18051 I Node    : dolby-audio-meter, AdapterPcmOut adapter audio meter: channel 0; audio level: 0.000
05-03 13:07:57.430   321 18051 I Node    : dolby-audio-meter, AdapterPcmOut adapter audio meter: channel 1; audio level: 0.000
05-03 13:08:00.003  1628  2010 I whad    : Maintenance:sendStitches:groups=StableNonParticipants localStateHashes=MediaSession&da39a3ee5e6b4b0d3255bfef95601890afd80709 localLastUpdated=MediaSession&25566460
05-03 13:08:02.095  1628  4048 I whad    : Device:testVisibilityFailed:uniqueId=XX13WK,reason=Timeout,bssid=0,essid=0,wifiFrequency=0,networkTypeGuesses=5_0_GHZ
05-03 13:08:02.095  1628  4048 I whad    : ConnectionEdgeDetector:onVisibilityTestResult:updatedConnectionEdge,localDevice=XX0CJ0,remoteDevice=XX13WK,edgeType=None,reason=DifferentSeparateNetworks
05-03 13:08:02.095  1628  4048 I whad    : DeviceVisibilityManager:runProactiveVisibilityTest:testingId=XX01M4
05-03 13:08:02.096  1628  4048 I whad    : Device:testVisibility:reason=sending,fetchingCapabilities=1,uniqueId=XX01M4
05-03 13:08:07.446   321 18051 I Node    : dolby-audio-meter, AdapterPcmSystem adapter audio meter: channel 0; audio level: 0.000
05-03 13:08:07.446   321 18051 I Node    : dolby-audio-meter, AdapterPcmSystem adapter audio meter: channel 1; audio level: 0.000
05-03 13:08:07.446   321 18051 I Node    : dolby-audio-meter, AdapterPcmOut adapter audio meter: channel 0; audio level: 0.000
05-03 13:08:07.446   321 18051 I Node    : dolby-audio-meter, AdapterPcmOut adapter audio meter: channel 1; audio level: 0.000
05-03 13:08:10.181  1282  1282 I chatty  : uid=0(root) /vendor/bin/wlan_stats expire 13 lines
05-03 13:08:12.097  1628  4048 I whad    : Device:testVisibilityFailed:uniqueId=XX01M4,reason=Timeout,bssid=2,essid=2,wifiFrequency=0,networkTypeGuesses=2_4_GHZ
05-03 13:08:12.097  1628  4048 I whad    : ConnectionEdgeDetector:onVisibilityTestResult:updatedConnectionEdge,localDevice=XX0CJ0,remoteDevice=XX01M4,edgeType=None,reason=DifferentSeparateNetworks
05-03 13:08:12.097  1628  4048 I whad    : DeviceVisibilityManager:runProactiveVisibilityTest:localDevice=XX0CJ0,finished sending proactive test 3 of 5
05-03 13:08:17.221  1237  1531 I BatchCreator: enqueueBatchForTransmission - enqueueBatchForTransmission;
05-03 13:08:17.229  1237  1531 I BoundedBatchFileQueue: batch file added: 1777824497227_us-east-1_0001
05-03 13:08:17.462   321 18051 I Node    : dolby-audio-meter, AdapterPcmSystem adapter audio meter: channel 0; audio level: 0.000
05-03 13:08:17.462   321 18051 I Node    : dolby-audio-meter, AdapterPcmSystem adapter audio meter: channel 1; audio level: 0.000
05-03 13:08:17.462   321 18051 I Node    : dolby-audio-meter, AdapterPcmOut adapter audio meter: channel 0; audio level: 0.000
05-03 13:08:17.462   321 18051 I Node    : dolby-audio-meter, AdapterPcmOut adapter audio meter: channel 1; audio level: 0.000
05-03 13:08:22.098  1628  4048 I whad    : DeviceVisibilityManager:runProactiveVisibilityTest:started test 4 of 5
05-03 13:08:22.098  1628  4048 I whad    : DeviceVisibilityManager:runProactiveVisibilityTest:skippingLocalDevice,bssid=1,essid=1,networkTypeGuesses=2_4_GHZ
05-03 13:08:22.098  1628  4048 I whad    : DeviceVisibilityManager:runProactiveVisibilityTest:testingId=XX13WK
05-03 13:08:22.098  1628  4048 I whad    : Device:testVisibility:reason=sending,fetchingCapabilities=1,uniqueId=XX13WK
05-03 13:08:27.478   321 18051 I Node    : dolby-audio-meter, AdapterPcmSystem adapter audio meter: channel 0; audio level: 0.000
05-03 13:08:27.478   321 18051 I Node    : dolby-audio-meter, AdapterPcmSystem adapter audio meter: channel 1; audio level: 0.000
05-03 13:08:27.478   321 18051 I Node    : dolby-audio-meter, AdapterPcmOut adapter audio meter: channel 0; audio level: 0.000
05-03 13:08:27.478   321 18051 I Node    : dolby-audio-meter, AdapterPcmOut adapter audio meter: channel 1; audio level: 0.000
05-03 13:08:29.931   381   487 E storaged: getDiskStats failed with result NOT_SUPPORTED and size 0
05-03 13:08:30.181  1282  1282 I chatty  : uid=0(root) /vendor/bin/wlan_stats expire 16 lines
05-03 13:08:32.099  1628  4048 I whad    : Device:testVisibilityFailed:uniqueId=XX13WK,reason=Timeout,bssid=0,essid=0,wifiFrequency=0,networkTypeGuesses=5_0_GHZ
05-03 13:08:32.100  1628  4048 I whad    : ConnectionEdgeDetector:onVisibilityTestResult:updatedConnectionEdge,localDevice=XX0CJ0,remoteDevice=XX13WK,edgeType=None,reason=DifferentSeparateNetworks
05-03 13:08:32.100  1628  4048 I whad    : DeviceVisibilityManager:runProactiveVisibilityTest:testingId=XX01M4
05-03 13:08:32.100  1628  4048 I whad    : Device:testVisibility:reason=sending,fetchingCapabilities=1,uniqueId=XX01M4
05-03 13:08:37.494   321 18051 I Node    : dolby-audio-meter, AdapterPcmSystem adapter audio meter: channel 0; audio level: 0.000
05-03 13:08:37.494   321 18051 I Node    : dolby-audio-meter, AdapterPcmSystem adapter audio meter: channel 1; audio level: 0.000
05-03 13:08:37.494   321 18051 I Node    : dolby-audio-meter, AdapterPcmOut adapter audio meter: channel 0; audio level: 0.000
05-03 13:08:37.494   321 18051 I Node    : dolby-audio-meter, AdapterPcmOut adapter audio meter: channel 1; audio level: 0.000
05-03 13:08:40.689   528   733 W MediaCodecDenylist: Ota group not found for 3900 tries
05-03 13:08:42.102  1628  4048 I whad    : Device:testVisibilityFailed:uniqueId=XX01M4,reason=Timeout,bssid=2,essid=2,wifiFrequency=0,networkTypeGuesses=2_4_GHZ
05-03 13:08:42.102  1628  4048 I whad    : ConnectionEdgeDetector:onVisibilityTestResult:updatedConnectionEdge,localDevice=XX0CJ0,remoteDevice=XX01M4,edgeType=None,reason=DifferentSeparateNetworks
05-03 13:08:42.103  1628  4048 I whad    : DeviceVisibilityManager:runProactiveVisibilityTest:localDevice=XX0CJ0,finished sending proactive test 4 of 5
05-03 13:08:42.181  1282  1282 I chatty  : uid=0(root) /vendor/bin/wlan_stats expire 6 lines
05-03 13:08:42.710  1728  2076 I DiebusMetrics: Starting reporting metrics
05-03 13:08:42.710  1728  2076 I DiebusMetrics: End reporting metrics
05-03 13:08:43.609  1728  2017 I DiebusMetrics: Starting reporting metrics
05-03 13:08:43.609  1728  2017 I DiebusMetrics: End reporting metrics
05-03 13:08:45.050  1728  1728 I MediaBrowseServiceImpl: Received notice that MediaBrowseServiceImpl is onLowMemory.
05-03 13:08:47.510   321 18051 I Node    : dolby-audio-meter, AdapterPcmSystem adapter audio meter: channel 0; audio level: 0.000
05-03 13:08:47.510   321 18051 I Node    : dolby-audio-meter, AdapterPcmSystem adapter audio meter: channel 1; audio level: 0.000
05-03 13:08:47.510   321 18051 I Node    : dolby-audio-meter, AdapterPcmOut adapter audio meter: channel 0; audio level: 0.000
05-03 13:08:47.510   321 18051 I Node    : dolby-audio-meter, AdapterPcmOut adapter audio meter: channel 1; audio level: 0.000
05-03 13:08:50.181  1282  1282 I main.wifi_score: rate correction orig per/mcs/bw 91/7/0, new per/mcs/bw 1/4/0
05-03 13:08:50.649  1602 22719 I chatty  : uid=10163(com.amazon.vizzini) expire 1 line
05-03 13:08:52.103  1628  4048 I whad    : DeviceVisibilityManager:runProactiveVisibilityTest:started test 5 of 5
05-03 13:08:52.103  1628  4048 I whad    : DeviceVisibilityManager:runProactiveVisibilityTest:skippingLocalDevice,bssid=1,essid=1,networkTypeGuesses=2_4_GHZ
05-03 13:08:52.103  1628  4048 I whad    : DeviceVisibilityManager:runProactiveVisibilityTest:testingId=XX13WK
05-03 13:08:52.103  1628  4048 I whad    : Device:testVisibility:reason=sending,fetchingCapabilities=1,uniqueId=XX13WK
05-03 13:08:55.282  1282  1282 I main.wifi_score: dump_wifi_score_ctxt(): is2g=1, is11ac=0, is11ax=0, chan_bw=20, nss=2, bcn_rssi=-32, data_rssi=-39, tx_ok=11860, tx_failed=29560, cca_idle_pct=83
05-03 13:08:55.283  1282  1282 I main.wifi_score: dump_wifi_score_ctxt(): last_tx_stats: sgi=0, pream=1, mcs=7, ss=2, bw=0
05-03 13:08:55.283  1282  1282 I main.wifi_score: rate correction orig per/mcs/bw 100/7/0, new per/mcs/bw 10/4/0
05-03 13:08:57.526   321 18051 I Node    : dolby-audio-meter, AdapterPcmSystem adapter audio meter: channel 0; audio level: 0.000
05-03 13:08:57.526   321 18051 I Node    : dolby-audio-meter, AdapterPcmSystem adapter audio meter: channel 1; audio level: 0.000
05-03 13:08:57.526   321 18051 I Node    : dolby-audio-meter, AdapterPcmOut adapter audio meter: channel 0; audio level: 0.000
05-03 13:08:57.526   321 18051 I Node    : dolby-audio-meter, AdapterPcmOut adapter audio meter: channel 1; audio level: 0.000
05-03 13:08:58.180  1282  1282 I main.wifi_score: dump_wifi_score_ctxt(): is2g=1, is11ac=0, is11ax=0, chan_bw=20, nss=2, bcn_rssi=-33, data_rssi=-39, tx_ok=11861, tx_failed=29576, cca_idle_pct=83
05-03 13:08:58.180  1282  1282 I main.wifi_score: dump_wifi_score_ctxt(): last_tx_stats: sgi=0, pream=1, mcs=7, ss=2, bw=0
05-03 13:08:58.180  1282  1282 I main.wifi_score: rate correction orig per/mcs/bw 94/7/0, new per/mcs/bw 4/4/0
05-03 13:08:58.180  1282  1282 I main.wifi_score: cca_idle 55%, bcn_rssi -33, data_rssi -39, per 4% (ok=1, failed=16), N MCS 4, BW 0 SS 2  78mbps, AMPDU length 16, dur 2806us UDP tput 36mbps.
05-03 13:08:58.180  1282  1282 I main.wifi_score: Score 3, mcs 54 (phyrate cur/min/avg/max= 78/6/77/130 mbps), expected  UDP throughput cur/min/avg/max= 36/1/35/82 mbps.
05-03 13:09:02.104  1628  4048 E whad    : Http1Client:sendRemoteCommand:curl_easy_perform failed, err=28
05-03 13:09:02.105  1628  4048 W whad    : Http1Client:sendRemoteCommand:curlDebug=[0]   Trying xxx:55443...
05-03 13:09:02.105  1628  4048 W whad    : Http1Client:sendRemoteCommand:curlDebug=[0] TCP_NODELAY set
05-03 13:09:02.105  1628  4048 W whad    : Http1Client:sendRemoteCommand:curlDebug=[10000] Connection timed out after 10000 milliseconds
05-03 13:09:02.105  1628  4048 W whad    : Http1Client:sendRemoteCommand:curlDebug=[10000] Closing connection 230
05-03 13:09:02.105  1628  4048 I whad    : Device:testVisibilityFailed:uniqueId=XX13WK,reason=Timeout,bssid=0,essid=0,wifiFrequency=0,networkTypeGuesses=5_0_GHZ
05-03 13:09:02.105  1628  4048 I whad    : ConnectionEdgeDetector:onVisibilityTestResult:updatedConnectionEdge,localDevice=XX0CJ0,remoteDevice=XX13WK,edgeType=None,reason=DifferentSeparateNetworks
05-03 13:09:02.106  1628  4048 I whad    : DeviceVisibilityManager:runProactiveVisibilityTest:testingId=XX01M4
05-03 13:09:02.106  1628  4048 I whad    : Device:testVisibility:reason=sending,fetchingCapabilities=1,uniqueId=XX01M4
05-03 13:09:02.181  1282  1282 I main.wifi_score: dump_wifi_score_ctxt(): is2g=1, is11ac=0, is11ax=0, chan_bw=20, nss=2, bcn_rssi=-32, data_rssi=-39, tx_ok=11862, tx_failed=29598, cca_idle_pct=83
05-03 13:09:02.181  1282  1282 I main.wifi_score: dump_wifi_score_ctxt(): last_tx_stats: sgi=0, pream=1, mcs=7, ss=2, bw=0
05-03 13:09:02.181  1282  1282 I main.wifi_score: rate correction orig per/mcs/bw 95/7/0, new per/mcs/bw 5/4/0
05-03 13:09:06.181  1282  1282 I main.wifi_score: dump_wifi_score_ctxt(): is2g=1, is11ac=0, is11ax=0, chan_bw=20, nss=2, bcn_rssi=-33, data_rssi=-39, tx_ok=11864, tx_failed=29628, cca_idle_pct=83
05-03 13:09:06.181  1282  1282 I main.wifi_score: dump_wifi_score_ctxt(): last_tx_stats: sgi=0, pream=1, mcs=7, ss=2, bw=0
05-03 13:09:06.181  1282  1282 I main.wifi_score: rate correction orig per/mcs/bw 93/7/0, new per/mcs/bw 3/4/0
05-03 13:09:07.542   321 18051 I Node    : dolby-audio-meter, AdapterPcmSystem adapter audio meter: channel 0; audio level: 0.000
05-03 13:09:07.542   321 18051 I Node    : dolby-audio-meter, AdapterPcmSystem adapter audio meter: channel 1; audio level: 0.000
05-03 13:09:07.542   321 18051 I Node    : dolby-audio-meter, AdapterPcmOut adapter audio meter: channel 0; audio level: 0.000
05-03 13:09:07.542   321 18051 I Node    : dolby-audio-meter, AdapterPcmOut adapter audio meter: channel 1; audio level: 0.000
05-03 13:09:10.180  1282  1282 I main.wifi_score: dump_wifi_score_ctxt(): is2g=1, is11ac=0, is11ax=0, chan_bw=20, nss=2, bcn_rssi=-32, data_rssi=-39, tx_ok=11864, tx_failed=29628, cca_idle_pct=83
05-03 13:09:10.180  1282  1282 I main.wifi_score: dump_wifi_score_ctxt(): last_tx_stats: sgi=0, pream=1, mcs=7, ss=2, bw=0
05-03 13:09:12.107  1628  4048 E whad    : Http1Client:sendRemoteCommand:curl_easy_perform failed, err=28
05-03 13:09:12.107  1628  4048 W whad    : Http1Client:sendRemoteCommand:curlDebug=[0]   Trying xxx:55443...
05-03 13:09:12.107  1628  4048 W whad    : Http1Client:sendRemoteCommand:curlDebug=[0] TCP_NODELAY set
05-03 13:09:12.107  1628  4048 W whad    : Http1Client:sendRemoteCommand:curlDebug=[10000] Connection timed out after 10000 milliseconds
05-03 13:09:12.107  1628  4048 W whad    : Http1Client:sendRemoteCommand:curlDebug=[10000] Closing connection 222
05-03 13:09:12.107  1628  4048 I whad    : Device:testVisibilityFailed:uniqueId=XX01M4,reason=Timeout,bssid=2,essid=2,wifiFrequency=0,networkTypeGuesses=2_4_GHZ
05-03 13:09:12.107  1628  4048 I whad    : ConnectionEdgeDetector:onVisibilityTestResult:updatedConnectionEdge,localDevice=XX0CJ0,remoteDevice=XX01M4,edgeType=None,reason=DifferentSeparateNetworks
05-03 13:09:12.108  1628  4048 I whad    : DeviceVisibilityManager:runProactiveVisibilityTest:localDevice=XX0CJ0,finished sending proactive test 5 of 5
05-03 13:09:12.112  1628  4048 I whad    : DeviceVisibilityManager:proactiveVisibilityThread:sleeping for 93 seconds beyond minimum, total 993 seconds
05-03 13:09:15.282  1282  1282 I main.wifi_score: dump_wifi_score_ctxt(): is2g=1, is11ac=0, is11ax=0, chan_bw=20, nss=2, bcn_rssi=-34, data_rssi=-41, tx_ok=11864, tx_failed=29628, cca_idle_pct=83
05-03 13:09:15.282  1282  1282 I main.wifi_score: dump_wifi_score_ctxt(): last_tx_stats: sgi=0, pream=1, mcs=7, ss=2, bw=0
05-03 13:09:17.558   321 18051 I Node    : dolby-audio-meter, AdapterPcmSystem adapter audio meter: channel 0; audio level: 0.000
05-03 13:09:17.558   321 18051 I Node    : dolby-audio-meter, AdapterPcmSystem adapter audio meter: channel 1; audio level: 0.000
05-03 13:09:17.558   321 18051 I Node    : dolby-audio-meter, AdapterPcmOut adapter audio meter: channel 0; audio level: 0.000
05-03 13:09:17.558   321 18051 I Node    : dolby-audio-meter, AdapterPcmOut adapter audio meter: channel 1; audio level: 0.000
05-03 13:09:18.180  1282  1282 I main.wifi_score: dump_wifi_score_ctxt(): is2g=1, is11ac=0, is11ax=0, chan_bw=20, nss=2, bcn_rssi=-32, data_rssi=-36, tx_ok=11864, tx_failed=29628, cca_idle_pct=83
05-03 13:09:18.180  1282  1282 I main.wifi_score: dump_wifi_score_ctxt(): last_tx_stats: sgi=0, pream=1, mcs=7, ss=2, bw=0
05-03 13:09:22.181  1282  1282 I main.wifi_score: dump_wifi_score_ctxt(): is2g=1, is11ac=0, is11ax=0, chan_bw=20, nss=2, bcn_rssi=-33, data_rssi=-36, tx_ok=11864, tx_failed=29628, cca_idle_pct=83
05-03 13:09:22.181  1282  1282 I main.wifi_score: dump_wifi_score_ctxt(): last_tx_stats: sgi=0, pream=1, mcs=7, ss=2, bw=0
05-03 13:09:26.181  1282  1282 I main.wifi_score: dump_wifi_score_ctxt(): is2g=1, is11ac=0, is11ax=0, chan_bw=20, nss=2, bcn_rssi=-34, data_rssi=-36, tx_ok=11864, tx_failed=29628, cca_idle_pct=83
05-03 13:09:26.181  1282  1282 I main.wifi_score: dump_wifi_score_ctxt(): last_tx_stats: sgi=0, pream=1, mcs=7, ss=2, bw=0
05-03 13:09:27.574   321 18051 I Node    : dolby-audio-meter, AdapterPcmSystem adapter audio meter: channel 0; audio level: 0.000
05-03 13:09:27.574   321 18051 I Node    : dolby-audio-meter, AdapterPcmSystem adapter audio meter: channel 1; audio level: 0.000
05-03 13:09:27.574   321 18051 I Node    : dolby-audio-meter, AdapterPcmOut adapter audio meter: channel 0; audio level: 0.000
05-03 13:09:27.574   321 18051 I Node    : dolby-audio-meter, AdapterPcmOut adapter audio meter: channel 1; audio level: 0.000
05-03 13:09:29.932   381   487 E storaged: getDiskStats failed with result NOT_SUPPORTED and size 0
05-03 13:09:30.181  1282  1282 I main.wifi_score: dump_wifi_score_ctxt(): is2g=1, is11ac=0, is11ax=0, chan_bw=20, nss=2, bcn_rssi=-32, data_rssi=-36, tx_ok=11864, tx_failed=29628, cca_idle_pct=83
05-03 13:09:30.181  1282  1282 I main.wifi_score: dump_wifi_score_ctxt(): last_tx_stats: sgi=0, pream=1, mcs=7, ss=2, bw=0
05-03 13:09:35.282  1282  1282 I main.wifi_score: dump_wifi_score_ctxt(): is2g=1, is11ac=0, is11ax=0, chan_bw=20, nss=2, bcn_rssi=-30, data_rssi=-36, tx_ok=11864, tx_failed=29628, cca_idle_pct=81
05-03 13:09:35.282  1282  1282 I main.wifi_score: dump_wifi_score_ctxt(): last_tx_stats: sgi=0, pream=1, mcs=5, ss=2, bw=0
05-03 13:09:37.590   321 18051 I Node    : dolby-audio-meter, AdapterPcmSystem adapter audio meter: channel 0; audio level: 0.000
05-03 13:09:37.590   321 18051 I Node    : dolby-audio-meter, AdapterPcmSystem adapter audio meter: channel 1; audio level: 0.000
05-03 13:09:37.590   321 18051 I Node    : dolby-audio-meter, AdapterPcmOut adapter audio meter: channel 0; audio level: 0.000
05-03 13:09:37.590   321 18051 I Node    : dolby-audio-meter, AdapterPcmOut adapter audio meter: channel 1; audio level: 0.000
05-03 13:09:38.179  1282  1282 I main.wifi_score: dump_wifi_score_ctxt(): is2g=1, is11ac=0, is11ax=0, chan_bw=20, nss=2, bcn_rssi=-30, data_rssi=-36, tx_ok=11866, tx_failed=29643, cca_idle_pct=81
05-03 13:09:38.179  1282  1282 I main.wifi_score: dump_wifi_score_ctxt(): last_tx_stats: sgi=0, pream=1, mcs=5, ss=2, bw=0
05-03 13:09:38.179  1282  1282 I main.wifi_score: rate correction orig per/mcs/bw 88/5/0, new per/mcs/bw 28/3/0
05-03 13:09:38.179  1282  1282 I main.wifi_score: cca_idle 52%, bcn_rssi -30, data_rssi -36, per 28% (ok=2, failed=15), N MCS 3, BW 0 SS 2  52mbps, AMPDU length 16, dur 5105us UDP tput 18mbps.
05-03 13:09:38.179  1282  1282 I main.wifi_score: Score 3, mcs 36 (phyrate cur/min/avg/max= 52/6/58/130 mbps), expected  UDP throughput cur/min/avg/max= 18/1/22/82 mbps.
05-03 13:09:41.489   528   733 W MediaCodecDenylist: Ota group not found for 3920 tries
05-03 13:09:42.182  1282  1282 I main.wifi_score: dump_wifi_score_ctxt(): is2g=1, is11ac=0, is11ax=0, chan_bw=20, nss=2, bcn_rssi=-31, data_rssi=-35, tx_ok=11866, tx_failed=29643, cca_idle_pct=81
05-03 13:09:42.182  1282  1282 I main.wifi_score: dump_wifi_score_ctxt(): last_tx_stats: sgi=0, pream=1, mcs=5, ss=2, bw=0
05-03 13:09:46.181  1282  1282 I main.wifi_score: dump_wifi_score_ctxt(): is2g=1, is11ac=0, is11ax=0, chan_bw=20, nss=2, bcn_rssi=-31, data_rssi=-36, tx_ok=11866, tx_failed=29643, cca_idle_pct=81
05-03 13:09:46.181  1282  1282 I main.wifi_score: dump_wifi_score_ctxt(): last_tx_stats: sgi=0, pream=1, mcs=5, ss=2, bw=0
05-03 13:09:47.606   321 18051 I Node    : dolby-audio-meter, AdapterPcmSystem adapter audio meter: channel 0; audio level: 0.000
05-03 13:09:47.606   321 18051 I Node    : dolby-audio-meter, AdapterPcmSystem adapter audio meter: channel 1; audio level: 0.000
05-03 13:09:47.606   321 18051 I Node    : dolby-audio-meter, AdapterPcmOut adapter audio meter: channel 0; audio level: 0.000
05-03 13:09:47.606   321 18051 I Node    : dolby-audio-meter, AdapterPcmOut adapter audio meter: channel 1; audio level: 0.000
05-03 13:09:50.181  1282  1282 I main.wifi_score: dump_wifi_score_ctxt(): is2g=1, is11ac=0, is11ax=0, chan_bw=20, nss=2, bcn_rssi=-30, data_rssi=-37, tx_ok=11867, tx_failed=29660, cca_idle_pct=81
05-03 13:09:50.181  1282  1282 I main.wifi_score: dump_wifi_score_ctxt(): last_tx_stats: sgi=0, pream=1, mcs=5, ss=2, bw=0
05-03 13:09:50.181  1282  1282 I main.wifi_score: rate correction orig per/mcs/bw 94/5/0, new per/mcs/bw 4/2/0
05-03 13:09:50.689  1602 22726 I chatty  : uid=10163(com.amazon.vizzini) expire 1 line
05-03 13:09:55.282  1282  1282 I main.wifi_score: dump_wifi_score_ctxt(): is2g=1, is11ac=0, is11ax=0, chan_bw=20, nss=2, bcn_rssi=-33, data_rssi=-37, tx_ok=11867, tx_failed=29677, cca_idle_pct=78
05-03 13:09:55.282  1282  1282 I main.wifi_score: dump_wifi_score_ctxt(): last_tx_stats: sgi=0, pream=1, mcs=5, ss=2, bw=0
05-03 13:09:55.282  1282  1282 I main.wifi_score: rate correction orig per/mcs/bw 100/5/0, new per/mcs/bw 10/2/0
05-03 13:09:57.409  1237  1532 I BatchCreator: enqueueBatchForTransmission - enqueueBatchForTransmission;
05-03 13:09:57.429  1237  1532 I BoundedBatchFileQueue: batch file added: 1777824597426_us-east-1_0001
05-03 13:09:57.622   321 18051 I Node    : dolby-audio-meter, AdapterPcmSystem adapter audio meter: channel 0; audio level: 0.000
05-03 13:09:57.622   321 18051 I Node    : dolby-audio-meter, AdapterPcmSystem adapter audio meter: channel 1; audio level: 0.000
05-03 13:09:57.622   321 18051 I Node    : dolby-audio-meter, AdapterPcmOut adapter audio meter: channel 0; audio level: 0.000
05-03 13:09:57.622   321 18051 I Node    : dolby-audio-meter, AdapterPcmOut adapter audio meter: channel 1; audio level: 0.000
05-03 13:09:58.180  1282  1282 I main.wifi_score: dump_wifi_score_ctxt(): is2g=1, is11ac=0, is11ax=0, chan_bw=20, nss=2, bcn_rssi=-34, data_rssi=-37, tx_ok=11867, tx_failed=29677, cca_idle_pct=78
05-03 13:09:58.180  1282  1282 I main.wifi_score: dump_wifi_score_ctxt(): last_tx_stats: sgi=0, pream=0, mcs=6, ss=0, bw=0
05-03 13:10:02.180  1282  1282 I main.wifi_score: dump_wifi_score_ctxt(): is2g=1, is11ac=0, is11ax=0, chan_bw=20, nss=2, bcn_rssi=-32, data_rssi=-37, tx_ok=11867, tx_failed=29677, cca_idle_pct=78
05-03 13:10:02.180  1282  1282 I main.wifi_score: dump_wifi_score_ctxt(): last_tx_stats: sgi=0, pream=0, mcs=1, ss=0, bw=0
05-03 13:10:06.181  1282  1282 I main.wifi_score: dump_wifi_score_ctxt(): is2g=1, is11ac=0, is11ax=0, chan_bw=20, nss=2, bcn_rssi=-33, data_rssi=-37, tx_ok=11868, tx_failed=29694, cca_idle_pct=78
05-03 13:10:06.181  1282  1282 I main.wifi_score: dump_wifi_score_ctxt(): last_tx_stats: sgi=0, pream=0, mcs=6, ss=0, bw=0
05-03 13:10:07.638   321 18051 I Node    : dolby-audio-meter, AdapterPcmSystem adapter audio meter: channel 0; audio level: 0.000
05-03 13:10:07.638   321 18051 I Node    : dolby-audio-meter, AdapterPcmSystem adapter audio meter: channel 1; audio level: 0.000
05-03 13:10:07.638   321 18051 I Node    : dolby-audio-meter, AdapterPcmOut adapter audio meter: channel 0; audio level: 0.000
05-03 13:10:07.638   321 18051 I Node    : dolby-audio-meter, AdapterPcmOut adapter audio meter: channel 1; audio level: 0.000
05-03 13:10:10.182  1282  1282 I main.wifi_score: dump_wifi_score_ctxt(): is2g=1, is11ac=0, is11ax=0, chan_bw=20, nss=2, bcn_rssi=-33, data_rssi=-39, tx_ok=11868, tx_failed=29694, cca_idle_pct=78
05-03 13:10:10.182  1282  1282 I main.wifi_score: dump_wifi_score_ctxt(): last_tx_stats: sgi=0, pream=0, mcs=24, ss=0, bw=0
05-03 13:10:12.750  1728  2076 I DiebusMetrics: Starting reporting metrics
05-03 13:10:12.750  1728  2076 I DiebusMetrics: End reporting metrics
05-03 13:10:13.649  1728  2017 I DiebusMetrics: Starting reporting metrics
05-03 13:10:13.649  1728  2017 I DiebusMetrics: End reporting metrics
05-03 13:10:15.281  1282  1282 I main.wifi_score: dump_wifi_score_ctxt(): is2g=1, is11ac=0, is11ax=0, chan_bw=20, nss=2, bcn_rssi=-33, data_rssi=-40, tx_ok=11868, tx_failed=29728, cca_idle_pct=80
05-03 13:10:15.281  1282  1282 I main.wifi_score: dump_wifi_score_ctxt(): last_tx_stats: sgi=0, pream=0, mcs=24, ss=0, bw=0
05-03 13:10:17.654   321 18051 I Node    : dolby-audio-meter, AdapterPcmSystem adapter audio meter: channel 0; audio level: 0.000
05-03 13:10:17.654   321 18051 I Node    : dolby-audio-meter, AdapterPcmSystem adapter audio meter: channel 1; audio level: 0.000
05-03 13:10:17.654   321 18051 I Node    : dolby-audio-meter, AdapterPcmOut adapter audio meter: channel 0; audio level: 0.000
05-03 13:10:17.654   321 18051 I Node    : dolby-audio-meter, AdapterPcmOut adapter audio meter: channel 1; audio level: 0.000
05-03 13:10:18.180  1282  1282 I main.wifi_score: dump_wifi_score_ctxt(): is2g=1, is11ac=0, is11ax=0, chan_bw=20, nss=2, bcn_rssi=-31, data_rssi=-37, tx_ok=11868, tx_failed=29728, cca_idle_pct=80
05-03 13:10:18.180  1282  1282 I main.wifi_score: dump_wifi_score_ctxt(): last_tx_stats: sgi=0, pream=0, mcs=1, ss=0, bw=0
05-03 13:10:22.181  1282  1282 I main.wifi_score: dump_wifi_score_ctxt(): is2g=1, is11ac=0, is11ax=0, chan_bw=20, nss=2, bcn_rssi=-31, data_rssi=-37, tx_ok=11868, tx_failed=29728, cca_idle_pct=80
05-03 13:10:22.181  1282  1282 I main.wifi_score: dump_wifi_score_ctxt(): last_tx_stats: sgi=0, pream=1, mcs=7, ss=2, bw=0
05-03 13:10:22.181  1282  1282 I main.wifi_score: rate correction orig per/mcs/bw 98/7/0, new per/mcs/bw 8/4/0
05-03 13:10:22.181  1282  1282 I main.wifi_score: cca_idle 51%, bcn_rssi -31, data_rssi -37, per 8% (ok=1, failed=51), N MCS 4, BW 0 SS 2  78mbps, AMPDU length 16, dur 2917us UDP tput 32mbps.
05-03 13:10:22.181  1282  1282 I main.wifi_score: Score 3, mcs 54 (phyrate cur/min/avg/max= 78/6/68/130 mbps), expected  UDP throughput cur/min/avg/max= 32/1/27/82 mbps.
05-03 13:10:26.180  1282  1282 I main.wifi_score: dump_wifi_score_ctxt(): is2g=1, is11ac=0, is11ax=0, chan_bw=20, nss=2, bcn_rssi=-32, data_rssi=-37, tx_ok=11868, tx_failed=29728, cca_idle_pct=80
05-03 13:10:26.180  1282  1282 I main.wifi_score: dump_wifi_score_ctxt(): last_tx_stats: sgi=0, pream=1, mcs=7, ss=2, bw=0
05-03 13:10:27.670   321 18051 I Node    : dolby-audio-meter, AdapterPcmSystem adapter audio meter: channel 0; audio level: 0.000
05-03 13:10:27.670   321 18051 I Node    : dolby-audio-meter, AdapterPcmSystem adapter audio meter: channel 1; audio level: 0.000
05-03 13:10:27.670   321 18051 I Node    : dolby-audio-meter, AdapterPcmOut adapter audio meter: channel 0; audio level: 0.000
05-03 13:10:27.670   321 18051 I Node    : dolby-audio-meter, AdapterPcmOut adapter audio meter: channel 1; audio level: 0.000
05-03 13:10:29.932   381   487 E storaged: getDiskStats failed with result NOT_SUPPORTED and size 0
05-03 13:10:30.181  1282  1282 I main.wifi_score: dump_wifi_score_ctxt(): is2g=1, is11ac=0, is11ax=0, chan_bw=20, nss=2, bcn_rssi=-36, data_rssi=-37, tx_ok=11868, tx_failed=29728, cca_idle_pct=80
05-03 13:10:30.181  1282  1282 I main.wifi_score: dump_wifi_score_ctxt(): last_tx_stats: sgi=0, pream=1, mcs=7, ss=2, bw=0
05-03 13:10:35.282  1282  1282 I main.wifi_score: dump_wifi_score_ctxt(): is2g=1, is11ac=0, is11ax=0, chan_bw=20, nss=2, bcn_rssi=-32, data_rssi=-37, tx_ok=11868, tx_failed=29745, cca_idle_pct=79
05-03 13:10:35.282  1282  1282 I main.wifi_score: dump_wifi_score_ctxt(): last_tx_stats: sgi=0, pream=1, mcs=7, ss=2, bw=0
05-03 13:10:35.282  1282  1282 I main.wifi_score: rate correction orig per/mcs/bw 100/7/0, new per/mcs/bw 10/4/0
05-03 13:10:35.282  1282  1282 E wlan_stats: rtnetlink recv failure
05-03 13:10:35.282  1282  1282 E wlan_stats: ERROR: Error fetching Kernel stats from driver
05-03 13:10:35.283  1282  1282 I wlan_stats: BMC Stats not supported on the chip
05-03 13:10:35.284  1282  1282 I main.wlan_stats: wlan0:rssi=-37;rssi2=-39;noise=-90;noise2=-81;s_channel=1;txframes=41613;txfails=29745;txper=71%;txaggr=9 0 0 0 0 0 0 0;rxframes=11478;rxcrc=297191;rxper=96.2%;rxdrop=0;phymod=N;phyrate=130;lasttxrate=MCS15_BW20;lastrxrate=MCS15_BW20;
05-03 13:10:35.284  1282  1282 I main.wlan_stats: tx_packets=0;tx_bytes=0;tx_errors=0;tx_dropped=0;rx_packets=0;rx_bytes=0;rx_errors=0;rx_dropped=0;
05-03 13:10:35.284  1282  1282 I main.wlan_stats: max_rssi=-20;min_rssi=-85;max_noise=-90;min_noise=-90;noise histogram=78 54 573 1376 3376 7867 5884 5761 15782 43947 15836;
05-03 13:10:35.284  1282  1282 I main.wlan_stats: ch_busy=21%;ch_idle=79%;ch_tx=0%;ch_rx=0%;total=992676;busy=209046;my_tx=0;my_rx=0;tx_ok=0%;tx_fail=0%;tx_retry=0%;rx_ok=0%;rx_fcs=100%;tx_ok=0;tx_fail=0;txretry=0;rx_ok=0;rx_fcs=33;cck_false=151;cck_crc=1;ofdm_false=92;ofdm_crc=4;
05-03 13:10:35.284  1282  1282 I main.wlan_stats: TXRATE=1M, BW20, LP, CCK, BCC ; PER=0; PERCNT=100%;RXRATE=MCS15, BW20, SGI, MM, LDPC; PERCNT=100%;
05-03 13:10:35.284  1282  1282 I main.wlan_stats: process metric stats: num of samples69; beacon rssi: ins=-32, avg=-33; data rssi: ins=-37, avg=-40; data rssi2: ins=-39, avg=-42; noise:  ins=-90, avg=-90; noise2:  ins=-81, avg=-82; idle per: ins=79, sum=4878; max idle per: 83; min idle per: 12; 
05-03 13:10:37.686   321 18051 I Node    : dolby-audio-meter, AdapterPcmSystem adapter audio meter: channel 0; audio level: 0.000
05-03 13:10:37.686   321 18051 I Node    : dolby-audio-meter, AdapterPcmSystem adapter audio meter: channel 1; audio level: 0.000
05-03 13:10:37.686   321 18051 I Node    : dolby-audio-meter, AdapterPcmOut adapter audio meter: channel 0; audio level: 0.000
05-03 13:10:37.686   321 18051 I Node    : dolby-audio-meter, AdapterPcmOut adapter audio meter: channel 1; audio level: 0.000
05-03 13:10:38.179  1282  1282 I main.wifi_score: dump_wifi_score_ctxt(): is2g=1, is11ac=0, is11ax=0, chan_bw=20, nss=2, bcn_rssi=-32, data_rssi=-37, tx_ok=11870, tx_failed=29760, cca_idle_pct=79
05-03 13:10:38.179  1282  1282 I main.wifi_score: dump_wifi_score_ctxt(): last_tx_stats: sgi=0, pream=1, mcs=7, ss=2, bw=0
05-03 13:10:38.179  1282  1282 I main.wifi_score: rate correction orig per/mcs/bw 88/7/0, new per/mcs/bw 28/5/0
05-03 13:10:42.182  1282  1282 I main.wifi_score: dump_wifi_score_ctxt(): is2g=1, is11ac=0, is11ax=0, chan_bw=20, nss=2, bcn_rssi=-36, data_rssi=-37, tx_ok=11870, tx_failed=29760, cca_idle_pct=79
05-03 13:10:42.182  1282  1282 I main.wifi_score: dump_wifi_score_ctxt(): last_tx_stats: sgi=0, pream=0, mcs=6, ss=0, bw=0
05-03 13:10:42.289   528   733 W MediaCodecDenylist: Ota group not found for 3940 tries
05-03 13:10:46.181  1282  1282 I main.wifi_score: dump_wifi_score_ctxt(): is2g=1, is11ac=0, is11ax=0, chan_bw=20, nss=2, bcn_rssi=-32, data_rssi=-38, tx_ok=11870, tx_failed=29760, cca_idle_pct=79
05-03 13:10:46.181  1282  1282 I main.wifi_score: dump_wifi_score_ctxt(): last_tx_stats: sgi=0, pream=0, mcs=24, ss=0, bw=0
05-03 13:10:47.702   321 18051 I Node    : dolby-audio-meter, AdapterPcmSystem adapter audio meter: channel 0; audio level: 0.000
05-03 13:10:47.702   321 18051 I Node    : dolby-audio-meter, AdapterPcmSystem adapter audio meter: channel 1; audio level: 0.000
05-03 13:10:47.702   321 18051 I Node    : dolby-audio-meter, AdapterPcmOut adapter audio meter: channel 0; audio level: 0.000
05-03 13:10:47.702   321 18051 I Node    : dolby-audio-meter, AdapterPcmOut adapter audio meter: channel 1; audio level: 0.000
05-03 13:10:50.180  1282  1282 I main.wifi_score: dump_wifi_score_ctxt(): is2g=1, is11ac=0, is11ax=0, chan_bw=20, nss=2, bcn_rssi=-30, data_rssi=-37, tx_ok=11870, tx_failed=29760, cca_idle_pct=79
05-03 13:10:50.180  1282  1282 I main.wifi_score: dump_wifi_score_ctxt(): last_tx_stats: sgi=0, pream=0, mcs=6, ss=0, bw=0
05-03 13:10:50.729  1602 22729 I chatty  : uid=10163(com.amazon.vizzini) expire 1 line
05-03 13:10:55.281  1282  1282 I main.wifi_score: dump_wifi_score_ctxt(): is2g=1, is11ac=0, is11ax=0, chan_bw=20, nss=2, bcn_rssi=-31, data_rssi=-37, tx_ok=11870, tx_failed=29794, cca_idle_pct=76
05-03 13:10:55.281  1282  1282 I main.wifi_score: dump_wifi_score_ctxt(): last_tx_stats: sgi=0, pream=0, mcs=6, ss=0, bw=0
05-03 13:10:57.718   321 18051 I Node    : dolby-audio-meter, AdapterPcmSystem adapter audio meter: channel 0; audio level: 0.000
05-03 13:10:57.718   321 18051 I Node    : dolby-audio-meter, AdapterPcmSystem adapter audio meter: channel 1; audio level: 0.000
05-03 13:10:57.718   321 18051 I Node    : dolby-audio-meter, AdapterPcmOut adapter audio meter: channel 0; audio level: 0.000
05-03 13:10:57.718   321 18051 I Node    : dolby-audio-meter, AdapterPcmOut adapter audio meter: channel 1; audio level: 0.000
05-03 13:10:58.180  1282  1282 I main.wifi_score: dump_wifi_score_ctxt(): is2g=1, is11ac=0, is11ax=0, chan_bw=20, nss=2, bcn_rssi=-32, data_rssi=-37, tx_ok=11870, tx_failed=29794, cca_idle_pct=76
05-03 13:10:58.180  1282  1282 I main.wifi_score: dump_wifi_score_ctxt(): last_tx_stats: sgi=0, pream=0, mcs=6, ss=0, bw=0
05-03 13:11:02.181  1282  1282 I main.wifi_score: dump_wifi_score_ctxt(): is2g=1, is11ac=0, is11ax=0, chan_bw=20, nss=2, bcn_rssi=-33, data_rssi=-37, tx_ok=11870, tx_failed=29794, cca_idle_pct=76
05-03 13:11:02.181  1282  1282 I main.wifi_score: dump_wifi_score_ctxt(): last_tx_stats: sgi=0, pream=0, mcs=1, ss=0, bw=0
05-03 13:11:06.180  1282  1282 I main.wifi_score: dump_wifi_score_ctxt(): is2g=1, is11ac=0, is11ax=0, chan_bw=20, nss=2, bcn_rssi=-30, data_rssi=-37, tx_ok=11870, tx_failed=29794, cca_idle_pct=76
05-03 13:11:06.181  1282  1282 I main.wifi_score: dump_wifi_score_ctxt(): last_tx_stats: sgi=0, pream=0, mcs=6, ss=0, bw=0
05-03 13:11:06.181  1282  1282 I main.wifi_score: score (5m, 1h): 0, 3 (idx 11)
05-03 13:11:06.181  1282  1282 I main.wifi_score: WAR Status: dbgTxRateCacheHitCnt=469
