05-03 09:54:15.593   363   363 I perfmonitord:SystemMemMonitor: mem_swap_total = 393212 Kb
05-03 09:54:15.593   363   363 I perfmonitord:SystemMemMonitor: mem_swap_free = 123272 Kb
05-03 09:54:15.593   363   363 I perfmonitord:SystemMemMonitor: mem_swap_uncompressed = 269940 Kb
05-03 09:54:15.593   363   363 I perfmonitord:SystemMemMonitor: zram_mem_used_kb = 104860 Kb
05-03 09:54:15.593   363   363 I perfmonitord:SystemMemMonitor: mem_shmem = 1124 Kb
05-03 09:54:15.593   363   363 I perfmonitord:SystemMemMonitor: mem_s_unreclaim = 44692 Kb
05-03 09:54:15.593   363   363 I perfmonitord:SystemMemMonitor: mem_kernel_stack = 16616 Kb
05-03 09:54:15.593   363   363 I perfmonitord:SystemMemMonitor: mem_page_tables = 38484 Kb
05-03 09:54:15.593   363   363 I perfmonitord:SystemMemMonitor: mem_other_free = 23280 Kb
05-03 09:54:15.593   363   363 I perfmonitord:SystemMemMonitor: mem_other_file = 247132 Kb
05-03 09:54:15.593   363   363 I perfmonitord:SystemMemMonitor: mem_ksm_pages_sharing = 0 Kb
05-03 09:54:15.593   363   363 I perfmonitord:SystemMemMonitor: mem_ksm_overhead = 0 Kb
05-03 09:54:15.593   363   363 I perfmonitord:SystemMemMonitor: mem_ksm_saving = 0 Kb
05-03 09:54:15.593   363   363 I perfmonitord:SystemMemMonitor: lmk_kills_backup = 0
05-03 09:54:15.593   363   363 I perfmonitord:SystemMemMonitor: lmk_kills_fg = 0
05-03 09:54:15.593   363   363 I perfmonitord:SystemMemMonitor: lmk_kills_other = 0
05-03 09:54:15.593   363   363 I perfmonitord:SystemMemMonitor: lmk_kills_perceptible = 0
05-03 09:54:15.593   363   363 I perfmonitord:SystemMemMonitor: lmk_kills_persistent = 0
05-03 09:54:15.593   363   363 I perfmonitord:SystemMemMonitor: lmk_kills_visible = 0
05-03 09:54:16.597   363   363 I perfmonitord: Current status: 
05-03 09:54:16.597   363   363 I perfmonitord: Benefits string: 
05-03 09:54:16.597   363   363 E perfmonitord:StatUtil: Error of parsing benefits string
05-03 09:54:17.601   363   363 I perfmonitord: Current status: 
05-03 09:54:17.602   363   363 I perfmonitord: Benefits string: 
05-03 09:54:17.602   363   363 E perfmonitord:StatUtil: Error of parsing benefits string
05-03 09:54:18.606   363   363 I perfmonitord: Current status: 
05-03 09:54:18.606   363   363 I perfmonitord: Benefits string: 
05-03 09:54:18.606   363   363 E perfmonitord:StatUtil: Error of parsing benefits string
05-03 09:54:18.606   363   363 I perfmonitord:DiskUsageMonitor: /system partition total space=1488192kB used space=1198784kB percent used=81%
05-03 09:54:18.606   363   363 I perfmonitord:DiskUsageMonitor: /system partition available space=273024kB available space percentage=18%
05-03 09:54:18.606   363   363 I perfmonitord:DiskUsageMonitor: /system partition free inodes=91036 total inodes=94656 free inodes percentage=96%
05-03 09:54:18.606   363   363 I perfmonitord:DiskUsageMonitor: /system partition available inodes=91036 total inodes=94656 available inodes percentage=96%
05-03 09:54:18.606   363   363 I perfmonitord:DiskUsageMonitor: /data partition total space=5221796kB used space=1851780kB percent used=35%
05-03 09:54:18.606   363   363 I perfmonitord:DiskUsageMonitor: /data partition available space=3246200kB available space percentage=62%
05-03 09:54:18.607   363   363 I perfmonitord:DiskUsageMonitor: /data partition free inodes=325762 total inodes=335872 free inodes percentage=97%
05-03 09:54:18.607   363   363 I perfmonitord:DiskUsageMonitor: /data partition available inodes=325762 total inodes=335872 available inodes percentage=97%
05-03 09:54:20.675   363  8781 I perfmonitord:ProcessRssMonitor: 
05-03 09:54:20.675   363  8781 I perfmonitord:ProcessRssMonitor: Process Name         PID   : RSS(kb)    RSWAP(kb)  Total RSS  
05-03 09:54:20.675   363  8781 I perfmonitord:ProcessRssMonitor: 
05-03 09:54:20.675   363  8781 I perfmonitord:ProcessRssMonitor: m.netflix.ninja      3404  : 59152      80076      139228    
05-03 09:54:20.701  5213  5213 E ActivityThread: Service com.amazon.alexa.externalmediaplayeragent.ExternalMediaPlayerAgentService has leaked ServiceConnection android.media.browse.MediaBrowser$MediaServiceConnection@7eecc02 that was originally bound here
05-03 09:54:20.701  5213  5213 E ActivityThread: android.app.ServiceConnectionLeaked: Service com.amazon.alexa.externalmediaplayeragent.ExternalMediaPlayerAgentService has leaked ServiceConnection android.media.browse.MediaBrowser$MediaServiceConnection@7eecc02 that was originally bound here
05-03 09:54:20.701  5213  5213 E ActivityThread: 	at android.app.LoadedApk$ServiceDispatcher.<init>(LoadedApk.java:1641)
05-03 09:54:20.701  5213  5213 E ActivityThread: 	at android.app.LoadedApk.getServiceDispatcher(LoadedApk.java:1533)
05-03 09:54:20.701  5213  5213 E ActivityThread: 	at android.app.ContextImpl.bindServiceCommon(ContextImpl.java:1703)
05-03 09:54:20.701  5213  5213 E ActivityThread: 	at android.app.ContextImpl.bindService(ContextImpl.java:1656)
05-03 09:54:20.701  5213  5213 E ActivityThread: 	at android.content.ContextWrapper.bindService(ContextWrapper.java:698)
05-03 09:54:20.701  5213  5213 E ActivityThread: 	at android.media.browse.MediaBrowser$1.run(MediaBrowser.java:187)
05-03 09:54:20.701  5213  5213 E ActivityThread: 	at android.os.Handler.handleCallback(Handler.java:873)
05-03 09:54:20.701  5213  5213 E ActivityThread: 	at android.os.Handler.dispatchMessage(Handler.java:99)
05-03 09:54:20.701  5213  5213 E ActivityThread: 	at android.os.Looper.loop(Looper.java:211)
05-03 09:54:20.701  5213  5213 E ActivityThread: 	at android.os.HandlerThread.run(HandlerThread.java:65)
05-03 09:54:20.709  5213  5213 E ActivityThread: Service com.amazon.alexa.externalmediaplayeragent.ExternalMediaPlayerAgentService has leaked ServiceConnection amazon.speech.simclient.event.EventClient$1@92ec36e that was originally bound here
05-03 09:54:20.709  5213  5213 E ActivityThread: android.app.ServiceConnectionLeaked: Service com.amazon.alexa.externalmediaplayeragent.ExternalMediaPlayerAgentService has leaked ServiceConnection amazon.speech.simclient.event.EventClient$1@92ec36e that was originally bound here
05-03 09:54:20.709  5213  5213 E ActivityThread: 	at android.app.LoadedApk$ServiceDispatcher.<init>(LoadedApk.java:1641)
05-03 09:54:20.709  5213  5213 E ActivityThread: 	at android.app.LoadedApk.getServiceDispatcher(LoadedApk.java:1533)
05-03 09:54:20.709  5213  5213 E ActivityThread: 	at android.app.ContextImpl.bindServiceCommon(ContextImpl.java:1703)
05-03 09:54:20.709  5213  5213 E ActivityThread: 	at android.app.ContextImpl.bindService(ContextImpl.java:1656)
05-03 09:54:20.709  5213  5213 E ActivityThread: 	at android.content.ContextWrapper.bindService(ContextWrapper.java:698)
05-03 09:54:20.709  5213  5213 E ActivityThread: 	at amazon.speech.simclient.common.ServiceConnectionManager.bindCommon(ServiceConnectionManager.java:325)
05-03 09:54:20.709  5213  5213 E ActivityThread: 	at amazon.speech.simclient.common.AsyncServiceConnectionManager$1.run(AsyncServiceConnectionManager.java:78)
05-03 09:54:20.709  5213  5213 E ActivityThread: 	at java.util.concurrent.ThreadPoolExecutor.runWorker(ThreadPoolExecutor.java:1167)
05-03 09:54:20.709  5213  5213 E ActivityThread: 	at java.util.concurrent.ThreadPoolExecutor$Worker.run(ThreadPoolExecutor.java:641)
05-03 09:54:20.709  5213  5213 E ActivityThread: 	at java.lang.Thread.run(Thread.java:764)
05-03 09:54:20.713  5213  5213 E ActivityThread: Service com.amazon.alexa.externalmediaplayeragent.ExternalMediaPlayerAgentService has leaked ServiceConnection amazon.speech.simclient.context.ContextClient$1@aa9ab41 that was originally bound here
05-03 09:54:20.713  5213  5213 E ActivityThread: android.app.ServiceConnectionLeaked: Service com.amazon.alexa.externalmediaplayeragent.ExternalMediaPlayerAgentService has leaked ServiceConnection amazon.speech.simclient.context.ContextClient$1@aa9ab41 that was originally bound here
05-03 09:54:20.713  5213  5213 E ActivityThread: 	at android.app.LoadedApk$ServiceDispatcher.<init>(LoadedApk.java:1641)
05-03 09:54:20.713  5213  5213 E ActivityThread: 	at android.app.LoadedApk.getServiceDispatcher(LoadedApk.java:1533)
05-03 09:54:20.713  5213  5213 E ActivityThread: 	at android.app.ContextImpl.bindServiceCommon(ContextImpl.java:1703)
05-03 09:54:20.713  5213  5213 E ActivityThread: 	at android.app.ContextImpl.bindService(ContextImpl.java:1656)
05-03 09:54:20.713  5213  5213 E ActivityThread: 	at android.content.ContextWrapper.bindService(ContextWrapper.java:698)
05-03 09:54:20.713  5213  5213 E ActivityThread: 	at amazon.speech.simclient.common.ServiceConnectionManager.bindCommon(ServiceConnectionManager.java:325)
05-03 09:54:20.713  5213  5213 E ActivityThread: 	at amazon.speech.simclient.common.AsyncServiceConnectionManager$1.run(AsyncServiceConnectionManager.java:78)
05-03 09:54:20.713  5213  5213 E ActivityThread: 	at java.util.concurrent.ThreadPoolExecutor.runWorker(ThreadPoolExecutor.java:1167)
05-03 09:54:20.713  5213  5213 E ActivityThread: 	at java.util.concurrent.ThreadPoolExecutor$Worker.run(ThreadPoolExecutor.java:641)
05-03 09:54:20.713  5213  5213 E ActivityThread: 	at java.lang.Thread.run(Thread.java:764)
05-03 09:54:20.717  5213  5213 E ActivityThread: Service com.amazon.alexa.externalmediaplayeragent.ExternalMediaPlayerAgentService has leaked ServiceConnection amazon.speech.simclient.directive.DirectiveClient$2@bc6bb00 that was originally bound here
05-03 09:54:20.717  5213  5213 E ActivityThread: android.app.ServiceConnectionLeaked: Service com.amazon.alexa.externalmediaplayeragent.ExternalMediaPlayerAgentService has leaked ServiceConnection amazon.speech.simclient.directive.DirectiveClient$2@bc6bb00 that was originally bound here
05-03 09:54:20.717  5213  5213 E ActivityThread: 	at android.app.LoadedApk$ServiceDispatcher.<init>(LoadedApk.java:1641)
05-03 09:54:20.717  5213  5213 E ActivityThread: 	at android.app.LoadedApk.getServiceDispatcher(LoadedApk.java:1533)
05-03 09:54:20.717  5213  5213 E ActivityThread: 	at android.app.ContextImpl.bindServiceCommon(ContextImpl.java:1703)
05-03 09:54:20.717  5213  5213 E ActivityThread: 	at android.app.ContextImpl.bindService(ContextImpl.java:1656)
05-03 09:54:20.717  5213  5213 E ActivityThread: 	at android.content.ContextWrapper.bindService(ContextWrapper.java:698)
05-03 09:54:20.717  5213  5213 E ActivityThread: 	at amazon.speech.simclient.common.ServiceConnectionManager.bindCommon(ServiceConnectionManager.java:325)
05-03 09:54:20.717  5213  5213 E ActivityThread: 	at amazon.speech.simclient.common.AsyncServiceConnectionManager$1.run(AsyncServiceConnectionManager.java:78)
05-03 09:54:20.717  5213  5213 E ActivityThread: 	at java.util.concurrent.ThreadPoolExecutor.runWorker(ThreadPoolExecutor.java:1167)
05-03 09:54:20.717  5213  5213 E ActivityThread: 	at java.util.concurrent.ThreadPoolExecutor$Worker.run(ThreadPoolExecutor.java:641)
05-03 09:54:20.717  5213  5213 E ActivityThread: 	at java.lang.Thread.run(Thread.java:764)
05-03 09:54:20.720  5213  5213 E ActivityThread: Service com.amazon.alexa.externalmediaplayeragent.ExternalMediaPlayerAgentService has leaked ServiceConnection amazon.speech.simclient.focus.ExplicitFocusClient$1@eb657c5 that was originally bound here
05-03 09:54:20.720  5213  5213 E ActivityThread: android.app.ServiceConnectionLeaked: Service com.amazon.alexa.externalmediaplayeragent.ExternalMediaPlayerAgentService has leaked ServiceConnection amazon.speech.simclient.focus.ExplicitFocusClient$1@eb657c5 that was originally bound here
05-03 09:54:20.720  5213  5213 E ActivityThread: 	at android.app.LoadedApk$ServiceDispatcher.<init>(LoadedApk.java:1641)
05-03 09:54:20.720  5213  5213 E ActivityThread: 	at android.app.LoadedApk.getServiceDispatcher(LoadedApk.java:1533)
05-03 09:54:20.720  5213  5213 E ActivityThread: 	at android.app.ContextImpl.bindServiceCommon(ContextImpl.java:1703)
05-03 09:54:20.720  5213  5213 E ActivityThread: 	at android.app.ContextImpl.bindService(ContextImpl.java:1656)
05-03 09:54:20.720  5213  5213 E ActivityThread: 	at android.content.ContextWrapper.bindService(ContextWrapper.java:698)
05-03 09:54:20.720  5213  5213 E ActivityThread: 	at amazon.speech.simclient.common.ServiceConnectionManager.bindCommon(ServiceConnectionManager.java:325)
05-03 09:54:20.720  5213  5213 E ActivityThread: 	at amazon.speech.simclient.common.AsyncServiceConnectionManager$1.run(AsyncServiceConnectionManager.java:78)
05-03 09:54:20.720  5213  5213 E ActivityThread: 	at java.util.concurrent.ThreadPoolExecutor.runWorker(ThreadPoolExecutor.java:1167)
05-03 09:54:20.720  5213  5213 E ActivityThread: 	at java.util.concurrent.ThreadPoolExecutor$Worker.run(ThreadPoolExecutor.java:641)
05-03 09:54:20.720  5213  5213 E ActivityThread: 	at java.lang.Thread.run(Thread.java:764)
05-03 09:54:21.675   363  8781 I perfmonitord:ProcessRssMonitor: system_server        528   : 111024     11012      122036    
05-03 09:54:22.675   363  8781 I perfmonitord:ProcessRssMonitor: .amazon.venezia      8149  : 107268     5940       113208    
05-03 09:54:23.675   363  8781 I perfmonitord:ProcessRssMonitor: .tv.settings.v2      7963  : 83540      13516      97056     
05-03 09:54:24.675   363  8781 I perfmonitord:ProcessRssMonitor: s.kindleconnect      8631  : 86504      5700       92204     
05-03 09:54:25.474   381   487 E storaged: getDiskStats failed with result NOT_SUPPORTED and size 0
05-03 09:54:25.676   363  8781 I perfmonitord:ProcessRssMonitor: device.services      833   : 83204      8560       91764     
05-03 09:54:26.676   363  8781 I perfmonitord:ProcessRssMonitor: zon.tv.launcher      1728  : 75268      15888      91156     
05-03 09:54:27.676   363  8781 I perfmonitord:ProcessRssMonitor: com.amazon.adep      8722  : 85284      5692       90976     
05-03 09:54:28.676   363  8781 I perfmonitord:ProcessRssMonitor: .amazon.firebat      2968  : 77652      13304      90956     
05-03 09:54:29.676   363  8781 I perfmonitord:ProcessRssMonitor: .bueller.photos      8352  : 81328      5576       86904     
05-03 09:54:30.676   363  8781 I perfmonitord:ProcessRssMonitor: .amazon.vizzini      1602  : 75776      9516       85292     
05-03 09:54:31.677   363  8781 I perfmonitord:ProcessRssMonitor: .service:remote      8017  : 72800      6952       79752     
05-03 09:54:32.677   363  8781 I perfmonitord:ProcessRssMonitor: storage.manager      8581  : 70932      5868       76800     
05-03 09:54:33.677   363  8781 I perfmonitord:ProcessRssMonitor: om.amazon.logan      8658  : 69504      5888       75392     
05-03 09:54:34.677   363  8781 I perfmonitord:ProcessRssMonitor: id.proxyhandler      8029  : 66012      6248       72260     
05-03 09:54:35.677   363  8781 I perfmonitord:ProcessRssMonitor: ce.software.ota      8094  : 63904      7908       71812     
05-03 09:54:36.677   363  8781 I perfmonitord:ProcessRssMonitor: xanotifications      8517  : 64364      5964       70328     
05-03 09:54:37.678   363  8781 I perfmonitord:ProcessRssMonitor: com.amazon.aca       7295  : 57900      10276      68176     
05-03 09:54:38.678   363  8781 I perfmonitord:ProcessRssMonitor: ce.sale.service      3841  : 59396      7932       67328     
05-03 09:54:39.678   363  8781 I perfmonitord:ProcessRssMonitor: s.sdk.ftve.addp      8763  : 60764      6072       66836     
05-03 09:54:40.678   363  8781 I perfmonitord:ProcessRssMonitor: iders.downloads      8334  : 60632      5952       66584     
05-03 09:54:41.678   363  8781 I perfmonitord:ProcessRssMonitor: untime.ftv:smbs      5281  : 56944      9168       66112     
05-03 09:54:42.678   363  8781 I perfmonitord:ProcessRssMonitor: on.avsyncslider      8486  : 59080      5996       65076     
05-03 09:54:43.679   363  8781 I perfmonitord:ProcessRssMonitor: on.device.blepa      7564  : 56220      7716       63936     
05-03 09:54:44.679   363  8781 I perfmonitord:ProcessRssMonitor: v.settings.core      8082  : 54912      7420       62332     
05-03 09:54:45.679   363  8781 I perfmonitord:ProcessRssMonitor: yer.runtime.ftv      3621  : 51720      9108       60828     
05-03 09:54:46.679   363  8781 I perfmonitord:ProcessRssMonitor: .amazon.ceviche      2211  : 51744      7348       59092     
05-03 09:54:47.679   363  8781 I perfmonitord:ProcessRssMonitor: nk.core.android      5018  : 50584      8080       58664     
05-03 09:54:48.680   363  8781 I perfmonitord:ProcessRssMonitor: .client.metrics      1237  : 51308      6780       58088     
05-03 09:54:49.680   363  8781 I perfmonitord:ProcessRssMonitor: iaplayer.fireos      5213  : 45992      10296      56288     
05-03 09:54:50.680   363  8781 I perfmonitord:ProcessRssMonitor: droid.bluetooth      788   : 48436      7204       55640     
05-03 09:54:51.680   363  8781 I perfmonitord:ProcessRssMonitor: ivitycontroller      2379  : 48736      6756       55492     
05-03 09:54:52.680   363  8781 I perfmonitord:ProcessRssMonitor: evice.messaging      1214  : 44668      10708      55376     
05-03 09:54:53.680   363  8781 I perfmonitord:ProcessRssMonitor: m.amazon.tv.ime      803   : 46012      9100       55112     
05-03 09:54:54.681   363  8781 I perfmonitord:ProcessRssMonitor: om.amazon.tcomm      1621  : 44312      10560      54872     
05-03 09:54:55.681   363  8781 I perfmonitord:ProcessRssMonitor: com.amazon.whad      1628  : 42536      11084      53620     
05-03 09:54:56.681   363  8781 I perfmonitord:ProcessRssMonitor: com.amazon.imp       941   : 46828      6680       53508     
05-03 09:54:57.681   363  8781 I perfmonitord:ProcessRssMonitor: n.middleware.np      3120  : 41572      10012      51584     
05-03 09:54:58.681   363  8781 I perfmonitord:ProcessRssMonitor: .rdmapplication      2473  : 38500      8464       46964     
05-03 09:54:59.681   363  8781 I perfmonitord:ProcessRssMonitor: main                 273   : 39536      7236       46772     
05-03 09:55:00.682   363  8781 I perfmonitord:ProcessRssMonitor: id.ext.services      1136  : 38700      7924       46624     
05-03 09:55:01.682   363  8781 I perfmonitord:ProcessRssMonitor: ryconfigservice      2423  : 37720      7884       45604     
05-03 09:55:02.682   363  8781 I perfmonitord:ProcessRssMonitor: n.systemnotices      3503  : 35648      7796       43444     
05-03 09:55:03.682   363  8781 I perfmonitord:ProcessRssMonitor: webview_zygote       843   : 26220      10908      37128     
05-03 09:55:04.682   363  8781 I perfmonitord:ProcessRssMonitor: audio@2.0-servi      321   : 4284       5912       10196     
05-03 09:55:05.682   363  8781 I perfmonitord:ProcessRssMonitor: surfaceflinger       346   : 6940       2340       9280      
05-03 09:55:06.683   363  8781 I perfmonitord:ProcessRssMonitor: logd                 215   : 5428       1940       7368      
05-03 09:55:07.683   363  8781 I perfmonitord:ProcessRssMonitor: audioserver          344   : 4324       2868       7192      
05-03 09:55:08.683   363  8781 I perfmonitord:ProcessRssMonitor: mediaserver          379   : 3364       2296       5660      
05-03 09:55:09.683   363  8781 I perfmonitord:ProcessRssMonitor: omx@1.0-service      388   : 2584       2576       5160      
05-03 09:55:10.683   363  8781 I perfmonitord:ProcessRssMonitor: mediaextractor       377   : 2968       2132       5100      
05-03 09:55:11.683   363  8781 I perfmonitord:ProcessRssMonitor: keystore             375   : 4116       640        4756      
05-03 09:55:12.684   363  8781 I perfmonitord:ProcessRssMonitor: cameraserver         368   : 3188       1516       4704      
05-03 09:55:13.684   363  8781 I perfmonitord:ProcessRssMonitor: composer@2.1-se      312   : 3280       1288       4568      
05-03 09:55:14.684   363  8781 I perfmonitord:ProcessRssMonitor: mediametrics         378   : 3112       1436       4548      
05-03 09:55:15.684   363  8781 I perfmonitord:ProcessRssMonitor: drmserver            371   : 3036       1492       4528      
05-03 09:55:16.684   363  8781 I perfmonitord:ProcessRssMonitor: per.dataservice      4238  : 2336       1992       4328      
05-03 09:55:17.684   363  8781 I perfmonitord:ProcessRssMonitor: hwservicemanage      218   : 3672       492        4164      
05-03 09:55:18.685   363  8781 I perfmonitord:ProcessRssMonitor: v.devicecontrol      1376  : 3488       652        4140      
05-03 09:55:19.685   363  8781 I perfmonitord:ProcessRssMonitor: /system/bin/installd 373   : 3100       1012       4112      
05-03 09:55:20.685   363  8781 I perfmonitord:ProcessRssMonitor: /system/bin/vold     221   : 2960       944        3904      
05-03 09:55:21.685   363  8781 I perfmonitord:ProcessRssMonitor: allocator@2.0-s      311   : 2884       980        3864      
05-03 09:55:22.685   363  8781 I perfmonitord:ProcessRssMonitor: perfmonitord         363   : 3260       540        3800      
05-03 09:55:23.686   363  8781 I perfmonitord:ProcessRssMonitor: wificond             382   : 3140       640        3780      
05-03 09:55:24.686   363  8781 I perfmonitord:ProcessRssMonitor: drm@1.1-service      309   : 2544       1188       3732      
05-03 09:55:25.476   381   487 E storaged: getDiskStats failed with result NOT_SUPPORTED and size 0
05-03 09:55:25.686   363  8781 I perfmonitord:ProcessRssMonitor: /system/bin/statsd   380   : 2984       728        3712      
05-03 09:55:26.686   363  8781 I perfmonitord:ProcessRssMonitor: storaged             381   : 2736       960        3696      
05-03 09:55:27.686   363  8781 I perfmonitord:ProcessRssMonitor: avsyncservice        393   : 2512       1176       3688      
05-03 09:55:28.686   363  8781 I perfmonitord:ProcessRssMonitor: inlocservice         262   : 2764       920        3684      
05-03 09:55:29.687   363  8781 I perfmonitord:ProcessRssMonitor: /system/bin/netd     272   : 2880       784        3664      
05-03 09:55:30.687   363  8781 I perfmonitord:ProcessRssMonitor: perfstatsd           359   : 2840       820        3660      
05-03 09:55:31.687   363  8781 I perfmonitord:ProcessRssMonitor: mediadrmserver       376   : 2752       900        3652      
05-03 09:55:32.687   363  8781 I perfmonitord:ProcessRssMonitor: /system/bin/amazonfiled 366   : 2724       708        3432      
05-03 09:55:33.687   363  8781 I perfmonitord:ProcessRssMonitor: keymaster@3.0-s      220   : 2860       548        3408      
05-03 09:55:34.687   363  8781 I perfmonitord:ProcessRssMonitor: /system/bin/incidentd 372   : 2684       716        3400      
05-03 09:55:35.688   363  8781 I perfmonitord:ProcessRssMonitor: cloud_pairing_s      260   : 2512       800        3312      
05-03 09:55:36.688   363  8781 I perfmonitord:ProcessRssMonitor: thermalserviced      347   : 2636       676        3312      
05-03 09:55:37.688   363  8781 I perfmonitord:ProcessRssMonitor: whad_cc              361   : 2660       644        3304      
05-03 09:55:38.688   363  8781 I perfmonitord:ProcessRssMonitor: amazonthermal@1      320   : 2164       1020       3184      
05-03 09:55:39.688   363  8781 I perfmonitord:ProcessRssMonitor: neo-init-runas       282   : 2596       528        3124      
05-03 09:55:40.688   363  8781 I perfmonitord:ProcessRssMonitor: wifi@1.0-servic      318   : 2500       564        3064      
05-03 09:55:41.689   363  8781 I perfmonitord:ProcessRssMonitor: provider@2.4-ex      302   : 2040       1004       3044      
05-03 09:55:42.689   363  8781 I perfmonitord:ProcessRssMonitor: cec@1.0-service      315   : 2160       868        3028      
05-03 09:55:43.689   363  8781 I perfmonitord:ProcessRssMonitor: gatekeeperd          404   : 2192       812        3004      
05-03 09:55:44.689   363  8781 I perfmonitord:ProcessRssMonitor: memtrack@1.0-se      314   : 2568       408        2976      
05-03 09:55:45.689   363  8781 I perfmonitord:ProcessRssMonitor: wpa_supplicant       802   : 2036       940        2976      
05-03 09:55:46.690   363  8781 I perfmonitord:ProcessRssMonitor: servicemanager       217   : 2512       444        2956      
05-03 09:55:47.690   363  8781 I perfmonitord:ProcessRssMonitor: fireosdha@1.0-s      336   : 2376       564        2940      
05-03 09:55:48.690   363  8781 I perfmonitord:ProcessRssMonitor: drm@1.1-service      308   : 2060       880        2940      
05-03 09:55:49.690   363  8781 I perfmonitord:ProcessRssMonitor: hdmitxinfo@1.0-      338   : 2444       480        2924      
05-03 09:55:50.690   363  8781 I perfmonitord:ProcessRssMonitor: hdcp@1.0-servic      337   : 2124       788        2912      
05-03 09:55:51.690   363  8781 I perfmonitord:ProcessRssMonitor: drmprov@1.0-ser      335   : 2516       396        2912      
05-03 09:55:52.691   363  8781 I perfmonitord:ProcessRssMonitor: allocator@1.0-s      300   : 2396       512        2908      
05-03 09:55:53.691   363  8781 I perfmonitord:ProcessRssMonitor: neo-service-coo      284   : 2440       464        2904      
05-03 09:55:54.691   363  8781 I perfmonitord:ProcessRssMonitor: wlan_stats           1282  : 2316       564        2880      
05-03 09:55:55.691   363  8781 I perfmonitord:ProcessRssMonitor: bluetooth@1.0-s      301   : 2332       544        2876      
05-03 09:55:56.691   363  8781 I perfmonitord:ProcessRssMonitor: keymanage@1.0-s      341   : 2220       616        2836      
05-03 09:55:57.691   363  8781 I perfmonitord:ProcessRssMonitor: usb@1.1-service      316   : 2420       408        2828      
05-03 09:55:58.692   363  8781 I perfmonitord:ProcessRssMonitor: idme@1.1-servic      339   : 2200       616        2816      
05-03 09:55:59.692   363  8781 I perfmonitord:ProcessRssMonitor: hdmi@1.1-servic      402   : 2300       516        2816      
05-03 09:56:00.692   363  8781 I perfmonitord:ProcessRssMonitor: drm@1.1-service      307   : 2012       772        2784      
05-03 09:56:01.692   363  8781 I perfmonitord:ProcessRssMonitor: gatekeeper@1.0-      310   : 2108       604        2712      
05-03 09:56:02.692   363  8781 I perfmonitord:ProcessRssMonitor: health@2.0-serv      313   : 2168       536        2704      
05-03 09:56:03.692   363  8781 I perfmonitord:ProcessRssMonitor: mediametrics@1.      340   : 2116       568        2684      
05-03 09:56:04.693   363  8781 I perfmonitord:ProcessRssMonitor: kisd                 264   : 2288       392        2680      
05-03 09:56:05.693   363  8781 I perfmonitord:ProcessRssMonitor: networkpower@1.      327   : 2096       564        2660      
05-03 09:56:06.693   363  8781 I perfmonitord:ProcessRssMonitor: integrity_logge      408   : 2220       440        2660      
05-03 09:56:07.693   363  8781 I perfmonitord:ProcessRssMonitor: logcat               3756  : 2328       328        2656      
05-03 09:56:08.693   363  8781 I perfmonitord:ProcessRssMonitor: init                 1     : 2032       612        2644      
05-03 09:56:09.694   363  8781 I perfmonitord:ProcessRssMonitor: process-tracker      8624  : 2640       0          2640      
05-03 09:56:10.694   363  8781 I perfmonitord:ProcessRssMonitor: securetime           401   : 2160       468        2628      
05-03 09:56:11.694   363  8781 I perfmonitord:ProcessRssMonitor: zon.dialservice      1372  : 1988       636        2624      
05-03 09:56:12.694   363  8781 I perfmonitord:ProcessRssMonitor: vndservicemanag      219   : 2012       568        2580      
05-03 09:56:13.694   363  8781 I perfmonitord:ProcessRssMonitor: leakrecoveryd        358   : 1964       596        2560      
05-03 09:56:14.694   363  8781 I perfmonitord:ProcessRssMonitor: configstore@1.1      304   : 1892       632        2524      
05-03 09:56:15.695   363  8781 I perfmonitord:ProcessRssMonitor: ip6tables-resto      296   : 2176       316        2492      
05-03 09:56:16.695   363  8781 I perfmonitord:ProcessRssMonitor: iptables-restor      295   : 2156       316        2472      
05-03 09:56:17.695   363  8781 I perfmonitord:ProcessRssMonitor: tombstoned           411   : 2056       404        2460      
05-03 09:56:18.695   363  8781 I perfmonitord:ProcessRssMonitor: rpmb_svc             416   : 1944       464        2408      
05-03 09:56:19.695   363  8781 I perfmonitord:ProcessRssMonitor: lmkd                 216   : 2148       0          2148      
05-03 09:56:20.695   363  8781 I perfmonitord:ProcessRssMonitor: drm@1.0-service      306   : 1028       1064       2092      
05-03 09:56:21.696   363  8781 I perfmonitord:ProcessRssMonitor: adbd                 8320  : 1316       0          1316      
05-03 09:56:22.696   363  8781 I perfmonitord:ProcessRssMonitor: init                 191   : 224        520        744       
05-03 09:56:23.696   363  8781 I perfmonitord:ProcessRssMonitor: ueventd              194   : 416        296        712       
05-03 09:56:24.696   363  8781 I perfmonitord:ProcessRssMonitor: mdnsd                5485  : 352        120        472       
05-03 09:56:25.476   381   487 E storaged: getDiskStats failed with result NOT_SUPPORTED and size 0
05-03 09:56:25.696   363  8781 I perfmonitord:ProcessRssMonitor: init                 192   : 76         320        396       
05-03 09:56:38.403   528  1764 I chatty  : uid=1000(system) Binder:528_D expire 1 line
05-03 09:57:07.779   528  3610 I chatty  : uid=1000(system) Binder:528_11 expire 1 line
05-03 09:57:25.477   381   487 E storaged: getDiskStats failed with result NOT_SUPPORTED and size 0
05-03 09:58:25.478   381   487 E storaged: getDiskStats failed with result NOT_SUPPORTED and size 0
05-03 09:58:41.039   528   559 I chatty  : uid=1000(system) PowerManagerSer expire 3 lines
05-03 09:58:41.045   528   528 I chatty  : uid=1000 system_server expire 5 lines
05-03 09:58:41.060   528   551 I chatty  : uid=1000(system) android.fg expire 15 lines
05-03 09:58:42.133   528  8928 I chatty  : uid=1000(system) Binder:528_1C expire 1 line
05-03 09:58:53.046   528  4200 I chatty  : uid=1000(system) Binder:528_13 expire 1 line
05-03 09:59:13.847   528   538 I chatty  : uid=1000(system) Binder:528_1 expire 2 lines
05-03 09:59:25.486   381   487 E storaged: getDiskStats failed with result NOT_SUPPORTED and size 0
05-03 10:00:25.488   381   487 E storaged: getDiskStats failed with result NOT_SUPPORTED and size 0
05-03 10:00:59.028   528  1724 I chatty  : uid=1000(system) Binder:528_C expire 1 line
05-03 10:01:25.489   381   487 E storaged: getDiskStats failed with result NOT_SUPPORTED and size 0
05-03 10:01:27.852   528   742 I chatty  : uid=1000(system) Thread-6 expire 2 lines
05-03 10:01:41.472   528   547 I chatty  : uid=1000(system) ActivityManager expire 3 lines
05-03 10:02:24.073   528  4756 I chatty  : uid=1000(system) Binder:528_15 expire 5 lines
05-03 10:02:25.490   381   487 E storaged: getDiskStats failed with result NOT_SUPPORTED and size 0
05-03 10:02:31.952   528   547 I chatty  : uid=1000(system) ActivityManager expire 10 lines
05-03 10:02:32.316   528  1360 I chatty  : uid=1000(system) Binder:528_9 expire 5 lines
05-03 10:03:25.491   381   487 E storaged: getDiskStats failed with result NOT_SUPPORTED and size 0
05-03 10:04:14.845   363   363 I perfmonitord:StatUtil: CPUUtilization is at 21%
05-03 10:04:14.845   363   363 I perfmonitord:StatUtil: MemoryUtilization is at 76%
05-03 10:04:25.491   381   487 E storaged: getDiskStats failed with result NOT_SUPPORTED and size 0
05-03 10:05:22.629  9741  9741 E LoadedApk: Unable to instantiate appComponentFactory
05-03 10:05:22.629  9741  9741 E LoadedApk: java.lang.ClassNotFoundException: Didn't find class "com.amazon.alexamediaplayer.runtime.ftv.androidx" on path: DexPathList[[zip file "/system/framework/org.apache.http.legacy.boot.jar", zip file "/system/priv-app/MetricsApi/MetricsApi.apk", zip file "/system/priv-app/MinervaApi/MinervaApi.apk", zip file "/system/framework/FireOSPhoenixSDKNeoJavaServiceApi.jar", zip file "/system/framework/com.amazon.identity.auth.device.jar", zip file "/data/app/com.amazon.alexamediaplayer.runtime.ftv-IzUL-dx5kfM1jE2_JKmLTg==/base.apk"],nativeLibraryDirectories=[/data/app/com.amazon.alexamediaplayer.runtime.ftv-IzUL-dx5kfM1jE2_JKmLTg==/lib/arm, /data/app/com.amazon.alexamediaplayer.runtime.ftv-IzUL-dx5kfM1jE2_JKmLTg==/base.apk!/lib/armeabi-v7a, /system/lib]]
05-03 10:05:22.629  9741  9741 E LoadedApk: 	at dalvik.system.BaseDexClassLoader.findClass(BaseDexClassLoader.java:134)
05-03 10:05:22.629  9741  9741 E LoadedApk: 	at java.lang.ClassLoader.loadClass(ClassLoader.java:379)
05-03 10:05:22.629  9741  9741 E LoadedApk: 	at java.lang.ClassLoader.loadClass(ClassLoader.java:312)
05-03 10:05:22.629  9741  9741 E LoadedApk: 	at android.app.LoadedApk.createAppFactory(LoadedApk.java:244)
05-03 10:05:22.629  9741  9741 E LoadedApk: 	at android.app.LoadedApk.createOrUpdateClassLoaderLocked(LoadedApk.java:749)
05-03 10:05:22.629  9741  9741 E LoadedApk: 	at android.app.LoadedApk.getClassLoader(LoadedApk.java:828)
05-03 10:05:22.629  9741  9741 E LoadedApk: 	at android.app.LoadedApk.getResources(LoadedApk.java:1062)
05-03 10:05:22.629  9741  9741 E LoadedApk: 	at android.app.ContextImpl.createAppContext(ContextImpl.java:2397)
05-03 10:05:22.629  9741  9741 E LoadedApk: 	at android.app.ActivityThread.handleBindApplication(ActivityThread.java:5842)
05-03 10:05:22.629  9741  9741 E LoadedApk: 	at android.app.ActivityThread.access$1200(ActivityThread.java:208)
05-03 10:05:22.629  9741  9741 E LoadedApk: 	at android.app.ActivityThread$H.handleMessage(ActivityThread.java:1674)
05-03 10:05:22.629  9741  9741 E LoadedApk: 	at android.os.Handler.dispatchMessage(Handler.java:106)
05-03 10:05:22.629  9741  9741 E LoadedApk: 	at android.os.Looper.loop(Looper.java:211)
05-03 10:05:22.629  9741  9741 E LoadedApk: 	at android.app.ActivityThread.main(ActivityThread.java:6777)
05-03 10:05:22.629  9741  9741 E LoadedApk: 	at java.lang.reflect.Method.invoke(Native Method)
05-03 10:05:22.629  9741  9741 E LoadedApk: 	at com.android.internal.os.RuntimeInit$MethodAndArgsCaller.run(RuntimeInit.java:493)
05-03 10:05:22.629  9741  9741 E LoadedApk: 	at com.android.internal.os.ZygoteInit.main(ZygoteInit.java:858)
05-03 10:05:23.009   528  1620 I chatty  : uid=1000(system) Binder:528_B expire 4 lines
05-03 10:05:24.268   528  9876 I chatty  : uid=1000 system_server expire 1 line
05-03 10:05:25.493   381   487 E storaged: getDiskStats failed with result NOT_SUPPORTED and size 0
05-03 10:06:22.846   528   528 I chatty  : uid=1000 system_server expire 10 lines
05-03 10:06:25.494   381   487 E storaged: getDiskStats failed with result NOT_SUPPORTED and size 0
05-03 10:06:31.407   528  1201 I chatty  : uid=1000(system) pool-9-thread-1 expire 10 lines
05-03 10:06:31.582   528   545 I chatty  : uid=1000(system) ActivityManager expire 10 lines
05-03 10:06:42.743   528  4481 I chatty  : uid=1000(system) Binder:528_14 expire 3 lines
05-03 10:07:25.495   381   487 E storaged: getDiskStats failed with result NOT_SUPPORTED and size 0
05-03 10:07:33.718  9719  9719 E ActivityThread: Service com.amazon.alexa.externalmediaplayeragent.ExternalMediaPlayerAgentService has leaked ServiceConnection amazon.speech.simclient.focus.ExplicitFocusClient$1@195e228 that was originally bound here
05-03 10:07:33.718  9719  9719 E ActivityThread: android.app.ServiceConnectionLeaked: Service com.amazon.alexa.externalmediaplayeragent.ExternalMediaPlayerAgentService has leaked ServiceConnection amazon.speech.simclient.focus.ExplicitFocusClient$1@195e228 that was originally bound here
05-03 10:07:33.718  9719  9719 E ActivityThread: 	at android.app.LoadedApk$ServiceDispatcher.<init>(LoadedApk.java:1641)
05-03 10:07:33.718  9719  9719 E ActivityThread: 	at android.app.LoadedApk.getServiceDispatcher(LoadedApk.java:1533)
05-03 10:07:33.718  9719  9719 E ActivityThread: 	at android.app.ContextImpl.bindServiceCommon(ContextImpl.java:1703)
05-03 10:07:33.718  9719  9719 E ActivityThread: 	at android.app.ContextImpl.bindService(ContextImpl.java:1656)
05-03 10:07:33.718  9719  9719 E ActivityThread: 	at android.content.ContextWrapper.bindService(ContextWrapper.java:698)
05-03 10:07:33.718  9719  9719 E ActivityThread: 	at amazon.speech.simclient.common.ServiceConnectionManager.bindCommon(ServiceConnectionManager.java:325)
05-03 10:07:33.718  9719  9719 E ActivityThread: 	at amazon.speech.simclient.common.AsyncServiceConnectionManager$1.run(AsyncServiceConnectionManager.java:78)
05-03 10:07:33.718  9719  9719 E ActivityThread: 	at java.util.concurrent.ThreadPoolExecutor.runWorker(ThreadPoolExecutor.java:1167)
05-03 10:07:33.718  9719  9719 E ActivityThread: 	at java.util.concurrent.ThreadPoolExecutor$Worker.run(ThreadPoolExecutor.java:641)
05-03 10:07:33.718  9719  9719 E ActivityThread: 	at java.lang.Thread.run(Thread.java:764)
05-03 10:07:33.748  9719  9719 E ActivityThread: Service com.amazon.alexa.externalmediaplayeragent.ExternalMediaPlayerAgentService has leaked ServiceConnection amazon.speech.simclient.event.EventClient$1@92ec36e that was originally bound here
05-03 10:07:33.748  9719  9719 E ActivityThread: android.app.ServiceConnectionLeaked: Service com.amazon.alexa.externalmediaplayeragent.ExternalMediaPlayerAgentService has leaked ServiceConnection amazon.speech.simclient.event.EventClient$1@92ec36e that was originally bound here
05-03 10:07:33.748  9719  9719 E ActivityThread: 	at android.app.LoadedApk$ServiceDispatcher.<init>(LoadedApk.java:1641)
05-03 10:07:33.748  9719  9719 E ActivityThread: 	at android.app.LoadedApk.getServiceDispatcher(LoadedApk.java:1533)
05-03 10:07:33.748  9719  9719 E ActivityThread: 	at android.app.ContextImpl.bindServiceCommon(ContextImpl.java:1703)
05-03 10:07:33.748  9719  9719 E ActivityThread: 	at android.app.ContextImpl.bindService(ContextImpl.java:1656)
05-03 10:07:33.748  9719  9719 E ActivityThread: 	at android.content.ContextWrapper.bindService(ContextWrapper.java:698)
05-03 10:07:33.748  9719  9719 E ActivityThread: 	at amazon.speech.simclient.common.ServiceConnectionManager.bindCommon(ServiceConnectionManager.java:325)
05-03 10:07:33.748  9719  9719 E ActivityThread: 	at amazon.speech.simclient.common.AsyncServiceConnectionManager$1.run(AsyncServiceConnectionManager.java:78)
05-03 10:07:33.748  9719  9719 E ActivityThread: 	at java.util.concurrent.ThreadPoolExecutor.runWorker(ThreadPoolExecutor.java:1167)
05-03 10:07:33.748  9719  9719 E ActivityThread: 	at java.util.concurrent.ThreadPoolExecutor$Worker.run(ThreadPoolExecutor.java:641)
05-03 10:07:33.748  9719  9719 E ActivityThread: 	at java.lang.Thread.run(Thread.java:764)
05-03 10:07:33.751  9719  9719 E ActivityThread: Service com.amazon.alexa.externalmediaplayeragent.ExternalMediaPlayerAgentService has leaked ServiceConnection amazon.speech.simclient.context.ContextClient$1@aa9ab41 that was originally bound here
05-03 10:07:33.751  9719  9719 E ActivityThread: android.app.ServiceConnectionLeaked: Service com.amazon.alexa.externalmediaplayeragent.ExternalMediaPlayerAgentService has leaked ServiceConnection amazon.speech.simclient.context.ContextClient$1@aa9ab41 that was originally bound here
05-03 10:07:33.751  9719  9719 E ActivityThread: 	at android.app.LoadedApk$ServiceDispatcher.<init>(LoadedApk.java:1641)
05-03 10:07:33.751  9719  9719 E ActivityThread: 	at android.app.LoadedApk.getServiceDispatcher(LoadedApk.java:1533)
05-03 10:07:33.751  9719  9719 E ActivityThread: 	at android.app.ContextImpl.bindServiceCommon(ContextImpl.java:1703)
05-03 10:07:33.751  9719  9719 E ActivityThread: 	at android.app.ContextImpl.bindService(ContextImpl.java:1656)
05-03 10:07:33.751  9719  9719 E ActivityThread: 	at android.content.ContextWrapper.bindService(ContextWrapper.java:698)
05-03 10:07:33.751  9719  9719 E ActivityThread: 	at amazon.speech.simclient.common.ServiceConnectionManager.bindCommon(ServiceConnectionManager.java:325)
05-03 10:07:33.751  9719  9719 E ActivityThread: 	at amazon.speech.simclient.common.AsyncServiceConnectionManager$1.run(AsyncServiceConnectionManager.java:78)
05-03 10:07:33.751  9719  9719 E ActivityThread: 	at java.util.concurrent.ThreadPoolExecutor.runWorker(ThreadPoolExecutor.java:1167)
05-03 10:07:33.751  9719  9719 E ActivityThread: 	at java.util.concurrent.ThreadPoolExecutor$Worker.run(ThreadPoolExecutor.java:641)
05-03 10:07:33.751  9719  9719 E ActivityThread: 	at java.lang.Thread.run(Thread.java:764)
05-03 10:07:33.754  9719  9719 E ActivityThread: Service com.amazon.alexa.externalmediaplayeragent.ExternalMediaPlayerAgentService has leaked ServiceConnection amazon.speech.simclient.directive.DirectiveClient$2@b672c71 that was originally bound here
05-03 10:07:33.754  9719  9719 E ActivityThread: android.app.ServiceConnectionLeaked: Service com.amazon.alexa.externalmediaplayeragent.ExternalMediaPlayerAgentService has leaked ServiceConnection amazon.speech.simclient.directive.DirectiveClient$2@b672c71 that was originally bound here
05-03 10:07:33.754  9719  9719 E ActivityThread: 	at android.app.LoadedApk$ServiceDispatcher.<init>(LoadedApk.java:1641)
05-03 10:07:33.754  9719  9719 E ActivityThread: 	at android.app.LoadedApk.getServiceDispatcher(LoadedApk.java:1533)
05-03 10:07:33.754  9719  9719 E ActivityThread: 	at android.app.ContextImpl.bindServiceCommon(ContextImpl.java:1703)
05-03 10:07:33.754  9719  9719 E ActivityThread: 	at android.app.ContextImpl.bindService(ContextImpl.java:1656)
05-03 10:07:33.754  9719  9719 E ActivityThread: 	at android.content.ContextWrapper.bindService(ContextWrapper.java:698)
05-03 10:07:33.754  9719  9719 E ActivityThread: 	at amazon.speech.simclient.common.ServiceConnectionManager.bindCommon(ServiceConnectionManager.java:325)
05-03 10:07:33.754  9719  9719 E ActivityThread: 	at amazon.speech.simclient.common.AsyncServiceConnectionManager$1.run(AsyncServiceConnectionManager.java:78)
05-03 10:07:33.754  9719  9719 E ActivityThread: 	at java.util.concurrent.ThreadPoolExecutor.runWorker(ThreadPoolExecutor.java:1167)
05-03 10:07:33.754  9719  9719 E ActivityThread: 	at java.util.concurrent.ThreadPoolExecutor$Worker.run(ThreadPoolExecutor.java:641)
05-03 10:07:33.754  9719  9719 E ActivityThread: 	at java.lang.Thread.run(Thread.java:764)
05-03 10:07:33.759  9719  9719 E ActivityThread: Service com.amazon.alexa.externalmediaplayeragent.ExternalMediaPlayerAgentService has leaked ServiceConnection android.media.browse.MediaBrowser$MediaServiceConnection@c65f94d that was originally bound here
05-03 10:07:33.759  9719  9719 E ActivityThread: android.app.ServiceConnectionLeaked: Service com.amazon.alexa.externalmediaplayeragent.ExternalMediaPlayerAgentService has leaked ServiceConnection android.media.browse.MediaBrowser$MediaServiceConnection@c65f94d that was originally bound here
05-03 10:07:33.759  9719  9719 E ActivityThread: 	at android.app.LoadedApk$ServiceDispatcher.<init>(LoadedApk.java:1641)
05-03 10:07:33.759  9719  9719 E ActivityThread: 	at android.app.LoadedApk.getServiceDispatcher(LoadedApk.java:1533)
05-03 10:07:33.759  9719  9719 E ActivityThread: 	at android.app.ContextImpl.bindServiceCommon(ContextImpl.java:1703)
05-03 10:07:33.759  9719  9719 E ActivityThread: 	at android.app.ContextImpl.bindService(ContextImpl.java:1656)
05-03 10:07:33.759  9719  9719 E ActivityThread: 	at android.content.ContextWrapper.bindService(ContextWrapper.java:698)
05-03 10:07:33.759  9719  9719 E ActivityThread: 	at android.media.browse.MediaBrowser$1.run(MediaBrowser.java:187)
05-03 10:07:33.759  9719  9719 E ActivityThread: 	at android.os.Handler.handleCallback(Handler.java:873)
05-03 10:07:33.759  9719  9719 E ActivityThread: 	at android.os.Handler.dispatchMessage(Handler.java:99)
05-03 10:07:33.759  9719  9719 E ActivityThread: 	at android.os.Looper.loop(Looper.java:211)
05-03 10:07:33.759  9719  9719 E ActivityThread: 	at android.os.HandlerThread.run(HandlerThread.java:65)
05-03 10:08:25.496   381   487 E storaged: getDiskStats failed with result NOT_SUPPORTED and size 0
05-03 10:08:53.761   528  5058 I chatty  : uid=1000(system) Binder:528_16 expire 10 lines
05-03 10:09:08.949   528   547 I chatty  : uid=1000(system) ActivityManager expire 10 lines
05-03 10:09:25.497   381   487 E storaged: getDiskStats failed with result NOT_SUPPORTED and size 0
05-03 10:10:25.498   381   487 E storaged: getDiskStats failed with result NOT_SUPPORTED and size 0
05-03 10:11:25.498   381   487 E storaged: getDiskStats failed with result NOT_SUPPORTED and size 0
05-03 10:11:25.579   528   544 I chatty  : uid=1000(system) android.bg expire 4 lines
05-03 10:11:45.123   528  7129 I chatty  : uid=1000(system) Binder:528_17 expire 1 line
05-03 10:12:25.499   381   487 E storaged: getDiskStats failed with result NOT_SUPPORTED and size 0
05-03 10:13:25.500   381   487 E storaged: getDiskStats failed with result NOT_SUPPORTED and size 0
05-03 10:13:41.065   528   559 I chatty  : uid=1000(system) PowerManagerSer expire 8 lines
05-03 10:13:41.127   528   551 I chatty  : uid=1000(system) android.fg expire 6 lines
05-03 10:13:41.288   528  1359 I chatty  : uid=1000(system) Binder:528_8 expire 2 lines
05-03 10:13:41.292   528   553 I chatty  : uid=1000(system) android.display expire 3 lines
05-03 10:13:41.383   528   546 I chatty  : uid=1000(system) android.ui expire 1 line
05-03 10:13:41.409   528   701 I chatty  : uid=1000(system) AmazonUsageStat expire 2 lines
05-03 10:13:41.827   528   549 I chatty  : uid=1000(system) batterystats-wo expire 13 lines
05-03 10:13:41.867   528   619 I chatty  : uid=1000(system) UEventObserver expire 4 lines
05-03 10:13:41.915   528   563 I chatty  : uid=1000(system) android.anim expire 6 lines
05-03 10:13:42.572   528   623 I chatty  : uid=1000(system) InputDispatcher expire 2 lines
05-03 10:13:42.955   528   689 I chatty  : uid=1000(system) AmazonHdmiServi expire 9 lines
05-03 10:14:16.074   363   363 I perfmonitord:StatUtil: CPUUtilization is at 1%
05-03 10:14:16.074   363   363 I perfmonitord:StatUtil: MemoryUtilization is at 69%
05-03 10:14:25.501   381   487 E storaged: getDiskStats failed with result NOT_SUPPORTED and size 0
05-03 10:15:25.502   381   487 E storaged: getDiskStats failed with result NOT_SUPPORTED and size 0
05-03 10:16:25.503   381   487 E storaged: getDiskStats failed with result NOT_SUPPORTED and size 0
05-03 10:16:49.145   528   547 I chatty  : uid=1000(system) ActivityManager expire 13 lines
05-03 10:17:25.504   381   487 E storaged: getDiskStats failed with result NOT_SUPPORTED and size 0
05-03 10:18:25.504   381   487 E storaged: getDiskStats failed with result NOT_SUPPORTED and size 0
05-03 10:19:25.505   381   487 E storaged: getDiskStats failed with result NOT_SUPPORTED and size 0
05-03 10:20:25.506   381   487 E storaged: getDiskStats failed with result NOT_SUPPORTED and size 0
05-03 10:21:25.506   381   487 E storaged: getDiskStats failed with result NOT_SUPPORTED and size 0
05-03 10:22:25.507   381   487 E storaged: getDiskStats failed with result NOT_SUPPORTED and size 0
05-03 10:23:25.508   381   487 E storaged: getDiskStats failed with result NOT_SUPPORTED and size 0
05-03 10:23:42.718   528   558 I chatty  : uid=1000(system) HomeLauncherCal expire 7 lines
05-03 10:23:42.785   528 10488 I chatty  : uid=1000(system) Binder:528_1D expire 1 line
05-03 10:23:42.791   528  4199 I chatty  : uid=1000(system) Binder:528_12 expire 8 lines
05-03 10:23:43.228   528  7867 I chatty  : uid=1000(system) Binder:528_1A expire 5 lines
05-03 10:24:17.379   363   363 I perfmonitord:StatUtil: CPUUtilization is at 1%
05-03 10:24:17.379   363   363 I perfmonitord:StatUtil: MemoryUtilization is at 74%
05-03 10:24:25.509   381   487 E storaged: getDiskStats failed with result NOT_SUPPORTED and size 0
05-03 10:25:10.059   528   806 I chatty  : uid=1000(system) Binder:528_3 expire 3 lines
05-03 10:25:10.062   528   538 I chatty  : uid=1000(system) Binder:528_1 expire 5 lines
05-03 10:25:25.510   381   487 E storaged: getDiskStats failed with result NOT_SUPPORTED and size 0
05-03 10:26:25.511   381   487 E storaged: getDiskStats failed with result NOT_SUPPORTED and size 0
05-03 10:27:25.512   381   487 E storaged: getDiskStats failed with result NOT_SUPPORTED and size 0
05-03 10:27:41.312   528   613 I chatty  : uid=1000(system) AlarmManager expire 2 lines
05-03 10:28:25.513   381   487 E storaged: getDiskStats failed with result NOT_SUPPORTED and size 0
05-03 10:29:25.513   381   487 E storaged: getDiskStats failed with result NOT_SUPPORTED and size 0
05-03 10:30:25.514   381   487 E storaged: getDiskStats failed with result NOT_SUPPORTED and size 0
05-03 10:31:25.515   381   487 E storaged: getDiskStats failed with result NOT_SUPPORTED and size 0
05-03 10:32:25.515   381   487 E storaged: getDiskStats failed with result NOT_SUPPORTED and size 0
05-03 10:33:25.516   381   487 E storaged: getDiskStats failed with result NOT_SUPPORTED and size 0
05-03 10:33:53.985   528   547 I chatty  : uid=1000(system) ActivityManager expire 9 lines
05-03 10:34:18.688   363   363 I perfmonitord:StatUtil: CPUUtilization is at 1%
05-03 10:34:18.689   363   363 I perfmonitord:StatUtil: MemoryUtilization is at 72%
05-03 10:34:25.517   381   487 E storaged: getDiskStats failed with result NOT_SUPPORTED and size 0
05-03 10:35:25.518   381   487 E storaged: getDiskStats failed with result NOT_SUPPORTED and size 0
05-03 10:36:25.518   381   487 E storaged: getDiskStats failed with result NOT_SUPPORTED and size 0
05-03 10:37:25.519   381   487 E storaged: getDiskStats failed with result NOT_SUPPORTED and size 0
05-03 10:38:25.520   381   487 E storaged: getDiskStats failed with result NOT_SUPPORTED and size 0
05-03 10:39:25.520   381   487 E storaged: getDiskStats failed with result NOT_SUPPORTED and size 0
05-03 10:40:25.521   381   487 E storaged: getDiskStats failed with result NOT_SUPPORTED and size 0
05-03 10:41:25.522   381   487 E storaged: getDiskStats failed with result NOT_SUPPORTED and size 0
05-03 10:42:25.523   381   487 E storaged: getDiskStats failed with result NOT_SUPPORTED and size 0
05-03 10:43:25.523   381   487 E storaged: getDiskStats failed with result NOT_SUPPORTED and size 0
05-03 10:44:20.097   363   363 I perfmonitord:StatUtil: CPUUtilization is at 1%
05-03 10:44:20.098   363   363 I perfmonitord:StatUtil: MemoryUtilization is at 72%
05-03 10:44:25.524   381   487 E storaged: getDiskStats failed with result NOT_SUPPORTED and size 0
