05-05 16:44:05.989 I/main.wifi_score( 1307): dump_wifi_score_ctxt(): is2g=1, is11ac=0, is11ax=0, chan_bw=20, nss=2, bcn_rssi=-45, data_rssi=-44, tx_ok=6314, tx_failed=1236, cca_idle_pct=43
05-05 16:44:05.990 I/main.wifi_score( 1307): dump_wifi_score_ctxt(): last_tx_stats: sgi=0, pream=1, mcs=7, ss=2, bw=0
05-05 16:44:06.028 W/bt_btif (  791): bta_hh_le_input_rpt_notify uuid=0x2a4d srv_handle=79 is_bl_svc_primary=1 rpt_id=1 len=3
05-05 16:44:06.030 I/KeyMapManagerUtil(  531): Unknown remote sku id 39. Fetch remote sku id from system property
05-05 16:44:06.208 W/bt_btif (  791): bta_hh_le_input_rpt_notify uuid=0x2a4d srv_handle=79 is_bl_svc_primary=1 rpt_id=1 len=3
05-05 16:44:06.209 I/KeyMapManagerUtil(  531): Unknown remote sku id 39. Fetch remote sku id from system property
05-05 16:44:06.588 W/bt_btif (  791): bta_hh_le_input_rpt_notify uuid=0x2a4d srv_handle=79 is_bl_svc_primary=1 rpt_id=1 len=3
05-05 16:44:06.589 W/bt_btif (  791): bta_hh_le_input_rpt_notify uuid=0x2a19 srv_handle=64 is_bl_svc_primary=1 rpt_id=3 len=1
05-05 16:44:06.590 I/KeyMapManagerUtil(  531): Unknown remote sku id 39. Fetch remote sku id from system property
05-05 16:44:06.592 E/bt_btif (  791): btif_hh_notify_battery_level level = 47
05-05 16:44:06.594 E/bt_btif (  791): btif_hh_handle_evt BTIF_HH_BATTERY_EVT
05-05 16:44:06.594 E/BluetoothHidHostServiceJni(  791): call to battery_notify_callback
05-05 16:44:06.608 E/Capacitor/Console(14971): File: https://localhost/assets/index-B5eYDJ6J.js - Line 34 - Msg: XANDEFLIX_DPAD_TRACE [FocusableButton] no first channel to focus
05-05 16:44:06.619 I/ConnectivityCtrlService( 2373): handle intent action:com.amazon.device.action.BATTERY_LEVEL
05-05 16:44:06.209 I/chatty  (  531): uid=1000(system) InputReader identical 2 lines
05-05 16:44:06.590 I/AmazonProfileService(  531): Event is not filtered because it is not in filter key list.
05-05 16:44:06.624 W/BroadcastQueue(  531): Background execution not allowed: receiving Intent { act=amazon.bluetooth.input.profile.action.BATTERY_LEVEL_UPDATE flg=0x4000010 (has extras) } to com.amazon.device.rdmapplication/.services.RemoteBatteryLevelReceiver
05-05 16:44:06.624 I/ConnectivityCtrlService( 2373): handleRemoteBatteryEvent...device address [xx:xx:EA:xx:xx:FE],newLevel:[47]
05-05 16:44:06.636 I/ConnectivityCtrlService( 2373): handle intent action:com.amazon.device.action.BATTERY_LEVEL
05-05 16:44:06.643 I/ConnectivityCtrlService( 2373): handleRemoteBatteryEvent...device address [xx:xx:EA:xx:xx:FE],newLevel:[47]
05-05 16:44:06.644 E/ConnectivityCtrlService( 2373): Ignoring  battery level as it is same as current battery level
05-05 16:44:06.649 W/bt_btif (  791): bta_hh_le_input_rpt_notify uuid=0x2a4d srv_handle=79 is_bl_svc_primary=1 rpt_id=1 len=3
05-05 16:44:06.636 W/BroadcastQueue(  531): Background execution not allowed: receiving Intent { act=amazon.bluetooth.input.profile.action.BATTERY_LEVEL_UPDATE flg=0x4000010 (has extras) } to com.amazon.device.rdmapplication/.services.RemoteBatteryLevelReceiver
05-05 16:44:06.649 I/AmazonProfileService(  531): Event is not filtered because it is not in filter key list.
05-05 16:44:06.650 I/KeyMapManagerUtil(  531): Unknown remote sku id 39. Fetch remote sku id from system property
05-05 16:44:06.888 W/bt_btif (  791): bta_hh_le_input_rpt_notify uuid=0x2a4d srv_handle=79 is_bl_svc_primary=1 rpt_id=1 len=3
05-05 16:44:06.890 I/KeyMapManagerUtil(  531): Unknown remote sku id 39. Fetch remote sku id from system property
05-05 16:44:07.029 W/bt_btif (  791): bta_hh_le_input_rpt_notify uuid=0x2a4d srv_handle=79 is_bl_svc_primary=1 rpt_id=1 len=3
05-05 16:44:07.030 I/KeyMapManagerUtil(  531): Unknown remote sku id 39. Fetch remote sku id from system property
05-05 16:44:08.929 W/bt_btif (  791): bta_hh_le_input_rpt_notify uuid=0x2a4d srv_handle=79 is_bl_svc_primary=1 rpt_id=1 len=3
05-05 16:44:08.930 I/KeyMapManagerUtil(  531): Unknown remote sku id 39. Fetch remote sku id from system property
05-05 16:44:09.048 W/bt_btif (  791): bta_hh_le_input_rpt_notify uuid=0x2a4d srv_handle=79 is_bl_svc_primary=1 rpt_id=1 len=3
05-05 16:44:09.049 I/KeyMapManagerUtil(  531): Unknown remote sku id 39. Fetch remote sku id from system property
05-05 16:44:09.309 W/bt_btif (  791): bta_hh_le_input_rpt_notify uuid=0x2a4d srv_handle=79 is_bl_svc_primary=1 rpt_id=1 len=3
05-05 16:44:09.310 I/KeyMapManagerUtil(  531): Unknown remote sku id 39. Fetch remote sku id from system property
05-05 16:44:09.508 W/bt_btif (  791): bta_hh_le_input_rpt_notify uuid=0x2a4d srv_handle=79 is_bl_svc_primary=1 rpt_id=1 len=3
05-05 16:44:09.510 I/KeyMapManagerUtil(  531): Unknown remote sku id 39. Fetch remote sku id from system property
05-05 16:44:09.309 I/chatty  (  531): uid=1000(system) InputReader identical 5 lines
05-05 16:44:09.509 I/AmazonProfileService(  531): Event is not filtered because it is not in filter key list.
05-05 16:44:09.633 E/storaged(  388): getDiskStats failed with result NOT_SUPPORTED and size 0
05-05 16:44:09.768 W/bt_btif (  791): bta_hh_le_input_rpt_notify uuid=0x2a4d srv_handle=79 is_bl_svc_primary=1 rpt_id=1 len=3
05-05 16:44:09.769 I/AmazonProfileService(  531): Event is not filtered because it is not in filter key list.
05-05 16:44:09.769 I/KeyMapManagerUtil(  531): Unknown remote sku id 39. Fetch remote sku id from system property
05-05 16:44:09.779 E/Capacitor/Console(14971): File: https://localhost/assets/index-B5eYDJ6J.js - Line 34 - Msg: XANDEFLIX_DPAD_TRACE [FocusableButton] forced url input focus
05-05 16:44:09.968 W/bt_btif (  791): bta_hh_le_input_rpt_notify uuid=0x2a4d srv_handle=79 is_bl_svc_primary=1 rpt_id=1 len=3
05-05 16:44:09.970 I/KeyMapManagerUtil(  531): Unknown remote sku id 39. Fetch remote sku id from system property
05-05 16:44:09.991 I/main.wifi_score( 1307): dump_wifi_score_ctxt(): is2g=1, is11ac=0, is11ax=0, chan_bw=20, nss=2, bcn_rssi=-45, data_rssi=-47, tx_ok=6314, tx_failed=1236, cca_idle_pct=43
05-05 16:44:09.991 I/main.wifi_score( 1307): dump_wifi_score_ctxt(): last_tx_stats: sgi=0, pream=1, mcs=5, ss=2, bw=0
05-05 16:44:10.439 I/Node    (  313): dolby-audio-meter, AdapterPcmSystem adapter audio meter: channel 0; audio level: 0.000
05-05 16:44:10.440 I/Node    (  313): dolby-audio-meter, AdapterPcmSystem adapter audio meter: channel 1; audio level: 0.000
05-05 16:44:10.469 W/bt_btif (  791): bta_hh_le_input_rpt_notify uuid=0x2a4d srv_handle=79 is_bl_svc_primary=1 rpt_id=1 len=3
05-05 16:44:10.470 I/KeyMapManagerUtil(  531): Unknown remote sku id 39. Fetch remote sku id from system property
05-05 16:44:10.471 I/Node    (  313): dolby-audio-meter, AdapterPcmOut adapter audio meter: channel 0; audio level: 0.000
05-05 16:44:10.472 I/Node    (  313): dolby-audio-meter, AdapterPcmOut adapter audio meter: channel 1; audio level: 0.000
05-05 16:44:10.483 E/Capacitor/Console(14971): File: https://localhost/assets/index-B5eYDJ6J.js - Line 34 - Msg: XANDEFLIX_DPAD_TRACE [FocusableButton] no first channel to focus
05-05 16:44:10.629 W/bt_btif (  791): bta_hh_le_input_rpt_notify uuid=0x2a4d srv_handle=79 is_bl_svc_primary=1 rpt_id=1 len=3
05-05 16:44:10.630 I/KeyMapManagerUtil(  531): Unknown remote sku id 39. Fetch remote sku id from system property
05-05 16:44:10.630 I/chatty  ( 1398): uid=10144(com.amazon.tv.devicecontrol) expire 44 lines
05-05 16:44:10.929 W/bt_btif (  791): bta_hh_le_input_rpt_notify uuid=0x2a4d srv_handle=79 is_bl_svc_primary=1 rpt_id=1 len=3
05-05 16:44:10.930 I/KeyMapManagerUtil(  531): Unknown remote sku id 39. Fetch remote sku id from system property
05-05 16:44:11.069 W/bt_btif (  791): bta_hh_le_input_rpt_notify uuid=0x2a4d srv_handle=79 is_bl_svc_primary=1 rpt_id=1 len=3
05-05 16:44:11.070 I/KeyMapManagerUtil(  531): Unknown remote sku id 39. Fetch remote sku id from system property
05-05 16:44:11.309 W/bt_btif (  791): bta_hh_le_input_rpt_notify uuid=0x2a4d srv_handle=79 is_bl_svc_primary=1 rpt_id=1 len=3
05-05 16:44:11.310 I/KeyMapManagerUtil(  531): Unknown remote sku id 39. Fetch remote sku id from system property
05-05 16:44:11.429 W/bt_btif (  791): bta_hh_le_input_rpt_notify uuid=0x2a4d srv_handle=79 is_bl_svc_primary=1 rpt_id=1 len=3
05-05 16:44:11.430 I/KeyMapManagerUtil(  531): Unknown remote sku id 39. Fetch remote sku id from system property
05-05 16:44:11.849 W/bt_btif (  791): bta_hh_le_input_rpt_notify uuid=0x2a4d srv_handle=79 is_bl_svc_primary=1 rpt_id=1 len=3
05-05 16:44:11.850 I/KeyMapManagerUtil(  531): Unknown remote sku id 39. Fetch remote sku id from system property
05-05 16:44:11.862 E/Capacitor/Console(14971): File: https://localhost/assets/index-B5eYDJ6J.js - Line 34 - Msg: XANDEFLIX_DPAD_TRACE [FocusableButton] forced url input focus
05-05 16:44:12.009 W/bt_btif (  791): bta_hh_le_input_rpt_notify uuid=0x2a4d srv_handle=79 is_bl_svc_primary=1 rpt_id=1 len=3
05-05 16:44:12.009 W/bt_btif (  791): bta_hh_le_input_rpt_notify uuid=0x2a19 srv_handle=64 is_bl_svc_primary=1 rpt_id=3 len=1
05-05 16:44:12.010 E/bt_btif (  791): btif_hh_notify_battery_level level = 43
05-05 16:44:12.010 E/bt_btif (  791): btif_hh_handle_evt BTIF_HH_BATTERY_EVT
05-05 16:44:12.010 E/BluetoothHidHostServiceJni(  791): call to battery_notify_callback
05-05 16:44:12.011 I/KeyMapManagerUtil(  531): Unknown remote sku id 39. Fetch remote sku id from system property
05-05 16:44:12.022 I/ConnectivityCtrlService( 2373): handle intent action:com.amazon.device.action.BATTERY_LEVEL
05-05 16:44:11.849 I/chatty  (  531): uid=1000(system) InputReader identical 8 lines
05-05 16:44:12.010 I/AmazonProfileService(  531): Event is not filtered because it is not in filter key list.
05-05 16:44:12.022 W/BroadcastQueue(  531): Background execution not allowed: receiving Intent { act=amazon.bluetooth.input.profile.action.BATTERY_LEVEL_UPDATE flg=0x4000010 (has extras) } to com.amazon.device.rdmapplication/.services.RemoteBatteryLevelReceiver
05-05 16:44:12.023 I/ConnectivityCtrlService( 2373): handleRemoteBatteryEvent...device address [xx:xx:EA:xx:xx:FE],newLevel:[43]
05-05 16:44:12.037 I/ConnectivityCtrlService( 2373): handle intent action:com.amazon.device.action.BATTERY_LEVEL
05-05 16:44:12.037 I/ConnectivityCtrlService( 2373): handleRemoteBatteryEvent...device address [xx:xx:EA:xx:xx:FE],newLevel:[43]
05-05 16:44:12.038 E/ConnectivityCtrlService( 2373): Ignoring  battery level as it is same as current battery level
05-05 16:44:12.369 W/bt_btif (  791): bta_hh_le_input_rpt_notify uuid=0x2a4d srv_handle=79 is_bl_svc_primary=1 rpt_id=1 len=3
05-05 16:44:12.037 W/BroadcastQueue(  531): Background execution not allowed: receiving Intent { act=amazon.bluetooth.input.profile.action.BATTERY_LEVEL_UPDATE flg=0x4000010 (has extras) } to com.amazon.device.rdmapplication/.services.RemoteBatteryLevelReceiver
05-05 16:44:12.369 I/AmazonProfileService(  531): Event is not filtered because it is not in filter key list.
05-05 16:44:12.370 I/KeyMapManagerUtil(  531): Unknown remote sku id 39. Fetch remote sku id from system property
05-05 16:44:12.382 E/Capacitor/Console(14971): File: https://localhost/assets/index-B5eYDJ6J.js - Line 34 - Msg: XANDEFLIX_DPAD_TRACE [FocusableButton] no first channel to focus
05-05 16:44:12.489 W/bt_btif (  791): bta_hh_le_input_rpt_notify uuid=0x2a4d srv_handle=79 is_bl_svc_primary=1 rpt_id=1 len=3
05-05 16:44:12.491 I/KeyMapManagerUtil(  531): Unknown remote sku id 39. Fetch remote sku id from system property
05-05 16:44:12.669 W/bt_btif (  791): bta_hh_le_input_rpt_notify uuid=0x2a4d srv_handle=79 is_bl_svc_primary=1 rpt_id=1 len=3
05-05 16:44:12.670 I/KeyMapManagerUtil(  531): Unknown remote sku id 39. Fetch remote sku id from system property
05-05 16:44:12.808 W/bt_btif (  791): bta_hh_le_input_rpt_notify uuid=0x2a4d srv_handle=79 is_bl_svc_primary=1 rpt_id=1 len=3
05-05 16:44:12.810 I/KeyMapManagerUtil(  531): Unknown remote sku id 39. Fetch remote sku id from system property
05-05 16:44:12.908 W/bt_btif (  791): bta_hh_le_input_rpt_notify uuid=0x2a4d srv_handle=79 is_bl_svc_primary=1 rpt_id=1 len=3
05-05 16:44:12.909 I/KeyMapManagerUtil(  531): Unknown remote sku id 39. Fetch remote sku id from system property
05-05 16:44:13.048 W/bt_btif (  791): bta_hh_le_input_rpt_notify uuid=0x2a4d srv_handle=79 is_bl_svc_primary=1 rpt_id=1 len=3
05-05 16:44:13.049 I/KeyMapManagerUtil(  531): Unknown remote sku id 39. Fetch remote sku id from system property
05-05 16:44:13.549 W/bt_btif (  791): bta_hh_le_input_rpt_notify uuid=0x2a4d srv_handle=79 is_bl_svc_primary=1 rpt_id=1 len=3
05-05 16:44:13.550 I/KeyMapManagerUtil(  531): Unknown remote sku id 39. Fetch remote sku id from system property
05-05 16:44:13.562 E/Capacitor/Console(14971): File: https://localhost/assets/index-B5eYDJ6J.js - Line 34 - Msg: XANDEFLIX_DPAD_TRACE [FocusableButton] no first channel to focus
05-05 16:44:13.789 W/bt_btif (  791): bta_hh_le_input_rpt_notify uuid=0x2a4d srv_handle=79 is_bl_svc_primary=1 rpt_id=1 len=3
05-05 16:44:13.790 I/KeyMapManagerUtil(  531): Unknown remote sku id 39. Fetch remote sku id from system property
05-05 16:44:13.991 I/main.wifi_score( 1307): dump_wifi_score_ctxt(): is2g=1, is11ac=0, is11ax=0, chan_bw=20, nss=2, bcn_rssi=-46, data_rssi=-47, tx_ok=6314, tx_failed=1236, cca_idle_pct=43
05-05 16:44:13.991 I/main.wifi_score( 1307): dump_wifi_score_ctxt(): last_tx_stats: sgi=0, pream=1, mcs=5, ss=2, bw=0
05-05 16:44:15.782 I/main.wifi_score( 1307): pub_score_met:skipped=0, d2_score=3, cache_score=-1
05-05 16:44:16.436 W/BestClock(  531): java.time.DateTimeException: Missing NTP fix
05-05 16:44:16.448 I/NeoJobService(  822): Creating WorkSchedulingJobService
05-05 16:44:16.452 I/NeoJobService(  822): Previously scheduled work is now starting. JobId: 1145310501
05-05 16:44:16.463 I/neo_service_coordinat..(  276): Job type(start) operation called. [service name=com.amazon.tv.devicecontrol, job id=10002, user=User(0)]
05-05 16:44:16.507 I/PeriodicKPIReporter(  822): Shutdown was invoked.
05-05 16:44:16.513 I/NeoJobScheduling(  822): Calling jobFinished on requestedJobId (10002) for service (name=com.amazon.tv.devicecontrol, uid=10144).
05-05 16:44:16.517 E/neo_service_coordinat..(  276): Failed to release dependency of service: DependencyNotExist { dependency_pid: 822, target_service: "com.amazon.tv.devicecontrol" }
05-05 16:44:16.521 I/PeriodicKPIReporter(  822): Shutdown was invoked.
05-05 16:44:16.522 I/BinderUtils(  822): Binder released from coordinator
05-05 16:44:16.524 W/BestClock(  531): java.time.DateTimeException: Missing NTP fix
05-05 16:44:16.534 W/BestClock(  531): java.time.DateTimeException: Missing NTP fix
05-05 16:44:16.535 I/NeoJobService(  822): Destroying WorkSchedulingJobService
05-05 16:44:16.536 I/AdapterProperties(  791): checkMetrics
05-05 16:44:16.536 I/AdapterProperties(  791): start_time =1777984139939
05-05 16:44:16.536 I/AdapterProperties(  791): cur_time = 1778010256536
05-05 16:44:16.536 I/AdapterProperties(  791): elapsedTime=26116597
05-05 16:44:16.536 I/NeoDestroyJobsRunnable(  822): On-Destroy: Service handles released (successes=0, fails=0).
05-05 16:44:16.541 I/NeoJobService(  822): Creating WorkSchedulingJobService
05-05 16:44:16.546 I/NeoJobService(  822): Previously scheduled work is now starting. JobId: 1466452200
05-05 16:44:16.548 I/neo_service_coordinat..(  276): Job type(start) operation called. [service name=com.amazon.tv.devicecontrol, job id=10008, user=User(0)]
05-05 16:44:16.566 I/com.amazon.imp/TokenJobQueue[0](  939): Begin executing task GetToken:com.amazon.dcp.sso.token.oauth.amazon.access_token
05-05 16:44:16.566 I/com.amazon.imp/TokenJobQueue[0](  939): Scheduled running concurrent job GetToken:com.amazon.dcp.sso.token.oauth.amazon.access_token.
05-05 16:44:16.572 I/com.amazon.imp/TokenJobQueue[0](  939): Finish executing task GetToken:com.amazon.dcp.sso.token.oauth.amazon.access_token.
05-05 16:44:17.361 I/PeriodicKPIReporter(  822): Shutdown was invoked.
05-05 16:44:17.440 I/PeriodicKPIReporter(  822): Shutdown was invoked.
05-05 16:44:17.445 I/PeriodicKPIReporter(  822): Shutdown was invoked.
05-05 16:44:17.453 I/PeriodicKPIReporter(  822): Shutdown was invoked.
05-05 16:44:17.454 I/NeoJobScheduling(  822): Calling jobFinished on requestedJobId (10008) for service (name=com.amazon.tv.devicecontrol, uid=10144).
05-05 16:44:17.456 E/neo_service_coordinat..(  276): Failed to release dependency of service: DependencyNotExist { dependency_pid: 822, target_service: "com.amazon.tv.devicecontrol" }
05-05 16:44:17.457 I/PeriodicKPIReporter(  822): Shutdown was invoked.
05-05 16:44:17.457 I/BinderUtils(  822): Binder released from coordinator
05-05 16:44:17.463 I/NeoJobService(  822): Destroying WorkSchedulingJobService
05-05 16:44:17.463 I/NeoDestroyJobsRunnable(  822): On-Destroy: Service handles released (successes=0, fails=0).
05-05 16:44:18.385 E/MetricBatchJsonSerializer( 1247): Unexpected non-zero timestamp offset detected: -180 minutes. All timestamps should be in UTC.
05-05 16:44:18.389 I/chatty  ( 1247): uid=10041(com.amazon.client.metrics) MnvBchOpnWch_KP identical 6 lines
05-05 16:44:18.389 E/MetricBatchJsonSerializer( 1247): Unexpected non-zero timestamp offset detected: -180 minutes. All timestamps should be in UTC.
05-05 16:44:18.967 I/DhcpClient(  531): Renewed lease: IP address 10.20.23.144/24 Gateway 10.20.23.134  DNS servers: [ 10.20.23.134 ] Domains  DHCP server /10.20.23.134 Vendor info ANDROID_METERED lease 3599 seconds
05-05 16:44:18.971 I/DhcpClient(  531): Scheduling renewal in 1799s
05-05 16:44:18.971 I/DhcpClient(  531): Scheduling rebind in 3149s
05-05 16:44:18.971 I/DhcpClient(  531): Scheduling expiry in 3598s
05-05 16:44:13.549 I/chatty  (  531): uid=1000(system) InputReader identical 6 lines
05-05 16:44:13.789 I/AmazonProfileService(  531): Event is not filtered because it is not in filter key list.
05-05 16:44:18.980 W/BroadcastQueue(  531): Background execution not allowed: receiving Intent { act=android.net.wifi.STATE_CHANGE flg=0x4000010 (has extras) } to com.amazon.wifilocker/.receivers.WifiChangeReceiver
05-05 16:44:18.984 I/ArcusSyncManager/AmazonInputManager(  531): onCapabilitiesChanged arcusId: arn:aws:remote-config:us-west-2:148732287600:appConfig:aezitige
05-05 16:44:18.987 I/ArcusSyncManager/AmazonInputManager(  531): onCapabilitiesChanged arcusId: arn:aws:remote-config:us-west-2:148732287600:appConfig:a06u7jxn
05-05 16:44:18.989 I/ArcusSyncManager/RemoteDeviceManagerArcus( 2438): onCapabilitiesChanged arcusId: arn:aws:remote-config:us-west-2:875023860230:appConfig:aenxb37n
05-05 16:44:18.992 W/Process (  531): Unable to open /proc/0/status
05-05 16:44:18.995 I/NetworkMonitorStates( 1723): Network capabilities changed: 100, hasValidatedInternet=true, validatedNetworks: [100]
05-05 16:44:18.996 I/NetworkMonitorStates( 1723): checkInternetState: validatedNetworks=[100], result=Available
05-05 16:44:18.996 I/NetworkMonitorStates( 1723): updateInternetState: Available -> Available
05-05 16:44:19.008 E/ActivityManager(  531): Sending non-protected broadcast com.amazon.whisperjoin.wss.wifiprovisioner.ENABLE_RX_PROBE from system 531:system/1000 pkg android
05-05 16:44:19.008 E/ActivityManager(  531): java.lang.Throwable
05-05 16:44:19.008 E/ActivityManager(  531): 	at com.android.server.am.ActivityManagerService.checkBroadcastFromSystem(ActivityManagerService.java:21721)
05-05 16:44:19.008 E/ActivityManager(  531): 	at com.android.server.am.ActivityManagerService.broadcastIntentLocked(ActivityManagerService.java:22330)
05-05 16:44:19.008 E/ActivityManager(  531): 	at com.android.server.am.ActivityManagerService.broadcastIntent(ActivityManagerService.java:22472)
05-05 16:44:19.008 E/ActivityManager(  531): 	at android.app.ContextImpl.sendBroadcastAsUser(ContextImpl.java:1229)
05-05 16:44:19.008 E/ActivityManager(  531): 	at com.amazon.android.service.AmazonWifiService.sendBroadcastToAllUsers(AmazonWifiService.java:3347)
05-05 16:44:19.008 E/ActivityManager(  531): 	at com.amazon.android.service.AmazonWifiService.access$2300(AmazonWifiService.java:122)
05-05 16:44:19.008 E/ActivityManager(  531): 	at com.amazon.android.service.AmazonWifiService$14.onReceive(AmazonWifiService.java:3451)
05-05 16:44:19.008 E/ActivityManager(  531): 	at android.app.LoadedApk$ReceiverDispatcher$Args.lambda$getRunnable$0(LoadedApk.java:1422)
05-05 16:44:19.008 E/ActivityManager(  531): 	at android.app.-$$Lambda$LoadedApk$ReceiverDispatcher$Args$_BumDX2UKsnxLVrE6UJsJZkotuA.run(Unknown Source:2)
05-05 16:44:19.008 E/ActivityManager(  531): 	at android.os.Handler.handleCallback(Handler.java:873)
05-05 16:44:19.008 E/ActivityManager(  531): 	at android.os.Handler.dispatchMessage(Handler.java:99)
05-05 16:44:19.008 E/ActivityManager(  531): 	at android.os.Looper.loop(Looper.java:211)
05-05 16:44:19.008 E/ActivityManager(  531): 	at com.android.server.SystemServer.run(SystemServer.java:471)
05-05 16:44:19.008 E/ActivityManager(  531): 	at com.android.server.SystemServer.main(SystemServer.java:307)
05-05 16:44:19.008 E/ActivityManager(  531): 	at java.lang.reflect.Method.invoke(Native Method)
05-05 16:44:19.008 E/ActivityManager(  531): 	at com.android.internal.os.RuntimeInit$MethodAndArgsCaller.run(RuntimeInit.java:493)
05-05 16:44:19.008 E/ActivityManager(  531): 	at com.android.internal.os.ZygoteInit.main(ZygoteInit.java:838)
05-05 16:44:19.011 I/ActivityManager(  531): Start proc 15430:com.amazon.wifilocker/u0a16 for broadcast com.amazon.wifilocker/.receivers.WifiChangeReceiver
05-05 16:44:19.033 E/azon.wifilocke(15430): Not starting debugger since process cannot load the jdwp agent.
05-05 16:44:19.038 I/WJ.com.amazon.whisperjoin.middleware.services.MiddlewareService( 3157): resumeProvisioningService
05-05 16:44:19.082 W/azon.wifilocke(15430): ClassLoaderContext classpath size mismatch for position 0. expected=0, found=1 (PCL[] | PCL[/system/priv-app/MinervaApi/MinervaApi.apk*2651230893])
05-05 16:44:19.086 I/azon.wifilocke(15430): The ClassLoaderContext is a special shared library.
05-05 16:44:19.091 I/main.wifi_score( 1307): dump_wifi_score_ctxt(): is2g=1, is11ac=0, is11ax=0, chan_bw=20, nss=2, bcn_rssi=-48, data_rssi=-47, tx_ok=6314, tx_failed=1236, cca_idle_pct=58
05-05 16:44:19.092 I/main.wifi_score( 1307): dump_wifi_score_ctxt(): last_tx_stats: sgi=0, pream=1, mcs=5, ss=2, bw=0
05-05 16:44:19.092 E/wlan_stats( 1307): rtnetlink recv failure
05-05 16:44:19.092 E/wlan_stats( 1307): ERROR: Error fetching Kernel stats from driver
05-05 16:44:19.094 I/azon.wifilocke(15430): The ClassLoaderContext is a special shared library.
05-05 16:44:19.104 I/wlan_stats( 1307): BMC Stats not supported on the chip
05-05 16:44:19.106 I/main.wlan_stats( 1307): wlan0:rssi=-47;rssi2=-43;noise=-92;noise2=-87;s_channel=11;txframes=7550;txfails=1236;txper=16%;txaggr=0 0 0 0 0 0 0 0;rxframes=4535;rxcrc=87720;rxper=95.0%;rxdrop=0;phymod=N;phyrate=130;lasttxrate=MCS13_BW20;lastrxrate=MCS15_BW20;
05-05 16:44:19.106 I/main.wlan_stats( 1307): tx_packets=0;tx_bytes=0;tx_errors=0;tx_dropped=0;rx_packets=0;rx_bytes=0;rx_errors=0;rx_dropped=0;
05-05 16:44:19.106 I/main.wlan_stats( 1307): max_rssi=-20;min_rssi=-85;max_noise=-92;min_noise=-92;noise histogram=65 2 21 74 657 156 85 11 2525 31159 140442;
05-05 16:44:19.107 I/main.wlan_stats( 1307): ch_busy=42%;ch_idle=58%;ch_tx=0%;ch_rx=0%;total=992614;busy=424786;my_tx=256;my_rx=0;tx_ok=100%;tx_fail=0%;tx_retry=0%;rx_ok=0%;rx_fcs=100%;tx_ok=1;tx_fail=0;txretry=0;rx_ok=0;rx_fcs=18;cck_false=291;cck_crc=3;ofdm_false=49;ofdm_crc=1;
05-05 16:44:19.107 I/main.wlan_stats( 1307): TXRATE=1M, BW20, LP, CCK, BCC ; PER=0; PERCNT=100%;RXRATE=MCS14, BW20, LGI, MM, LDPC; PERCNT=90%;RXRATE=1M, BW20, LP, CCK, BCC; PERCNT=10%;
05-05 16:44:19.107 I/main.wlan_stats( 1307): process metric stats: num of samples30; beacon rssi: ins=-48, avg=-44; data rssi: ins=-47, avg=-46; data rssi2: ins=-43, avg=-46; noise:  ins=-92, avg=-92; noise2:  ins=-87, avg=-90; idle per: ins=58, sum=1697; max idle per: 83; min idle per: 13; 
05-05 16:44:19.107 I/main.wlan_stats( 1307): Chip Reset Report: 0-0;1-0;2-0;3-0;4-0;5-0;6-0;7-0;8-0;9-0;10-0;11-0;
05-05 16:44:19.107 I/main.wlan_stats( 1307): LOGGING RSSI LEVEL: Bcn(Avg 6 bar Ins 6 bar) Dat(Avg 6 bar Avg2 6 bar Ins 6 bar Ins2 6 bar) ChBW: 20Mhz ScreenStat on
05-05 16:44:19.150 I/WiFilocker.WifiChangeReceiver(15430): Received with intent action android.net.wifi.STATE_CHANGE
05-05 16:44:19.164 I/WiFilocker.WifiChangeReceiver(15430): Network state change detected
05-05 16:44:19.164 I/WiFilocker.WifiChangeReceiver(15430): Connected to a Wi-Fi network
05-05 16:44:19.186 I/com.amazon.wifilocker/MAPInit(15430): Initializing MAP (130050002 / MAPAndroidLib-1.3.51367.0) for app com.amazon.wifilocker. MAP release version: 20260206N
05-05 16:44:19.194 I/com.amazon.wifilocker/MetricsHelper(15430): FireOS Minerva metrics is supported
05-05 16:44:19.195 I/com.amazon.wifilocker/MAPInit(15430): Running MAPInit on main thread: false
05-05 16:44:19.199 I/com.amazon.wifilocker/ClientToCentralTrustLogicImpl(15430): Current package is: com.amazon.wifilocker. Directly trust central package: com.amazon.imp, since it is system MAP library
05-05 16:44:19.203 I/chatty  (15430): uid=10016(com.amazon.wifilocker) identical 2 lines
05-05 16:44:19.203 I/com.amazon.wifilocker/ClientToCentralTrustLogicImpl(15430): Current package is: com.amazon.wifilocker. Directly trust central package: com.amazon.imp, since it is system MAP library
05-05 16:44:19.204 I/com.amazon.wifilocker/IsolatedModeSwitcher(15430): App does not support client driven runtime isolation.
05-05 16:44:19.205 I/com.amazon.wifilocker/ClientToCentralTrustLogicImpl(15430): Current package is: com.amazon.wifilocker. Directly trust central package: com.amazon.imp, since it is system MAP library
05-05 16:44:19.205 I/com.amazon.wifilocker/ClientToCentralTrustLogicImpl(15430): Current package is: com.amazon.wifilocker. Directly trust central package: com.amazon.imp, since it is system MAP library
05-05 16:44:19.206 I/com.amazon.wifilocker/FeatureSetCache(15430): Caching feature IsolateApplication as false
05-05 16:44:19.207 I/com.amazon.wifilocker/ClientToCentralTrustLogicImpl(15430): Current package is: com.amazon.wifilocker. Directly trust central package: com.amazon.imp, since it is system MAP library
05-05 16:44:19.208 E/com.amazon.wifilocker/PlatformUtils(15430): Could not initialize FidoAuthenticatorJSBridge because Fido client could not be initialized
05-05 16:44:19.231 W/com.amazon.wifilocker/WhatsAppAutoreadPluginHelper(15430): WhatsAppAutoreadPlugin is not supported for this package: com.amazon.wifilocker
05-05 16:44:19.235 I/com.amazon.wifilocker/DataStorageFactoryImpl(15430): Creating new DataStorageFactoryImpl
05-05 16:44:19.235 I/com.amazon.wifilocker/MAPInitTasks(15430): Get DataStorage instance for initialization
05-05 16:44:19.235 I/com.amazon.wifilocker/DataStorageFactoryImpl(15430): Initializing new DataStorage
05-05 16:44:19.236 I/com.amazon.wifilocker/ClientToCentralTrustLogicImpl(15430): Current package is: com.amazon.wifilocker. Directly trust central package: com.amazon.imp, since it is system MAP library
05-05 16:44:19.239 I/com.amazon.wifilocker/ClientToCentralTrustLogicImpl(15430): Current package is: com.amazon.wifilocker. Directly trust central package: com.amazon.imp, since it is system MAP library
05-05 16:44:19.240 I/com.amazon.wifilocker/IsolatedModeSwitcher(15430): App does not support client driven runtime isolation.
05-05 16:44:19.244 I/com.amazon.wifilocker/ClientToCentralTrustLogicImpl(15430): Current package is: com.amazon.wifilocker. Directly trust central package: com.amazon.imp, since it is system MAP library
05-05 16:44:19.249 I/com.amazon.wifilocker/ClientToCentralTrustLogicImpl(15430): Current package is: com.amazon.wifilocker. Directly trust central package: com.amazon.imp, since it is system MAP library
05-05 16:44:19.249 I/com.amazon.wifilocker/TrustedPackageManager(15430): Trying to use default signature based package trust logic. This should be on 3P device
05-05 16:44:19.249 I/com.amazon.wifilocker/TrustedPackageManager(15430): Setting package trust logic as: signature based package trust logic
05-05 16:44:19.251 I/com.amazon.wifilocker/DeviceAttributeCache(15430): Setting device attribute CentralAPK to true
05-05 16:44:19.252 I/com.amazon.wifilocker/DataStorageFactoryImpl(15430): Creating and using new NonCanonicalDataStorage
05-05 16:44:19.253 I/com.amazon.wifilocker/LocalKeyValueStore(15430): Create DE shared preference, OS supports direct boot.
05-05 16:44:19.253 W/azon.wifilocke(15430): Class com.amazon.identity.auth.device.framework.AmazonDeviceInfo failed lock verification and will run slower.
05-05 16:44:19.253 W/azon.wifilocke(15430): Common causes for lock verification issues are non-optimized dex code
05-05 16:44:19.253 W/azon.wifilocke(15430): and incorrect proguard optimizations.
05-05 16:44:19.256 I/com.amazon.wifilocker/MAPInitTasks(15430): Initialize DataStorage instance
05-05 16:44:19.256 I/com.amazon.wifilocker/MAPInitTasks(15430): Setup DataStorage instance
05-05 16:44:19.265 I/com.amazon.wifilocker/ClientToCentralTrustLogicImpl(15430): Current package is: com.amazon.wifilocker. Directly trust central package: com.amazon.imp, since it is system MAP library
05-05 16:44:19.267 I/com.amazon.wifilocker/ClientToCentralTrustLogicImpl(15430): Current package is: com.amazon.wifilocker. Directly trust central package: com.amazon.imp, since it is system MAP library
05-05 16:44:19.270 I/WiFilocker.JobSchedulerUtil(15430): No. of pending jobs: 1
05-05 16:44:19.270 I/WiFilocker.JobSchedulerUtil(15430): OOBE upload job already exists. Save Job will not be scheduled.
05-05 16:44:19.270 I/com.amazon.wifilocker/ClientToCentralTrustLogicImpl(15430): Current package is: com.amazon.wifilocker. Directly trust central package: com.amazon.imp, since it is system MAP library
05-05 16:44:19.273 I/chatty  (15430): uid=10016(com.amazon.wifilocker) MAPCommonThread identical 7 lines
05-05 16:44:19.275 I/com.amazon.wifilocker/ClientToCentralTrustLogicImpl(15430): Current package is: com.amazon.wifilocker. Directly trust central package: com.amazon.imp, since it is system MAP library
05-05 16:44:19.276 I/com.amazon.wifilocker/IsolatedModeSwitcher(15430): App does not support client driven runtime isolation.
05-05 16:44:19.287 I/com.amazon.wifilocker/AmazonSerialNumber(15430): MAP Client side on FireOS 7+ calls IPC to get the DSN.
05-05 16:44:19.292 I/com.amazon.imp/SSODeviceInfo[0](  939): Amazon Device Info will try to get central device serial
05-05 16:44:19.292 I/com.amazon.imp/AmazonDeviceSecurityFactoryImpl[0](  939): Use device hardware auth.
05-05 16:44:19.295 I/com.amazon.wifilocker/LocalKeyValueStore(15430): Create DE shared preference, OS supports direct boot.
05-05 16:44:19.299 I/com.amazon.wifilocker/LocalKeyValueStore(15430): Create DE shared preference, OS supports direct boot.
05-05 16:44:19.311 I/com.amazon.wifilocker/ClientToCentralTrustLogicImpl(15430): Current package is: com.amazon.wifilocker. Directly trust central package: com.amazon.imp, since it is system MAP library
05-05 16:44:19.312 I/com.amazon.wifilocker/ClientToCentralTrustLogicImpl(15430): Current package is: com.amazon.wifilocker. Directly trust central package: com.amazon.imp, since it is system MAP library
05-05 16:44:19.313 I/com.amazon.wifilocker/MAPInitTasks(15430): Start update legacy authportal domain in database if needed
05-05 16:44:19.314 I/azon.wifilocke(15430): Rejecting re-init on previously-failed class java.lang.Class<com.amazon.identity.auth.device.framework.LWASSOPluginHelper$LWASSODependencyImpl>: java.lang.NoClassDefFoundError: Failed resolution of: Lcom/amazon/identity/mobi/lwasso/api/LWASSODependency;
05-05 16:44:19.314 I/azon.wifilocke(15430):   at void com.amazon.identity.auth.device.framework.MAPInitTasks.performInitOperations() (MAPInitTasks.java:125)
05-05 16:44:19.314 I/azon.wifilocke(15430):   at void com.amazon.identity.auth.device.api.MAPInit$2.run() (MAPInit.java:1)
05-05 16:44:19.314 I/azon.wifilocke(15430):   at void com.amazon.identity.auth.device.utils.ThreadUtils$1.run() (ThreadUtils.java:2)
05-05 16:44:19.314 I/azon.wifilocke(15430):   at void java.util.concurrent.ThreadPoolExecutor.runWorker(java.util.concurrent.ThreadPoolExecutor$Worker) (ThreadPoolExecutor.java:1167)
05-05 16:44:19.314 I/azon.wifilocke(15430):   at void java.util.concurrent.ThreadPoolExecutor$Worker.run() (ThreadPoolExecutor.java:641)
05-05 16:44:19.314 I/azon.wifilocke(15430):   at void java.lang.Thread.run() (Thread.java:764)
05-05 16:44:19.314 I/azon.wifilocke(15430): Caused by: java.lang.ClassNotFoundException: Didn't find class "com.amazon.identity.mobi.lwasso.api.LWASSODependency" on path: DexPathList[[zip file "/system/priv-app/MinervaApi/MinervaApi.apk", zip file "/system/priv-app/MetricsApi/MetricsApi.apk", zip file "/system/framework/com.amazon.identity.auth.device.jar", zip file "/system/framework/org.apache.http.legacy.boot.jar", zip file "/system/priv-app/CredentialLockerAndroid-tablet-release/CredentialLockerAndroid-tablet-release.apk"],nativeLibraryDirectories=[/system/priv-app/CredentialLockerAndroid-tablet-release/lib/arm, /system/lib, /system/lib]]
05-05 16:44:19.315 I/azon.wifilocke(15430):   at java.lang.Class dalvik.system.BaseDexClassLoader.findClass(java.lang.String) (BaseDexClassLoader.java:134)
05-05 16:44:19.315 I/azon.wifilocke(15430):   at java.lang.Class java.lang.ClassLoader.loadClass(java.lang.String, boolean) (ClassLoader.java:379)
05-05 16:44:19.315 I/azon.wifilocke(15430):   at java.lang.Class java.lang.ClassLoader.loadClass(java.lang.String) (ClassLoader.java:312)
05-05 16:44:19.315 I/azon.wifilocke(15430):   at void com.amazon.identity.auth.device.framework.MAPInitTasks.performInitOperations() (MAPInitTasks.java:125)
05-05 16:44:19.315 I/azon.wifilocke(15430):   at void com.amazon.identity.auth.device.api.MAPInit$2.run() (MAPInit.java:1)
05-05 16:44:19.315 I/azon.wifilocke(15430):   at void com.amazon.identity.auth.device.utils.ThreadUtils$1.run() (ThreadUtils.java:2)
05-05 16:44:19.315 I/azon.wifilocke(15430):   at void java.util.concurrent.ThreadPoolExecutor.runWorker(java.util.concurrent.ThreadPoolExecutor$Worker) (ThreadPoolExecutor.java:1167)
05-05 16:44:19.315 I/azon.wifilocke(15430):   at void java.util.concurrent.ThreadPoolExecutor$Worker.run() (ThreadPoolExecutor.java:641)
05-05 16:44:19.315 I/azon.wifilocke(15430):   at void java.lang.Thread.run() (Thread.java:764)
05-05 16:44:19.315 I/azon.wifilocke(15430): 
05-05 16:44:19.315 I/azon.wifilocke(15430): Rejecting re-init on previously-failed class java.lang.Class<com.amazon.identity.auth.device.framework.LWASSOPluginHelper$LWASSODependencyImpl>: java.lang.NoClassDefFoundError: Failed resolution of: Lcom/amazon/identity/mobi/lwasso/api/LWASSODependency;
05-05 16:44:19.315 I/azon.wifilocke(15430):   at void com.amazon.identity.auth.device.framework.MAPInitTasks.performInitOperations() (MAPInitTasks.java:125)
05-05 16:44:19.315 I/azon.wifilocke(15430):   at void com.amazon.identity.auth.device.api.MAPInit$2.run() (MAPInit.java:1)
05-05 16:44:19.315 I/azon.wifilocke(15430):   at void com.amazon.identity.auth.device.utils.ThreadUtils$1.run() (ThreadUtils.java:2)
05-05 16:44:19.315 I/azon.wifilocke(15430):   at void java.util.concurrent.ThreadPoolExecutor.runWorker(java.util.concurrent.ThreadPoolExecutor$Worker) (ThreadPoolExecutor.java:1167)
05-05 16:44:19.315 I/azon.wifilocke(15430):   at void java.util.concurrent.ThreadPoolExecutor$Worker.run() (ThreadPoolExecutor.java:641)
05-05 16:44:19.315 I/azon.wifilocke(15430):   at void java.lang.Thread.run() (Thread.java:764)
05-05 16:44:19.315 I/azon.wifilocke(15430): Caused by: java.lang.ClassNotFoundException: Didn't find class "com.amazon.identity.mobi.lwasso.api.LWASSODependency" on path: DexPathList[[zip file "/system/priv-app/MinervaApi/MinervaApi.apk", zip file "/system/priv-app/MetricsApi/MetricsApi.apk", zip file "/system/framework/com.amazon.identity.auth.device.jar", zip file "/system/framework/org.apache.http.legacy.boot.jar", zip file "/system/priv-app/CredentialLockerAndroid-tablet-release/CredentialLockerAndroid-tablet-release.apk"],nativeLibraryDirectories=[/system/priv-app/CredentialLockerAndroid-tablet-release/lib/arm, /system/lib, /system/lib]]
05-05 16:44:19.315 I/azon.wifilocke(15430):   at java.lang.Class dalvik.system.BaseDexClassLoader.findClass(java.lang.String) (BaseDexClassLoader.java:134)
05-05 16:44:19.315 I/azon.wifilocke(15430):   at java.lang.Class java.lang.ClassLoader.loadClass(java.lang.String, boolean) (ClassLoader.java:379)
05-05 16:44:19.315 I/azon.wifilocke(15430):   at java.lang.Class java.lang.ClassLoader.loadClass(java.lang.String) (ClassLoader.java:312)
05-05 16:44:19.315 I/azon.wifilocke(15430):   at void com.amazon.identity.auth.device.framework.MAPInitTasks.performInitOperations() (MAPInitTasks.java:125)
05-05 16:44:19.315 I/azon.wifilocke(15430):   at void com.amazon.identity.auth.device.api.MAPInit$2.run() (MAPInit.java:1)
05-05 16:44:19.315 I/azon.wifilocke(15430):   at void com.amazon.identity.auth.device.utils.ThreadUtils$1.run() (ThreadUtils.java:2)
05-05 16:44:19.315 I/azon.wifilocke(15430):   at void java.util.concurrent.ThreadPoolExecutor.runWorker(java.util.concurrent.ThreadPoolExecutor$Worker) (ThreadPoolExecutor.java:1167)
05-05 16:44:19.315 I/azon.wifilocke(15430):   at void java.util.concurrent.ThreadPoolExecutor$Worker.run() (ThreadPoolExecutor.java:641)
05-05 16:44:19.316 I/azon.wifilocke(15430):   at void java.lang.Thread.run() (Thread.java:764)
05-05 16:44:19.316 I/azon.wifilocke(15430): 
05-05 16:44:19.316 W/com.amazon.wifilocker/WhatsAppAutoreadPluginHelper(15430): WhatsAppAutoreadPlugin is not supported for this package: com.amazon.wifilocker
05-05 16:44:20.455 I/Node    (  313): dolby-audio-meter, AdapterPcmSystem adapter audio meter: channel 0; audio level: 0.000
05-05 16:44:20.456 I/Node    (  313): dolby-audio-meter, AdapterPcmSystem adapter audio meter: channel 1; audio level: 0.000
05-05 16:44:20.487 I/Node    (  313): dolby-audio-meter, AdapterPcmOut adapter audio meter: channel 0; audio level: 0.000
05-05 16:44:20.487 I/Node    (  313): dolby-audio-meter, AdapterPcmOut adapter audio meter: channel 1; audio level: 0.000
05-05 16:44:21.314 I/whad    ( 1652): AudioDistributionManager:whadMemUsage:PSS kB,javaCode=2901,nativeCode=3969,heap=1916,stack=40,other=1560,total=10386,pbHistory=NeverPlayed
05-05 16:44:23.300 I/MetricsJobService( 1247): onStartJob - Received callback from JobScheduler for JobID: ; 10
05-05 16:44:23.304 I/MetricsJobService( 1247): UPLOAD_MINERVA_METRICS - Skipping upload as it's too soon since last upload (468958 ms < 480000 ms);
05-05 16:44:23.404 I/ADM     ( 1232): [ADM][D2SM]Received Intent: Intent { act=com.amazon.dcp.messaging.action.SCHEDULE_FLUSH cmp=com.amazon.device.messaging/.OdotService } startId: 1
05-05 16:44:23.405 I/ADM     ( 1232): [ADM][D2SM]in NetworkCallback.onAvailable
05-05 16:44:23.408 I/ADM     ( 1232): [ADM][D2SM]Received Intent: Intent { act=com.amazon.dcp.messaging.action.SCHEDULE_FLUSH cmp=com.amazon.device.messaging/.OdotService } startId: 2
05-05 16:44:23.429 I/ADM     ( 1232): [ADM][D2SM][Schedule]Schedule Flush: Nothing to flush, cancelling alarm
05-05 16:44:23.444 I/ADM     ( 1232): [ADM][D2SM][Schedule]Schedule Flush: Nothing to flush, cancelling alarm
05-05 16:44:24.108 I/WeblabFeature( 1723): Refreshing treatment for: FTV_SEARCH_DECOUPLING_ALPHA_222720
05-05 16:44:24.109 I/AsyncWeblabTreatmentTas( 1723): Received a treatment of C_DEFAULT for : FTV_SEARCH_DECOUPLING_ALPHA_222720
05-05 16:44:24.447 I/ADM     ( 1232): [ADM][D2SM]Queues are not busy, stopping: 2
05-05 16:44:24.784 I/KPIBatchCreator( 1723): enqueueKPIBatchForTransmission
05-05 16:44:24.992 E/SELinux (  531): avc:  denied  { see_home_task } for  scontext=u:r:platform_app:s0:c512,c768 tcontext=u:r:system_server:s0 tclass=amazon_policies permissive=0
05-05 16:44:24.995 I/NwkMonitor.NwkMonitor(  822): foreground app com.xandeflix.app
05-05 16:44:25.393 I/F_C.CardProvider( 1723): Delete expired cards
05-05 16:44:27.284 I/whad    ( 1652): DeviceVisibilityManager:proactiveVisibilityThread:seq=3
05-05 16:44:27.285 I/whad    ( 1652): DeviceVisibilityManager:proactiveVisibilityThread:First visibilityInfo not sent. Testing all devices
05-05 16:44:27.290 I/whad    ( 1652): DeviceVisibilityManager:runProactiveVisibilityTest:started test 1 of 3
05-05 16:44:27.290 I/whad    ( 1652): DeviceVisibilityManager:runProactiveVisibilityTest:skippingLocalDevice,bssid=0,essid=0,networkTypeGuesses=2_4_GHZ
05-05 16:44:27.290 I/whad    ( 1652): DeviceVisibilityManager:runProactiveVisibilityTest:testingId=XX13WK
05-05 16:44:27.292 I/whad    ( 1652): DeviceVisibilityManager:runProactiveVisibilityTest:testingId=XX08SX
05-05 16:44:27.292 I/whad    ( 1652): DeviceVisibilityManager:runProactiveVisibilityTest:testingId=XX01M4
05-05 16:44:27.292 I/whad    ( 1652): DeviceVisibilityManager:runProactiveVisibilityTest:localDevice=XX0CJ0,finished sending proactive test 1 of 3
05-05 16:44:27.293 I/whad    ( 1652): Device:testVisibility:reason=sending,fetchingCapabilities=1,uniqueId=XX13WK
05-05 16:44:27.293 I/whad    ( 1652): Device:testVisibility:reason=sending,fetchingCapabilities=1,uniqueId=XX08SX
05-05 16:44:27.294 I/whad    ( 1652): Device:testVisibility:reason=sending,fetchingCapabilities=1,uniqueId=XX01M4
05-05 16:44:27.490 W/bt_btif (  791): bta_hh_le_input_rpt_notify uuid=0x2a4d srv_handle=79 is_bl_svc_primary=1 rpt_id=1 len=3
05-05 16:44:27.491 I/AmazonProfileService(  531): Event is not filtered because it is not in filter key list.
05-05 16:44:27.491 I/KeyMapManagerUtil(  531): Unknown remote sku id 39. Fetch remote sku id from system property
05-05 16:44:27.492 I/chatty  ( 1398): uid=10144(com.amazon.tv.devicecontrol) expire 22 lines
05-05 16:44:27.505 E/Capacitor/Console(14971): File: https://localhost/assets/index-B5eYDJ6J.js - Line 34 - Msg: XANDEFLIX_DPAD_TRACE [FocusableButton] forced url input focus
05-05 16:44:27.709 W/bt_btif (  791): bta_hh_le_input_rpt_notify uuid=0x2a4d srv_handle=79 is_bl_svc_primary=1 rpt_id=1 len=3
05-05 16:44:27.710 I/KeyMapManagerUtil(  531): Unknown remote sku id 39. Fetch remote sku id from system property
05-05 16:44:27.809 W/bt_btif (  791): bta_hh_le_input_rpt_notify uuid=0x2a4d srv_handle=79 is_bl_svc_primary=1 rpt_id=1 len=3
05-05 16:44:27.810 I/KeyMapManagerUtil(  531): Unknown remote sku id 39. Fetch remote sku id from system property
05-05 16:44:27.821 E/Capacitor/Console(14971): File: https://localhost/assets/index-B5eYDJ6J.js - Line 34 - Msg: XANDEFLIX_DPAD_TRACE [FocusableButton] forced url input focus
05-05 16:44:28.009 W/bt_btif (  791): bta_hh_le_input_rpt_notify uuid=0x2a4d srv_handle=79 is_bl_svc_primary=1 rpt_id=1 len=3
05-05 16:44:28.010 I/KeyMapManagerUtil(  531): Unknown remote sku id 39. Fetch remote sku id from system property
05-05 16:44:28.349 W/bt_btif (  791): bta_hh_le_input_rpt_notify uuid=0x2a4d srv_handle=79 is_bl_svc_primary=1 rpt_id=1 len=3
05-05 16:44:28.350 I/KeyMapManagerUtil(  531): Unknown remote sku id 39. Fetch remote sku id from system property
05-05 16:44:28.361 E/Capacitor/Console(14971): File: https://localhost/assets/index-B5eYDJ6J.js - Line 34 - Msg: XANDEFLIX_DPAD_TRACE [FocusableButton] no first channel to focus
05-05 16:44:28.483 W/Process (  531): Unable to open /proc/0/status
05-05 16:44:28.010 I/chatty  (  531): uid=1000(system) InputReader identical 3 lines
05-05 16:44:28.350 I/AmazonProfileService(  531): Event is not filtered because it is not in filter key list.
05-05 16:44:28.503 I/ActivityManager(  531): Start proc 15462:com.android.providers.downloads/u0a30 for service com.android.providers.downloads/.DownloadMonitorService
05-05 16:44:28.525 E/iders.download(15462): Not starting debugger since process cannot load the jdwp agent.
05-05 16:44:28.568 I/iders.download(15462): The ClassLoaderContext is a special shared library.
05-05 16:44:28.569 W/bt_btif (  791): bta_hh_le_input_rpt_notify uuid=0x2a4d srv_handle=79 is_bl_svc_primary=1 rpt_id=1 len=3
05-05 16:44:28.570 I/AmazonProfileService(  531): Event is not filtered because it is not in filter key list.
05-05 16:44:28.570 I/KeyMapManagerUtil(  531): Unknown remote sku id 39. Fetch remote sku id from system property
05-05 16:44:28.578 W/iders.download(15462): ClassLoaderContext classpath size mismatch for position 0. expected=0, found=2 (PCL[] | PCL[/system/priv-app/MetricsApi/MetricsApi.apk*3997826149:/system/framework/com.amazon.identity.auth.device.jar*1759628808])
05-05 16:44:28.641 I/DownloadMonitorService(15462): onStartJob
05-05 16:44:28.666 I/DownloadHandler(15462): scheduleManageDownloads
05-05 16:44:28.672 I/DownloadHandler(15462): scheduleManageDownloads
05-05 16:44:29.087 W/IMGMemtrackHAL(  303): hal_get_memory: memtrack cache rebuild was required
05-05 16:44:29.209 W/Process (  531): Unable to open /proc/0/status
05-05 16:44:29.217 I/RuntimePersistent(  531): Set process com.amazon.device.software.ota to non persistent, maxAdj=1001
05-05 16:44:29.235 I/ActivityManager(  531): Start proc 15483:com.amazon.device.software.ota/u0a24 for service com.amazon.device.software.ota/.OTAJobService
05-05 16:44:29.253 E/ce.software.ot(15483): Not starting debugger since process cannot load the jdwp agent.
05-05 16:44:29.291 I/ce.software.ot(15483): The ClassLoaderContext is a special shared library.
05-05 16:44:29.303 W/ce.software.ot(15483): ClassLoaderContext classpath size mismatch for position 0. expected=0, found=2 (PCL[] | PCL[/system/framework/org.apache.http.legacy.boot.jar*796383208:/system/priv-app/MinervaApi/MinervaApi.apk*2651230893])
05-05 16:44:29.308 W/ce.software.ot(15483): ClassLoaderContext classpath size mismatch for position 0. expected=0, found=3 (PCL[] | PCL[/system/framework/org.apache.http.legacy.boot.jar*796383208:/system/priv-app/MinervaApi/MinervaApi.apk*2651230893:/system/priv-app/MetricsApi/MetricsApi.apk*3997826149])
05-05 16:44:29.312 I/ce.software.ot(15483): The ClassLoaderContext is a special shared library.
05-05 16:44:29.318 W/ce.software.ot(15483): ClassLoaderContext classpath size mismatch for position 0. expected=0, found=5 (PCL[] | PCL[/system/framework/org.apache.http.legacy.boot.jar*796383208:/system/priv-app/MinervaApi/MinervaApi.apk*2651230893:/system/priv-app/MetricsApi/MetricsApi.apk*3997826149:/system/priv-app/DeviceMessagingAndroidInternalSDK/DeviceMessagingAndroidInternalSDK.apk*1700992038:/system/framework/com.amazon.identity.auth.device.jar*1759628808])
05-05 16:44:29.319 W/ce.software.ot(15483): Found duplicate classes, falling back to extracting from APK : /system/priv-app/DeviceSoftwareOTAContracts/DeviceSoftwareOTAContracts.apk
05-05 16:44:29.319 W/ce.software.ot(15483): NOTE: This wastes RAM and hurts startup performance.
05-05 16:44:29.319 W/ce.software.ot(15483): Found duplicated class when checking oat files: 'Lcom/amazon/dcp/tph/TPHConstants;' in /system/priv-app/DeviceMessagingAndroidInternalSDK/DeviceMessagingAndroidInternalSDK.apk and /system/priv-app/DeviceSoftwareOTAContracts/DeviceSoftwareOTAContracts.apk
05-05 16:44:29.319 W/ce.software.ot(15483): 
05-05 16:44:29.337 W/ce.software.ot(15483): ClassLoaderContext classpath size mismatch for position 0. expected=0, found=6 (PCL[] | PCL[/system/framework/org.apache.http.legacy.boot.jar*796383208:/system/priv-app/MinervaApi/MinervaApi.apk*2651230893:/system/priv-app/MetricsApi/MetricsApi.apk*3997826149:/system/priv-app/DeviceMessagingAndroidInternalSDK/DeviceMessagingAndroidInternalSDK.apk*1700992038:/system/framework/com.amazon.identity.auth.device.jar*1759628808:/system/priv-app/DeviceSoftwareOTAContracts/DeviceSoftwareOTAContracts.apk*1675565511])
05-05 16:44:29.338 W/ce.software.ot(15483): Found duplicate classes, falling back to extracting from APK : /system/priv-app/DeviceClientPlatformContractsFramework/DeviceClientPlatformContractsFramework.apk
05-05 16:44:29.338 W/ce.software.ot(15483): NOTE: This wastes RAM and hurts startup performance.
05-05 16:44:29.338 W/ce.software.ot(15483): Found duplicated class when checking oat files: 'Lcom/amazon/dcp/common/ThirdPartyDeviceUtils;' in /system/priv-app/DeviceSoftwareOTAContracts/DeviceSoftwareOTAContracts.apk and /system/priv-app/DeviceClientPlatformContractsFramework/DeviceClientPlatformContractsFramework.apk
05-05 16:44:29.338 W/ce.software.ot(15483): 
05-05 16:44:29.351 I/ce.software.ot(15483): The ClassLoaderContext is a special shared library.
05-05 16:44:29.358 W/ce.software.ot(15483): ClassLoaderContext classpath element mismatch for position 0. expected=ontracts/DeviceSoftwareOTAContracts.apk, found=/system/priv-app/DeviceSoftwareOTAContracts/DeviceSoftwareOTAContracts.apk (PCL[/system/framework/org.apache.http.legacy.boot.jar*796383208:/system/priv-app/MinervaApi/MinervaApi.apk*2651230893:/system/priv-app/MetricsApi/MetricsApi.apk*3997826149:/system/priv-app/DeviceMessagingAndroidInternalSDK/DeviceMessagingAndroidInternalSDK.apk*1700992038:/system/framework/com.amazon.identity.auth.device.jar*1759628808:ontracts/DeviceSoftwareOTAContracts.apk*1675565511:/system/priv-app/DeviceClientPlatformContractsFramework/DeviceClientPlatformContractsFramework.apk*3338463845:/system/framework/retaildemoapi.jar*4019160098] | PCL[/system/framework/org.apache.http.legacy.boot.jar*796383208:/system/priv-app/MinervaApi/MinervaApi.apk*2651230893:/system/priv-app/MetricsApi/MetricsApi.apk*3997826149:/system/priv-app/DeviceMessagingAndroidInternalSDK/DeviceMessagingAndroidInternalSDK.apk*1700992038:/system/f
05-05 16:44:29.372 W/ce.software.ot(15483): resources.arsc in APK '/system/priv-app/DeviceClientPlatformContractsFramework/DeviceClientPlatformContractsFramework.apk' is compressed.
05-05 16:44:29.388 I/OTALOG:OtaApplication(15483): OtaApplication onCreate()
05-05 16:44:29.445 I/OTALOG:EntryPointMetrics(15483): RecordEntryPoint: OtaApplication
05-05 16:44:29.447 I/OTALOG:OtaTaskHandler(15483): Executing: com.amazon.device.software.ota.metrics.EntryPointMetrics$ProfileEntryPointTask
05-05 16:44:29.449 I/OTALOG:OTAJobService(15483): onCreate
