05-03 12:58:02.381 20940 20940 E ActivityThread: 	at android.app.ContextImpl.bindServiceCommon(ContextImpl.java:1703)
05-03 12:58:02.381 20940 20940 E ActivityThread: 	at android.app.ContextImpl.bindService(ContextImpl.java:1656)
05-03 12:58:02.381 20940 20940 E ActivityThread: 	at android.content.ContextWrapper.bindService(ContextWrapper.java:698)
05-03 12:58:02.381 20940 20940 E ActivityThread: 	at amazon.speech.simclient.common.ServiceConnectionManager.bindCommon(ServiceConnectionManager.java:325)
05-03 12:58:02.381 20940 20940 E ActivityThread: 	at amazon.speech.simclient.common.AsyncServiceConnectionManager$1.run(AsyncServiceConnectionManager.java:78)
05-03 12:58:02.381 20940 20940 E ActivityThread: 	at java.util.concurrent.ThreadPoolExecutor.runWorker(ThreadPoolExecutor.java:1167)
05-03 12:58:02.381 20940 20940 E ActivityThread: 	at java.util.concurrent.ThreadPoolExecutor$Worker.run(ThreadPoolExecutor.java:641)
05-03 12:58:02.381 20940 20940 E ActivityThread: 	at java.lang.Thread.run(Thread.java:764)
05-03 12:58:02.490   528   624 I AmazonProfileService: Event is not filtered because it is not in filter key list.
05-03 12:58:02.631   528   624 I AmazonProfileService: Event is not filtered because it is not in filter key list.
05-03 12:58:03.391   528   624 I AmazonProfileService: Event not filtered. KPM proceeds the key
05-03 12:58:03.951   528   624 I chatty  : uid=1000(system) InputReader identical 4 lines
05-03 12:58:04.071   528   624 I AmazonProfileService: Event not filtered. KPM proceeds the key
05-03 12:58:04.100   528  8913 W BroadcastQueue: Background execution not allowed: receiving Intent { act=amazon.bluetooth.input.profile.action.BATTERY_LEVEL_UPDATE flg=0x4000010 (has extras) } to com.amazon.device.rdmapplication/.services.RemoteBatteryLevelReceiver
05-03 12:58:04.110   528  8913 W BroadcastQueue: Background execution not allowed: receiving Intent { act=amazon.bluetooth.input.profile.action.BATTERY_LEVEL_UPDATE flg=0x4000010 (has extras) } to com.amazon.device.rdmapplication/.services.RemoteBatteryLevelReceiver
05-03 12:58:04.331   528   624 I AmazonProfileService: Event is not filtered because it is not in filter key list.
05-03 12:58:16.291   528   624 I chatty  : uid=1000(system) InputReader identical 55 lines
05-03 12:58:16.631   528   624 I AmazonProfileService: Event is not filtered because it is not in filter key list.
05-03 12:58:16.714   528   700 I RuntimePersistent: Set process com.amazon.device.software.ota to non persistent, maxAdj=1001
05-03 12:58:16.727   528   547 I ActivityManager: Start proc 21394:com.amazon.device.software.ota/u0a24 for service com.amazon.device.software.ota/.OtaService
05-03 12:58:16.771   528   624 I AmazonProfileService: Event is not filtered because it is not in filter key list.
05-03 12:58:16.991   528   624 I chatty  : uid=1000(system) InputReader identical 1 line
05-03 12:58:17.171   528   624 I AmazonProfileService: Event is not filtered because it is not in filter key list.
05-03 12:58:18.051   528   624 I AmazonProfileService: Event not filtered. KPM proceeds the key
05-03 12:58:18.211   528   624 I AmazonProfileService: Event not filtered. KPM proceeds the key
05-03 12:58:18.229   528   623 W ContextImpl: Calling a method in the system process without a qualified user: android.app.ContextImpl.sendBroadcast:1064 com.amazon.policy.keypolicymanager.FireTVKeyPolicyManager.sendHomePressedIntent:2799 com.amazon.policy.keypolicymanager.FireTVKeyPolicyManager.handleHomeKeyInteractive:2725 com.amazon.policy.keypolicymanager.FireTVKeyPolicyManager.handleShortPressOnHome:3427 com.android.server.policy.PhoneWindowManager.handleShortPressOnHome:1900 
05-03 12:58:18.233   528   623 I chatty  : uid=1000(system) InputDispatcher identical 6 lines
05-03 12:58:18.233   528   623 W ContextImpl: Calling a method in the system process without a qualified user: android.app.ContextImpl.sendBroadcast:1064 com.amazon.policy.keypolicymanager.FireTVKeyPolicyManager.sendHomePressedIntent:2799 com.amazon.policy.keypolicymanager.FireTVKeyPolicyManager.handleHomeKeyInteractive:2725 com.amazon.policy.keypolicymanager.FireTVKeyPolicyManager.handleShortPressOnHome:3427 com.android.server.policy.PhoneWindowManager.handleShortPressOnHome:1900 
05-03 12:58:18.258   528   623 I ActivityManager: START u0 {act=android.intent.action.MAIN cat=[android.intent.category.HOME] flg=0x10200000 cmp=com.amazon.tv.launcher/.ui.HomeActivity_vNext (has extras)} from uid 1000
05-03 12:58:18.268   528   623 I AmazonProfileService: shouldAbortActivityStart() Package: xxx activity: xxx
05-03 12:58:18.275   528   623 I AmazonProfileService: xxx is a system app, do not abort activity start.
05-03 12:58:18.367   528   623 W AmazonProfileService: Active profile for the package xxx not present for customer Id xxx
05-03 12:58:18.399   528   623 W AmazonProfileService: Active profile for the package xxx not present for customer Id xxx
05-03 12:58:18.481   528  4756 E AmazonHdmiService: No handle to TV client
05-03 12:58:18.483   528   701 W AmazonProfileService: Active profile for the package xxx not present for customer Id xxx
05-03 12:58:18.512   528   547 I ActivityManager: Start proc 21428:com.amazon.tv.devicecontrol/u0a144 for broadcast com.amazon.tv.devicecontrol/.receivers.neo.StateFeedbackReceiver
05-03 12:58:18.685   528   689 I AmazonHdmiService: OneTouchPlay: Call starting
05-03 12:58:18.760   528   660 W HdmiCecController: Failed to send <Vendor Command> 40:89:0D with errorCode=1
05-03 12:58:18.835   528  4756 I AmazonProfileService: Event is not filtered because it is not in filter key list.
05-03 12:58:18.864   528   528 I AmazonHdmiServiceUtils: setActiveCecState: jsonCaps: {"activeCecState":"unknown"}, activeCecState: active, isCecSink:false
05-03 12:58:18.865   528   528 W Looper  : Slow dispatch took 180ms main h=android.os.Handler c=com.android.server.hdmi.HdmiControlService$BinderService$4@481c1c1 m=0
05-03 12:58:18.959   528   660 W HdmiCecController: Failed to send <Text View On> 40:0D with errorCode=1
05-03 12:58:19.242   528   547 I ActivityManager: Start proc 21452:com.amazon.ceviche/u0a78 for content provider com.amazon.ceviche/.TrackEventsContentProvider
05-03 12:58:19.300   528   660 W HdmiCecController: Failed to send <Menu Status> 40:8E:00 with errorCode=1
05-03 12:58:19.340   528   553 W AmazonProfileService: Active profile for the package xxx not present for customer Id xxx
05-03 12:58:19.426   363   363 I perfmonitord:StatUtil: CPUUtilization crossed 95%. Current - 98%
05-03 12:58:19.500   528   660 W HdmiCecController: Failed to send <Give Device Power Status> 40:8F with errorCode=1
05-03 12:58:19.816   528  4756 I AmazonProfileService: Registering callback
05-03 12:58:20.459   528   547 I ActivityManager: Start proc 21500:com.amazon.aca/u0a66 for content provider com.amazon.aca/.cues.provider.HintsProvider
05-03 12:58:20.493   528   624 I AmazonProfileService: Event is not filtered because it is not in filter key list.
05-03 12:58:20.544   528   806 I ActivityManager: Process com.amazon.alexamediaplayer.runtime.ftv:smbs (pid 20984) has died: cch+3CEM 
05-03 12:58:20.651   528   624 I AmazonProfileService: Event is not filtered because it is not in filter key list.
05-03 12:58:20.715   528  1360 I ActivityManager: Process com.amazon.alexa.externalmediaplayer.fireos (pid 20940) has died: cch+3CEM 
05-03 12:58:20.851   528   624 I AmazonProfileService: Event is not filtered because it is not in filter key list.
05-03 12:58:20.904   528   821 I ActivityManager: Process com.amazon.device.software.ota (pid 21394) has died: cch+1CEM 
05-03 12:58:20.963   528  7129 I ActivityManager: Process com.android.proxyhandler (pid 21325) has died: fore TRNB
05-03 12:58:20.971   528   624 I AmazonProfileService: Event is not filtered because it is not in filter key list.
05-03 12:58:20.978   528  7129 W ActivityManager: Scheduling restart of crashed service com.fireos.arcus.proxy/.ArcusProxy in 16000ms
05-03 12:58:21.059   528   660 W HdmiCecController: Failed to send <Give Device Power Status> 40:8F with errorCode=1
05-03 12:58:21.091   528   624 I AmazonProfileService: Event is not filtered because it is not in filter key list.
05-03 12:58:21.171   528   624 I AmazonProfileService: Event is not filtered because it is not in filter key list.
05-03 12:58:21.228 21428 21523 I AmazonHdmiServiceManager: AmazonHdmiServiceManager created
05-03 12:58:21.291   528   624 I AmazonProfileService: Event is not filtered because it is not in filter key list.
05-03 12:58:21.451   528   624 I chatty  : uid=1000(system) InputReader identical 2 lines
05-03 12:58:21.611   528   624 I AmazonProfileService: Event is not filtered because it is not in filter key list.
05-03 12:58:21.616   528   539 I AmazonHdmiService: Get Current HDCP Version
05-03 12:58:21.667   528  7684 I AmazonHdmiService: Get Current HDCP Version
05-03 12:58:21.712   528   624 I AmazonProfileService: Event is not filtered because it is not in filter key list.
05-03 12:58:21.778   528  5058 I AmazonHdmiService: Get Current HDCP Version
05-03 12:58:21.825   528  8913 I AmazonHdmiService: Get Current HDCP Version
05-03 12:58:21.831   528   624 I AmazonProfileService: Event is not filtered because it is not in filter key list.
05-03 12:58:22.092   528   624 I AmazonProfileService: Event is not filtered because it is not in filter key list.
05-03 12:58:22.110   528  8913 I AmazonHdmiService: Get Current HDCP Version
05-03 12:58:22.169   528   821 I AmazonHdmiService: Get Current HDCP Version
05-03 12:58:22.173   528  8913 I AmazonHdmiService: Get Current HDCP Version
05-03 12:58:22.174   528   821 I AmazonHdmiService: Get Current HDCP Version
05-03 12:58:22.228   528   781 E TaskPersister: File error accessing recents directory (directory doesn't exist?).
05-03 12:58:22.251   528   624 I AmazonProfileService: Event is not filtered because it is not in filter key list.
05-03 12:58:22.320   528   660 W HdmiCecController: Failed to send <Give Device Power Status> 40:8F with errorCode=1
05-03 12:58:22.763   528  8913 W ActivityManager: Unable to start service Intent { cmp=com.amazon.tv.inputpreference.service/.AmazonInputPreferenceServiceImpl } U=0: not found
05-03 12:58:22.780   528   821 E AmazonHdmiService: No handle to TV client
05-03 12:58:22.784   528  8913 E AmazonHdmiService: No handle to TV client
05-03 12:58:22.786   528  8913 E AmazonHdmiService: No handle to TV client
05-03 12:58:22.792   528   821 E AmazonHdmiService: No handle to TV client
05-03 12:58:22.979   528   660 W HdmiCecController: Failed to send <Vendor Command> 40:89:83 with errorCode=1
05-03 12:58:23.003   528  8913 E AmazonHdmiService: No handle to TV client
05-03 12:58:23.179   528   660 W HdmiCecController: Failed to send <Vendor Command> 44:89:83 with errorCode=1
05-03 12:58:23.231   528   624 I AmazonProfileService: Event is not filtered because it is not in filter key list.
05-03 12:58:23.300   528  1100 E AmazonHdmiService: No handle to TV client
05-03 12:58:23.379   528   660 W HdmiCecController: Failed to send <Vendor Command> 45:89:83 with errorCode=1
05-03 12:58:23.391   528   624 I AmazonProfileService: Event is not filtered because it is not in filter key list.
05-03 12:58:23.396   528  7684 I ActivityManager: START u0 {act=android.intent.action.VIEW (has data) cmp=com.amazon.venezia/.deeplink.UriMatchActivity} from uid 10151
05-03 12:58:23.400   528  7684 I AmazonProfileService: shouldAbortActivityStart() Package: xxx activity: xxx
05-03 12:58:23.402   528  7684 I AmazonProfileService: xxx is a system app, do not abort activity start.
05-03 12:58:23.434   363   363 I perfmonitord:StatUtil: CPUUtilization now below 95%. Usage - 63%. Total milliseconds above threshold - 4000
05-03 12:58:23.462   528   539 W AmazonProfileService: Active profile for the package xxx not present for customer Id xxx
05-03 12:58:23.464   528   539 W AmazonProfileService: Active profile for the package xxx not present for customer Id xxx
05-03 12:58:23.508   528   701 W AmazonProfileService: Active profile for the package xxx not present for customer Id xxx
05-03 12:58:23.578   528  7684 I ActivityManager: START u0 {(has data) flg=0x8000 cmp=com.amazon.venezia/.grid.AppsGridLauncherActivity (has extras)} from uid 10162
05-03 12:58:23.579   528  7684 I AmazonProfileService: shouldAbortActivityStart() Package: xxx activity: xxx
05-03 12:58:23.579   528  7684 I AmazonProfileService: xxx is a system app, do not abort activity start.
05-03 12:58:23.581   528   660 W HdmiCecController: Failed to send <Vendor Command> 48:89:83 with errorCode=1
05-03 12:58:23.600   528   539 E AmazonHdmiService: No handle to TV client
05-03 12:58:23.625   528  7684 I AmazonProfileService: Event is not filtered because it is not in filter key list.
05-03 12:58:23.648   528  1100 W AmazonProfileService: Active profile for the package xxx not present for customer Id xxx
05-03 12:58:23.650   528  1100 W AmazonProfileService: Active profile for the package xxx not present for customer Id xxx
05-03 12:58:23.779   528   660 W HdmiCecController: Failed to send <Give Device Power Status> 40:8F with errorCode=1
05-03 12:58:23.948   528   539 E WindowManager: App trying to use insecure INPUT_FEATURE_NO_INPUT_CHANNEL flag. Ignoring
05-03 12:58:23.952   528   539 I AmazonProfileService: Event is not filtered because it is not in filter key list.
05-03 12:58:23.980   528   660 W HdmiCecController: Failed to send <Vendor Command> 49:89:83 with errorCode=1
05-03 12:58:24.179   528   660 W HdmiCecController: Failed to send <Vendor Command> 4B:89:83 with errorCode=1
05-03 12:58:24.242   528   553 W AmazonProfileService: Active profile for the package xxx not present for customer Id xxx
05-03 12:58:24.380   528   660 W HdmiCecController: Failed to send <Vendor Command> 4E:89:83 with errorCode=1
05-03 12:58:25.059   528   660 W HdmiCecController: Failed to send <Give Device Power Status> 40:8F with errorCode=1
05-03 12:58:25.072   528   624 I AmazonProfileService: Event is not filtered because it is not in filter key list.
05-03 12:58:25.592   528   624 I chatty  : uid=1000(system) InputReader identical 4 lines
05-03 12:58:25.791   528   624 I AmazonProfileService: Event is not filtered because it is not in filter key list.
05-03 12:58:25.805   528  7684 I ActivityManager: START u0 {act=android.intent.action.VIEW (has data) cmp=com.amazon.venezia/.pdi.AppLaunchActivity (has extras)} from uid 10162
05-03 12:58:25.806   528  7684 I AmazonProfileService: shouldAbortActivityStart() Package: xxx activity: xxx
05-03 12:58:25.807   528  7684 I AmazonProfileService: xxx is a system app, do not abort activity start.
05-03 12:58:25.814   528 21636 I ActivityManager: START u0 {act=android.intent.action.MAIN cat=[android.intent.category.LAUNCHER] flg=0x10000000 pkg=com.xandeflix.app cmp=com.xandeflix.app/.MainActivity (has extras)} from uid 1000
05-03 12:58:25.820   528 21636 I AmazonProfileService: shouldAbortActivityStart() Package: xxx activity: xxx
05-03 12:58:25.820   528 21636 I AmazonProfileService: shouldAbortActivityStart() not aborted
05-03 12:58:25.854   528  7684 W AmazonProfileService: Active profile for the package xxx not present for customer Id xxx
05-03 12:58:25.865   528  7684 W AmazonProfileService: Active profile for the package xxx not present for customer Id xxx
05-03 12:58:25.872   528   553 I AmazonProfileService: Sending broadcast as the package is a non-enabled app
05-03 12:58:25.886   528   701 W AmazonProfileService: Active profile for the package xxx not present for customer Id xxx
05-03 12:58:25.954   528   821 I AmazonProfileService: Event is not filtered because it is not in filter key list.
05-03 12:58:26.449   528   553 W AmazonProfileService: Active profile for the package xxx not present for customer Id xxx
05-03 12:58:27.059   528   660 W HdmiCecController: Failed to send <Give Device Power Status> 40:8F with errorCode=1
05-03 12:58:27.552   528   624 I AmazonProfileService: Event is not filtered because it is not in filter key list.
05-03 12:58:27.751   528   624 I AmazonProfileService: Event is not filtered because it is not in filter key list.
05-03 12:58:27.827   528   821 W ActivityManager: Unable to start service Intent { cmp=com.amazon.tv.inputpreference.service/.AmazonInputPreferenceServiceImpl } U=0: not found
05-03 12:58:27.911   528   624 I AmazonProfileService: Event is not filtered because it is not in filter key list.
05-03 12:58:28.091   528   624 I AmazonProfileService: Event is not filtered because it is not in filter key list.
05-03 12:58:28.260   528   781 E TaskPersister: File error accessing recents directory (directory doesn't exist?).
05-03 12:58:28.271   528   624 I AmazonProfileService: Event is not filtered because it is not in filter key list.
05-03 12:58:28.811   528   624 I chatty  : uid=1000(system) InputReader identical 3 lines
05-03 12:58:29.031   528   624 I AmazonProfileService: Event is not filtered because it is not in filter key list.
05-03 12:58:29.059   528   660 W HdmiCecController: Failed to send <Give Device Power Status> 40:8F with errorCode=1
05-03 12:58:29.211   528   624 I AmazonProfileService: Event is not filtered because it is not in filter key list.
05-03 12:58:29.731   528   624 I chatty  : uid=1000(system) InputReader identical 3 lines
05-03 12:58:29.871   528   624 I AmazonProfileService: Event is not filtered because it is not in filter key list.
05-03 12:58:29.921   381   487 E storaged: getDiskStats failed with result NOT_SUPPORTED and size 0
05-03 12:58:30.071   528   624 I AmazonProfileService: Event is not filtered because it is not in filter key list.
05-03 12:58:30.351   528   624 I chatty  : uid=1000(system) InputReader identical 2 lines
05-03 12:58:30.491   528   624 I AmazonProfileService: Event is not filtered because it is not in filter key list.
05-03 12:58:30.546   528   528 W Looper  : Slow dispatch took 154ms main h=android.app.ActivityThread$H c=android.app.-$$Lambda$LoadedApk$ReceiverDispatcher$Args$_BumDX2UKsnxLVrE6UJsJZkotuA@66c40e8 m=0
05-03 12:58:30.564   528   528 I AmazonInputSwitchService: Received package installation event for com.amazon.ceviche
05-03 12:58:30.588   528   528 W Looper  : Slow delivery took 208ms main h=android.app.ActivityThread$H c=android.app.-$$Lambda$LoadedApk$ReceiverDispatcher$Args$_BumDX2UKsnxLVrE6UJsJZkotuA@d388394 m=0
05-03 12:58:30.612   528   547 I ActivityManager: Start proc 21644:com.amazon.adep/u0a68 for broadcast com.amazon.adep/.nimh.device.management.SecurityEventReceiver
05-03 12:58:30.688   528   544 W VoiceInteractionManagerService: no available voice interaction services found for user 0
05-03 12:58:30.691   528   624 I AmazonProfileService: Event is not filtered because it is not in filter key list.
05-03 12:58:30.692   528   528 W Looper  : Drained
05-03 12:58:30.871   528   624 I AmazonProfileService: Event is not filtered because it is not in filter key list.
05-03 12:58:31.059   528   660 W HdmiCecController: Failed to send <Give Device Power Status> 40:8F with errorCode=1
05-03 12:58:31.171   528   624 I AmazonProfileService: Event is not filtered because it is not in filter key list.
05-03 12:58:32.651   528   624 I chatty  : uid=1000(system) InputReader identical 9 lines
05-03 12:58:32.831   528   624 I AmazonProfileService: Event is not filtered because it is not in filter key list.
05-03 12:58:32.871   528  8913 W ActivityManager: Unable to start service Intent { cmp=com.amazon.tv.inputpreference.service/.AmazonInputPreferenceServiceImpl } U=0: not found
05-03 12:58:32.971   528   624 I AmazonProfileService: Event is not filtered because it is not in filter key list.
05-03 12:58:33.059   528   660 W HdmiCecController: Failed to send <Give Device Power Status> 40:8F with errorCode=1
05-03 12:58:33.111   528   624 I AmazonProfileService: Event is not filtered because it is not in filter key list.
05-03 12:58:33.651   528   624 I chatty  : uid=1000(system) InputReader identical 4 lines
05-03 12:58:33.831   528   624 I AmazonProfileService: Event is not filtered because it is not in filter key list.
05-03 12:58:35.059   528   660 W HdmiCecController: Failed to send <Give Device Power Status> 40:8F with errorCode=1
05-03 12:58:36.987   528   547 I ActivityManager: Start proc 21684:com.android.proxyhandler/u0a6 for service com.fireos.arcus.proxy/.ArcusProxy
05-03 12:58:37.059   528   660 W HdmiCecController: Failed to send <Give Device Power Status> 40:8F with errorCode=1
05-03 12:58:37.914   528  8913 W ActivityManager: Unable to start service Intent { cmp=com.amazon.tv.inputpreference.service/.AmazonInputPreferenceServiceImpl } U=0: not found
05-03 12:58:39.059   528   660 W HdmiCecController: Failed to send <Give Device Power Status> 40:8F with errorCode=1
05-03 12:58:40.877   528   528 E AmazonHdmiService: OneTouchPlay: failed, timeout :Result:1
05-03 12:58:41.369   528   528 I AmazonInputSwitchService: Received package installation event for com.amazon.ceviche
05-03 12:58:41.407   528   544 W VoiceInteractionManagerService: no available voice interaction services found for user 0
05-03 12:58:42.956   528  8913 W ActivityManager: Unable to start service Intent { cmp=com.amazon.tv.inputpreference.service/.AmazonInputPreferenceServiceImpl } U=0: not found
05-03 12:59:08.140   528  8913 I chatty  : uid=1000(system) Binder:528_1B identical 5 lines
05-03 12:59:13.180   528  8913 W ActivityManager: Unable to start service Intent { cmp=com.amazon.tv.inputpreference.service/.AmazonInputPreferenceServiceImpl } U=0: not found
05-03 12:59:15.073   528   545 W BroadcastQueue: Permission Denial: receiving Intent { act=android.bluetooth.device.action.ACL_DISCONNECTED flg=0x5000010 (has extras) } to ProcessRecord{af06b4c 21500:com.amazon.aca/u0a66} (pid=21500, uid=10066) requires android.permission.BLUETOOTH due to sender com.android.bluetooth (uid 1002)
05-03 12:59:15.111   528   545 W BroadcastQueue: Permission Denial: receiving Intent { act=android.bluetooth.device.action.ACL_CONNECTED flg=0x5000010 (has extras) } to ProcessRecord{af06b4c 21500:com.amazon.aca/u0a66} (pid=21500, uid=10066) requires android.permission.BLUETOOTH due to sender com.android.bluetooth (uid 1002)
05-03 12:59:15.124   528   547 I ActivityManager: Start proc 21743:com.amazon.wirelessmetrics.service/u0a182 for service com.amazon.wirelessmetrics.service/.WirelessMetricsService
05-03 12:59:15.269   528  7684 I AmazonAutoPairService: onConnectStateChanged received..state:0
05-03 12:59:15.309   528  1100 W BroadcastQueue: Background execution not allowed: receiving Intent { act=amazon.bluetooth.input.profile.action.BATTERY_REPORT_FOUND flg=0x4000010 (has extras) } to com.amazon.device.rdmapplication/.services.RemoteBatteryLevelReceiver
05-03 12:59:15.321   528  1100 I AmazonAutoPairService: onConnectStateChanged received..state:2
05-03 12:59:15.321   528   528 I AmazonAutoPairService: onConnectStateChanged..Stopping discovery as a desired device is connected
05-03 12:59:15.323   528   528 I AmazonAutoPairService: handleStopAutoPairProcess..
05-03 12:59:15.332   528   624 I AmazonProfileService: Event is not filtered because it is not in filter key list.
05-03 12:59:15.356   528   624 I chatty  : uid=1000(system) InputReader identical 16 lines
05-03 12:59:15.357   528   624 I AmazonProfileService: Event is not filtered because it is not in filter key list.
05-03 12:59:15.358   528   676 I AmazonAutoPairService: received key event, stopping auto pair delay
05-03 12:59:15.471   528   539 W BroadcastQueue: Background execution not allowed: receiving Intent { act=amazon.bluetooth.input.profile.action.BATTERY_LEVEL_UPDATE flg=0x4000010 (has extras) } to com.amazon.device.rdmapplication/.services.RemoteBatteryLevelReceiver
05-03 12:59:15.487   528   539 W BroadcastQueue: Background execution not allowed: receiving Intent { act=amazon.bluetooth.input.profile.action.BATTERY_LEVEL_UPDATE flg=0x4000010 (has extras) } to com.amazon.device.rdmapplication/.services.RemoteBatteryLevelReceiver
05-03 12:59:15.518   528   528 W Looper  : Slow dispatch took 197ms main h=com.amazon.service.AmazonAutoPairService$AutoPairHandler c=com.amazon.service.AmazonAutoPairService$8$1@25ebaa m=0
05-03 12:59:15.623   528   547 W ActivityManager: Slow operation: 68ms so far, now at startProcess: returned from zygote!
05-03 12:59:15.623   528   547 W ActivityManager: Slow operation: 68ms so far, now at startProcess: done updating battery stats
05-03 12:59:15.623   528   547 W ActivityManager: Slow operation: 68ms so far, now at startProcess: building log message
05-03 12:59:15.623   528   547 I ActivityManager: Start proc 21778:com.amazon.tv.devicecontrolsettings/u0a145 for broadcast com.amazon.tv.devicecontrolsettings/.broadcast_receiver.DFUBroadcastReceiver
05-03 12:59:15.623   528   547 W ActivityManager: Slow operation: 68ms so far, now at startProcess: starting to update pids map
05-03 12:59:15.623   528   547 W ActivityManager: Slow operation: 68ms so far, now at startProcess: done updating pids map
05-03 12:59:16.232   528   547 I ActivityManager: Start proc 21825:com.amazon.device.bluetoothkeymaplib/u0a12 for broadcast com.amazon.device.bluetoothkeymaplib/.service.EventReceiver
05-03 12:59:17.752   528   624 I AmazonProfileService: Event is not filtered because it is not in filter key list.
05-03 12:59:17.932   528   624 I AmazonProfileService: Event is not filtered because it is not in filter key list.
05-03 12:59:18.221   528  7684 W ActivityManager: Unable to start service Intent { cmp=com.amazon.tv.inputpreference.service/.AmazonInputPreferenceServiceImpl } U=0: not found
05-03 12:59:18.492   528   624 I AmazonProfileService: Event is not filtered because it is not in filter key list.
05-03 12:59:22.072   528   624 I chatty  : uid=1000(system) InputReader identical 8 lines
05-03 12:59:22.232   528   624 I AmazonProfileService: Event is not filtered because it is not in filter key list.
05-03 12:59:27.829   528   545 W BroadcastQueue: Permission Denial: receiving Intent { act=android.bluetooth.device.action.ACL_DISCONNECTED flg=0x5000010 (has extras) } to ProcessRecord{af06b4c 21500:com.amazon.aca/u0a66} (pid=21500, uid=10066) requires android.permission.BLUETOOTH due to sender com.android.bluetooth (uid 1002)
05-03 12:59:27.887   528  7684 I AmazonAutoPairService: onConnectStateChanged received..state:0
05-03 12:59:28.701   528   545 W BroadcastQueue: Permission Denial: receiving Intent { act=android.bluetooth.device.action.ACL_CONNECTED flg=0x5000010 (has extras) } to ProcessRecord{af06b4c 21500:com.amazon.aca/u0a66} (pid=21500, uid=10066) requires android.permission.BLUETOOTH due to sender com.android.bluetooth (uid 1002)
05-03 12:59:28.856   528   539 W BroadcastQueue: Background execution not allowed: receiving Intent { act=amazon.bluetooth.input.profile.action.BATTERY_REPORT_FOUND flg=0x4000010 (has extras) } to com.amazon.device.rdmapplication/.services.RemoteBatteryLevelReceiver
05-03 12:59:28.864   528   539 I AmazonAutoPairService: onConnectStateChanged received..state:2
05-03 12:59:28.864   528   528 I AmazonAutoPairService: onConnectStateChanged..Stopping discovery as a desired device is connected
05-03 12:59:28.864   528   528 I AmazonAutoPairService: handleStopAutoPairProcess..
05-03 12:59:29.923   381   487 E storaged: getDiskStats failed with result NOT_SUPPORTED and size 0
05-03 12:59:30.004   528   547 I ActivityManager: Start proc 21871:com.amazon.webview.chromium:webview_service/u0a195 for service com.amazon.webview.chromium/org.chromium.android_webview.services.AwVariationsSeedFetcher
05-03 12:59:30.039   528   544 I UsageStatsService: User[0] Flushing usage stats to disk
05-03 12:59:45.149   833  2352 W ContextImpl: Calling a method in the system process without a qualified user: android.app.ContextImpl.bindService:1655 android.content.ContextWrapper.bindService:698 com.amazon.connectivitymanager.ConnectivityManager.<init>:172 x0.a.d:32 x0.a$a.V1:6 
05-03 12:59:58.706   833  2352 W ContextImpl: Calling a method in the system process without a qualified user: android.app.ContextImpl.bindService:1655 android.content.ContextWrapper.bindService:698 com.amazon.connectivitymanager.ConnectivityManager.<init>:172 x0.a.d:32 x0.a$a.V1:6 
05-03 12:59:58.950   528   547 I ActivityManager: Start proc 21894:com.amazon.bueller.photos/u0a77 for service com.amazon.bueller.photos/com.amazon.gallery.thor.config.control.RemoteConfigurationJob
05-03 13:00:29.924   381   487 E storaged: getDiskStats failed with result NOT_SUPPORTED and size 0
05-03 13:01:29.925   381   487 E storaged: getDiskStats failed with result NOT_SUPPORTED and size 0
05-03 13:02:29.926   381   487 E storaged: getDiskStats failed with result NOT_SUPPORTED and size 0
05-03 13:02:48.404   528   547 I ActivityManager: Start proc 21965:com.amazon.diode/u0a91 for broadcast com.amazon.diode/.events.ExternalEventReceiver
05-03 13:03:29.926   381   487 E storaged: getDiskStats failed with result NOT_SUPPORTED and size 0
05-03 13:04:22.237   528   559 I PowerManagerService: Nap time (uid 1000)...
05-03 13:04:22.240   528   559 I DreamManagerService: Entering dreamland.
05-03 13:04:22.241   528   559 I PowerManagerService: Dreaming...
05-03 13:04:22.241   528   528 W UsageStatsService: Event reported without a package name
05-03 13:04:22.253   528   551 I DreamController: Starting dream: name=ComponentInfo{com.amazon.ftv.screensaver/com.amazon.ftv.screensaver.app.services.ScreensaverService}, isTest=false, canDoze=false, userId=0
05-03 13:04:22.271   528   551 I ActivityManager: Killing 21871:com.amazon.webview.chromium:webview_service/u0a195 (adj 903): empty #3
05-03 13:04:22.273   528   551 I ActivityManager: Killing 21825:com.amazon.device.bluetoothkeymaplib/u0a12 (adj 903): empty #4
05-03 13:04:22.275   528   551 I ActivityManager: Killing 21452:com.amazon.ceviche/u0a78 (adj 903): empty #5
05-03 13:04:22.276   528   551 I ActivityManager: Killing 21778:com.amazon.tv.devicecontrolsettings/u0a145 (adj 903): empty #6
05-03 13:04:22.277   528   551 I ActivityManager: Killing 21743:com.amazon.wirelessmetrics.service/u0a182 (adj 903): empty #7
05-03 13:04:22.278   528   551 I ActivityManager: Killing 21428:com.amazon.tv.devicecontrol/u0a144 (adj 903): empty #8
05-03 13:04:22.279   528   551 I ActivityManager: Killing 21644:com.amazon.adep/u0a68 (adj 903): empty #9
05-03 13:04:22.280   528   551 I ActivityManager: Killing 21500:com.amazon.aca/u0a66 (adj 903): empty #10
05-03 13:04:22.287   528   701 W AmazonProfileService: Active profile for the package xxx not present for customer Id xxx
05-03 13:04:22.369   528   547 W ActivityManager: Slow operation: 62ms so far, now at startProcess: done updating battery stats
05-03 13:04:22.370   528   547 W ActivityManager: Slow operation: 62ms so far, now at startProcess: building log message
05-03 13:04:22.370   528   547 I ActivityManager: Start proc 22012:com.amazon.ftv.screensaver/u0a101 for service com.amazon.ftv.screensaver/.app.services.ScreensaverService
05-03 13:04:22.370   528   547 W ActivityManager: Slow operation: 63ms so far, now at startProcess: starting to update pids map
05-03 13:04:22.370   528   547 W ActivityManager: Slow operation: 63ms so far, now at startProcess: done updating pids map
05-03 13:04:22.376   528  1360 E AmazonHdmiService: Settings client binder died.
05-03 13:04:22.864   528  8913 E WindowManager: App trying to use insecure INPUT_FEATURE_NO_INPUT_CHANNEL flag. Ignoring
05-03 13:04:24.257   528  2418 I ActivityManager: Process com.amazon.bueller.photos (pid 21894) has died: cch+2CEM 
05-03 13:04:24.409   528  2418 I ActivityManager: Process com.amazon.diode (pid 21965) has died: cch+2CEM 
05-03 13:04:24.446   528  7684 I ActivityManager: Process com.android.proxyhandler (pid 21684) has died: cch+1CEM 
05-03 13:04:29.405   528   547 I ActivityManager: Start proc 22120:com.amazon.ceviche/u0a78 for content provider com.amazon.ceviche/.TrackEventsContentProvider
05-03 13:04:29.704   528  7684 I AmazonProfileService: Registering callback
05-03 13:04:29.769   528   547 I ActivityManager: Start proc 22148:com.android.proxyhandler/u0a6 for service com.fireos.arcus.proxy/.ArcusProxy
05-03 13:04:29.927   381   487 E storaged: getDiskStats failed with result NOT_SUPPORTED and size 0
05-03 13:04:31.512   528  1360 I ActivityManager: Process com.android.proxyhandler (pid 22148) has died: cch+1CEM 
05-03 13:04:33.598   528   528 W Looper  : Slow dispatch took 155ms main h=android.app.ActivityThread$H c=android.app.-$$Lambda$LoadedApk$ReceiverDispatcher$Args$_BumDX2UKsnxLVrE6UJsJZkotuA@4c54581 m=0
05-03 13:04:33.610   528   528 I AmazonInputSwitchService: Received package installation event for com.amazon.ftv.screensaver
05-03 13:04:33.640   528   547 I ActivityManager: Start proc 22224:com.amazon.adep/u0a68 for broadcast com.amazon.adep/.nimh.device.management.SecurityEventReceiver
05-03 13:04:33.668   528   528 W Looper  : Slow delivery took 231ms main h=com.android.server.tv.TvRemoteService$UserHandler c=android.app.-$$Lambda$LoadedApk$ReceiverDispatcher$Args$_BumDX2UKsnxLVrE6UJsJZkotuA@d754b2d m=0
05-03 13:04:33.754   528   544 W VoiceInteractionManagerService: no available voice interaction services found for user 0
05-03 13:04:33.796   528   528 W Looper  : Drained
05-03 13:04:34.104   528   547 I ActivityManager: Start proc 22262:com.android.proxyhandler/u0a6 for service com.fireos.arcus.proxy/.ArcusProxy
05-03 13:04:34.279   528   821 I ActivityManager: Process com.amazon.adep (pid 22224) has died: cch+1CEM 
05-03 13:04:39.266   363   363 I perfmonitord:StatUtil: CPUUtilization is at 6%
05-03 13:04:39.267   363   363 I perfmonitord:StatUtil: MemoryUtilization is at 76%
05-03 13:04:59.508   528   547 I ActivityManager: Start proc 22323:com.amazon.bueller.photos/u0a77 for service com.amazon.bueller.photos/com.amazon.gallery.thor.config.control.RemoteConfigurationJob
05-03 13:04:59.691   528  4756 I ActivityManager: Process com.amazon.ceviche (pid 22120) has died: cch+2CEM 
05-03 13:04:59.700   528  4756 I ActivityManager: Process com.android.proxyhandler (pid 22262) has died: cch+1CEM 
05-03 13:05:00.108   528   547 I ActivityManager: Start proc 22378:com.android.proxyhandler/u0a6 for service com.fireos.arcus.proxy/.ArcusProxy
05-03 13:05:00.202   528   539 I ActivityManager: Process com.amazon.bueller.photos (pid 22323) has died: cch+1CEM 
05-03 13:05:04.174   528   539 I ActivityManager: Process com.android.proxyhandler (pid 22378) has died: cch+1CEM 
05-03 13:05:29.928   381   487 E storaged: getDiskStats failed with result NOT_SUPPORTED and size 0
05-03 13:06:15.611   528   547 I ActivityManager: Start proc 22444:com.amazon.bueller.photos/u0a77 for service com.amazon.bueller.photos/com.amazon.gallery.thor.app.jobs.NetworkChangeJobService
05-03 13:06:16.133   528   547 I ActivityManager: Start proc 22498:com.android.proxyhandler/u0a6 for service com.fireos.arcus.proxy/.ArcusProxy
05-03 13:06:29.929   381   487 E storaged: getDiskStats failed with result NOT_SUPPORTED and size 0
05-03 13:06:31.650   528   742 W AmazonDropBoxManagerService: Either log duration is null or calculated wrong dropbox age due to wrong time in device.
05-03 13:06:31.892   528   742 W AmazonDropBoxManagerService: Either log duration is null or calculated wrong dropbox age due to wrong time in device.
05-03 13:06:32.174   528  1766 I ActivityManager: Process com.android.proxyhandler (pid 22498) has died: cch+2CEM 
05-03 13:06:32.182   528  1359 I ActivityManager: Process com.amazon.bueller.photos (pid 22444) has died: cch+1CEM 
05-03 13:06:37.997   528   624 I AmazonProfileService: Event is not filtered because it is not in filter key list.
05-03 13:06:38.005   528   624 I AmazonProfileService: Event is not filtered because it is not in filter key list.
05-03 13:06:38.066   528  1766 I DreamManagerService: Leaving dreamland.
05-03 13:06:38.066   528   551 I DreamManagerService: Performing gentle wake from dream.
05-03 13:06:38.068   528   551 I DreamController: Stopping dream: name=ComponentInfo{com.amazon.ftv.screensaver/com.amazon.ftv.screensaver.app.services.ScreensaverService}, isTest=false, canDoze=false, userId=0
05-03 13:06:38.116   528   559 I AmazonProfileService: onWakeUp, reason = android.server.power:DREAM, wakefulness = 2
05-03 13:06:38.116   528   559 I SuspendToRamVendorCallback: Device was woken up
05-03 13:06:38.116   528   557 I SuspendToRamVendorCallback: STR handler's callbacks removed
05-03 13:06:38.117   528   559 I PowerManagerService: Waking up from dream (uid=1000 reason=android.server.power:DREAM)...
05-03 13:06:38.120   528   528 W UsageStatsService: Event reported without a package name
05-03 13:06:38.123   528   683 I AmazonProfileService: CC:cookie present in ad id
05-03 13:06:38.126   528   551 I ActivityManager: Force stopping com.amazon.ftv.screensaver appid=10101 user=0: from pid 528
05-03 13:06:38.127   528   551 I ActivityManager: Killing 22012:com.amazon.ftv.screensaver/u0a101 (adj 0): stop com.amazon.ftv.screensaver
05-03 13:06:38.162   528   701 W AmazonProfileService: Active profile for the package xxx not present for customer Id xxx
05-03 13:06:38.172   528   547 I ActivityManager: Start proc 22568:com.amazon.tv.devicecontrol/u0a144 for broadcast com.amazon.tv.devicecontrol/.nativedcs.NativeDelegateReceiver
05-03 13:06:38.175   528   551 W Looper  : Slow dispatch took 109ms android.fg h=com.android.server.dreams.DreamManagerService$DreamHandler c=com.android.server.dreams.DreamManagerService$3@e9c0185 m=0
05-03 13:06:38.178   528  1619 I WindowManager: WIN DEATH: Window{e78e73 u0 Sys2023:dream}
05-03 13:06:38.252   528   546 W AmazonProfileService: Active profile for the package xxx not present for customer Id xxx
05-03 13:06:38.377   528   553 I AmazonProfileService: Sending broadcast as the package is a non-enabled app
05-03 13:06:38.397   528   553 W ActivityManager: setHasOverlayUi called on unknown pid: 22012
05-03 13:06:38.400   528  7867 I AmazonProfileService: Event is not filtered because it is not in filter key list.
05-03 13:06:38.687   528   547 I ActivityManager: Start proc 22596:com.android.proxyhandler/u0a6 for service com.fireos.arcus.proxy/.ArcusProxy
05-03 13:06:38.689 22568 22592 I AmazonHdmiServiceManager: AmazonHdmiServiceManager created
05-03 13:06:38.739   528  4199 I AmazonHdmiService: Get Current HDCP Version
05-03 13:06:38.749   528  4199 I AmazonHdmiService: Get Current HDCP Version
05-03 13:06:38.757   528  4199 E AmazonHdmiService: No handle to TV client
05-03 13:06:38.761   528  4199 I AmazonHdmiService: Get Current HDCP Version
05-03 13:06:38.772   528  7867 I AmazonHdmiService: Get Current HDCP Version
05-03 13:06:38.813   528  4199 I AmazonHdmiService: Get Current HDCP Version
05-03 13:06:38.826   528  7867 I AmazonHdmiService: Get Current HDCP Version
05-03 13:06:38.828   528  4199 I AmazonHdmiService: Get Current HDCP Version
05-03 13:06:38.828   528  4199 I AmazonHdmiService: Get Current HDCP Version
05-03 13:06:38.950   528   660 W HdmiCecController: Failed to send <Vendor Command> 40:89:83 with errorCode=1
05-03 13:06:39.054   528  7129 W ActivityManager: Unable to start service Intent { cmp=com.amazon.tv.inputpreference.service/.AmazonInputPreferenceServiceImpl } U=0: not found
05-03 13:06:39.097   528  4199 E AmazonHdmiService: No handle to TV client
05-03 13:06:39.149   528   660 W HdmiCecController: Failed to send <Give Device Power Status> 40:8F with errorCode=1
05-03 13:06:39.349   528   660 W HdmiCecController: Failed to send <Vendor Command> 44:89:83 with errorCode=1
05-03 13:06:39.377   528  7129 E AmazonHdmiService: No handle to TV client
05-03 13:06:39.441   528   624 I AmazonProfileService: Event is not filtered because it is not in filter key list.
05-03 13:06:39.569   528   660 W HdmiCecController: Failed to send <Vendor Command> 45:89:83 with errorCode=1
05-03 13:06:39.640   528   624 I AmazonProfileService: Event is not filtered because it is not in filter key list.
05-03 13:06:39.690   528  7129 E AmazonHdmiService: No handle to TV client
05-03 13:06:39.890   528   660 W HdmiCecController: Failed to send <Vendor Command> 48:89:83 with errorCode=1
05-03 13:06:39.990   528  7129 E AmazonHdmiService: No handle to TV client
05-03 13:06:40.189   528   660 W HdmiCecController: Failed to send <Vendor Command> 49:89:83 with errorCode=1
05-03 13:06:40.260   528   624 I AmazonProfileService: Event is not filtered because it is not in filter key list.
05-03 13:06:40.290   528  4199 E AmazonHdmiService: No handle to TV client
05-03 13:06:40.380   528   624 I AmazonProfileService: Event is not filtered because it is not in filter key list.
05-03 13:06:40.490   528   660 W HdmiCecController: Failed to send <Vendor Command> 4B:89:83 with errorCode=1
05-03 13:06:40.590   528  4199 E AmazonHdmiService: No handle to TV client
05-03 13:06:40.720   528   624 I AmazonProfileService: Event is not filtered because it is not in filter key list.
05-03 13:06:40.789   528   660 W HdmiCecController: Failed to send <Vendor Command> 4E:89:83 with errorCode=1
05-03 13:06:40.880   528   624 I AmazonProfileService: Event is not filtered because it is not in filter key list.
05-03 13:06:41.381   528   624 I AmazonProfileService: Event is not filtered because it is not in filter key list.
05-03 13:06:41.407   528  4199 W BroadcastQueue: Background execution not allowed: receiving Intent { act=amazon.bluetooth.input.profile.action.BATTERY_LEVEL_UPDATE flg=0x4000010 (has extras) } to com.amazon.device.rdmapplication/.services.RemoteBatteryLevelReceiver
05-03 13:06:41.415   528  4199 W BroadcastQueue: Background execution not allowed: receiving Intent { act=amazon.bluetooth.input.profile.action.BATTERY_LEVEL_UPDATE flg=0x4000010 (has extras) } to com.amazon.device.rdmapplication/.services.RemoteBatteryLevelReceiver
05-03 13:06:41.520   528   624 I AmazonProfileService: Event is not filtered because it is not in filter key list.
05-03 13:06:44.090   528  4199 W ActivityManager: Unable to start service Intent { cmp=com.amazon.tv.inputpreference.service/.AmazonInputPreferenceServiceImpl } U=0: not found
05-03 13:06:49.132   528  7129 W ActivityManager: Unable to start service Intent { cmp=com.amazon.tv.inputpreference.service/.AmazonInputPreferenceServiceImpl } U=0: not found
05-03 13:07:24.412   528  7129 I chatty  : uid=1000(system) Binder:528_17 identical 7 lines
05-03 13:07:29.454   528  7129 W ActivityManager: Unable to start service Intent { cmp=com.amazon.tv.inputpreference.service/.AmazonInputPreferenceServiceImpl } U=0: not found
05-03 13:07:29.930   381   487 E storaged: getDiskStats failed with result NOT_SUPPORTED and size 0
05-03 13:07:34.489   528  7129 W ActivityManager: Unable to start service Intent { cmp=com.amazon.tv.inputpreference.service/.AmazonInputPreferenceServiceImpl } U=0: not found
--------- beginning of main
05-03 13:07:39.529 22568 22568 E OZ-DCS:InputPreferenceManagerImpl: Max connection retries for AmazonInputPreferenceManager reached.
05-03 13:07:39.889   528   733 W MediaCodecDenylist: Ota group not found for 3880 tries
05-03 13:07:42.092  1628  4048 I whad    : Device:testVisibilityFailed:uniqueId=XX01M4,reason=Timeout,bssid=2,essid=2,wifiFrequency=0,networkTypeGuesses=2_4_GHZ
05-03 13:07:42.092  1628  4048 I whad    : ConnectionEdgeDetector:onVisibilityTestResult:updatedConnectionEdge,localDevice=XX0CJ0,remoteDevice=XX01M4,edgeType=None,reason=DifferentSeparateNetworks
05-03 13:07:42.093  1628  4048 I whad    : DeviceVisibilityManager:runProactiveVisibilityTest:localDevice=XX0CJ0,finished sending proactive test 2 of 5
05-03 13:07:47.414   321 18051 I Node    : dolby-audio-meter, AdapterPcmSystem adapter audio meter: channel 0; audio level: 0.000
05-03 13:07:47.414   321 18051 I Node    : dolby-audio-meter, AdapterPcmSystem adapter audio meter: channel 1; audio level: 0.000
05-03 13:07:47.414   321 18051 I Node    : dolby-audio-meter, AdapterPcmOut adapter audio meter: channel 0; audio level: 0.000
05-03 13:07:47.414   321 18051 I Node    : dolby-audio-meter, AdapterPcmOut adapter audio meter: channel 1; audio level: 0.000
05-03 13:07:48.469   528   756 I WifiDiagsUtil: event=RUN_TEST_CONTINUOUSLY
05-03 13:07:48.470   528   756 I WifiDiagsUtil: event=logPacketStats, if_name=wlan0, rx_bytes=57659, rx_packets=225, tx_bytes=182466, tx_packets=435
05-03 13:07:48.472   528   756 I WifiDiagsUtil: event=logPacketStats, daily_rx_bytes=13531047, daily_rx_packets=22074, daily_tx_bytes=7898478, daily_tx_packets=31472
05-03 13:07:48.489   528   756 I WifiDiagsUtil: event=runPingTest, ipStack=IPv4 Only
05-03 13:07:48.489   528   756 I WifiDiagsUtil: action=IPv4 Pingtest
05-03 13:07:48.489   528   756 I WifiDiagsUtil: event=pingTest, TARGET_TYPE=LOCALHOST, IP=XXX
05-03 13:07:48.493   528   756 I WifiDiagsUtil: event=pingsComplete, TARGET_TYPE=LOCALHOST, IP=XXX, PKTS_TX=5, PKTS_RX=5, PKT_LOSS=0.0%, AVG_TIME=0,55
05-03 13:07:48.493   528   756 I WifiDiagsUtil: event=pingTest, TARGET_TYPE=GATEWAY, IP=XXX, isIpv6=false
05-03 13:07:48.604   528   756 I WifiDiagsUtil: event=pingsComplete, TARGET_TYPE=GATEWAY, IP=XXX, PKTS_TX=5, PKTS_RX=5, PKT_LOSS=0.0%, AVG_TIME=22,10
05-03 13:07:48.604   528   756 I WifiDiagsUtil: event=pingTest, TARGET_TYPE=NAMESERVER1, IP=XXX, isIpv6=false
05-03 13:07:48.707   528   756 I WifiDiagsUtil: event=pingsComplete, TARGET_TYPE=NAMESERVER1, IP=XXX, PKTS_TX=5, PKTS_RX=5, PKT_LOSS=0.0%, AVG_TIME=20,30
05-03 13:07:48.707   528   756 I WifiDiagsUtil: warning=nameserverIsLocal
05-03 13:07:48.707   528   756 I WifiDiagsUtil: event=blacklistedDnsDetected, action=skipPingTest, nameserver=8.8.8.8
05-03 13:07:48.707   528   756 I WifiDiagsUtil: event=runHttpConnectionTestStarted, host=http://firetvcaptiveportal.com/generate_204
05-03 13:07:49.313   528   756 I WifiDiagsUtil: event=runHttpConnectionTestSuccess, host=http://firetvcaptiveportal.com/generate_204, httpCode=204, latency=605
05-03 13:07:49.313   528   756 I WifiDiagsUtil: event=reportNetworkStatistics, action=reportNetworkConnectivity, hasConnectivity=true
05-03 13:07:49.313   528   756 I WifiDiagsUtil: event=GOOD_CONNECTION
05-03 13:07:49.314   528   756 I WifiDiagsUtil: broadcastDiagsResults
05-03 13:07:49.327   528   756 I WifiDiagsUtil: event=stateDuration, duration=11772007
05-03 13:07:49.327   528   756 I WifiDiagsUtil: event=recordDataInTestEndpointStatistics, isEmitmetric=false
05-03 13:07:49.329   528   545 W Process : Unable to open /proc/0/status
05-03 13:07:49.346   528   547 I ActivityManager: Start proc 22684:com.amazon.diode/u0a91 for broadcast com.amazon.diode/.events.ExternalEventReceiver
05-03 13:07:49.371 22684 22684 E om.amazon.diod: Not starting debugger since process cannot load the jdwp agent.
05-03 13:07:49.406 22684 22684 I om.amazon.diod: The ClassLoaderContext is a special shared library.
05-03 13:07:49.415 22684 22684 W om.amazon.diod: ClassLoaderContext classpath size mismatch for position 0. expected=0, found=1 (PCL[] | PCL[/system/framework/com.amazon.identity.auth.device.jar*1759628808])
05-03 13:07:49.423 22684 22684 W om.amazon.diod: ClassLoaderContext classpath size mismatch for position 0. expected=0, found=2 (PCL[] | PCL[/system/framework/com.amazon.identity.auth.device.jar*1759628808:/system/priv-app/DeviceSoftwareOTAContracts/DeviceSoftwareOTAContracts.apk*1675565511])
05-03 13:07:49.424 22684 22684 W om.amazon.diod: Found duplicate classes, falling back to extracting from APK : /system/priv-app/com.amazon.communication/com.amazon.communication.apk
05-03 13:07:49.424 22684 22684 W om.amazon.diod: NOTE: This wastes RAM and hurts startup performance.
05-03 13:07:49.424 22684 22684 W om.amazon.diod: Found duplicated class when checking oat files: 'Lcom/amazon/fireos/sdk/annotations/EmptyStub;' in /system/priv-app/com.amazon.communication/com.amazon.communication.apk and /system/priv-app/DeviceSoftwareOTAContracts/DeviceSoftwareOTAContracts.apk
05-03 13:07:49.424 22684 22684 W om.amazon.diod: 
05-03 13:07:49.445 22684 22684 W om.amazon.diod: ClassLoaderContext classpath size mismatch for position 0. expected=0, found=3 (PCL[] | PCL[/system/framework/com.amazon.identity.auth.device.jar*1759628808:/system/priv-app/DeviceSoftwareOTAContracts/DeviceSoftwareOTAContracts.apk*1675565511:/system/priv-app/com.amazon.communication/com.amazon.communication.apk*2155301895])
05-03 13:07:49.446 22684 22684 W om.amazon.diod: Found duplicate classes, falling back to extracting from APK : /system/priv-app/DeviceMessagingAndroidInternalSDK/DeviceMessagingAndroidInternalSDK.apk
05-03 13:07:49.446 22684 22684 W om.amazon.diod: NOTE: This wastes RAM and hurts startup performance.
05-03 13:07:49.446 22684 22684 W om.amazon.diod: Found duplicated class when checking oat files: 'Lcom/amazon/dcp/tph/TPHConstants;' in /system/priv-app/DeviceMessagingAndroidInternalSDK/DeviceMessagingAndroidInternalSDK.apk and /system/priv-app/DeviceSoftwareOTAContracts/DeviceSoftwareOTAContracts.apk
05-03 13:07:49.446 22684 22684 W om.amazon.diod: 
05-03 13:07:49.458 22684 22684 I om.amazon.diod: The ClassLoaderContext is a special shared library.
05-03 13:07:49.464 22684 22684 I om.amazon.diod: The ClassLoaderContext is a special shared library.
05-03 13:07:49.470 22684 22684 W om.amazon.diod: ClassLoaderContext classpath size mismatch for position 0. expected=0, found=7 (PCL[] | PCL[/system/framework/com.amazon.identity.auth.device.jar*1759628808:/system/priv-app/DeviceSoftwareOTAContracts/DeviceSoftwareOTAContracts.apk*1675565511:/system/priv-app/com.amazon.communication/com.amazon.communication.apk*2155301895:/system/priv-app/DeviceMessagingAndroidInternalSDK/DeviceMessagingAndroidInternalSDK.apk*1700992038:/system/priv-app/MinervaApi/MinervaApi.apk*2651230893:/system/framework/connectivity_manager_api.jar*587598333:/system/framework/org.apache.http.legacy.boot.jar*796383208])
