05-05 16:44:29.459 W/MinervaServiceWrapper(15483): record : MinervaService not yet bound. Buffered Metric Event String. Buffer Size: 1
05-05 16:44:29.460 W/MinervaServiceWrapper(15483): record : MinervaService not yet bound. Buffered Metric Event String. Buffer Size: 2
05-05 16:44:29.463 E/BluetoothA2dpSink(15483): Could not bind to Bluetooth Service with Intent { act=android.bluetooth.IBluetoothA2dpSink }
05-05 16:44:29.464 I/OTALOG:BluetoothA2dpSinkManager(15483): BluetoothProfileListener attached to BluetoothAdapter
05-05 16:44:29.467 I/DemoManagerConstants(15483): Checking the FOS version to set DEMO_CONTENT_DIR --- Device SDK version > 27 
05-05 16:44:29.487 I/OTALOG:SettingsManager(15483): Not syncing Arcus config; not enough time since last sync
05-05 16:44:29.488 I/OTALOG:EntryPointMetrics(15483): RecordEntryPoint: OTAJobService
05-05 16:44:29.489 I/OTALOG:OtaTaskHandler(15483): Executing: com.amazon.device.software.ota.metrics.EntryPointMetrics$ProfileEntryPointTask
05-05 16:44:29.490 W/MinervaServiceWrapper(15483): record : MinervaService not yet bound. Buffered Metric Event String. Buffer Size: 3
05-05 16:44:29.491 W/MinervaServiceWrapper(15483): record : MinervaService not yet bound. Buffered Metric Event String. Buffer Size: 4
05-05 16:44:29.494 I/OTALOG:OTAJobService(15483): Starting job with jobId: 11
05-05 16:44:29.494 I/OTALOG:OTAJobService(15483): Enqueuing job start of sync OTA state transitions job
05-05 16:44:29.495 W/OTALOG:DurableTimer(15483): Error stopping timer that doesn't exist: ScheduleToCallbackLatency_SyncOTAStateTransitionsJob, ignoring
05-05 16:44:29.497 I/OTALOG:OtaTaskHandler(15483): Executing: com.amazon.device.software.ota.tasks.StartJobTask
05-05 16:44:29.524 I/OTALOG:OTAJobService(15483): enqueuing task for action com.amazon.device.software.ota.service.SYNC_OTA_STATE_TRANSITIONS
05-05 16:44:29.527 I/OTALOG:OtaTaskHandler(15483): Executing: com.amazon.device.software.ota.tasks.SyncOTAStateTransitionsTask
05-05 16:44:29.529 I/OTALOG:NetworkConnectivityHelper(15483): Network is connected and available for use.
05-05 16:44:29.533 I/OTALOG:SyncOTAStateTransitionsTask(15483): Sync OTA state transitions to cloud is not enabled
05-05 16:44:29.535 I/OTALOG:OtaTaskHandler(15483): Executing: com.amazon.device.software.ota.OTAJobService$JSTaskCompleteCallback
05-05 16:44:29.541 I/OTALOG:OTAJobService(15483): onDestroy of OTAJobService
05-05 16:44:30.000 I/whad    ( 1652): Maintenance:sendStitches:groups=StableParticipants localStateHashes=MediaSession&da39a3ee5e6b4b0d3255bfef95601890afd80709 localLastUpdated=MediaSession&25468944
05-05 16:44:30.471 I/Node    (  313): dolby-audio-meter, AdapterPcmSystem adapter audio meter: channel 0; audio level: 0.000
05-05 16:44:30.472 I/Node    (  313): dolby-audio-meter, AdapterPcmSystem adapter audio meter: channel 1; audio level: 0.000
05-05 16:44:30.503 I/Node    (  313): dolby-audio-meter, AdapterPcmOut adapter audio meter: channel 0; audio level: 0.000
05-05 16:44:30.503 I/Node    (  313): dolby-audio-meter, AdapterPcmOut adapter audio meter: channel 1; audio level: 0.000
05-05 16:44:30.693 I/SPCH-Cont_HealthLogger( 1631): Current State = {"AlexaCaptionsEnabled":"false","Account":"valid","ProfileValidated":"true","ProfileType":"ADULT","AlexaCaptionsSupported":"true","memoryTotalPss":"22735","DeviceFamily":"SMP","memoryTotalSharedDirty":"2116","ActiveSpeechUI":"Classic","ReleaseVersion":"660.0.0","AlexaLegalTermsAccepted":"true","AppVersion":"3.0.21044.0","AlexaExperience":"FULL","SupportsFarField":"false","short_press_overlay_state":"{\"enabled\": true, \"hintsEnabled\": false, \"isChild\": false, \"override\": 0}","memoryAvailable":"353992704","Gateway":"avs-alexa-18-na.amazon.com:443","memoryLow":"false","RemoteSettingsStrategy":"VizArcus","ConnectionState":"CONNECTED","OOBECompleted":"true","memoryTotalPrivateDirty":"13858","str.auto_wake_up_always":"0"}
05-05 16:44:32.283 I/DirectiveCache( 1631): Cleaning up DirectiveCache, current size: 0
05-05 16:44:32.289 E/SPCH-MinervaSchemaStorage( 1631): No schema was found for source SIM_basic
05-05 16:44:32.289 E/SPCH-MinervaSchemaRetriever( 1631): No schema was found for metric SIM.DirectiveCache.CacheEmptyBeforeTrim in source SIM_basic
05-05 16:44:32.289 E/SPCH-MinervaSchemaStorage( 1631): No schema was found for source SIM_basic
05-05 16:44:32.289 E/SPCH-MinervaSchemaRetriever( 1631): No schema was found for metric SIM.DirectiveCache.UnchangedCacheSize in source SIM_basic
05-05 16:44:33.010 I/HandlerScheduler( 1247): Executing job - jobId: 10, currentTime: 1778010273010
05-05 16:44:33.011 I/MinervaServiceManager( 1247): flushAllBatches - Flushing all pending batches;
05-05 16:44:33.011 I/BatchCreatorManager( 1247): flushAllBatches - Flushing all pending batches for transmission;
05-05 16:44:33.011 I/BatchCreator( 1247): enqueueBatchForTransmission - enqueueBatchForTransmission;
05-05 16:44:33.047 I/BoundedBatchFileQueue( 1247): batch file added: 1778010273045_us-east-1_0001
05-05 16:44:33.047 I/BatchCreator( 1247): enqueueBatchForTransmission - enqueueBatchForTransmission;
05-05 16:44:33.055 I/BoundedBatchFileQueue( 1247): batch file added: 1778010273053_us-east-1_0001
05-05 16:44:33.058 I/MetricsTransmissionManager( 1247): loadMetricBatches, number of KPI batch file loaded: 1
05-05 16:44:33.059 I/MetricsTransmissionManager( 1247): transmitMetricBatches, storageManager(before execute): com.amazon.minerva.service.storage.BatchRootDirectory@13a909c
05-05 16:44:33.059 I/MetricsTransmissionManager( 1247): com.amazon.minerva.service.storage.BatchRootDirectory@2a74aa5
05-05 16:44:33.060 I/MetricsTransmissionManager( 1247): transmitKPIMetricBatch started
05-05 16:44:33.061 I/BoundedBatchFileQueue( 1247): batch file removed from queue: KPIBATCH_us-east-1_0001
05-05 16:44:33.063 I/WifiService(  531): acquireWifiLock uid=10041 lockMode=3
05-05 16:44:33.065 I/MetricsTransmissionManager( 1247): loadMetricBatches, number of metrics batch file loaded: 7
05-05 16:44:33.066 I/HandlerScheduler( 1247): Scheduling next run - jobId: 10, nextRunTime: 1778010753066
05-05 16:44:33.073 I/com.amazon.imp/TokenJobQueue[0](  939): Begin executing task GetToken:com.amazon.client.metrics/com.amazon.dcp.sso.token.oauth.amazon.access_token
05-05 16:44:33.073 I/com.amazon.imp/TokenJobQueue[0](  939): Scheduled running concurrent job GetToken:com.amazon.client.metrics/com.amazon.dcp.sso.token.oauth.amazon.access_token.
05-05 16:44:33.073 I/com.amazon.imp/MAPApplicationInformationQueryer[0](  939): Populate change for remote MAP info.
05-05 16:44:33.073 I/com.amazon.imp/MAPApplicationInformationQueryer[0](  939): CacheContainsPartialResults? true
05-05 16:44:33.075 I/com.amazon.imp/TokenJobQueue[0](  939): Finish executing task GetToken:com.amazon.client.metrics/com.amazon.dcp.sso.token.oauth.amazon.access_token.
05-05 16:44:33.574 E/System  ( 1247): TRACE Starting certificate trust
05-05 16:44:34.076 I/MetricsTransporter( 1247): MetricsTransporter - Successfully uploaded metrics; code: 200, message: OK;
05-05 16:44:34.078 I/WifiService(  531): releaseWifiLock uid=10041
05-05 16:44:34.079 I/BoundedBatchFileQueue( 1247): batch file deleted from disk: KPIBATCH_us-east-1_0001
05-05 16:44:34.079 I/MetricsTransmissionManager( 1247): Transmission succeeded.
05-05 16:44:34.080 I/MetricsTransmissionManager( 1247): transmitKPIMetricBatch finished
05-05 16:44:34.080 I/MetricsTransmissionManager( 1247): transmitMetricBatches started
05-05 16:44:34.081 I/BoundedBatchFileQueue( 1247): batch file removed from queue: 1778009980052_us-east-1_0001
05-05 16:44:34.083 I/WifiService(  531): acquireWifiLock uid=10041 lockMode=3
05-05 16:44:34.090 I/com.amazon.imp/TokenJobQueue[0](  939): Begin executing task GetToken:com.amazon.client.metrics/com.amazon.dcp.sso.token.oauth.amazon.access_token
05-05 16:44:34.090 I/com.amazon.imp/TokenJobQueue[0](  939): Scheduled running concurrent job GetToken:com.amazon.client.metrics/com.amazon.dcp.sso.token.oauth.amazon.access_token.
05-05 16:44:34.090 I/com.amazon.imp/MAPApplicationInformationQueryer[0](  939): Populate change for remote MAP info.
05-05 16:44:34.090 I/com.amazon.imp/MAPApplicationInformationQueryer[0](  939): CacheContainsPartialResults? true
05-05 16:44:34.093 I/com.amazon.imp/TokenJobQueue[0](  939): Finish executing task GetToken:com.amazon.client.metrics/com.amazon.dcp.sso.token.oauth.amazon.access_token.
05-05 16:44:34.346 I/MetricsTransporter( 1247): MetricsTransporter - Successfully uploaded metrics; code: 200, message: OK;
05-05 16:44:34.348 I/WifiService(  531): releaseWifiLock uid=10041
05-05 16:44:34.348 I/BoundedBatchFileQueue( 1247): batch file deleted from disk: 1778009980052_us-east-1_0001
05-05 16:44:34.348 I/MetricsTransmissionManager( 1247): Transmission succeeded.
05-05 16:44:34.350 I/BoundedBatchFileQueue( 1247): batch file removed from queue: 1778010158504_us-east-1_0001
05-05 16:44:34.351 I/WifiService(  531): acquireWifiLock uid=10041 lockMode=3
05-05 16:44:34.356 I/com.amazon.imp/TokenJobQueue[0](  939): Begin executing task GetToken:com.amazon.client.metrics/com.amazon.dcp.sso.token.oauth.amazon.access_token
05-05 16:44:34.356 I/com.amazon.imp/TokenJobQueue[0](  939): Scheduled running concurrent job GetToken:com.amazon.client.metrics/com.amazon.dcp.sso.token.oauth.amazon.access_token.
05-05 16:44:34.356 I/com.amazon.imp/MAPApplicationInformationQueryer[0](  939): Populate change for remote MAP info.
05-05 16:44:34.356 I/com.amazon.imp/MAPApplicationInformationQueryer[0](  939): CacheContainsPartialResults? true
05-05 16:44:34.358 I/com.amazon.imp/TokenJobQueue[0](  939): Finish executing task GetToken:com.amazon.client.metrics/com.amazon.dcp.sso.token.oauth.amazon.access_token.
05-05 16:44:34.589 W/bt_btm  (  791): BTM disconnect RSSI: rssi -48, hci status 0x00
05-05 16:44:34.591 W/bt_stack(  791): [WARNING:bta_gattc_act.cc(1088)] bta_gattc_conn_cback: cif=3 connected=0 conn_id=0x0003 reason=0x0008
05-05 16:44:34.592 W/bt_stack(  791): [WARNING:bta_gattc_act.cc(1088)] bta_gattc_conn_cback: cif=4 connected=0 conn_id=0x0004 reason=0x0008
05-05 16:44:34.592 W/bt_stack(  791): [WARNING:bta_gattc_act.cc(1088)] bta_gattc_conn_cback: cif=6 connected=0 conn_id=0x0006 reason=0x0008
05-05 16:44:34.594 I/bt_btm_sec(  791): btm_sec_disconnected clearing pending flag handle:512 reason:8
05-05 16:44:34.595 W/bt_btif (  791): bta_hh_co_close: dev_handle = 16, app_id = 255
05-05 16:44:34.595 W/bt_btif (  791): bta_hh_co_close: Found an existing device with the same handle dev_status = 0, dev_handle =16
05-05 16:44:34.595 I/btif_av (  791): btif_av_acl_disconnected: Peer 74:a7:ea:0b:05:fe : ACL Disconnected
05-05 16:44:34.598 W/BluetoothRemoteDevices(  791): aclStateChangeCallback: Disconnected Device RSSI: -48
05-05 16:44:34.605 E/WirelessMetrics(  791): Failed to set dimension category: Exceed limit for number of dimensions 5
05-05 16:44:34.626 W/BroadcastQueue(  531): Permission Denial: receiving Intent { act=android.bluetooth.device.action.ACL_DISCONNECTED flg=0x5000010 (has extras) } to ProcessRecord{726c0f 14999:com.amazon.aca/u0a66} (pid=14999, uid=10066) requires android.permission.BLUETOOTH due to sender com.android.bluetooth (uid 1002)
05-05 16:44:34.628 I/EventHub(  531): Removing device XXX due to epoll hang-up event.
05-05 16:44:34.628 I/EventHub(  531): Removed device: path=/dev/input/event4 name=XXX id=6 fd=435 classes=0x80000021
05-05 16:44:34.636 I/InputReader(  531): Device removed: id=6, name='XXX', sources=0x00000301
05-05 16:44:34.640 W/Process (  531): Unable to open /proc/0/status
05-05 16:44:34.645 W/AdapterProperties(  791): PROFILE_CONNECTION_STATE_CHANGE: unexpected transition for profile=4, device=74:A7:EA:0B:05:FE, 2 -> 0
05-05 16:44:34.647 W/AdapterProperties(  791): ADAPTER_CONNECTION_STATE_CHANGE: unexpected transition for profile=4, device=74:A7:EA:0B:05:FE, 2 -> 0
05-05 16:44:34.656 I/AdapterProperties(  791): getMetricProfileType  =hogp
05-05 16:44:34.656 I/EventHub(  531): Removing device '/dev/input/event4' due to inotify event
05-05 16:44:34.664 E/WirelessMetrics(  791): Failed to record null minerva event: event not created or already recorded
05-05 16:44:34.682 I/ActivityManager(  531): Start proc 15520:com.amazon.wirelessmetrics.service/u0a182 for service com.amazon.wirelessmetrics.service/.WirelessMetricsService
05-05 16:44:34.695 I/ConnectivityCtrlService( 2373): handle intent action:android.bluetooth.device.action.ACL_DISCONNECTED
05-05 16:44:34.696 E/metrics.servic(15520): Not starting debugger since process cannot load the jdwp agent.
05-05 16:44:34.697 I/com.amazon.connectivitycontroller.managers.BTControllerManager( 2373): onConnectionStateChanged..newState:0
05-05 16:44:34.709 I/AudioALSAHardware(  313): +setParameters(): 74:A7:EA:0B:05:FE=;disconnect=-2080374784
05-05 16:44:34.711 W/AudioALSAHardware(  313): setParameters(), still have param.size() = 1, remain param = "74:A7:EA:0B:05:FE="
05-05 16:44:34.711 I/AudioALSAHardware(  313): -setParameters(): 74:A7:EA:0B:05:FE=;disconnect=-2080374784 
05-05 16:44:34.715 I/hash_map_utils(  323): key: 'disconnect' value: '-2080374784'
05-05 16:44:34.716 I/hash_map_utils(  323): key: '74:A7:EA:0B:05:FE' value: ''
05-05 16:44:34.725 I/ConnectivityCtrlService( 2373): handle intent action:android.bluetooth.input.profile.action.CONNECTION_STATE_CHANGED
05-05 16:44:34.729 I/hash_map_utils(  323): key: 'disconnect' value: '-2080374784'
05-05 16:44:34.729 I/hash_map_utils(  323): key: '74:A7:EA:0B:05:FE' value: ''
05-05 16:44:34.751 I/com.amazon.connectivitycontroller.managers.BTControllerManager( 2373): onConnectionStateChanged..device:Device[ Name: XXXXAddress:xx:xx:EA:xx:xx:FE Version:null Type:1 DSN:null Game Controller Type:-1 Paired State:1 Connection State:0 Headphone Support:false Voice Enabled:true Battery Level classification:-1 Battery Level internal:-1 Invalid battery level:-1 Input descriptor:2c96f7a17c06aebe4def1a15055cb6933a7d430e:0171041c Category:[1,10] GroupId:0 Sub Device:false Csis Group Id:0 Peer Devices Address:[]], [Pid:1052,Update key:version_0x041C]
05-05 16:44:34.763 W/bt_btif (  791): bta_dm_acl_change info: 0x0
05-05 16:44:34.764 I/bt_stack(  791): [INFO:bta_gattc_cache.cc(915)] bta_gattc_rebuild_cache 61
05-05 16:44:34.767 W/BluetoothRemoteDevices(  791): aclStateChangeCallback: Connected Device RSSI: -48
05-05 16:44:34.771 E/WirelessMetrics(  791): Failed to record null minerva event: event not created or already recorded
05-05 16:44:34.774 W/BroadcastQueue(  531): Permission Denial: receiving Intent { act=android.bluetooth.device.action.ACL_CONNECTED flg=0x5000010 (has extras) } to ProcessRecord{726c0f 14999:com.amazon.aca/u0a66} (pid=14999, uid=10066) requires android.permission.BLUETOOTH due to sender com.android.bluetooth (uid 1002)
05-05 16:44:34.782 I/chatty  ( 1398): uid=10144(com.amazon.tv.devicecontrol) expire 1 line
05-05 16:44:34.786 E/ActivityManager(  531): Sending non-protected broadcast com.amazon.tv.devicecontrol.ACL_CONNECTED from system 822:com.amazon.device.services/1000 pkg com.android.systemui
05-05 16:44:34.786 E/ActivityManager(  531): java.lang.Throwable
05-05 16:44:34.786 E/ActivityManager(  531): 	at com.android.server.am.ActivityManagerService.checkBroadcastFromSystem(ActivityManagerService.java:21721)
05-05 16:44:34.786 E/ActivityManager(  531): 	at com.android.server.am.ActivityManagerService.broadcastIntentLocked(ActivityManagerService.java:22330)
05-05 16:44:34.786 E/ActivityManager(  531): 	at com.android.server.am.ActivityManagerService.broadcastIntent(ActivityManagerService.java:22472)
05-05 16:44:34.786 E/ActivityManager(  531): 	at android.app.IActivityManager$Stub.onTransact$broadcastIntent$(IActivityManager.java:10172)
05-05 16:44:34.786 E/ActivityManager(  531): 	at android.app.IActivityManager$Stub.onTransact(IActivityManager.java:167)
05-05 16:44:34.786 E/ActivityManager(  531): 	at com.android.server.am.ActivityManagerService.onTransact(ActivityManagerService.java:3358)
05-05 16:44:34.786 E/ActivityManager(  531): 	at android.os.Binder.execTransact(Binder.java:808)
05-05 16:44:34.786 I/com.amazon.connectivitycontroller.managers.BTControllerManager( 2373): Handling ACTION_ACL_DISCONNECTED
05-05 16:44:34.788 W/Process (  531): Unable to open /proc/0/status
05-05 16:44:34.791 I/ConnectivityCtrlService( 2373): onConnectStateChanged new state:0,for device:Device[ Name: XXXXAddress:xx:xx:EA:xx:xx:FE Version:null Type:1 DSN:null Game Controller Type:-1 Paired State:1 Connection State:0 Headphone Support:false Voice Enabled:true Battery Level classification:-1 Battery Level internal:-1 Invalid battery level:-1 Input descriptor:2c96f7a17c06aebe4def1a15055cb6933a7d430e:0171041c Category:[1,10] GroupId:0 Sub Device:false Csis Group Id:0 Peer Devices Address:[]], [Pid:1052,Update key:version_0x041C]
05-05 16:44:34.804 I/ActivityManager(  531): Start proc 15538:com.amazon.tv.devicecontrol/u0a144 for broadcast com.amazon.tv.devicecontrol/.receivers.BluetoothPairReceiver
05-05 16:44:34.813 E/ConnectivityCtrlService( 2373): connectToAnyDeviceNext not successful as there is no device to connect
05-05 16:44:34.818 I/AmazonAutoPairService(  531): onConnectStateChanged received..state:0
05-05 16:44:34.827 I/chatty  (15538): uid=10144(com.amazon.tv.devicecontrol) expire 10 lines
05-05 16:44:34.856 W/bt_stack(  791): [WARNING:bta_gattc_api.cc(652)] notification already registered
05-05 16:44:34.857 I/chatty  (  791): uid=1002(bluetooth) btu message loo identical 5 lines
05-05 16:44:34.857 W/bt_stack(  791): [WARNING:bta_gattc_api.cc(652)] notification already registered
05-05 16:44:34.857 W/bt_btif (  791): bta_hh_co_open: Found an existing device with the same handle dev_status = 2
05-05 16:44:34.857 W/bt_btif (  791): bta_hh_co_open:     bd_addr = [74:A7:EA:0B:05:]
05-05 16:44:34.857 W/bt_btif (  791): bta_hh_co_open:     attr_mask = 0x0000, sub_class = 0x00, app_id = 255
05-05 16:44:34.857 W/bt_btif (  791): btif_hh_upstreams_evt: BTA_HH_OPN_EVT: handle=16, status =0
05-05 16:44:34.857 W/bt_btif (  791): BTA_HH_OPEN_EVT: Found device...Getting dscp info for handle ... 16
05-05 16:44:34.857 I/bt_btif_dm(  791): get_cod remote_cod = 0x0000050c
05-05 16:44:34.857 I/bt_btif_dm(  791): get_cod remote_cod = 0x0000050c
05-05 16:44:34.862 W/AdapterProperties(  791): PROFILE_CONNECTION_STATE_CHANGE: unexpected transition for profile=4, device=74:A7:EA:0B:05:FE, 0 -> 2
05-05 16:44:34.863 W/AdapterProperties(  791): ADAPTER_CONNECTION_STATE_CHANGE: unexpected transition for profile=4, device=74:A7:EA:0B:05:FE, 0 -> 2
05-05 16:44:34.864 I/AudioALSAHardware(  313): +setParameters(): 74:A7:EA:0B:05:FE=;connect=-2080374784
05-05 16:44:34.864 I/MetricsTransporter( 1247): MetricsTransporter - Successfully uploaded metrics; code: 200, message: OK;
05-05 16:44:34.864 W/AudioALSAHardware(  313): setParameters(), still have param.size() = 1, remain param = "74:A7:EA:0B:05:FE="
05-05 16:44:34.864 I/AudioALSAHardware(  313): -setParameters(): 74:A7:EA:0B:05:FE=;connect=-2080374784 
05-05 16:44:34.864 I/hash_map_utils(  323): key: 'connect' value: '-2080374784'
05-05 16:44:34.864 I/hash_map_utils(  323): key: '74:A7:EA:0B:05:FE' value: ''
05-05 16:44:34.865 I/hash_map_utils(  323): key: 'connect' value: '-2080374784'
05-05 16:44:34.865 I/hash_map_utils(  323): key: '74:A7:EA:0B:05:FE' value: ''
05-05 16:44:34.866 I/AdapterProperties(  791): getMetricProfileType  =hogp
05-05 16:44:34.868 I/WifiService(  531): releaseWifiLock uid=10041
05-05 16:44:34.870 I/BoundedBatchFileQueue( 1247): batch file deleted from disk: 1778010158504_us-east-1_0001
05-05 16:44:34.870 I/MetricsTransmissionManager( 1247): Transmission succeeded.
05-05 16:44:34.876 E/WirelessMetrics(15520): Failed to record null minerva event: event not created or already recorded
05-05 16:44:34.877 I/AdapterProperties(  791): getMetricProfileType  =hogp
05-05 16:44:34.878 E/WirelessMetrics(  791): Failed to record null minerva event: event not created or already recorded
05-05 16:44:34.878 I/AdapterProperties(  791): getMetricProfileType  =hogp
05-05 16:44:34.879 I/BoundedBatchFileQueue( 1247): batch file removed from queue: 1778010273053_us-east-1_0001
05-05 16:44:34.881 I/WifiService(  531): acquireWifiLock uid=10041 lockMode=3
05-05 16:44:34.881 I/com.amazon.connectivitycontroller.managers.BTControllerManager( 2373): onConnectionStateChanged..newState:2
05-05 16:44:34.891 W/bt_btif (  791): bta_hh_co_send_hid_info: wrote descriptor to fd = 140, dscp_len = 149, result = 0
05-05 16:44:34.891 W/bt_stack(  791): [WARNING:btif_hh.cc(588)]  Device 74:a7:ea:0b:05:fe already added
05-05 16:44:34.891 W/bt_btif (  791): btif_hh_upstreams_evt: Device already added 
05-05 16:44:34.895 I/com.amazon.imp/TokenJobQueue[0](  939): Begin executing task GetToken:com.amazon.client.metrics/com.amazon.dcp.sso.token.oauth.amazon.access_token
05-05 16:44:34.895 I/com.amazon.imp/TokenJobQueue[0](  939): Scheduled running concurrent job GetToken:com.amazon.client.metrics/com.amazon.dcp.sso.token.oauth.amazon.access_token.
05-05 16:44:34.896 I/com.amazon.imp/MAPApplicationInformationQueryer[0](  939): Populate change for remote MAP info.
05-05 16:44:34.896 I/com.amazon.imp/MAPApplicationInformationQueryer[0](  939): CacheContainsPartialResults? true
05-05 16:44:34.899 W/bt_btif (  791): uhid_read_event: uhid_start_delta 1 ms uhid_open_delta 8 ms uhid_1st_key_delta 0 ms
05-05 16:44:34.905 I/EventHub(  531): wakeMechanism=EPOLLWAKEUP, usingClockIoctl=true
05-05 16:44:34.906 I/EventHub(  531): New device: id=7, fd=443, path='/dev/input/event4', name='XXX', classes=0x80000021, configuration='', keyLayout='/system/usr/keylayout/Vendor_0171_Product_041c.kl', keyCharacterMap='/system/usr/keychars/Generic.kcm', builtinKeyboard=false, 
05-05 16:44:34.906 I/InputReader(  531): Device added: id=7, name='XXX', sources=0x00000301
05-05 16:44:34.908 I/com.amazon.imp/TokenJobQueue[0](  939): Finish executing task GetToken:com.amazon.client.metrics/com.amazon.dcp.sso.token.oauth.amazon.access_token.
05-05 16:44:34.915 I/com.amazon.connectivitycontroller.managers.BTControllerManager( 2373): onConnectionStateChanged..device:Device[ Name: XXXXAddress:xx:xx:EA:xx:xx:FE Version:null Type:1 DSN:null Game Controller Type:-1 Paired State:1 Connection State:2 Headphone Support:false Voice Enabled:true Battery Level classification:-1 Battery Level internal:-1 Invalid battery level:-1 Input descriptor:2c96f7a17c06aebe4def1a15055cb6933a7d430e:0171041c Category:[1,10] GroupId:0 Sub Device:false Csis Group Id:0 Peer Devices Address:[]], [Pid:1052,Update key:version_0x041C]
05-05 16:44:34.994 E/bt_stack(  791): [ERROR:gatt_sr.cc(761)] MTU request PDU with MTU size 251
05-05 16:44:34.994 W/bt_stack(  791): [WARNING:gatt_utils.cc(710)] Call back not found for application conn_id=3
05-05 16:44:34.994 W/bt_stack(  791): [WARNING:gatt_utils.cc(710)] Call back not found for application conn_id=4
05-05 16:44:34.994 W/bt_stack(  791): [WARNING:gatt_utils.cc(710)] Call back not found for application conn_id=6
05-05 16:44:34.994 I/bt_stack(  791): [INFO:hearing_aid.cc(1900)] GetDeviceCount: Not initialized yet
05-05 16:44:34.995 W/bt_btif (  791): bta_hh_le_input_rpt_notify uuid=0x2a4d srv_handle=79 is_bl_svc_primary=1 rpt_id=1 len=3
05-05 16:44:34.996 I/AmazonProfileService(  531): Event is not filtered because it is not in filter key list.
05-05 16:44:34.996 W/bt_btif (  791): bta_hh_le_input_rpt_notify uuid=0x2a4d srv_handle=79 is_bl_svc_primary=1 rpt_id=1 len=3
05-05 16:44:34.997 I/KeyMapManagerUtil(  531): Unknown remote sku id 39. Fetch remote sku id from system property
05-05 16:44:34.998 I/KeyMapManagerUtil(  531): Unknown remote sku id 39. Fetch remote sku id from system property
05-05 16:44:35.000 W/bt_btif (  791): bta_hh_le_input_rpt_notify uuid=0x2a4d srv_handle=79 is_bl_svc_primary=1 rpt_id=1 len=3
05-05 16:44:35.000 W/bt_btif (  791): bta_hh_le_input_rpt_notify uuid=0x2a4d srv_handle=79 is_bl_svc_primary=1 rpt_id=1 len=3
05-05 16:44:35.001 I/KeyMapManagerUtil(  531): Unknown remote sku id 39. Fetch remote sku id from system property
05-05 16:44:35.002 I/KeyMapManagerUtil(  531): Unknown remote sku id 39. Fetch remote sku id from system property
05-05 16:44:35.001 I/chatty  (  531): uid=1000(system) InputReader identical 2 lines
05-05 16:44:35.002 I/AmazonProfileService(  531): Event is not filtered because it is not in filter key list.
05-05 16:44:35.005 I/AmazonAutoPairService(  531): received key event, stopping auto pair delay
05-05 16:44:35.005 I/chatty  ( 1398): uid=10144(com.amazon.tv.devicecontrol) expire 13 lines
05-05 16:44:35.017 E/Capacitor/Console(14971): File: https://localhost/assets/index-B5eYDJ6J.js - Line 34 - Msg: XANDEFLIX_DPAD_TRACE [FocusableButton] no first channel to focus
05-05 16:44:35.035 W/bt_btif (  791): bta_hh_le_input_rpt_notify uuid=0x2a4d srv_handle=79 is_bl_svc_primary=1 rpt_id=1 len=3
05-05 16:44:35.036 I/AmazonProfileService(  531): Event is not filtered because it is not in filter key list.
05-05 16:44:35.036 W/bt_btif (  791): bta_hh_le_input_rpt_notify uuid=0x2a4d srv_handle=79 is_bl_svc_primary=1 rpt_id=1 len=3
05-05 16:44:35.037 I/KeyMapManagerUtil(  531): Unknown remote sku id 39. Fetch remote sku id from system property
05-05 16:44:35.037 W/bt_btif (  791): bta_hh_le_input_rpt_notify uuid=0x2a4d srv_handle=79 is_bl_svc_primary=1 rpt_id=1 len=3
05-05 16:44:35.039 W/bt_btif (  791): bta_hh_le_input_rpt_notify uuid=0x2a4d srv_handle=79 is_bl_svc_primary=1 rpt_id=1 len=3
05-05 16:44:35.039 I/KeyMapManagerUtil(  531): Unknown remote sku id 39. Fetch remote sku id from system property
05-05 16:44:35.039 W/bt_btif (  791): bta_hh_le_input_rpt_notify uuid=0x2a4d srv_handle=79 is_bl_svc_primary=1 rpt_id=1 len=3
05-05 16:44:35.040 W/bt_btif (  791): bta_hh_le_input_rpt_notify uuid=0x2a4d srv_handle=79 is_bl_svc_primary=1 rpt_id=1 len=3
05-05 16:44:35.041 I/KeyMapManagerUtil(  531): Unknown remote sku id 39. Fetch remote sku id from system property
05-05 16:44:35.041 W/bt_btif (  791): bta_hh_le_input_rpt_notify uuid=0x2a4d srv_handle=79 is_bl_svc_primary=1 rpt_id=1 len=3
05-05 16:44:35.042 W/bt_btif (  791): bta_hh_le_input_rpt_notify uuid=0x2a4d srv_handle=79 is_bl_svc_primary=1 rpt_id=1 len=3
05-05 16:44:35.043 W/bt_btif (  791): bta_hh_le_input_rpt_notify uuid=0x2a4d srv_handle=79 is_bl_svc_primary=1 rpt_id=1 len=3
05-05 16:44:35.043 I/KeyMapManagerUtil(  531): Unknown remote sku id 39. Fetch remote sku id from system property
05-05 16:44:35.044 W/bt_btif (  791): bta_hh_le_input_rpt_notify uuid=0x2a4d srv_handle=79 is_bl_svc_primary=1 rpt_id=1 len=3
05-05 16:44:35.044 I/KeyMapManagerUtil(  531): Unknown remote sku id 39. Fetch remote sku id from system property
05-05 16:44:35.045 W/bt_btif (  791): bta_hh_le_input_rpt_notify uuid=0x2a4d srv_handle=79 is_bl_svc_primary=1 rpt_id=1 len=3
05-05 16:44:35.046 W/bt_btif (  791): bta_hh_le_input_rpt_notify uuid=0x2a4d srv_handle=79 is_bl_svc_primary=1 rpt_id=1 len=3
05-05 16:44:35.046 I/KeyMapManagerUtil(  531): Unknown remote sku id 39. Fetch remote sku id from system property
05-05 16:44:35.046 W/bt_btif (  791): bta_hh_le_input_rpt_notify uuid=0x2a4d srv_handle=79 is_bl_svc_primary=1 rpt_id=1 len=3
05-05 16:44:35.049 W/bt_btif (  791): bta_hh_le_input_rpt_notify uuid=0x2a4d srv_handle=79 is_bl_svc_primary=1 rpt_id=1 len=3
05-05 16:44:35.049 I/KeyMapManagerUtil(  531): Unknown remote sku id 39. Fetch remote sku id from system property
05-05 16:44:35.049 W/bt_btif (  791): bta_hh_le_input_rpt_notify uuid=0x2a4d srv_handle=79 is_bl_svc_primary=1 rpt_id=1 len=3
05-05 16:44:35.050 W/bt_btif (  791): bta_hh_le_input_rpt_notify uuid=0x2a4d srv_handle=79 is_bl_svc_primary=1 rpt_id=1 len=3
05-05 16:44:35.051 I/KeyMapManagerUtil(  531): Unknown remote sku id 39. Fetch remote sku id from system property
05-05 16:44:35.052 I/KeyMapManagerUtil(  531): Unknown remote sku id 39. Fetch remote sku id from system property
05-05 16:44:35.058 I/chatty  (  531): uid=1000(system) InputReader identical 6 lines
05-05 16:44:35.060 I/KeyMapManagerUtil(  531): Unknown remote sku id 39. Fetch remote sku id from system property
05-05 16:44:35.062 E/Capacitor/Console(14971): File: https://localhost/assets/index-B5eYDJ6J.js - Line 34 - Msg: XANDEFLIX_DPAD_TRACE [FocusableButton] forced url input focus
05-05 16:44:35.063 W/bt_btif (  791): bta_hh_le_input_rpt_notify uuid=0x2a4d srv_handle=79 is_bl_svc_primary=1 rpt_id=1 len=3
05-05 16:44:35.063 I/KeyMapManagerUtil(  531): Unknown remote sku id 39. Fetch remote sku id from system property
05-05 16:44:35.063 W/bt_btif (  791): bta_hh_le_input_rpt_notify uuid=0x2a4d srv_handle=79 is_bl_svc_primary=1 rpt_id=2 len=4
05-05 16:44:35.064 I/KeyMapManagerUtil(  531): Unknown remote sku id 39. Fetch remote sku id from system property
05-05 16:44:35.066 E/Capacitor/Console(14971): File: https://localhost/assets/index-B5eYDJ6J.js - Line 34 - Msg: XANDEFLIX_DPAD_TRACE [FocusableButton] forced url input focus
05-05 16:44:35.066 E/amzn_neo_service_api:..( 1398): handle_key_event_callback: Got empty key-event
05-05 16:44:35.066 I/com_amazon_devicecont..( 1398): Received Key name: DPAD_RIGHT, code: 22, action: 0
05-05 16:44:35.067 E/amzn_neo_service_api:..( 1398): handle_key_event_callback: Got empty key-event
05-05 16:44:35.067 I/com_amazon_devicecont..( 1398): Received Key name: DPAD_RIGHT, code: 22, action: 0
05-05 16:44:35.091 E/amzn_neo_service_api:..( 1398): handle_key_event_callback: Got empty key-event
05-05 16:44:35.091 I/com_amazon_devicecont..( 1398): Received Key name: DPAD_RIGHT, code: 22, action: 0
05-05 16:44:35.092 E/amzn_neo_service_api:..( 1398): handle_key_event_callback: Got empty key-event
05-05 16:44:35.092 I/com_amazon_devicecont..( 1398): Received Key name: DPAD_RIGHT, code: 22, action: 0
05-05 16:44:35.093 E/amzn_neo_service_api:..( 1398): handle_key_event_callback: Got empty key-event
05-05 16:44:35.093 I/com_amazon_devicecont..( 1398): Received Key name: DPAD_RIGHT, code: 22, action: 0
05-05 16:44:35.094 E/amzn_neo_service_api:..( 1398): handle_key_event_callback: Got empty key-event
05-05 16:44:35.094 I/com_amazon_devicecont..( 1398): Received Key name: DPAD_RIGHT, code: 22, action: 0
05-05 16:44:35.095 E/amzn_neo_service_api:..( 1398): handle_key_event_callback: Got empty key-event
05-05 16:44:35.095 I/com_amazon_devicecont..( 1398): Received Key name: DPAD_RIGHT, code: 22, action: 0
05-05 16:44:35.096 E/amzn_neo_service_api:..( 1398): handle_key_event_callback: Got empty key-event
05-05 16:44:35.096 I/com_amazon_devicecont..( 1398): Received Key name: DPAD_RIGHT, code: 22, action: 0
05-05 16:44:35.097 E/amzn_neo_service_api:..( 1398): handle_key_event_callback: Got empty key-event
05-05 16:44:35.097 I/com_amazon_devicecont..( 1398): Received Key name: DPAD_RIGHT, code: 22, action: 0
05-05 16:44:35.097 E/amzn_neo_service_api:..( 1398): handle_key_event_callback: Got empty key-event
05-05 16:44:35.098 I/com_amazon_devicecont..( 1398): Received Key name: DPAD_RIGHT, code: 22, action: 0
05-05 16:44:35.098 E/amzn_neo_service_api:..( 1398): handle_key_event_callback: Got empty key-event
05-05 16:44:35.099 I/com_amazon_devicecont..( 1398): Received Key name: DPAD_CENTER, code: 23, action: 0
05-05 16:44:35.099 E/amzn_neo_service_api:..( 1398): handle_key_event_callback: Got empty key-event
05-05 16:44:35.099 I/com_amazon_devicecont..( 1398): Received Key name: DPAD_CENTER, code: 23, action: 0
05-05 16:44:35.124 I/MetricsTransporter( 1247): MetricsTransporter - Successfully uploaded metrics; code: 200, message: OK;
05-05 16:44:35.125 I/WifiService(  531): releaseWifiLock uid=10041
05-05 16:44:35.126 I/BoundedBatchFileQueue( 1247): batch file deleted from disk: 1778010273053_us-east-1_0001
05-05 16:44:35.126 I/MetricsTransmissionManager( 1247): Transmission succeeded.
05-05 16:44:35.143 I/BoundedBatchFileQueue( 1247): batch file removed from queue: 1778010158395_us-east-1_0001
05-05 16:44:35.145 I/WifiService(  531): acquireWifiLock uid=10041 lockMode=3
05-05 16:44:35.149 W/bt_btif (  791): bta_hh_le_input_rpt_notify uuid=0x2a4d srv_handle=79 is_bl_svc_primary=1 rpt_id=1 len=3
05-05 16:44:35.151 I/KeyMapManagerUtil(  531): Unknown remote sku id 39. Fetch remote sku id from system property
05-05 16:44:35.153 E/amzn_neo_service_api:..( 1398): handle_key_event_callback: Got empty key-event
05-05 16:44:35.153 I/com_amazon_devicecont..( 1398): Received Key name: DPAD_RIGHT, code: 22, action: 0
05-05 16:44:35.161 I/com.amazon.imp/TokenJobQueue[0](  939): Begin executing task GetToken:com.amazon.client.metrics/com.amazon.dcp.sso.token.oauth.amazon.access_token
05-05 16:44:35.161 I/com.amazon.imp/TokenJobQueue[0](  939): Scheduled running concurrent job GetToken:com.amazon.client.metrics/com.amazon.dcp.sso.token.oauth.amazon.access_token.
05-05 16:44:35.161 I/com.amazon.imp/MAPApplicationInformationQueryer[0](  939): Populate change for remote MAP info.
05-05 16:44:35.161 I/com.amazon.imp/MAPApplicationInformationQueryer[0](  939): CacheContainsPartialResults? true
05-05 16:44:35.163 I/com.amazon.imp/TokenJobQueue[0](  939): Finish executing task GetToken:com.amazon.client.metrics/com.amazon.dcp.sso.token.oauth.amazon.access_token.
05-05 16:44:35.253 W/AmazonKeyEventLogging(  531): remote_perf key event latency detected [Source: interceptKeyBeforeDispatching, KeyCode: KEYCODE_XXXX, IsDown: 0, Repeat: 0, EventTime: 3639189, Latency: 203, DeviceId: 7, AppPackage: system_server]
05-05 16:44:35.255 W/AmazonKeyEventLogging(14971): remote_perf key event latency detected [Source: ViewRootImpl, KeyCode: KEYCODE_XXXX, IsDown: 0, Repeat: 0, EventTime: 3639187, Latency: 203, DeviceId: 7, AppPackage: com.xandeflix.app]
05-05 16:44:35.293 W/AmazonKeyEventLogging(14971): remote_perf key event latency detected [Source: ViewRootImpl, KeyCode: KEYCODE_XXXX, IsDown: 1, Repeat: 0, EventTime: 3639188, Latency: 241, DeviceId: 7, AppPackage: com.xandeflix.app]
05-05 16:44:35.302 W/AmazonKeyEventLogging(14971): remote_perf key event latency detected [Source: ViewRootImpl, KeyCode: KEYCODE_XXXX, IsDown: 0, Repeat: 0, EventTime: 3639189, Latency: 249, DeviceId: 7, AppPackage: com.xandeflix.app]
05-05 16:44:35.309 W/bt_btif (  791): bta_hh_le_input_rpt_notify uuid=0x2a4d srv_handle=79 is_bl_svc_primary=1 rpt_id=1 len=3
05-05 16:44:35.310 I/KeyMapManagerUtil(  531): Unknown remote sku id 39. Fetch remote sku id from system property
05-05 16:44:35.311 E/amzn_neo_service_api:..( 1398): handle_key_event_callback: Got empty key-event
05-05 16:44:35.311 I/com_amazon_devicecont..( 1398): Received Key name: DPAD_RIGHT, code: 22, action: 1
05-05 16:44:35.351 I/FireTvDeviceInfo(15538): Device type for model AFTSSS is FTV_STICK_SHP
05-05 16:44:35.358 I/OZ-DCS:SecureSettingsImpl(15538): Register content observer for SecureSettings
05-05 16:44:35.362 I/OZ-DCS:SoundSettingsValuesProvider(15538): set settingsValuesChangeCallback
05-05 16:44:35.396 I/OZ-MET:MinervaMetrics(15538): Create minerva metrics: ero3/2/0b330400
05-05 16:44:35.397 I/OZ-MET:MinervaMetrics(15538): Initializing Minerva in background.
05-05 16:44:35.399 I/OZ-MET:MinervaMetrics(15538): Minerva is initialized with v2 client.
05-05 16:44:35.420 I/OZ-DCS:ConnectivityEventCallbackImpl(15538): register listeners
05-05 16:44:35.420 I/OZ-DCS:ConnectivityManagerWrapper(15538): Register RemoteDevicePairListener: com.amazon.tv.devicecontrol.remotepair.RemoteDevicePairListenerImpl@e812b4
05-05 16:44:35.421 I/OZ-DCS:ConnectivityManagerWrapper(15538): Register RemoteDevicePairListener: com.amazon.tv.devicecontrol.remotepair.RemotePairedStateChangeListener@3bafedd
05-05 16:44:35.422 I/OZ-DCS:DependencyInitializer(15538): initialization finished
05-05 16:44:35.426 I/OZ-MET:MinervaMetrics(15538): Recording scheduler scheduled. Group id: 8bamlzlc Interval: 5
05-05 16:44:35.438 I/OZ-DCS:TrackingBroadcastReceiver(15538): Tracking process start from BroadcastReceiver for action: com.amazon.tv.devicecontrol.ACL_CONNECTED
05-05 16:44:35.443 I/OZ-DCS:ProcessStartMetric(15538): Recording DCS process start metric: Intent.com.amazon.tv.devicecontrol.ACL_CONNECTED
05-05 16:44:35.444 I/OZ-DCS:BluetoothPairReceiver(15538): Bluetooth action received:com.amazon.tv.devicecontrol.ACL_CONNECTED
05-05 16:44:35.449 I/OZ-DCS:BluetoothPairReceiver(15538): Bluetooth device connected :xx:xx:EA:xx:xx:FE
05-05 16:44:35.451 I/MetricsTransporter( 1247): MetricsTransporter - Successfully uploaded metrics; code: 200, message: OK;
05-05 16:44:35.457 I/WifiService(  531): releaseWifiLock uid=10041
05-05 16:44:35.458 I/BoundedBatchFileQueue( 1247): batch file deleted from disk: 1778010158395_us-east-1_0001
05-05 16:44:35.458 I/MetricsTransmissionManager( 1247): Transmission succeeded.
05-05 16:44:35.465 I/BoundedBatchFileQueue( 1247): batch file removed from queue: 1778010223610_us-east-1_0001
05-05 16:44:35.470 I/WifiService(  531): acquireWifiLock uid=10041 lockMode=3
05-05 16:44:35.472 I/com_amazon_devicecont..( 1398): Received blocking call - function code: 25, PID: 15538, UID: 10144
05-05 16:44:35.477 I/OZ-DCS:DeviceControlApplication(15538): DCS version 1.0.221924.0-nativePersistent_1003665710
05-05 16:44:35.477 I/OZ-DCS:DeviceControlApplication(15538): DCS is not persistent; priming heavy dependencies
05-05 16:44:35.483 I/PeriodicKPIReporter(  822): Shutdown was invoked.
05-05 16:44:35.488 I/com.amazon.imp/TokenJobQueue[0](  939): Begin executing task GetToken:com.amazon.client.metrics/com.amazon.dcp.sso.token.oauth.amazon.access_token
05-05 16:44:35.488 I/com.amazon.imp/TokenJobQueue[0](  939): Scheduled running concurrent job GetToken:com.amazon.client.metrics/com.amazon.dcp.sso.token.oauth.amazon.access_token.
05-05 16:44:35.489 I/com.amazon.imp/MAPApplicationInformationQueryer[0](  939): Populate change for remote MAP info.
05-05 16:44:35.489 I/com.amazon.imp/MAPApplicationInformationQueryer[0](  939): CacheContainsPartialResults? true
05-05 16:44:35.493 I/OZ-MET:MinervaMetricsStore(15538): Counter metric ProcessStart.Intent.com.amazon.tv.devicecontrol.ACL_CONNECTED is stored. Count: 1
05-05 16:44:35.493 I/OZ-MET:MinervaMetricsStore(15538): Duration metric NativeDCS.nativeServiceConnectionSuccess is stored
05-05 16:44:35.495 I/com.amazon.imp/TokenJobQueue[0](  939): Finish executing task GetToken:com.amazon.client.metrics/com.amazon.dcp.sso.token.oauth.amazon.access_token.
05-05 16:44:35.498 I/NativeResponseHandler(15538): Native DCS successfully handled GetAllPreferences responseData exists: true
05-05 16:44:35.499 I/OZ-MET:MinervaMetricsStore(15538): Counter metric NativeDCS.nativeServiceInvocationSuccess is stored. Count: 1
05-05 16:44:35.150 I/chatty  (  531): uid=1000(system) InputReader identical 18 lines
05-05 16:44:35.310 I/AmazonProfileService(  531): Event is not filtered because it is not in filter key list.
05-05 16:44:35.502 I/AmazonHdmiServiceManager(15538): AmazonHdmiServiceManager created
05-05 16:44:35.505 I/OZ-DCSCEC:HdmiCecAgent(15538): Version: 1.13
05-05 16:44:35.507 I/OZ-DCSCEC:HdmiCecAgent(15538): Registering CEC agent with HDMI service
05-05 16:44:35.509 I/OZ-DCS:HdmiCecCommandSender(15538): Using real HdmiCecAgent
05-05 16:44:35.516 I/OZ-DCS:ConnectivityModule(15538): FindMy is available
05-05 16:44:35.522 I/OZ-DCS:HdmiCecCommandSender(15538): Customer Service:EDID - Raw: 00FFFFFFFFFFFF004C2D5906000000002D130103801009780AEE91A3544C99260F5054BDEF80714F8100814081809500950FB300A940023A801871382D40582C4500A05A0000001E662150B051001B3040703600A05A0000001E000000FD00184B1A5117000A202020202020000000FC0053414D53554E470A2020202020013A020323F14B901F0413051403122021222309070783010000E2000F67030C003000B82D011D007251D01E206E285500A05A0000001E011D00BC52D01E20B8285540A05A0000001E011D8018711C1620582C2500A05A0000009E011D80D0721C1620102C2580A05A0000009E0000000000000000000000000000000000000000ED
05-05 16:44:35.525 I/OZ-DCS:HdmiCecCommandSender(15538): Customer Service:EDID - Manufacturer Id: SAM Model: 1625 Serial: 0
05-05 16:44:35.531 I/OZ-MET:MinervaMetricsStore(15538): Counter metric NativeDCS.nativeServiceExecutionSuccess.GetAllPreferences is stored. Count: 1
05-05 16:44:35.532 E/neo_service_coordinat..(  276): Failed to release dependency of service: DependencyNotExist { dependency_pid: 15538, target_service: "com.amazon.tv.devicecontrol" }
05-05 16:44:35.535 I/OZ-DCS:FindMyWrapper(15538): remote is not tracked: xx:xx:EA:xx:xx:FE
05-05 16:44:35.535 I/PeriodicKPIReporter(  822): Shutdown was invoked.
05-05 16:44:35.536 I/BinderUtils(15538): Binder released from coordinator
05-05 16:44:35.543 I/OZ-MET:MinervaMetricsStore(15538): Duration metric NativeDCS.nativeServiceConnectionSuccess is stored
05-05 16:44:35.550 I/OZ-DCS:DeviceStateProviderManager(15538): initialize provider
05-05 16:44:35.551 I/com_amazon_devicecont..( 1398): Received blocking call - function code: 26, PID: 15538, UID: 10144
05-05 16:44:35.557 I/OZ-DCS:SelfAddressTracker(15538): Initializing Self Address tracker
05-05 16:44:35.559 I/OZ-DCS:SelfAddressTracker(15538): Self address updated : 3.0.0.0
05-05 16:44:35.559 I/PeriodicKPIReporter(  822): Shutdown was invoked.
05-05 16:44:35.560 I/OZ-DCS:SelfAddressTracker(15538): do not reInit
05-05 16:44:35.562 I/AmazonHdmiService(  531): Get Current HDCP Version
05-05 16:44:35.564 I/NativeResponseHandler(15538): Native DCS successfully handled SetPreference
05-05 16:44:35.565 I/OZ-MET:MinervaMetricsStore(15538): Counter metric NativeDCS.nativeServiceInvocationSuccess is stored. Count: 2
05-05 16:44:35.566 E/neo_service_coordinat..(  276): Failed to release dependency of service: DependencyNotExist { dependency_pid: 15538, target_service: "com.amazon.tv.devicecontrol" }
05-05 16:44:35.567 I/OZ-MET:MinervaMetricsStore(15538): Counter metric NativeDCS.nativeServiceExecutionSuccess.SetPreference is stored. Count: 1
05-05 16:44:35.569 I/PeriodicKPIReporter(  822): Shutdown was invoked.
05-05 16:44:35.570 I/BinderUtils(15538): Binder released from coordinator
05-05 16:44:35.577 I/ConnectivityCtrlService( 2373): handle intent action:android.bluetooth.input.profile.action.CONNECTION_STATE_CHANGED
05-05 16:44:35.586 W/BroadcastQueue(  531): Background execution not allowed: receiving Intent { act=amazon.bluetooth.input.profile.action.BATTERY_REPORT_FOUND flg=0x4000010 (has extras) } to com.amazon.device.rdmapplication/.services.RemoteBatteryLevelReceiver
05-05 16:44:35.594 I/OZ-DCS:DeviceStateProvider(15538): DP : HDMI_DEVICE -> sink device position: 1
05-05 16:44:35.598 I/OZ-DCS:DeviceStateProvider(15538): DP : HDMI_DEVICE -> state: hpd : true hdcp: true
05-05 16:44:35.598 I/ConnectivityCtrlService( 2373): onConnectStateChanged new state:2,for device:Device[ Name: XXXXAddress:xx:xx:EA:xx:xx:FE Version:null Type:1 DSN:null Game Controller Type:-1 Paired State:1 Connection State:2 Headphone Support:false Voice Enabled:true Battery Level classification:-1 Battery Level internal:-1 Invalid battery level:-1 Input descriptor:2c96f7a17c06aebe4def1a15055cb6933a7d430e:0171041c Category:[1,10] GroupId:0 Sub Device:false Csis Group Id:0 Peer Devices Address:[]], [Pid:1052,Update key:version_0x041C]
05-05 16:44:35.600 E/ConnectivityCtrlService( 2373): connectToAnyDeviceNext not successful as there is no device to connect
05-05 16:44:35.603 I/AmazonAutoPairService(  531): onConnectStateChanged received..state:2
05-05 16:44:35.603 I/AmazonAutoPairService(  531): onConnectStateChanged..Stopping discovery as a desired device is connected
05-05 16:44:35.603 I/AmazonAutoPairService(  531): handleStopAutoPairProcess..
05-05 16:44:35.605 I/RdmFrameworkMgr( 2373): requestAction..action:GET_DEVICE_INFO, device:[Remote Data[ Address:74:A7:EA:0B:05:FE Pid:1052 Vid:369 FirmwareVersion:0]]
05-05 16:44:35.606 I/ConnectivityCtrlService( 2373): getPairedDeviceList
05-05 16:44:35.606 I/com.amazon.connectivitycontroller.managers.BTControllerManager( 2373): getPairedDevicesList
05-05 16:44:35.607 I/RdmService( 2438): requestAction action: [GET_DEVICE_INFO]
05-05 16:44:35.612 I/RdmRequestManager( 2438): handleRequest...action[Intent { act=GET_DEVICE_INFO (has extras) }]
05-05 16:44:35.613 I/RdmRequestManager( 2438): checkAndHandleRequest..remote device:[Remote Data[ Address:74:A7:EA:0B:05:FE Pid:1052 Vid:369 FirmwareVersion:0]], action:[GET_DEVICE_INFO]
05-05 16:44:35.617 E/RdmRequestManager( 2438): Protocol adapter exist to handle action:[GET_DEVICE_INFO] for remote device: [Remote Data[ Address:74:A7:EA:0B:05:FE Pid:1052 Vid:369 FirmwareVersion:0]]
05-05 16:44:35.624 I/OZ-DCS:DeviceStateProvider(15538): DP : HDMI_DEVICE -> POSTING: DT: TV state: { "power":{"on":0.8,"off":0.2}} timeUpdated: 1778010275616
05-05 16:44:35.627 I/AmazonHdmiService(  531): Get Current HDCP Version
05-05 16:44:35.629 I/OZ-DCS:DeviceStateProvider(15538): DP : HPD_DEVICE -> hdcp stored state: 1
05-05 16:44:35.631 I/OZ-DCS:DeviceStateProvider(15538): DP : HPD_DEVICE -> sink device position: 1
05-05 16:44:35.633 I/OZ-DCS:DeviceStateProvider(15538): DP : HPD_DEVICE -> POSTING: DT: TV state: { "power":{"on":0.9,"off":0.1}} timeUpdated: 1778010275632
05-05 16:44:35.643 I/OZ-DCSCEC:HdmiCecAgent(15538): Starting scan of sources: [0, 4, 5, 8, 9, 11, 14]
05-05 16:44:35.644 I/RdmRequestManager( 2438): Handling RDM_ACTION_GET_REMOTE_INFO internally
05-05 16:44:35.646 I/com.amazon.connectivitycontroller.managers.BTControllerManager( 2373): getPairedDevicesList..rdlist size:1
05-05 16:44:35.648 I/ConnectivityCtrlService( 2373): Calling proceedIRSwitch for device[Device[ Name: XXXXAddress:xx:xx:EA:xx:xx:FE Version:21 Type:1 DSN:G0G1EJ05033303CQ Game Controller Type:-1 Paired State:1 Connection State:2 Headphone Support:false Voice Enabled:true Battery Level classification:-1 Battery Level internal:-1 Invalid battery level:-1 Input descriptor:2c96f7a17c06aebe4def1a15055cb6933a7d430e:0171041c Category:[1,10] GroupId:0 Sub Device:false Csis Group Id:0 Peer Devices Address:[]], [Pid:1052,Update key:version_0x041C]] on getPairedDevice call
05-05 16:44:35.648 I/ConnectivityCtrlService( 2373): proceedIRSwitch for device address:[xx:xx:EA:xx:xx:FE],pid:[1052]
05-05 16:44:35.648 I/RdmFrameworkMgr( 2373): requestAction..action:REMOTE_IR_SWITCH, device:[Remote Data[ Address:74:A7:EA:0B:05:FE Pid:1052 Vid:369 FirmwareVersion:0]]
05-05 16:44:35.652 E/AmazonHdmiService(  531): No handle to TV client
05-05 16:44:35.654 I/OZ-DCSCEC:HdmiCecAgent(15538): Registering power state change callback
05-05 16:44:35.654 I/OZ-DCSCEC:HdmiCecAgent(15538): Registering active source change listener
05-05 16:44:35.654 I/OZ-DCSCEC:HdmiCecAgent(15538): Registering topology change callback
05-05 16:44:35.654 I/OZ-DCSCEC:HdmiCecAgent(15538): Registering cec message listener
05-05 16:44:35.673 I/AmazonHdmiService(  531): Get Current HDCP Version
05-05 16:44:35.675 I/OZ-DCS:DeviceStateProvider(15538): DP : HDCP_DEVICE -> hdcp stored state: 1
05-05 16:44:35.677 I/OZ-DCS:DeviceStateProvider(15538): DP : HDCP_DEVICE -> sink device position: 1
05-05 16:44:35.684 I/OZ-DCS:DeviceStateProvider(15538): DP : HDCP_DEVICE -> POSTING: DT: TV state: { "inputs": {HDMI_3=0.9}} timeUpdated: 1778010275682
05-05 16:44:35.691 I/OZ-DCS:DeviceStateProvider(15538): DP : HPD_DEVICE_ONLY_OFF -> initializing HPD only off Device Provider....
05-05 16:44:35.696 I/OZ-DCS:DeviceStateProvider(15538): DP : HPD_DEVICE_ONLY_OFF -> hdcp stored state: 1
05-05 16:44:35.698 I/RdmService( 2438): requestAction action: [REMOTE_IR_SWITCH]
05-05 16:44:35.699 I/RdmRequestManager( 2438): handleRequest...action[Intent { act=REMOTE_IR_SWITCH (has extras) }]
05-05 16:44:35.702 I/ConnectivityCtrlService( 2373): onActionResult..action:[GET_DEVICE_INFO]
05-05 16:44:35.702 I/ConnectivityCtrlService( 2373): current version is greater than zero, so recording Remote Paired Status
05-05 16:44:35.703 I/MetricBus( 2373): Recording RemotePairedStatus for 74:A7:EA:0B:05:FE
05-05 16:44:35.709 W/bt_btif (  791): bta_hh_le_input_rpt_notify uuid=0x2a4d srv_handle=79 is_bl_svc_primary=1 rpt_id=1 len=3
05-05 16:44:35.692 I/AmazonHdmiService(  531): Get Current HDCP Version
05-05 16:44:35.710 I/AmazonProfileService(  531): Event is not filtered because it is not in filter key list.
05-05 16:44:35.710 I/KeyMapManagerUtil(  531): Unknown remote sku id 39. Fetch remote sku id from system property
05-05 16:44:35.720 E/amzn_neo_service_api:..( 1398): handle_key_event_callback: Got empty key-event
05-05 16:44:35.720 I/com_amazon_devicecont..( 1398): Received Key name: DPAD_LEFT, code: 21, action: 0
05-05 16:44:35.745 I/ConnectivityCtrlService( 2373): Calling proceedEmbeddedModeSwitch for device[Device[ Name: XXXXAddress:xx:xx:EA:xx:xx:FE Version:21 Type:1 DSN:G0G1EJ05033303CQ Game Controller Type:-1 Paired State:1 Connection State:2 Headphone Support:false Voice Enabled:true Battery Level classification:-1 Battery Level internal:-1 Invalid battery level:-1 Input descriptor:2c96f7a17c06aebe4def1a15055cb6933a7d430e:0171041c Category:[1,10] GroupId:0 Sub Device:false Csis Group Id:0 Peer Devices Address:[]], [Pid:1052,Update key:version_0x041C]] on getPairedDevice call
05-05 16:44:35.747 I/ConnectivityCtrlService( 2373): proceedEmbeddedModeSwitch for device address:[xx:xx:EA:xx:xx:FE], pid:[1052]
05-05 16:44:35.747 I/ConnectivityCtrlService( 2373): getPairedDeviceList size[1]
05-05 16:44:35.747 W/Looper  (  531): Slow dispatch took 144ms main h=com.amazon.service.AmazonAutoPairService$AutoPairHandler c=com.amazon.service.AmazonAutoPairService$8$1@b6280f1 m=0
05-05 16:44:35.754 I/hdmi_cec(  306): [HWCEC] send_message init:4, dest:0, opcode: 0x83, size:0, body[0]=0x0
05-05 16:44:35.767 I/MetricsTransporter( 1247): MetricsTransporter - Successfully uploaded metrics; code: 200, message: OK;
05-05 16:44:35.709 I/OZ-DCS:DeviceStateProvider(15538): DP : HPD_DEVICE_ONLY_OFF -> sink device position: 1
05-05 16:44:35.770 I/OZ-DCS:DeviceStateProvider(15538): DP : HPD_DEVICE_ONLY_OFF -> Provider reports nothing - invalidating states
05-05 16:44:35.777 I/OZ-DCS:DeviceStateProvider(15538): DP : HPD_DEVICE_ONLY_OFF -> POSTING: DT: TV state: { "power":{}} timeUpdated: 1778010275772
