05-03 13:03:08.041   941 21963 I com.amazon.imp/TokenJobQueue[0]: Finish executing task GetToken:com.amazon.client.metrics/com.amazon.dcp.sso.token.oauth.amazon.access_token.
05-03 13:03:08.326  1237  9117 I MetricsTransporter: MetricsTransporter - Successfully uploaded metrics; code: 200, message: OK;
05-03 13:03:08.328   528  1100 I WifiService: releaseWifiLock uid=10041
05-03 13:03:08.329  1237  9117 I BoundedBatchFileQueue: batch file deleted from disk: 1777823899388_us-east-1_0001
05-03 13:03:08.329  1237  9117 I MetricsTransmissionManager: Transmission succeeded.
05-03 13:03:08.330  1237  9117 I BoundedBatchFileQueue: batch file removed from queue: 1777824186154_us-east-1_0001
05-03 13:03:08.331   528  1100 I WifiService: acquireWifiLock uid=10041 lockMode=3
05-03 13:03:08.338   941 21962 I com.amazon.imp/TokenJobQueue[0]: Begin executing task GetToken:com.amazon.client.metrics/com.amazon.dcp.sso.token.oauth.amazon.access_token
05-03 13:03:08.339   941 21963 I com.amazon.imp/MAPApplicationInformationQueryer[0]: Populate change for remote MAP info.
05-03 13:03:08.339   941 21962 I com.amazon.imp/TokenJobQueue[0]: Scheduled running concurrent job GetToken:com.amazon.client.metrics/com.amazon.dcp.sso.token.oauth.amazon.access_token.
05-03 13:03:08.339   941 21963 I com.amazon.imp/MAPApplicationInformationQueryer[0]: CacheContainsPartialResults? true
05-03 13:03:08.341   941 21963 I com.amazon.imp/TokenJobQueue[0]: Finish executing task GetToken:com.amazon.client.metrics/com.amazon.dcp.sso.token.oauth.amazon.access_token.
05-03 13:03:08.632  1237  9117 I MetricsTransporter: MetricsTransporter - Successfully uploaded metrics; code: 200, message: OK;
05-03 13:03:08.634   528  7684 I WifiService: releaseWifiLock uid=10041
05-03 13:03:08.635  1237  9117 I BoundedBatchFileQueue: batch file deleted from disk: 1777824186154_us-east-1_0001
05-03 13:03:08.635  1237  9117 I MetricsTransmissionManager: Transmission succeeded.
05-03 13:03:08.637  1237  9117 I BoundedBatchFileQueue: batch file removed from queue: 1777823744044_us-east-1_0001
05-03 13:03:08.639   528  7684 I WifiService: acquireWifiLock uid=10041 lockMode=3
05-03 13:03:08.651   941 21962 I com.amazon.imp/TokenJobQueue[0]: Begin executing task GetToken:com.amazon.client.metrics/com.amazon.dcp.sso.token.oauth.amazon.access_token
05-03 13:03:08.651   941 21963 I com.amazon.imp/MAPApplicationInformationQueryer[0]: Populate change for remote MAP info.
05-03 13:03:08.651   941 21962 I com.amazon.imp/TokenJobQueue[0]: Scheduled running concurrent job GetToken:com.amazon.client.metrics/com.amazon.dcp.sso.token.oauth.amazon.access_token.
05-03 13:03:08.651   941 21963 I com.amazon.imp/MAPApplicationInformationQueryer[0]: CacheContainsPartialResults? true
05-03 13:03:08.653   941 21963 I com.amazon.imp/TokenJobQueue[0]: Finish executing task GetToken:com.amazon.client.metrics/com.amazon.dcp.sso.token.oauth.amazon.access_token.
05-03 13:03:08.942  1237  9117 I MetricsTransporter: MetricsTransporter - Successfully uploaded metrics; code: 200, message: OK;
05-03 13:03:08.944   528  7684 I WifiService: releaseWifiLock uid=10041
05-03 13:03:08.945  1237  9117 I BoundedBatchFileQueue: batch file deleted from disk: 1777823744044_us-east-1_0001
05-03 13:03:08.945  1237  9117 I MetricsTransmissionManager: Transmission succeeded.
05-03 13:03:08.947  1237  9117 I BoundedBatchFileQueue: batch file removed from queue: 1777823744816_us-east-1_0001
05-03 13:03:08.948   528  7684 I WifiService: acquireWifiLock uid=10041 lockMode=3
05-03 13:03:08.961   941 21962 I com.amazon.imp/TokenJobQueue[0]: Begin executing task GetToken:com.amazon.client.metrics/com.amazon.dcp.sso.token.oauth.amazon.access_token
05-03 13:03:08.961   941 21963 I com.amazon.imp/MAPApplicationInformationQueryer[0]: Populate change for remote MAP info.
05-03 13:03:08.961   941 21962 I com.amazon.imp/TokenJobQueue[0]: Scheduled running concurrent job GetToken:com.amazon.client.metrics/com.amazon.dcp.sso.token.oauth.amazon.access_token.
05-03 13:03:08.961   941 21963 I com.amazon.imp/MAPApplicationInformationQueryer[0]: CacheContainsPartialResults? true
05-03 13:03:08.964   941 21963 I com.amazon.imp/TokenJobQueue[0]: Finish executing task GetToken:com.amazon.client.metrics/com.amazon.dcp.sso.token.oauth.amazon.access_token.
05-03 13:03:09.249  1237  9117 I MetricsTransporter: MetricsTransporter - Successfully uploaded metrics; code: 200, message: OK;
05-03 13:03:09.251   528  7684 I WifiService: releaseWifiLock uid=10041
05-03 13:03:09.252  1237  9117 I BoundedBatchFileQueue: batch file deleted from disk: 1777823744816_us-east-1_0001
05-03 13:03:09.252  1237  9117 I MetricsTransmissionManager: Transmission succeeded.
05-03 13:03:09.255  1237  9117 I BoundedBatchFileQueue: batch file removed from queue: 1777823746781_us-east-1_0001
05-03 13:03:09.256   528  7684 I WifiService: acquireWifiLock uid=10041 lockMode=3
05-03 13:03:09.268   941 21962 I com.amazon.imp/TokenJobQueue[0]: Begin executing task GetToken:com.amazon.client.metrics/com.amazon.dcp.sso.token.oauth.amazon.access_token
05-03 13:03:09.268   941 21962 I com.amazon.imp/TokenJobQueue[0]: Scheduled running concurrent job GetToken:com.amazon.client.metrics/com.amazon.dcp.sso.token.oauth.amazon.access_token.
05-03 13:03:09.268   941 21963 I com.amazon.imp/MAPApplicationInformationQueryer[0]: Populate change for remote MAP info.
05-03 13:03:09.268   941 21963 I com.amazon.imp/MAPApplicationInformationQueryer[0]: CacheContainsPartialResults? true
05-03 13:03:09.271   941 21963 I com.amazon.imp/TokenJobQueue[0]: Finish executing task GetToken:com.amazon.client.metrics/com.amazon.dcp.sso.token.oauth.amazon.access_token.
05-03 13:03:09.675  1237  9117 I MetricsTransporter: MetricsTransporter - Successfully uploaded metrics; code: 200, message: OK;
05-03 13:03:09.677   528  7684 I WifiService: releaseWifiLock uid=10041
05-03 13:03:09.678  1237  9117 I BoundedBatchFileQueue: batch file deleted from disk: 1777823746781_us-east-1_0001
05-03 13:03:09.678  1237  9117 I MetricsTransmissionManager: Transmission succeeded.
05-03 13:03:09.680  1237  9117 I BoundedBatchFileQueue: batch file removed from queue: 1777823750089_us-east-1_0001
05-03 13:03:09.682   528  7684 I WifiService: acquireWifiLock uid=10041 lockMode=3
05-03 13:03:09.693   941 21962 I com.amazon.imp/TokenJobQueue[0]: Begin executing task GetToken:com.amazon.client.metrics/com.amazon.dcp.sso.token.oauth.amazon.access_token
05-03 13:03:09.694   941 21962 I com.amazon.imp/TokenJobQueue[0]: Scheduled running concurrent job GetToken:com.amazon.client.metrics/com.amazon.dcp.sso.token.oauth.amazon.access_token.
05-03 13:03:09.694   941 21963 I com.amazon.imp/MAPApplicationInformationQueryer[0]: Populate change for remote MAP info.
05-03 13:03:09.694   941 21963 I com.amazon.imp/MAPApplicationInformationQueryer[0]: CacheContainsPartialResults? true
05-03 13:03:09.696   941 21963 I com.amazon.imp/TokenJobQueue[0]: Finish executing task GetToken:com.amazon.client.metrics/com.amazon.dcp.sso.token.oauth.amazon.access_token.
05-03 13:03:09.967  1237  9117 I MetricsTransporter: MetricsTransporter - Successfully uploaded metrics; code: 200, message: OK;
05-03 13:03:09.969   528  7684 I WifiService: releaseWifiLock uid=10041
05-03 13:03:09.970  1237  9117 I BoundedBatchFileQueue: batch file deleted from disk: 1777823750089_us-east-1_0001
05-03 13:03:09.970  1237  9117 I MetricsTransmissionManager: Transmission succeeded.
05-03 13:03:09.972  1237  9117 I BoundedBatchFileQueue: batch file removed from queue: 1777823750890_us-east-1_0001
05-03 13:03:09.974   528  7684 I WifiService: acquireWifiLock uid=10041 lockMode=3
05-03 13:03:09.985   941 21962 I com.amazon.imp/TokenJobQueue[0]: Begin executing task GetToken:com.amazon.client.metrics/com.amazon.dcp.sso.token.oauth.amazon.access_token
05-03 13:03:09.985   941 21963 I com.amazon.imp/MAPApplicationInformationQueryer[0]: Populate change for remote MAP info.
05-03 13:03:09.985   941 21962 I com.amazon.imp/TokenJobQueue[0]: Scheduled running concurrent job GetToken:com.amazon.client.metrics/com.amazon.dcp.sso.token.oauth.amazon.access_token.
05-03 13:03:09.985   941 21963 I com.amazon.imp/MAPApplicationInformationQueryer[0]: CacheContainsPartialResults? true
05-03 13:03:09.988   941 21963 I com.amazon.imp/TokenJobQueue[0]: Finish executing task GetToken:com.amazon.client.metrics/com.amazon.dcp.sso.token.oauth.amazon.access_token.
05-03 13:03:10.181  1282  1282 I main.wifi_score: dump_wifi_score_ctxt(): is2g=1, is11ac=0, is11ax=0, chan_bw=20, nss=2, bcn_rssi=-33, data_rssi=-38, tx_ok=11741, tx_failed=29206, cca_idle_pct=77
05-03 13:03:10.181  1282  1282 I main.wifi_score: dump_wifi_score_ctxt(): last_tx_stats: sgi=0, pream=1, mcs=7, ss=2, bw=0
05-03 13:03:10.181  1282  1282 I main.wifi_score: rate correction orig per/mcs/bw 40/7/0, new per/mcs/bw 10/6/0
05-03 13:03:10.188  1237  9117 I MetricsTransporter: MetricsTransporter - Successfully uploaded metrics; code: 200, message: OK;
05-03 13:03:10.190   528  1100 I WifiService: releaseWifiLock uid=10041
05-03 13:03:10.191  1237  9117 I BoundedBatchFileQueue: batch file deleted from disk: 1777823750890_us-east-1_0001
05-03 13:03:10.191  1237  9117 I MetricsTransmissionManager: Transmission succeeded.
05-03 13:03:10.193  1237  9117 I BoundedBatchFileQueue: batch file removed from queue: 1777823752151_us-east-1_0001
05-03 13:03:10.194   528  1100 I WifiService: acquireWifiLock uid=10041 lockMode=3
05-03 13:03:10.205   941 21962 I com.amazon.imp/TokenJobQueue[0]: Begin executing task GetToken:com.amazon.client.metrics/com.amazon.dcp.sso.token.oauth.amazon.access_token
05-03 13:03:10.205   941 21963 I com.amazon.imp/MAPApplicationInformationQueryer[0]: Populate change for remote MAP info.
05-03 13:03:10.205   941 21962 I com.amazon.imp/TokenJobQueue[0]: Scheduled running concurrent job GetToken:com.amazon.client.metrics/com.amazon.dcp.sso.token.oauth.amazon.access_token.
05-03 13:03:10.205   941 21963 I com.amazon.imp/MAPApplicationInformationQueryer[0]: CacheContainsPartialResults? true
05-03 13:03:10.208   941 21963 I com.amazon.imp/TokenJobQueue[0]: Finish executing task GetToken:com.amazon.client.metrics/com.amazon.dcp.sso.token.oauth.amazon.access_token.
05-03 13:03:10.474  1237  9117 I MetricsTransporter: MetricsTransporter - Successfully uploaded metrics; code: 200, message: OK;
05-03 13:03:10.477   528  1100 I WifiService: releaseWifiLock uid=10041
05-03 13:03:10.477  1237  9117 I BoundedBatchFileQueue: batch file deleted from disk: 1777823752151_us-east-1_0001
05-03 13:03:10.477  1237  9117 I MetricsTransmissionManager: Transmission succeeded.
05-03 13:03:10.480  1237  9117 I BoundedBatchFileQueue: batch file removed from queue: 1777823752611_us-east-1_0001
05-03 13:03:10.481   528  1100 I WifiService: acquireWifiLock uid=10041 lockMode=3
05-03 13:03:10.493   941 21962 I com.amazon.imp/TokenJobQueue[0]: Begin executing task GetToken:com.amazon.client.metrics/com.amazon.dcp.sso.token.oauth.amazon.access_token
05-03 13:03:10.493   941 21962 I com.amazon.imp/TokenJobQueue[0]: Scheduled running concurrent job GetToken:com.amazon.client.metrics/com.amazon.dcp.sso.token.oauth.amazon.access_token.
05-03 13:03:10.493   941 21963 I com.amazon.imp/MAPApplicationInformationQueryer[0]: Populate change for remote MAP info.
05-03 13:03:10.493   941 21963 I com.amazon.imp/MAPApplicationInformationQueryer[0]: CacheContainsPartialResults? true
05-03 13:03:10.495   941 21963 I com.amazon.imp/TokenJobQueue[0]: Finish executing task GetToken:com.amazon.client.metrics/com.amazon.dcp.sso.token.oauth.amazon.access_token.
05-03 13:03:10.785  1237  9117 I MetricsTransporter: MetricsTransporter - Successfully uploaded metrics; code: 200, message: OK;
05-03 13:03:10.787   528  1100 I WifiService: releaseWifiLock uid=10041
05-03 13:03:10.788  1237  9117 I BoundedBatchFileQueue: batch file deleted from disk: 1777823752611_us-east-1_0001
05-03 13:03:10.788  1237  9117 I MetricsTransmissionManager: Transmission succeeded.
05-03 13:03:10.791  1237  9117 I BoundedBatchFileQueue: batch file removed from queue: 1777823756597_us-east-1_0001
05-03 13:03:10.792   528  1100 I WifiService: acquireWifiLock uid=10041 lockMode=3
05-03 13:03:10.803   941 21962 I com.amazon.imp/TokenJobQueue[0]: Begin executing task GetToken:com.amazon.client.metrics/com.amazon.dcp.sso.token.oauth.amazon.access_token
05-03 13:03:10.804   941 21963 I com.amazon.imp/MAPApplicationInformationQueryer[0]: Populate change for remote MAP info.
05-03 13:03:10.804   941 21962 I com.amazon.imp/TokenJobQueue[0]: Scheduled running concurrent job GetToken:com.amazon.client.metrics/com.amazon.dcp.sso.token.oauth.amazon.access_token.
05-03 13:03:10.804   941 21963 I com.amazon.imp/MAPApplicationInformationQueryer[0]: CacheContainsPartialResults? true
05-03 13:03:10.806   941 21963 I com.amazon.imp/TokenJobQueue[0]: Finish executing task GetToken:com.amazon.client.metrics/com.amazon.dcp.sso.token.oauth.amazon.access_token.
05-03 13:03:11.091  1237  9117 I MetricsTransporter: MetricsTransporter - Successfully uploaded metrics; code: 200, message: OK;
05-03 13:03:11.093   528  1100 I WifiService: releaseWifiLock uid=10041
05-03 13:03:11.094  1237  9117 I BoundedBatchFileQueue: batch file deleted from disk: 1777823756597_us-east-1_0001
05-03 13:03:11.094  1237  9117 I MetricsTransmissionManager: Transmission succeeded.
05-03 13:03:11.096  1237  9117 I BoundedBatchFileQueue: batch file removed from queue: 1777823764015_us-east-1_0001
05-03 13:03:11.097   528  1100 I WifiService: acquireWifiLock uid=10041 lockMode=3
05-03 13:03:11.109   941 21962 I com.amazon.imp/TokenJobQueue[0]: Begin executing task GetToken:com.amazon.client.metrics/com.amazon.dcp.sso.token.oauth.amazon.access_token
05-03 13:03:11.109   941 21963 I com.amazon.imp/MAPApplicationInformationQueryer[0]: Populate change for remote MAP info.
05-03 13:03:11.109   941 21962 I com.amazon.imp/TokenJobQueue[0]: Scheduled running concurrent job GetToken:com.amazon.client.metrics/com.amazon.dcp.sso.token.oauth.amazon.access_token.
05-03 13:03:11.109   941 21963 I com.amazon.imp/MAPApplicationInformationQueryer[0]: CacheContainsPartialResults? true
05-03 13:03:11.112   941 21963 I com.amazon.imp/TokenJobQueue[0]: Finish executing task GetToken:com.amazon.client.metrics/com.amazon.dcp.sso.token.oauth.amazon.access_token.
05-03 13:03:11.400  1237  9117 I MetricsTransporter: MetricsTransporter - Successfully uploaded metrics; code: 200, message: OK;
05-03 13:03:11.402   528  1100 I WifiService: releaseWifiLock uid=10041
05-03 13:03:11.402  1237  9117 I BoundedBatchFileQueue: batch file deleted from disk: 1777823764015_us-east-1_0001
05-03 13:03:11.403  1237  9117 I MetricsTransmissionManager: Transmission succeeded.
05-03 13:03:11.405  1237  9117 I BoundedBatchFileQueue: batch file removed from queue: 1777823809120_us-east-1_0001
05-03 13:03:11.406   528  1100 I WifiService: acquireWifiLock uid=10041 lockMode=3
05-03 13:03:11.419   941 21962 I com.amazon.imp/TokenJobQueue[0]: Begin executing task GetToken:com.amazon.client.metrics/com.amazon.dcp.sso.token.oauth.amazon.access_token
05-03 13:03:11.419   941 21962 I com.amazon.imp/TokenJobQueue[0]: Scheduled running concurrent job GetToken:com.amazon.client.metrics/com.amazon.dcp.sso.token.oauth.amazon.access_token.
05-03 13:03:11.419   941 21963 I com.amazon.imp/MAPApplicationInformationQueryer[0]: Populate change for remote MAP info.
05-03 13:03:11.419   941 21963 I com.amazon.imp/MAPApplicationInformationQueryer[0]: CacheContainsPartialResults? true
05-03 13:03:11.423   941 21963 I com.amazon.imp/TokenJobQueue[0]: Finish executing task GetToken:com.amazon.client.metrics/com.amazon.dcp.sso.token.oauth.amazon.access_token.
05-03 13:03:11.777  1237  9117 I MetricsTransporter: MetricsTransporter - Successfully uploaded metrics; code: 200, message: OK;
05-03 13:03:11.779   528  1100 I WifiService: releaseWifiLock uid=10041
05-03 13:03:11.780  1237  9117 I BoundedBatchFileQueue: batch file deleted from disk: 1777823809120_us-east-1_0001
05-03 13:03:11.780  1237  9117 I MetricsTransmissionManager: Transmission succeeded.
05-03 13:03:11.782  1237  9117 I BoundedBatchFileQueue: batch file removed from queue: 1777823819763_us-east-1_0001
05-03 13:03:11.783   528  1100 I WifiService: acquireWifiLock uid=10041 lockMode=3
05-03 13:03:11.796   941 21962 I com.amazon.imp/TokenJobQueue[0]: Begin executing task GetToken:com.amazon.client.metrics/com.amazon.dcp.sso.token.oauth.amazon.access_token
05-03 13:03:11.797   941 21963 I com.amazon.imp/MAPApplicationInformationQueryer[0]: Populate change for remote MAP info.
05-03 13:03:11.797   941 21962 I com.amazon.imp/TokenJobQueue[0]: Scheduled running concurrent job GetToken:com.amazon.client.metrics/com.amazon.dcp.sso.token.oauth.amazon.access_token.
05-03 13:03:11.797   941 21963 I com.amazon.imp/MAPApplicationInformationQueryer[0]: CacheContainsPartialResults? true
05-03 13:03:11.800   941 21963 I com.amazon.imp/TokenJobQueue[0]: Finish executing task GetToken:com.amazon.client.metrics/com.amazon.dcp.sso.token.oauth.amazon.access_token.
05-03 13:03:12.016  1237  9117 I MetricsTransporter: MetricsTransporter - Successfully uploaded metrics; code: 200, message: OK;
05-03 13:03:12.018   528  1100 I WifiService: releaseWifiLock uid=10041
05-03 13:03:12.020  1237  9117 I BoundedBatchFileQueue: batch file deleted from disk: 1777823819763_us-east-1_0001
05-03 13:03:12.020  1237  9117 I MetricsTransmissionManager: Transmission succeeded.
05-03 13:03:12.022  1237  9117 I BoundedBatchFileQueue: batch file removed from queue: 1777823899183_us-east-1_0001
05-03 13:03:12.023   528  1100 I WifiService: acquireWifiLock uid=10041 lockMode=3
05-03 13:03:12.035   941 21962 I com.amazon.imp/TokenJobQueue[0]: Begin executing task GetToken:com.amazon.client.metrics/com.amazon.dcp.sso.token.oauth.amazon.access_token
05-03 13:03:12.035   941 21963 I com.amazon.imp/MAPApplicationInformationQueryer[0]: Populate change for remote MAP info.
05-03 13:03:12.035   941 21962 I com.amazon.imp/TokenJobQueue[0]: Scheduled running concurrent job GetToken:com.amazon.client.metrics/com.amazon.dcp.sso.token.oauth.amazon.access_token.
05-03 13:03:12.035   941 21963 I com.amazon.imp/MAPApplicationInformationQueryer[0]: CacheContainsPartialResults? true
05-03 13:03:12.037   941 21963 I com.amazon.imp/TokenJobQueue[0]: Finish executing task GetToken:com.amazon.client.metrics/com.amazon.dcp.sso.token.oauth.amazon.access_token.
05-03 13:03:12.323  1237  9117 I MetricsTransporter: MetricsTransporter - Successfully uploaded metrics; code: 200, message: OK;
05-03 13:03:12.325   528  1100 I WifiService: releaseWifiLock uid=10041
05-03 13:03:12.326  1237  9117 I BoundedBatchFileQueue: batch file deleted from disk: 1777823899183_us-east-1_0001
05-03 13:03:12.326  1237  9117 I MetricsTransmissionManager: Transmission succeeded.
05-03 13:03:12.328  1237  9117 I BoundedBatchFileQueue: batch file removed from queue: 1777823900280_us-east-1_0001
05-03 13:03:12.330   528  1100 I WifiService: acquireWifiLock uid=10041 lockMode=3
05-03 13:03:12.342   941 21962 I com.amazon.imp/TokenJobQueue[0]: Begin executing task GetToken:com.amazon.client.metrics/com.amazon.dcp.sso.token.oauth.amazon.access_token
05-03 13:03:12.342   941 21962 I com.amazon.imp/TokenJobQueue[0]: Scheduled running concurrent job GetToken:com.amazon.client.metrics/com.amazon.dcp.sso.token.oauth.amazon.access_token.
05-03 13:03:12.343   941 21963 I com.amazon.imp/MAPApplicationInformationQueryer[0]: Populate change for remote MAP info.
05-03 13:03:12.343   941 21963 I com.amazon.imp/MAPApplicationInformationQueryer[0]: CacheContainsPartialResults? true
05-03 13:03:12.345   941 21963 I com.amazon.imp/TokenJobQueue[0]: Finish executing task GetToken:com.amazon.client.metrics/com.amazon.dcp.sso.token.oauth.amazon.access_token.
05-03 13:03:12.632  1237  9117 I MetricsTransporter: MetricsTransporter - Successfully uploaded metrics; code: 200, message: OK;
05-03 13:03:12.634   528  7684 I WifiService: releaseWifiLock uid=10041
05-03 13:03:12.635  1237  9117 I BoundedBatchFileQueue: batch file deleted from disk: 1777823900280_us-east-1_0001
05-03 13:03:12.635  1237  9117 I MetricsTransmissionManager: Transmission succeeded.
05-03 13:03:12.637  1237  9117 I BoundedBatchFileQueue: batch file removed from queue: 1777823900729_us-east-1_0001
05-03 13:03:12.639   528  7684 I WifiService: acquireWifiLock uid=10041 lockMode=3
05-03 13:03:12.651   941 21962 I com.amazon.imp/TokenJobQueue[0]: Begin executing task GetToken:com.amazon.client.metrics/com.amazon.dcp.sso.token.oauth.amazon.access_token
05-03 13:03:12.651   941 21963 I com.amazon.imp/MAPApplicationInformationQueryer[0]: Populate change for remote MAP info.
05-03 13:03:12.651   941 21962 I com.amazon.imp/TokenJobQueue[0]: Scheduled running concurrent job GetToken:com.amazon.client.metrics/com.amazon.dcp.sso.token.oauth.amazon.access_token.
05-03 13:03:12.651   941 21963 I com.amazon.imp/MAPApplicationInformationQueryer[0]: CacheContainsPartialResults? true
05-03 13:03:12.653   941 21963 I com.amazon.imp/TokenJobQueue[0]: Finish executing task GetToken:com.amazon.client.metrics/com.amazon.dcp.sso.token.oauth.amazon.access_token.
05-03 13:03:12.935  1237  9117 I MetricsTransporter: MetricsTransporter - Successfully uploaded metrics; code: 200, message: OK;
05-03 13:03:12.937   528  7684 I WifiService: releaseWifiLock uid=10041
05-03 13:03:12.938  1237  9117 I BoundedBatchFileQueue: batch file deleted from disk: 1777823900729_us-east-1_0001
05-03 13:03:12.938  1237  9117 I MetricsTransmissionManager: Transmission succeeded.
05-03 13:03:12.940  1237  9117 I BoundedBatchFileQueue: batch file removed from queue: 1777823901730_us-east-1_0001
05-03 13:03:12.942   528  7684 I WifiService: acquireWifiLock uid=10041 lockMode=3
05-03 13:03:12.953   941 21962 I com.amazon.imp/TokenJobQueue[0]: Begin executing task GetToken:com.amazon.client.metrics/com.amazon.dcp.sso.token.oauth.amazon.access_token
05-03 13:03:12.953   941 21963 I com.amazon.imp/MAPApplicationInformationQueryer[0]: Populate change for remote MAP info.
05-03 13:03:12.953   941 21962 I com.amazon.imp/TokenJobQueue[0]: Scheduled running concurrent job GetToken:com.amazon.client.metrics/com.amazon.dcp.sso.token.oauth.amazon.access_token.
05-03 13:03:12.953   941 21963 I com.amazon.imp/MAPApplicationInformationQueryer[0]: CacheContainsPartialResults? true
05-03 13:03:12.956   941 21963 I com.amazon.imp/TokenJobQueue[0]: Finish executing task GetToken:com.amazon.client.metrics/com.amazon.dcp.sso.token.oauth.amazon.access_token.
05-03 13:03:13.243  1237  9117 I MetricsTransporter: MetricsTransporter - Successfully uploaded metrics; code: 200, message: OK;
05-03 13:03:13.245   528  7684 I WifiService: releaseWifiLock uid=10041
05-03 13:03:13.246  1237  9117 I BoundedBatchFileQueue: batch file deleted from disk: 1777823901730_us-east-1_0001
05-03 13:03:13.246  1237  9117 I MetricsTransmissionManager: Transmission succeeded.
05-03 13:03:13.248  1237  9117 I BoundedBatchFileQueue: batch file removed from queue: 1777823902153_us-east-1_0001
05-03 13:03:13.250   528  7684 I WifiService: acquireWifiLock uid=10041 lockMode=3
05-03 13:03:13.261   941 21962 I com.amazon.imp/TokenJobQueue[0]: Begin executing task GetToken:com.amazon.client.metrics/com.amazon.dcp.sso.token.oauth.amazon.access_token
05-03 13:03:13.261   941 21963 I com.amazon.imp/MAPApplicationInformationQueryer[0]: Populate change for remote MAP info.
05-03 13:03:13.261   941 21962 I com.amazon.imp/TokenJobQueue[0]: Scheduled running concurrent job GetToken:com.amazon.client.metrics/com.amazon.dcp.sso.token.oauth.amazon.access_token.
05-03 13:03:13.261   941 21963 I com.amazon.imp/MAPApplicationInformationQueryer[0]: CacheContainsPartialResults? true
05-03 13:03:13.264   941 21963 I com.amazon.imp/TokenJobQueue[0]: Finish executing task GetToken:com.amazon.client.metrics/com.amazon.dcp.sso.token.oauth.amazon.access_token.
05-03 13:03:13.547  1237  9117 I MetricsTransporter: MetricsTransporter - Successfully uploaded metrics; code: 200, message: OK;
05-03 13:03:13.549   528  7684 I WifiService: releaseWifiLock uid=10041
05-03 13:03:13.550  1237  9117 I BoundedBatchFileQueue: batch file deleted from disk: 1777823902153_us-east-1_0001
05-03 13:03:13.550  1237  9117 I MetricsTransmissionManager: Transmission succeeded.
05-03 13:03:13.553  1237  9117 I BoundedBatchFileQueue: batch file removed from queue: 1777823902584_us-east-1_0001
05-03 13:03:13.554   528  7684 I WifiService: acquireWifiLock uid=10041 lockMode=3
05-03 13:03:13.565   941 21962 I com.amazon.imp/TokenJobQueue[0]: Begin executing task GetToken:com.amazon.client.metrics/com.amazon.dcp.sso.token.oauth.amazon.access_token
05-03 13:03:13.565   941 21963 I com.amazon.imp/MAPApplicationInformationQueryer[0]: Populate change for remote MAP info.
05-03 13:03:13.565   941 21962 I com.amazon.imp/TokenJobQueue[0]: Scheduled running concurrent job GetToken:com.amazon.client.metrics/com.amazon.dcp.sso.token.oauth.amazon.access_token.
05-03 13:03:13.565   941 21963 I com.amazon.imp/MAPApplicationInformationQueryer[0]: CacheContainsPartialResults? true
05-03 13:03:13.568   941 21963 I com.amazon.imp/TokenJobQueue[0]: Finish executing task GetToken:com.amazon.client.metrics/com.amazon.dcp.sso.token.oauth.amazon.access_token.
05-03 13:03:13.760  1237  9117 I MetricsTransporter: MetricsTransporter - Successfully uploaded metrics; code: 200, message: OK;
05-03 13:03:13.762   528  7684 I WifiService: releaseWifiLock uid=10041
05-03 13:03:13.763  1237  9117 I BoundedBatchFileQueue: batch file deleted from disk: 1777823902584_us-east-1_0001
05-03 13:03:13.763  1237  9117 I MetricsTransmissionManager: Transmission succeeded.
05-03 13:03:13.766  1237  9117 I BoundedBatchFileQueue: batch file removed from queue: 1777823903347_us-east-1_0001
05-03 13:03:13.767   528  7684 I WifiService: acquireWifiLock uid=10041 lockMode=3
05-03 13:03:13.779   941 21962 I com.amazon.imp/TokenJobQueue[0]: Begin executing task GetToken:com.amazon.client.metrics/com.amazon.dcp.sso.token.oauth.amazon.access_token
05-03 13:03:13.779   941 21963 I com.amazon.imp/MAPApplicationInformationQueryer[0]: Populate change for remote MAP info.
05-03 13:03:13.779   941 21962 I com.amazon.imp/TokenJobQueue[0]: Scheduled running concurrent job GetToken:com.amazon.client.metrics/com.amazon.dcp.sso.token.oauth.amazon.access_token.
05-03 13:03:13.779   941 21963 I com.amazon.imp/MAPApplicationInformationQueryer[0]: CacheContainsPartialResults? true
05-03 13:03:13.782   941 21963 I com.amazon.imp/TokenJobQueue[0]: Finish executing task GetToken:com.amazon.client.metrics/com.amazon.dcp.sso.token.oauth.amazon.access_token.
05-03 13:03:14.040  1237  9117 I MetricsTransporter: MetricsTransporter - Successfully uploaded metrics; code: 200, message: OK;
05-03 13:03:14.042   528  7684 I WifiService: releaseWifiLock uid=10041
05-03 13:03:14.045  1237  9117 I BoundedBatchFileQueue: batch file deleted from disk: 1777823903347_us-east-1_0001
05-03 13:03:14.045  1237  9117 I MetricsTransmissionManager: Transmission succeeded.
05-03 13:03:14.047  1237  9117 I BoundedBatchFileQueue: batch file removed from queue: 1777823904584_us-east-1_0001
05-03 13:03:14.049   528  7684 I WifiService: acquireWifiLock uid=10041 lockMode=3
05-03 13:03:14.062   941 21962 I com.amazon.imp/TokenJobQueue[0]: Begin executing task GetToken:com.amazon.client.metrics/com.amazon.dcp.sso.token.oauth.amazon.access_token
05-03 13:03:14.062   941 21963 I com.amazon.imp/MAPApplicationInformationQueryer[0]: Populate change for remote MAP info.
05-03 13:03:14.062   941 21962 I com.amazon.imp/TokenJobQueue[0]: Scheduled running concurrent job GetToken:com.amazon.client.metrics/com.amazon.dcp.sso.token.oauth.amazon.access_token.
05-03 13:03:14.062   941 21963 I com.amazon.imp/MAPApplicationInformationQueryer[0]: CacheContainsPartialResults? true
05-03 13:03:14.064   941 21963 I com.amazon.imp/TokenJobQueue[0]: Finish executing task GetToken:com.amazon.client.metrics/com.amazon.dcp.sso.token.oauth.amazon.access_token.
05-03 13:03:14.268  1237  9117 I MetricsTransporter: MetricsTransporter - Successfully uploaded metrics; code: 200, message: OK;
05-03 13:03:14.270   528  7684 I WifiService: releaseWifiLock uid=10041
05-03 13:03:14.271  1237  9117 I BoundedBatchFileQueue: batch file deleted from disk: 1777823904584_us-east-1_0001
05-03 13:03:14.271  1237  9117 I MetricsTransmissionManager: Transmission succeeded.
05-03 13:03:14.272  1237  9117 I BoundedBatchFileQueue: batch file removed from queue: 1777823968858_us-east-1_0001
05-03 13:03:14.273   528  7684 I WifiService: acquireWifiLock uid=10041 lockMode=3
05-03 13:03:14.285   941 21962 I com.amazon.imp/TokenJobQueue[0]: Begin executing task GetToken:com.amazon.client.metrics/com.amazon.dcp.sso.token.oauth.amazon.access_token
05-03 13:03:14.286   941 21963 I com.amazon.imp/MAPApplicationInformationQueryer[0]: Populate change for remote MAP info.
05-03 13:03:14.286   941 21962 I com.amazon.imp/TokenJobQueue[0]: Scheduled running concurrent job GetToken:com.amazon.client.metrics/com.amazon.dcp.sso.token.oauth.amazon.access_token.
05-03 13:03:14.286   941 21963 I com.amazon.imp/MAPApplicationInformationQueryer[0]: CacheContainsPartialResults? true
05-03 13:03:14.289   941 21963 I com.amazon.imp/TokenJobQueue[0]: Finish executing task GetToken:com.amazon.client.metrics/com.amazon.dcp.sso.token.oauth.amazon.access_token.
05-03 13:03:14.488  1237  9117 I MetricsTransporter: MetricsTransporter - Successfully uploaded metrics; code: 200, message: OK;
05-03 13:03:14.490   528  7684 I WifiService: releaseWifiLock uid=10041
05-03 13:03:14.491  1237  9117 I BoundedBatchFileQueue: batch file deleted from disk: 1777823968858_us-east-1_0001
05-03 13:03:14.491  1237  9117 I MetricsTransmissionManager: Transmission succeeded.
05-03 13:03:14.492  1237  9117 I BoundedBatchFileQueue: batch file removed from queue: 1777824186144_us-east-1_0001
05-03 13:03:14.493   528  7684 I WifiService: acquireWifiLock uid=10041 lockMode=3
05-03 13:03:14.505   941 21962 I com.amazon.imp/TokenJobQueue[0]: Begin executing task GetToken:com.amazon.client.metrics/com.amazon.dcp.sso.token.oauth.amazon.access_token
05-03 13:03:14.505   941 21963 I com.amazon.imp/MAPApplicationInformationQueryer[0]: Populate change for remote MAP info.
05-03 13:03:14.505   941 21962 I com.amazon.imp/TokenJobQueue[0]: Scheduled running concurrent job GetToken:com.amazon.client.metrics/com.amazon.dcp.sso.token.oauth.amazon.access_token.
05-03 13:03:14.505   941 21963 I com.amazon.imp/MAPApplicationInformationQueryer[0]: CacheContainsPartialResults? true
05-03 13:03:14.507   941 21963 I com.amazon.imp/TokenJobQueue[0]: Finish executing task GetToken:com.amazon.client.metrics/com.amazon.dcp.sso.token.oauth.amazon.access_token.
05-03 13:03:14.712  1237  9117 I MetricsTransporter: MetricsTransporter - Successfully uploaded metrics; code: 200, message: OK;
05-03 13:03:14.714   528  7684 I WifiService: releaseWifiLock uid=10041
05-03 13:03:14.715  1237  9117 I BoundedBatchFileQueue: batch file deleted from disk: 1777824186144_us-east-1_0001
05-03 13:03:14.715  1237  9117 I MetricsTransmissionManager: Transmission succeeded.
05-03 13:03:14.715  1237  9117 I MetricsTransmissionManager: transmitMetricBatches finished
05-03 13:03:14.716  1237  9117 I MetricsTransmissionManager: transmitMetricBatches, storageManager(after execute): com.amazon.minerva.service.storage.BatchRootDirectory@2c3b6b6
05-03 13:03:14.716  1237  9117 I MetricsTransmissionManager: com.amazon.minerva.service.storage.BatchRootDirectory@5c46fb7
05-03 13:03:15.282  1282  1282 I main.wifi_score: dump_wifi_score_ctxt(): is2g=1, is11ac=0, is11ax=0, chan_bw=20, nss=2, bcn_rssi=-29, data_rssi=-35, tx_ok=11775, tx_failed=29207, cca_idle_pct=78
05-03 13:03:15.282  1282  1282 I main.wifi_score: dump_wifi_score_ctxt(): last_tx_stats: sgi=0, pream=1, mcs=7, ss=2, bw=0
05-03 13:03:16.982   321 18051 I Node    : dolby-audio-meter, AdapterPcmSystem adapter audio meter: channel 0; audio level: 0.000
05-03 13:03:16.982   321 18051 I Node    : dolby-audio-meter, AdapterPcmSystem adapter audio meter: channel 1; audio level: 0.000
05-03 13:03:16.982   321 18051 I Node    : dolby-audio-meter, AdapterPcmOut adapter audio meter: channel 0; audio level: 0.000
05-03 13:03:16.982   321 18051 I Node    : dolby-audio-meter, AdapterPcmOut adapter audio meter: channel 1; audio level: 0.000
05-03 13:03:18.181  1282  1282 I main.wifi_score: dump_wifi_score_ctxt(): is2g=1, is11ac=0, is11ax=0, chan_bw=20, nss=2, bcn_rssi=-30, data_rssi=-36, tx_ok=11787, tx_failed=29207, cca_idle_pct=78
05-03 13:03:18.181  1282  1282 I main.wifi_score: dump_wifi_score_ctxt(): last_tx_stats: sgi=0, pream=1, mcs=7, ss=2, bw=0
05-03 13:03:20.792 21428 21521 I OZ-MET:MinervaMetrics: recording counter metric: NativeDCS.nativeServiceExecutionSuccess.GetAllPreferences count: 2
05-03 13:03:20.796 21428 21521 I OZ-MET:MinervaMetrics: recording duration metric: NativeDCS.nativeServiceConnectionSuccess duration: 147
05-03 13:03:20.800 21428 21521 I OZ-MET:MinervaMetrics: recording counter metric: NativeDCS.nativeServiceExecutionSuccess.SetPreference count: 1
05-03 13:03:20.804 21428 21521 I OZ-MET:MinervaMetrics: recording duration metric: NativeDCS.nativeServiceConnectionSuccess duration: 43
05-03 13:03:20.810 21428 21521 I OZ-MET:MinervaMetrics: recording counter metric: FosConnectivity.connectingSucceeded count: 2
05-03 13:03:20.815 21428 21521 I OZ-MET:MinervaMetrics: recording duration metric: NativeDCS.nativeServiceConnectionSuccess duration: 11
05-03 13:03:20.819 21428 21521 I OZ-MET:MinervaMetrics: recording counter metric: Dart.remoteBattery.storedBatteryLevel count: 2
05-03 13:03:20.825 21428 21521 I OZ-MET:MinervaMetrics: recording counter metric: NativeDCS.nativeServiceInvocationSuccess count: 3
05-03 13:03:20.831 21428 21521 I OZ-MET:MinervaMetrics: recording counter metric: ProcessStart.Intent.com.amazon.tv.devicecontrol.STATE_FEEDBACK count: 1
05-03 13:03:20.835 21428 21521 I OZ-MET:MinervaMetrics: 9 metrics are emitted
05-03 13:03:20.838 21428 21521 I OZ-MET:MinervaMetrics: 0 metrics are throttled
05-03 13:03:22.181  1282  1282 I main.wifi_score: dump_wifi_score_ctxt(): is2g=1, is11ac=0, is11ax=0, chan_bw=20, nss=2, bcn_rssi=-30, data_rssi=-36, tx_ok=11787, tx_failed=29207, cca_idle_pct=78
05-03 13:03:22.181  1282  1282 I main.wifi_score: dump_wifi_score_ctxt(): last_tx_stats: sgi=0, pream=1, mcs=7, ss=2, bw=0
05-03 13:03:24.715  1728  8241 I BuellerApplication: Kick off Launcher idle task
05-03 13:03:24.877  1728  8241 I MediaBrowseDatabaseCach: Trim method beginning.  624 initial rows.
05-03 13:03:24.877  1728  8241 I MediaBrowseDatabaseCach: Trim method did not delete any rows because only contains 624 rows, max is 5000 and trim cache percentage is 0.75
05-03 13:03:24.878  1728  8241 I ImageCache: Disk cleanup requested
05-03 13:03:24.960  1728  8241 I ImageCache: Persistent disk cleanup requested
05-03 13:03:26.181  1282  1282 I main.wifi_score: dump_wifi_score_ctxt(): is2g=1, is11ac=0, is11ax=0, chan_bw=20, nss=2, bcn_rssi=-29, data_rssi=-36, tx_ok=11787, tx_failed=29207, cca_idle_pct=78
05-03 13:03:26.181  1282  1282 I main.wifi_score: dump_wifi_score_ctxt(): last_tx_stats: sgi=0, pream=1, mcs=7, ss=2, bw=0
05-03 13:03:26.998   321 18051 I Node    : dolby-audio-meter, AdapterPcmSystem adapter audio meter: channel 0; audio level: 0.000
05-03 13:03:26.998   321 18051 I Node    : dolby-audio-meter, AdapterPcmSystem adapter audio meter: channel 1; audio level: 0.000
05-03 13:03:26.998   321 18051 I Node    : dolby-audio-meter, AdapterPcmOut adapter audio meter: channel 0; audio level: 0.000
05-03 13:03:26.998   321 18051 I Node    : dolby-audio-meter, AdapterPcmOut adapter audio meter: channel 1; audio level: 0.000
05-03 13:03:28.924   314   314 W IMGMemtrackHAL: hal_get_memory: memtrack cache rebuild was required
05-03 13:03:29.926   381   487 E storaged: getDiskStats failed with result NOT_SUPPORTED and size 0
05-03 13:03:30.182  1282  1282 I main.wifi_score: dump_wifi_score_ctxt(): is2g=1, is11ac=0, is11ax=0, chan_bw=20, nss=2, bcn_rssi=-29, data_rssi=-36, tx_ok=11787, tx_failed=29207, cca_idle_pct=78
05-03 13:03:30.182  1282  1282 I main.wifi_score: dump_wifi_score_ctxt(): last_tx_stats: sgi=0, pream=1, mcs=7, ss=2, bw=0
05-03 13:03:35.281  1282  1282 I main.wifi_score: dump_wifi_score_ctxt(): is2g=1, is11ac=0, is11ax=0, chan_bw=20, nss=2, bcn_rssi=-29, data_rssi=-36, tx_ok=11787, tx_failed=29207, cca_idle_pct=76
05-03 13:03:35.281  1282  1282 I main.wifi_score: dump_wifi_score_ctxt(): last_tx_stats: sgi=0, pream=1, mcs=7, ss=2, bw=0
05-03 13:03:36.789   528   733 W MediaCodecDenylist: Ota group not found for 3800 tries
05-03 13:03:37.014   321 18051 I Node    : dolby-audio-meter, AdapterPcmSystem adapter audio meter: channel 0; audio level: 0.000
05-03 13:03:37.014   321 18051 I Node    : dolby-audio-meter, AdapterPcmSystem adapter audio meter: channel 1; audio level: 0.000
05-03 13:03:37.014   321 18051 I Node    : dolby-audio-meter, AdapterPcmOut adapter audio meter: channel 0; audio level: 0.000
05-03 13:03:37.014   321 18051 I Node    : dolby-audio-meter, AdapterPcmOut adapter audio meter: channel 1; audio level: 0.000
05-03 13:03:38.180  1282  1282 I main.wifi_score: dump_wifi_score_ctxt(): is2g=1, is11ac=0, is11ax=0, chan_bw=20, nss=2, bcn_rssi=-31, data_rssi=-31, tx_ok=11787, tx_failed=29207, cca_idle_pct=76
05-03 13:03:38.180  1282  1282 I main.wifi_score: dump_wifi_score_ctxt(): last_tx_stats: sgi=0, pream=1, mcs=7, ss=2, bw=0
05-03 13:03:42.181  1282  1282 I main.wifi_score: dump_wifi_score_ctxt(): is2g=1, is11ac=0, is11ax=0, chan_bw=20, nss=2, bcn_rssi=-30, data_rssi=-31, tx_ok=11787, tx_failed=29207, cca_idle_pct=76
05-03 13:03:42.181  1282  1282 I main.wifi_score: dump_wifi_score_ctxt(): last_tx_stats: sgi=0, pream=1, mcs=7, ss=2, bw=0
05-03 13:03:46.181  1282  1282 I main.wifi_score: dump_wifi_score_ctxt(): is2g=1, is11ac=0, is11ax=0, chan_bw=20, nss=2, bcn_rssi=-30, data_rssi=-37, tx_ok=11787, tx_failed=29207, cca_idle_pct=76
05-03 13:03:46.181  1282  1282 I main.wifi_score: dump_wifi_score_ctxt(): last_tx_stats: sgi=0, pream=1, mcs=7, ss=2, bw=0
05-03 13:03:47.030   321 18051 I Node    : dolby-audio-meter, AdapterPcmSystem adapter audio meter: channel 0; audio level: 0.000
05-03 13:03:47.030   321 18051 I Node    : dolby-audio-meter, AdapterPcmSystem adapter audio meter: channel 1; audio level: 0.000
05-03 13:03:47.030   321 18051 I Node    : dolby-audio-meter, AdapterPcmOut adapter audio meter: channel 0; audio level: 0.000
05-03 13:03:47.030   321 18051 I Node    : dolby-audio-meter, AdapterPcmOut adapter audio meter: channel 1; audio level: 0.000
05-03 13:03:50.181  1282  1282 I main.wifi_score: dump_wifi_score_ctxt(): is2g=1, is11ac=0, is11ax=0, chan_bw=20, nss=2, bcn_rssi=-30, data_rssi=-39, tx_ok=11787, tx_failed=29207, cca_idle_pct=76
05-03 13:03:50.181  1282  1282 I main.wifi_score: dump_wifi_score_ctxt(): last_tx_stats: sgi=0, pream=1, mcs=7, ss=2, bw=0
05-03 13:03:50.450  1602 22009 I chatty  : uid=10163(com.amazon.vizzini) expire 1 line
05-03 13:03:55.282  1282  1282 I main.wifi_score: dump_wifi_score_ctxt(): is2g=1, is11ac=0, is11ax=0, chan_bw=20, nss=2, bcn_rssi=-31, data_rssi=-37, tx_ok=11787, tx_failed=29207, cca_idle_pct=78
05-03 13:03:55.282  1282  1282 I main.wifi_score: dump_wifi_score_ctxt(): last_tx_stats: sgi=0, pream=1, mcs=7, ss=2, bw=0
05-03 13:03:57.046   321 18051 I Node    : dolby-audio-meter, AdapterPcmSystem adapter audio meter: channel 0; audio level: 0.000
05-03 13:03:57.046   321 18051 I Node    : dolby-audio-meter, AdapterPcmSystem adapter audio meter: channel 1; audio level: 0.000
05-03 13:03:57.046   321 18051 I Node    : dolby-audio-meter, AdapterPcmOut adapter audio meter: channel 0; audio level: 0.000
05-03 13:03:57.046   321 18051 I Node    : dolby-audio-meter, AdapterPcmOut adapter audio meter: channel 1; audio level: 0.000
05-03 13:03:58.180  1282  1282 I main.wifi_score: dump_wifi_score_ctxt(): is2g=1, is11ac=0, is11ax=0, chan_bw=20, nss=2, bcn_rssi=-31, data_rssi=-37, tx_ok=11787, tx_failed=29207, cca_idle_pct=78
05-03 13:03:58.181  1282  1282 I main.wifi_score: dump_wifi_score_ctxt(): last_tx_stats: sgi=0, pream=1, mcs=7, ss=2, bw=0
05-03 13:04:02.181  1282  1282 I main.wifi_score: dump_wifi_score_ctxt(): is2g=1, is11ac=0, is11ax=0, chan_bw=20, nss=2, bcn_rssi=-31, data_rssi=-37, tx_ok=11787, tx_failed=29207, cca_idle_pct=78
05-03 13:04:02.182  1282  1282 I main.wifi_score: dump_wifi_score_ctxt(): last_tx_stats: sgi=0, pream=1, mcs=7, ss=2, bw=0
05-03 13:04:06.181  1282  1282 I main.wifi_score: dump_wifi_score_ctxt(): is2g=1, is11ac=0, is11ax=0, chan_bw=20, nss=2, bcn_rssi=-31, data_rssi=-39, tx_ok=11787, tx_failed=29207, cca_idle_pct=78
05-03 13:04:06.181  1282  1282 I main.wifi_score: dump_wifi_score_ctxt(): last_tx_stats: sgi=0, pream=1, mcs=7, ss=2, bw=0
05-03 13:04:07.062   321 18051 I Node    : dolby-audio-meter, AdapterPcmSystem adapter audio meter: channel 0; audio level: 0.000
05-03 13:04:07.062   321 18051 I Node    : dolby-audio-meter, AdapterPcmSystem adapter audio meter: channel 1; audio level: 0.000
05-03 13:04:07.062   321 18051 I Node    : dolby-audio-meter, AdapterPcmOut adapter audio meter: channel 0; audio level: 0.000
05-03 13:04:07.062   321 18051 I Node    : dolby-audio-meter, AdapterPcmOut adapter audio meter: channel 1; audio level: 0.000
05-03 13:04:10.181  1282  1282 I main.wifi_score: dump_wifi_score_ctxt(): is2g=1, is11ac=0, is11ax=0, chan_bw=20, nss=2, bcn_rssi=-33, data_rssi=-32, tx_ok=11787, tx_failed=29207, cca_idle_pct=78
05-03 13:04:10.181  1282  1282 I main.wifi_score: dump_wifi_score_ctxt(): last_tx_stats: sgi=0, pream=1, mcs=7, ss=2, bw=0
05-03 13:04:12.620  1728  2076 I DiebusMetrics: Starting reporting metrics
05-03 13:04:12.624  1728  2076 I DiebusMetrics: End reporting metrics
05-03 13:04:13.489  1728  2017 I DiebusMetrics: Starting reporting metrics
05-03 13:04:13.489  1728  2017 I DiebusMetrics: End reporting metrics
05-03 13:04:15.282  1282  1282 I main.wifi_score: dump_wifi_score_ctxt(): is2g=1, is11ac=0, is11ax=0, chan_bw=20, nss=2, bcn_rssi=-31, data_rssi=-37, tx_ok=11787, tx_failed=29207, cca_idle_pct=77
05-03 13:04:15.282  1282  1282 I main.wifi_score: dump_wifi_score_ctxt(): last_tx_stats: sgi=0, pream=1, mcs=7, ss=2, bw=0
05-03 13:04:17.078   321 18051 I Node    : dolby-audio-meter, AdapterPcmSystem adapter audio meter: channel 0; audio level: 0.000
05-03 13:04:17.078   321 18051 I Node    : dolby-audio-meter, AdapterPcmSystem adapter audio meter: channel 1; audio level: 0.000
05-03 13:04:17.078   321 18051 I Node    : dolby-audio-meter, AdapterPcmOut adapter audio meter: channel 0; audio level: 0.000
05-03 13:04:17.078   321 18051 I Node    : dolby-audio-meter, AdapterPcmOut adapter audio meter: channel 1; audio level: 0.000
05-03 13:04:17.454 21778 21861 I OZ-MET:MinervaMetrics: 0 metrics are emitted
05-03 13:04:17.456 21778 21861 I OZ-MET:MinervaMetrics: 0 metrics are throttled
05-03 13:04:18.180  1282  1282 I main.wifi_score: dump_wifi_score_ctxt(): is2g=1, is11ac=0, is11ax=0, chan_bw=20, nss=2, bcn_rssi=-31, data_rssi=-39, tx_ok=11787, tx_failed=29207, cca_idle_pct=77
05-03 13:04:18.180  1282  1282 I main.wifi_score: dump_wifi_score_ctxt(): last_tx_stats: sgi=0, pream=1, mcs=7, ss=2, bw=0
05-03 13:04:22.181  1282  1282 I main.wifi_score: dump_wifi_score_ctxt(): is2g=1, is11ac=0, is11ax=0, chan_bw=20, nss=2, bcn_rssi=-30, data_rssi=-37, tx_ok=11787, tx_failed=29207, cca_idle_pct=77
05-03 13:04:22.181  1282  1282 I main.wifi_score: dump_wifi_score_ctxt(): last_tx_stats: sgi=0, pream=1, mcs=7, ss=2, bw=0
05-03 13:04:22.237   528   559 I PowerManagerService: Nap time (uid 1000)...
05-03 13:04:22.240   528   559 I DreamManagerService: Entering dreamland.
05-03 13:04:22.241   528   559 I PowerManagerService: Dreaming...
05-03 13:04:22.241   528   528 W UsageStatsService: Event reported without a package name
05-03 13:04:22.253   528   551 I DreamController: Starting dream: name=ComponentInfo{com.amazon.ftv.screensaver/com.amazon.ftv.screensaver.app.services.ScreensaverService}, isTest=false, canDoze=false, userId=0
05-03 13:04:22.271   528   551 I ActivityManager: Killing 21871:com.amazon.webview.chromium:webview_service/u0a195 (adj 903): empty #3
05-03 13:04:22.273   528   548 W libprocessgroup: kill(-21871, 9) failed: No such process
05-03 13:04:22.273   528   551 I ActivityManager: Killing 21825:com.amazon.device.bluetoothkeymaplib/u0a12 (adj 903): empty #4
05-03 13:04:22.275   528   551 I ActivityManager: Killing 21452:com.amazon.ceviche/u0a78 (adj 903): empty #5
05-03 13:04:22.276   528   551 I ActivityManager: Killing 21778:com.amazon.tv.devicecontrolsettings/u0a145 (adj 903): empty #6
05-03 13:04:22.277   528   551 I ActivityManager: Killing 21743:com.amazon.wirelessmetrics.service/u0a182 (adj 903): empty #7
05-03 13:04:22.278   528   551 I ActivityManager: Killing 21428:com.amazon.tv.devicecontrol/u0a144 (adj 903): empty #8
05-03 13:04:22.279   528   551 I ActivityManager: Killing 21644:com.amazon.adep/u0a68 (adj 903): empty #9
05-03 13:04:22.280   528   551 I ActivityManager: Killing 21500:com.amazon.aca/u0a66 (adj 903): empty #10
05-03 13:04:22.287   528   701 W AmazonProfileService: Active profile for the package xxx not present for customer Id xxx
05-03 13:04:22.292   359   427 E perfstatsd: Duplicate key event time detected: old key = KEYCODE_DPAD_RIGHT, new key = KEYCODE_DPAD_DOWN, time = 11283162
05-03 13:04:22.292   359   427 E perfstatsd: Duplicate key event time detected: old key = KEYCODE_DPAD_RIGHT, new key = KEYCODE_DPAD_DOWN, time = 11283162
05-03 13:04:22.308   528   551 W Process : Unable to open /proc/0/status
05-03 13:04:22.309   528   548 W libprocessgroup: kill(-21871, 9) failed: No such process
05-03 13:04:22.326   273   273 I Zygote  : Process 21743 exited due to signal 9 (Killed)
05-03 13:04:22.326   273   273 I Zygote  : Process 21452 exited due to signal 9 (Killed)
05-03 13:04:22.326   273   273 I Zygote  : Process 21825 exited due to signal 9 (Killed)
05-03 13:04:22.326   273   273 I Zygote  : Process 21871 exited due to signal 9 (Killed)
05-03 13:04:22.349 22012 22012 E ftv.screensave: Not starting debugger since process cannot load the jdwp agent.
05-03 13:04:22.350   528   548 W libprocessgroup: kill(-21871, 9) failed: No such process
05-03 13:04:22.350   528   548 I libprocessgroup: Successfully killed process cgroup uid 10195 pid 21871 in 77ms
05-03 13:04:22.350   528   548 W libprocessgroup: kill(-21825, 9) failed: No such process
05-03 13:04:22.350   528   548 I libprocessgroup: Successfully killed process cgroup uid 10012 pid 21825 in 0ms
05-03 13:04:22.350   528   548 W libprocessgroup: kill(-21452, 9) failed: No such process
05-03 13:04:22.350   528   548 I libprocessgroup: Successfully killed process cgroup uid 10078 pid 21452 in 0ms
05-03 13:04:22.352   273   273 I Zygote  : Process 21644 exited due to signal 9 (Killed)
05-03 13:04:22.355   528   548 W libprocessgroup: kill(-21778, 9) failed: No such process
05-03 13:04:22.366   273   273 I Zygote  : Process 21500 exited due to signal 9 (Killed)
05-03 13:04:22.369   528   547 W ActivityManager: Slow operation: 62ms so far, now at startProcess: done updating battery stats
05-03 13:04:22.370   528   547 W ActivityManager: Slow operation: 62ms so far, now at startProcess: building log message
05-03 13:04:22.370   528   547 I ActivityManager: Start proc 22012:com.amazon.ftv.screensaver/u0a101 for service com.amazon.ftv.screensaver/.app.services.ScreensaverService
05-03 13:04:22.370   528   547 W ActivityManager: Slow operation: 63ms so far, now at startProcess: starting to update pids map
05-03 13:04:22.370   528   547 W ActivityManager: Slow operation: 63ms so far, now at startProcess: done updating pids map
05-03 13:04:22.376   528  1360 E AmazonHdmiService: Settings client binder died.
05-03 13:04:22.380   273   273 I Zygote  : Process 21778 exited due to signal 9 (Killed)
05-03 13:04:22.381   273   273 I Zygote  : Process 21428 exited due to signal 9 (Killed)
05-03 13:04:22.400   528   548 W libprocessgroup: kill(-21778, 9) failed: No such process
05-03 13:04:22.400   528   548 I libprocessgroup: Successfully killed process cgroup uid 10145 pid 21778 in 49ms
05-03 13:04:22.400   528   548 W libprocessgroup: kill(-21743, 9) failed: No such process
05-03 13:04:22.400   528   548 I libprocessgroup: Successfully killed process cgroup uid 10182 pid 21743 in 0ms
05-03 13:04:22.401   528   548 W libprocessgroup: kill(-21428, 9) failed: No such process
05-03 13:04:22.401   528   548 I libprocessgroup: Successfully killed process cgroup uid 10144 pid 21428 in 0ms
05-03 13:04:22.401   528   548 W libprocessgroup: kill(-21644, 9) failed: No such process
05-03 13:04:22.401   528   548 I libprocessgroup: Successfully killed process cgroup uid 10068 pid 21644 in 0ms
05-03 13:04:22.401   528   548 W libprocessgroup: kill(-21500, 9) failed: No such process
05-03 13:04:22.401   528   548 I libprocessgroup: Successfully killed process cgroup uid 10066 pid 21500 in 0ms
05-03 13:04:22.410 22012 22012 I ftv.screensave: The ClassLoaderContext is a special shared library.
05-03 13:04:22.412 22012 22012 W ftv.screensave: ClassLoaderContext classpath size mismatch for position 0. expected=0, found=2 (PCL[] | PCL[/system/priv-app/MinervaApi/MinervaApi.apk*2651230893:/system/framework/com.amazon.identity.auth.device.jar*1759628808])
05-03 13:04:22.414 22012 22012 W ftv.screensave: ClassLoaderContext classpath size mismatch for position 0. expected=0, found=3 (PCL[] | PCL[/system/priv-app/MinervaApi/MinervaApi.apk*2651230893:/system/framework/com.amazon.identity.auth.device.jar*1759628808:/system/priv-app/DeviceMessagingAndroidInternalSDK/DeviceMessagingAndroidInternalSDK.apk*1700992038])
05-03 13:04:22.421 22012 22012 I ftv.screensave: The ClassLoaderContext is a special shared library.
