05-03 13:04:22.424 22012 22012 I chatty  : uid=10101(com.amazon.ftv.screensaver) identical 6 lines
05-03 13:04:22.427 22012 22012 I ftv.screensave: The ClassLoaderContext is a special shared library.
05-03 13:04:22.487 22012 22012 I MultiDex: VM with version 2.1.0 has multidex support
05-03 13:04:22.487 22012 22012 I MultiDex: Installing application
05-03 13:04:22.487 22012 22012 I MultiDex: VM has multidex support, MultiDex support library is disabled.
05-03 13:04:22.538 22012 22012 I Unknown/TrustedPackageManager: Trying to use default signature based package trust logic. This should be on 3P device
05-03 13:04:22.539 22012 22012 I Unknown/TrustedPackageManager: Setting package trust logic as: signature based package trust logic
05-03 13:04:22.542 22012 22012 W ftv.screensave: Class com.amazon.identity.auth.device.framework.AmazonDeviceInfo failed lock verification and will run slower.
05-03 13:04:22.542 22012 22012 W ftv.screensave: Common causes for lock verification issues are non-optimized dex code
05-03 13:04:22.542 22012 22012 W ftv.screensave: and incorrect proguard optimizations.
05-03 13:04:22.601 22012 22012 I com.amazon.ftv.screensaver/MAPInit: Initializing MAP (130050002 / MAPAndroidLib-1.3.51367.0) for app com.amazon.ftv.screensaver. MAP release version: 20260206N
05-03 13:04:22.608 22012 22012 I com.amazon.ftv.screensaver/MetricsHelper: FireOS Minerva metrics is supported
05-03 13:04:22.610 22012 22012 I com.amazon.ftv.screensaver/MAPInit: Running MAPInit on main thread: true
05-03 13:04:22.613 22012 22012 I com.amazon.ftv.screensaver/ClientToCentralTrustLogicImpl: Current package is: com.amazon.ftv.screensaver. Directly trust central package: com.amazon.imp, since it is system MAP library
05-03 13:04:22.618 22012 22012 I com.amazon.ftv.screensaver/ClientToCentralTrustLogicImpl: Current package is: com.amazon.ftv.screensaver. Directly trust central package: com.amazon.imp, since it is system MAP library
05-03 13:04:22.620 22012 22012 I com.amazon.ftv.screensaver/IsolatedModeSwitcher: App does not support client driven runtime isolation.
05-03 13:04:22.620 22012 22012 I com.amazon.ftv.screensaver/ClientToCentralTrustLogicImpl: Current package is: com.amazon.ftv.screensaver. Directly trust central package: com.amazon.imp, since it is system MAP library
05-03 13:04:22.622 22012 22012 I com.amazon.ftv.screensaver/ClientToCentralTrustLogicImpl: Current package is: com.amazon.ftv.screensaver. Directly trust central package: com.amazon.imp, since it is system MAP library
05-03 13:04:22.623 22012 22012 I com.amazon.ftv.screensaver/FeatureSetCache: Caching feature IsolateApplication as false
05-03 13:04:22.624 22012 22012 I com.amazon.ftv.screensaver/ClientToCentralTrustLogicImpl: Current package is: com.amazon.ftv.screensaver. Directly trust central package: com.amazon.imp, since it is system MAP library
05-03 13:04:22.627 22012 22032 E com.amazon.ftv.screensaver/PlatformUtils: Could not initialize FidoAuthenticatorJSBridge because Fido client could not be initialized
05-03 13:04:22.644 22012 22032 W MinervaServiceWrapper: record : MinervaService not yet bound. Buffered Metric Event String. Buffer Size: 1
05-03 13:04:22.651 22012 22032 W com.amazon.ftv.screensaver/WhatsAppAutoreadPluginHelper: WhatsAppAutoreadPlugin is not supported for this package: com.amazon.ftv.screensaver
05-03 13:04:22.652 22012 22034 I com.amazon.ftv.screensaver/DataStorageFactoryImpl: Creating new DataStorageFactoryImpl
05-03 13:04:22.653 22012 22034 I com.amazon.ftv.screensaver/MAPInitTasks: Get DataStorage instance for initialization
05-03 13:04:22.653 22012 22034 I com.amazon.ftv.screensaver/DataStorageFactoryImpl: Initializing new DataStorage
05-03 13:04:22.653 22012 22032 W MinervaServiceWrapper: record : MinervaService not yet bound. Buffered Metric Event String. Buffer Size: 2
05-03 13:04:22.654 22012 22034 I com.amazon.ftv.screensaver/ClientToCentralTrustLogicImpl: Current package is: com.amazon.ftv.screensaver. Directly trust central package: com.amazon.imp, since it is system MAP library
05-03 13:04:22.654 22012 22012 I com.amazon.ftv.screensaver/AmazonSerialNumber: MAP Client side on FireOS 7+ calls IPC to get the DSN.
05-03 13:04:22.655 22012 22034 I com.amazon.ftv.screensaver/ClientToCentralTrustLogicImpl: Current package is: com.amazon.ftv.screensaver. Directly trust central package: com.amazon.imp, since it is system MAP library
05-03 13:04:22.657 22012 22034 I com.amazon.ftv.screensaver/IsolatedModeSwitcher: App does not support client driven runtime isolation.
05-03 13:04:22.658 22012 22034 I com.amazon.ftv.screensaver/ClientToCentralTrustLogicImpl: Current package is: com.amazon.ftv.screensaver. Directly trust central package: com.amazon.imp, since it is system MAP library
05-03 13:04:22.659 22012 22034 I com.amazon.ftv.screensaver/ClientToCentralTrustLogicImpl: Current package is: com.amazon.ftv.screensaver. Directly trust central package: com.amazon.imp, since it is system MAP library
05-03 13:04:22.661 22012 22034 I com.amazon.ftv.screensaver/DeviceAttributeCache: Setting device attribute CentralAPK to true
05-03 13:04:22.662   941  1588 I com.amazon.imp/SSODeviceInfo[0]: Amazon Device Info will try to get central device serial
05-03 13:04:22.662 22012 22034 I com.amazon.ftv.screensaver/DataStorageFactoryImpl: Creating and using new NonCanonicalDataStorage
05-03 13:04:22.662   941  1588 I com.amazon.imp/AmazonDeviceSecurityFactoryImpl[0]: Use device hardware auth.
05-03 13:04:22.665 22012 22034 I com.amazon.ftv.screensaver/LocalKeyValueStore: Create DE shared preference, OS supports direct boot.
05-03 13:04:22.669 22012 22034 I com.amazon.ftv.screensaver/MAPInitTasks: Initialize DataStorage instance
05-03 13:04:22.669 22012 22034 I com.amazon.ftv.screensaver/MAPInitTasks: Setup DataStorage instance
05-03 13:04:22.670 22012 22034 I com.amazon.ftv.screensaver/ClientToCentralTrustLogicImpl: Current package is: com.amazon.ftv.screensaver. Directly trust central package: com.amazon.imp, since it is system MAP library
05-03 13:04:22.674 22012 22034 I chatty  : uid=10101(com.amazon.ftv.screensaver) identical 9 lines
05-03 13:04:22.676 22012 22034 I com.amazon.ftv.screensaver/ClientToCentralTrustLogicImpl: Current package is: com.amazon.ftv.screensaver. Directly trust central package: com.amazon.imp, since it is system MAP library
05-03 13:04:22.677 22012 22034 I com.amazon.ftv.screensaver/IsolatedModeSwitcher: App does not support client driven runtime isolation.
05-03 13:04:22.687 22012 22034 I com.amazon.ftv.screensaver/LocalKeyValueStore: Create DE shared preference, OS supports direct boot.
05-03 13:04:22.692 22012 22034 I com.amazon.ftv.screensaver/LocalKeyValueStore: Create DE shared preference, OS supports direct boot.
05-03 13:04:22.712 22012 22034 I com.amazon.ftv.screensaver/ClientToCentralTrustLogicImpl: Current package is: com.amazon.ftv.screensaver. Directly trust central package: com.amazon.imp, since it is system MAP library
05-03 13:04:22.714 22012 22034 I com.amazon.ftv.screensaver/ClientToCentralTrustLogicImpl: Current package is: com.amazon.ftv.screensaver. Directly trust central package: com.amazon.imp, since it is system MAP library
05-03 13:04:22.715 22012 22034 I com.amazon.ftv.screensaver/MAPInitTasks: Start update legacy authportal domain in database if needed
05-03 13:04:22.716 22012 22034 I ftv.screensave: Rejecting re-init on previously-failed class java.lang.Class<com.amazon.identity.auth.device.framework.LWASSOPluginHelper$LWASSODependencyImpl>: java.lang.NoClassDefFoundError: Failed resolution of: Lcom/amazon/identity/mobi/lwasso/api/LWASSODependency;
05-03 13:04:22.717 22012 22034 I ftv.screensave:   at void com.amazon.identity.auth.device.framework.MAPInitTasks.performInitOperations() (MAPInitTasks.java:125)
05-03 13:04:22.717 22012 22034 I ftv.screensave:   at void com.amazon.identity.auth.device.api.MAPInit$2.run() (MAPInit.java:1)
05-03 13:04:22.717 22012 22034 I ftv.screensave:   at void com.amazon.identity.auth.device.utils.ThreadUtils$1.run() (ThreadUtils.java:2)
05-03 13:04:22.717 22012 22034 I ftv.screensave:   at void java.util.concurrent.ThreadPoolExecutor.runWorker(java.util.concurrent.ThreadPoolExecutor$Worker) (ThreadPoolExecutor.java:1167)
05-03 13:04:22.717 22012 22034 I ftv.screensave:   at void java.util.concurrent.ThreadPoolExecutor$Worker.run() (ThreadPoolExecutor.java:641)
05-03 13:04:22.717 22012 22034 I ftv.screensave:   at void java.lang.Thread.run() (Thread.java:764)
05-03 13:04:22.717 22012 22034 I ftv.screensave: Caused by: java.lang.ClassNotFoundException: Didn't find class "com.amazon.identity.mobi.lwasso.api.LWASSODependency" on path: DexPathList[[zip file "/system/priv-app/MinervaApi/MinervaApi.apk", zip file "/system/framework/com.amazon.identity.auth.device.jar", zip file "/system/priv-app/DeviceMessagingAndroidInternalSDK/DeviceMessagingAndroidInternalSDK.apk", zip file "/system/priv-app/MetricsApi/MetricsApi.apk", zip file "/system/framework/com.amazon.ceviche.sdk.jar", zip file "/system/framework/com.amazon.ad_manager.sdk.jar", zip file "/system/framework/com.amazon.naatyam.lib.jar", zip file "/system/priv-app/com.amazon.ftv.screensaver/com.amazon.ftv.screensaver.apk"],nativeLibraryDirectories=[/system/priv-app/com.amazon.ftv.screensaver/lib/arm, /system/lib, /system/lib]]
05-03 13:04:22.717 22012 22034 I ftv.screensave:   at java.lang.Class dalvik.system.BaseDexClassLoader.findClass(java.lang.String) (BaseDexClassLoader.java:134)
05-03 13:04:22.717 22012 22034 I ftv.screensave:   at java.lang.Class java.lang.ClassLoader.loadClass(java.lang.String, boolean) (ClassLoader.java:379)
05-03 13:04:22.717 22012 22034 I ftv.screensave:   at java.lang.Class java.lang.ClassLoader.loadClass(java.lang.String) (ClassLoader.java:312)
05-03 13:04:22.717 22012 22034 I ftv.screensave:   at void com.amazon.identity.auth.device.framework.MAPInitTasks.performInitOperations() (MAPInitTasks.java:125)
05-03 13:04:22.717 22012 22034 I ftv.screensave:   at void com.amazon.identity.auth.device.api.MAPInit$2.run() (MAPInit.java:1)
05-03 13:04:22.717 22012 22034 I ftv.screensave:   at void com.amazon.identity.auth.device.utils.ThreadUtils$1.run() (ThreadUtils.java:2)
05-03 13:04:22.717 22012 22034 I ftv.screensave:   at void java.util.concurrent.ThreadPoolExecutor.runWorker(java.util.concurrent.ThreadPoolExecutor$Worker) (ThreadPoolExecutor.java:1167)
05-03 13:04:22.717 22012 22034 I ftv.screensave:   at void java.util.concurrent.ThreadPoolExecutor$Worker.run() (ThreadPoolExecutor.java:641)
05-03 13:04:22.717 22012 22034 I ftv.screensave:   at void java.lang.Thread.run() (Thread.java:764)
05-03 13:04:22.717 22012 22034 I ftv.screensave: 
05-03 13:04:22.717 22012 22034 I ftv.screensave: Rejecting re-init on previously-failed class java.lang.Class<com.amazon.identity.auth.device.framework.LWASSOPluginHelper$LWASSODependencyImpl>: java.lang.NoClassDefFoundError: Failed resolution of: Lcom/amazon/identity/mobi/lwasso/api/LWASSODependency;
05-03 13:04:22.717 22012 22034 I ftv.screensave:   at void com.amazon.identity.auth.device.framework.MAPInitTasks.performInitOperations() (MAPInitTasks.java:125)
05-03 13:04:22.717 22012 22034 I ftv.screensave:   at void com.amazon.identity.auth.device.api.MAPInit$2.run() (MAPInit.java:1)
05-03 13:04:22.717 22012 22034 I ftv.screensave:   at void com.amazon.identity.auth.device.utils.ThreadUtils$1.run() (ThreadUtils.java:2)
05-03 13:04:22.717 22012 22034 I ftv.screensave:   at void java.util.concurrent.ThreadPoolExecutor.runWorker(java.util.concurrent.ThreadPoolExecutor$Worker) (ThreadPoolExecutor.java:1167)
05-03 13:04:22.717 22012 22034 I ftv.screensave:   at void java.util.concurrent.ThreadPoolExecutor$Worker.run() (ThreadPoolExecutor.java:641)
05-03 13:04:22.717 22012 22034 I ftv.screensave:   at void java.lang.Thread.run() (Thread.java:764)
05-03 13:04:22.717 22012 22034 I ftv.screensave: Caused by: java.lang.ClassNotFoundException: Didn't find class "com.amazon.identity.mobi.lwasso.api.LWASSODependency" on path: DexPathList[[zip file "/system/priv-app/MinervaApi/MinervaApi.apk", zip file "/system/framework/com.amazon.identity.auth.device.jar", zip file "/system/priv-app/DeviceMessagingAndroidInternalSDK/DeviceMessagingAndroidInternalSDK.apk", zip file "/system/priv-app/MetricsApi/MetricsApi.apk", zip file "/system/framework/com.amazon.ceviche.sdk.jar", zip file "/system/framework/com.amazon.ad_manager.sdk.jar", zip file "/system/framework/com.amazon.naatyam.lib.jar", zip file "/system/priv-app/com.amazon.ftv.screensaver/com.amazon.ftv.screensaver.apk"],nativeLibraryDirectories=[/system/priv-app/com.amazon.ftv.screensaver/lib/arm, /system/lib, /system/lib]]
05-03 13:04:22.717 22012 22034 I ftv.screensave:   at java.lang.Class dalvik.system.BaseDexClassLoader.findClass(java.lang.String) (BaseDexClassLoader.java:134)
05-03 13:04:22.717 22012 22034 I ftv.screensave:   at java.lang.Class java.lang.ClassLoader.loadClass(java.lang.String, boolean) (ClassLoader.java:379)
05-03 13:04:22.717 22012 22034 I ftv.screensave:   at java.lang.Class java.lang.ClassLoader.loadClass(java.lang.String) (ClassLoader.java:312)
05-03 13:04:22.717 22012 22034 I ftv.screensave:   at void com.amazon.identity.auth.device.framework.MAPInitTasks.performInitOperations() (MAPInitTasks.java:125)
05-03 13:04:22.717 22012 22034 I ftv.screensave:   at void com.amazon.identity.auth.device.api.MAPInit$2.run() (MAPInit.java:1)
05-03 13:04:22.717 22012 22034 I ftv.screensave:   at void com.amazon.identity.auth.device.utils.ThreadUtils$1.run() (ThreadUtils.java:2)
05-03 13:04:22.717 22012 22034 I ftv.screensave:   at void java.util.concurrent.ThreadPoolExecutor.runWorker(java.util.concurrent.ThreadPoolExecutor$Worker) (ThreadPoolExecutor.java:1167)
05-03 13:04:22.717 22012 22034 I ftv.screensave:   at void java.util.concurrent.ThreadPoolExecutor$Worker.run() (ThreadPoolExecutor.java:641)
05-03 13:04:22.717 22012 22034 I ftv.screensave:   at void java.lang.Thread.run() (Thread.java:764)
05-03 13:04:22.717 22012 22034 I ftv.screensave: 
05-03 13:04:22.718 22012 22034 W com.amazon.ftv.screensaver/WhatsAppAutoreadPluginHelper: WhatsAppAutoreadPlugin is not supported for this package: com.amazon.ftv.screensaver
05-03 13:04:22.720 22012 22034 W MinervaServiceWrapper: record : MinervaService not yet bound. Buffered Metric Event String. Buffer Size: 3
05-03 13:04:22.770 22012 22012 I Ceviche : [main][Ceviche] Initialized Ceviche (Ceviche-1.0.3438.0) for com.amazon.ftv.screensaver
05-03 13:04:22.779 22012 22040 W MinervaServiceWrapper: record : MinervaService not yet bound. Buffered Metric Event String. Buffer Size: 4
05-03 13:04:22.780 22012 22012 W Screensaver_ArcusSamplingRateControllerProvider: Configuration manager not initialized. Using default zero sampling rate. AmazonPhotosScreensaver|ScreensaverApplication|AppStarted
05-03 13:04:22.781 22012 22040 W MinervaServiceWrapper: record : MinervaService not yet bound. Buffered Metric Event String. Buffer Size: 5
05-03 13:04:22.794 22012 22012 I Screensaver_SessionMetricsHelper: Session started
05-03 13:04:22.800 22012 22012 W Screensaver_SessionMetricsHelper: Incomplete information for previous session. Skipping duration metrics recording.
05-03 13:04:22.800 22012 22049 I com.amazon.ftv.screensaver/LocalKeyValueStore: Create DE shared preference, OS supports direct boot.
05-03 13:04:22.807   833   833 I NwkReceiver.NwkMonitor: received screensaver
05-03 13:04:22.813  1602 22000 I chatty  : uid=10163(com.amazon.vizzini) expire 1 line
05-03 13:04:22.818  1602 22052 I chatty  : uid=10163(com.amazon.vizzini) pool-12-thread- expire 1 line
05-03 13:04:22.822  1602 22053 I chatty  : uid=10163(com.amazon.vizzini) expire 3 lines
05-03 13:04:22.855   941 22057 I com.amazon.imp/CorPfmLogic[0]: COR is empty: false, PFM is empty: false
05-03 13:04:22.855   941 22057 I com.amazon.imp/CorPfmLogic[0]: Current time: 1777824262855 
05-03 13:04:22.855   941 22057 I com.amazon.imp/CorPfmLogic[0]:  cor/pfm last updated time: 1777812732850 
05-03 13:04:22.855   941 22057 I com.amazon.imp/CorPfmLogic[0]:  TTL: 86400000 
05-03 13:04:22.855   941 22057 I com.amazon.imp/CorPfmLogic[0]:  Jitter: 35785179
05-03 13:04:22.855   941 22057 I com.amazon.imp/CorPfmLogic[0]: COR or PFM isn't expired.
05-03 13:04:22.855   941 22057 I com.amazon.imp/CorPfmLogic[0]: COR PFM has already been fetched. Returning current COR/PFM
05-03 13:04:22.855   941 22057 I com.amazon.imp/CustomerAttributeStoreLogic[0]: Callback with value empty: false
05-03 13:04:22.859 22012 22049 W Screensaver_SushiRecorder: Can't match Sushi endpoint for marketplace=A2Q3Y263D00KWC
05-03 13:04:22.864   528  8913 E WindowManager: App trying to use insecure INPUT_FEATURE_NO_INPUT_CHANNEL flag. Ignoring
05-03 13:04:22.881 22012 22012 I CDASDK_CDClientImpl: User is opted into DARU thumbnail endpoints. Using thumbnailServiceUrl.
05-03 13:04:22.881 22012 22012 I CDASDK_CDClientImpl: https://content-na.drive.amazonaws.com/
05-03 13:04:22.888 22012 22012 I CDASDK_CDClientImpl: User is opted into DARU uploads endpoints. Using uploadServiceUrl.
05-03 13:04:22.889 22012 22012 I CDASDK_CDClientImpl: https://content-na.drive.amazonaws.com/
05-03 13:04:22.890 22012 22012 I CDASDK_CDClientImpl: User is opted into DARU downloads endpoints. Using downloadServiceUrl.
05-03 13:04:22.890 22012 22012 I CDASDK_CDClientImpl: https://content-na.drive.amazonaws.com/
05-03 13:04:22.902 22012 22012 I CDASDK_CDClientImpl: Given a new endpoint configuration to use
05-03 13:04:22.903 22012 22012 I CDASDK_CDClientImpl: User is opted into DARU thumbnail endpoints. Using thumbnailServiceUrl.
05-03 13:04:22.903 22012 22012 I CDASDK_CDClientImpl: https://thumbnails-photos.amazon.com/
05-03 13:04:22.904 22012 22012 I CDASDK_CDClientImpl: User is opted into DARU uploads endpoints. Using uploadServiceUrl.
05-03 13:04:22.904 22012 22012 I CDASDK_CDClientImpl: https://upload-photos.amazon.com/
05-03 13:04:22.904 22012 22012 I CDASDK_CDClientImpl: User is opted into DARU downloads endpoints. Using downloadServiceUrl.
05-03 13:04:22.904 22012 22012 I CDASDK_CDClientImpl: https://download-photos.amazon.com/
05-03 13:04:22.908 22012 22012 I ServiceConnectionManager: Attempting to bind service, setting context => android.app.ContextImpl@26da8bb
05-03 13:04:22.918 22012 22012 I ServiceConnectionManager: Attempting to bind service, setting context => android.app.ContextImpl@26da8bb
05-03 13:04:22.919 22012 22048 I com.amazon.ftv.screensaver/LocalKeyValueStore: Create DE shared preference, OS supports direct boot.
05-03 13:04:22.919 22012 22012 I ServiceConnectionManager: Attempting to bind service, setting context => android.app.ContextImpl@26da8bb
05-03 13:04:22.922 22012 22012 I Hallow  : update isMinimumLogLevelInfoEnabled to: false
05-03 13:04:22.930 22012 22048 I Screensaver_ContentValues: Non-member mode check supported. isNonMemberMode: false
05-03 13:04:22.945   941 22057 I com.amazon.imp/CorPfmLogic[0]: COR is empty: false, PFM is empty: false
05-03 13:04:22.945   941 22057 I com.amazon.imp/CorPfmLogic[0]: Current time: 1777824262945 
05-03 13:04:22.945   941 22057 I com.amazon.imp/CorPfmLogic[0]:  cor/pfm last updated time: 1777812732850 
05-03 13:04:22.945   941 22057 I com.amazon.imp/CorPfmLogic[0]:  TTL: 86400000 
05-03 13:04:22.945   941 22057 I com.amazon.imp/CorPfmLogic[0]:  Jitter: 23395210
05-03 13:04:22.945   941 22057 I com.amazon.imp/CorPfmLogic[0]: COR or PFM isn't expired.
05-03 13:04:22.945   941 22057 I com.amazon.imp/CorPfmLogic[0]: COR PFM has already been fetched. Returning current COR/PFM
05-03 13:04:22.945   941 22057 I com.amazon.imp/CustomerAttributeStoreLogic[0]: Callback with value empty: false
05-03 13:04:23.024 22012 22012 I SPCH-BaseClient: onBind(), serviceClass => ISimClientEventServer isSuccess => true
05-03 13:04:23.024 22012 22012 I SPCH-BaseClient: onBind(), serviceClass => ISimClientEventServer isSuccess => true
05-03 13:04:23.038 22012 22012 W RenderThread: type=1400 audit(0.0:377): avc: denied { search } for name="clients" dev="debugfs" ino=9965 scontext=u:r:amazon_app:s0 tcontext=u:object_r:debugfs_ion:s0 tclass=dir permissive=0
05-03 13:04:23.038 22012 22012 W RenderThread: type=1400 audit(0.0:378): avc: denied { search } for name="clients" dev="debugfs" ino=9965 scontext=u:r:amazon_app:s0 tcontext=u:object_r:debugfs_ion:s0 tclass=dir permissive=0
05-03 13:04:23.073 22012 22055 I ConfigStore: android::hardware::configstore::V1_0::ISurfaceFlingerConfigs::hasWideColorDisplay retrieved: 0
05-03 13:04:23.074 22012 22055 I ConfigStore: android::hardware::configstore::V1_0::ISurfaceFlingerConfigs::hasHDRDisplay retrieved: 0
05-03 13:04:23.074 22012 22055 I OpenGLRenderer: Initialized EGL, version 1.4
05-03 13:04:23.128 22012 22012 W RenderThread: type=1400 audit(0.0:379): avc: denied { search } for name="clients" dev="debugfs" ino=9965 scontext=u:r:amazon_app:s0 tcontext=u:object_r:debugfs_ion:s0 tclass=dir permissive=0
05-03 13:04:23.129 22012 22055 E ion     : ioctl c0044901 failed with code -1: Invalid argument
05-03 13:04:23.132 22012 22055 I ConfigStore: android::hardware::configstore::V1_0::ISurfaceFlingerConfigs::vsyncEventPhaseOffsetNs retrieved: 1000000 (default)
05-03 13:04:23.133 22012 22055 I ConfigStore: android::hardware::configstore::V1_0::ISurfaceFlingerConfigs::vsyncSfEventPhaseOffsetNs retrieved: 1000000 (default)
05-03 13:04:23.172 22012 22064 I Screensaver_ContentValues: Non-member mode check supported. isNonMemberMode: false
05-03 13:04:23.190 22012 22064 I Screensaver_AccountStateManager: Setting up account with thread safe method.
05-03 13:04:23.202 22012 22064 I Screensaver_AccountStateManager: Setup account already completed.  Skipping.
05-03 13:04:23.203 22012 22064 I Screensaver_PhotosAppStateReader: Not initializing disabled setting because default collection set
05-03 13:04:23.216 22012 22064 I Screensaver_OobeCompleteSnsHelper: Don't send OOBE Complete SNS, not required
05-03 13:04:23.247 22012 22047 I Screensaver_ArcusManager: Skipping remote config sync. Current config was synced recently. Config Id : arn:aws:remote-config:us-west-2:532356219984:appConfig:am9ibiou
05-03 13:04:23.269 22012 22047 I Screensaver_ArcusManager: Skipping remote config sync. Current config was synced recently. Config Id : arn:aws:remote-config:us-west-2:532356219984:appConfig:aqqk03yx
05-03 13:04:23.278 22012 22064 I Screensaver_StorageModeUtil: Low storage mode: NORMAL
05-03 13:04:23.285 22012 22049 E System  : TRACE Starting certificate trust
05-03 13:04:23.298 22012 22047 I Screensaver_ArcusManager: Skipping remote config sync. Current config was synced recently. Config Id : arn:aws:remote-config:us-west-2:532356219984:appConfig:a0iek8sw
05-03 13:04:23.331 22012 22064 I Screensaver_RemoteConfigurationUtil: Device thermal state value is 0; adding thermal offset time 0 millis
05-03 13:04:23.337  1602  4011 I chatty  : uid=10163(com.amazon.vizzini) Thread-1908 expire 7 lines
05-03 13:04:23.338  1602  2462 I chatty  : uid=10163(com.amazon.vizzini) MetricsClient H expire 4 lines
05-03 13:04:23.344   941 22057 I com.amazon.imp/TokenJobQueue[0]: Begin executing task GetToken:com.amazon.vizzini/com.amazon.dcp.sso.token.oauth.amazon.access_token
05-03 13:04:23.344   941 22057 I com.amazon.imp/TokenJobQueue[0]: Scheduled running concurrent job GetToken:com.amazon.vizzini/com.amazon.dcp.sso.token.oauth.amazon.access_token.
05-03 13:04:23.344   941 22079 I com.amazon.imp/MAPApplicationInformationQueryer[0]: Populate change for remote MAP info.
05-03 13:04:23.344   941 22079 I com.amazon.imp/MAPApplicationInformationQueryer[0]: CacheContainsPartialResults? true
05-03 13:04:23.345 22012 22064 I Screensaver_RemoteConfigurationUtil: Device thermal state value is 0; adding thermal offset time 0 millis
05-03 13:04:23.347   941 22079 I com.amazon.imp/TokenJobQueue[0]: Finish executing task GetToken:com.amazon.vizzini/com.amazon.dcp.sso.token.oauth.amazon.access_token.
05-03 13:04:23.372 22012 22064 I Screensaver_RemoteConfigurationUtil: Device thermal state value is 0; adding thermal offset time 0 millis
05-03 13:04:23.379 22012 22064 I Screensaver_RemoteConfigurationUtil: Device thermal state value is 0; adding thermal offset time 0 millis
05-03 13:04:23.427 22012 22047 I Screensaver_CollectionRequester: The current collection selection is valid.
05-03 13:04:23.472 22012 22047 I Screensaver_RemoteConfigurationUtil: Device thermal state value is 0; adding thermal offset time 0 millis
05-03 13:04:23.475 22012 22063 E System  : TRACE Starting certificate trust
05-03 13:04:23.485 22012 22048 I Screensaver_StorageStatsHelper: Recording full storage stats.
05-03 13:04:23.485 22012 22084 I StockPhotos_UpdateManifestWorker: Skipping fetching manifest. 22147902ms since last attempt. Force fetch: false
05-03 13:04:23.489 22012 22031 I WM-WorkerWrapper: Worker result SUCCESS for Work [ id=25a7a937-1b0b-4285-91a9-595982daebc6, tags={ com.amazon.ftv.screensaver.provider.stockphoto.UpdateManifestWorker } ]
05-03 13:04:23.495 22012 22047 I Screensaver_RemoteConfigurationUtil: Device thermal state value is 0; adding thermal offset time 0 millis
05-03 13:04:23.496 22012 22047 W StockPhotos_StockPhotoRetrievalTrac: Ignoring premature request to report metrics.
05-03 13:04:23.503 22012 22083 I Screensaver_RemoteConfigurationUtil: Device thermal state value is 0; adding thermal offset time 0 millis
05-03 13:04:23.523 22012 22083 I Screensaver_RemoteConfigurationUtil: Device thermal state value is 0; adding thermal offset time 0 millis
05-03 13:04:23.523 22012 22083 W StockPhotos_StockPhotoRetrievalTrac: Ignoring premature request to report metrics.
05-03 13:04:23.528   941 22057 I com.amazon.imp/CorPfmLogic[0]: COR is empty: false, PFM is empty: false
05-03 13:04:23.528   941 22057 I com.amazon.imp/CorPfmLogic[0]: Current time: 1777824263528 
05-03 13:04:23.528   941 22057 I com.amazon.imp/CorPfmLogic[0]:  cor/pfm last updated time: 1777812732850 
05-03 13:04:23.528   941 22057 I com.amazon.imp/CorPfmLogic[0]:  TTL: 86400000 
05-03 13:04:23.528   941 22057 I com.amazon.imp/CorPfmLogic[0]:  Jitter: 22540267
05-03 13:04:23.528   941 22057 I com.amazon.imp/CorPfmLogic[0]: COR or PFM isn't expired.
05-03 13:04:23.528   941 22057 I com.amazon.imp/CorPfmLogic[0]: COR PFM has already been fetched. Returning current COR/PFM
05-03 13:04:23.528   941 22057 I com.amazon.imp/CustomerAttributeStoreLogic[0]: Callback with value empty: false
05-03 13:04:23.530  1602  3477 I chatty  : uid=10163(com.amazon.vizzini) Thread-1912 expire 3 lines
05-03 13:04:23.533  1602  1602 I chatty  : uid=10163(com.amazon.vizzini) expire 7 lines
05-03 13:04:23.543   941 22057 I com.amazon.imp/CorPfmLogic[0]: COR is empty: false, PFM is empty: false
05-03 13:04:23.543   941 22057 I com.amazon.imp/CorPfmLogic[0]: Current time: 1777824263543 
05-03 13:04:23.543   941 22057 I com.amazon.imp/CorPfmLogic[0]:  cor/pfm last updated time: 1777812732850 
05-03 13:04:23.543   941 22057 I com.amazon.imp/CorPfmLogic[0]:  TTL: 86400000 
05-03 13:04:23.543   941 22057 I com.amazon.imp/CorPfmLogic[0]:  Jitter: 34567264
05-03 13:04:23.543   941 22057 I com.amazon.imp/CorPfmLogic[0]: COR or PFM isn't expired.
05-03 13:04:23.543   941 22057 I com.amazon.imp/CorPfmLogic[0]: COR PFM has already been fetched. Returning current COR/PFM
05-03 13:04:23.543   941 22057 I com.amazon.imp/CustomerAttributeStoreLogic[0]: Callback with value empty: false
05-03 13:04:23.550   941 22057 I com.amazon.imp/CorPfmLogic[0]: COR is empty: false, PFM is empty: false
05-03 13:04:23.551   941 22057 I com.amazon.imp/CorPfmLogic[0]: Current time: 1777824263551 
05-03 13:04:23.551   941 22057 I com.amazon.imp/CorPfmLogic[0]:  cor/pfm last updated time: 1777812732850 
05-03 13:04:23.551   941 22057 I com.amazon.imp/CorPfmLogic[0]:  TTL: 86400000 
05-03 13:04:23.551   941 22057 I com.amazon.imp/CorPfmLogic[0]:  Jitter: 30375489
05-03 13:04:23.551   941 22057 I com.amazon.imp/CorPfmLogic[0]: COR or PFM isn't expired.
05-03 13:04:23.551   941 22057 I com.amazon.imp/CorPfmLogic[0]: COR PFM has already been fetched. Returning current COR/PFM
05-03 13:04:23.551   941 22057 I com.amazon.imp/CustomerAttributeStoreLogic[0]: Callback with value empty: false
05-03 13:04:23.559   941 22057 I com.amazon.imp/CorPfmLogic[0]: COR is empty: false, PFM is empty: false
05-03 13:04:23.559   941 22057 I com.amazon.imp/CorPfmLogic[0]: Current time: 1777824263559 
05-03 13:04:23.559   941 22057 I com.amazon.imp/CorPfmLogic[0]:  cor/pfm last updated time: 1777812732850 
05-03 13:04:23.559   941 22057 I com.amazon.imp/CorPfmLogic[0]:  TTL: 86400000 
05-03 13:04:23.559   941 22057 I com.amazon.imp/CorPfmLogic[0]:  Jitter: -31875950
05-03 13:04:23.560   941 22057 I com.amazon.imp/CorPfmLogic[0]: COR or PFM isn't expired.
05-03 13:04:23.560   941 22057 I com.amazon.imp/CorPfmLogic[0]: COR PFM has already been fetched. Returning current COR/PFM
05-03 13:04:23.560   941 22057 I com.amazon.imp/CustomerAttributeStoreLogic[0]: Callback with value empty: false
05-03 13:04:23.591 22012 22047 W StockPhotos_LegacyStockPhotoScreens: No prepared item available, checking out unprepared item!
05-03 13:04:23.597 22012 22083 W StockPhotos_LegacyStockPhotoScreens: No prepared item available, checking out unprepared item!
05-03 13:04:23.634 22012 22092 I StockPhotos_StockPhotoScreensaverIt: Finished preparing resources
05-03 13:04:23.634 22012 22083 I StockPhotos_StockPhotoScreensaverIt: Finished preparing resources
05-03 13:04:23.635 22012 22047 I StockPhotos_StockPhotoScreensaverIt: Finished preparing resources
05-03 13:04:23.637 22012 22094 I StockPhotos_StockPhotoScreensaverIt: Finished preparing resources
05-03 13:04:23.646 22012 22093 I StockPhotos_StockPhotoScreensaverIt: Finished preparing resources
05-03 13:04:23.649 22012 22095 I StockPhotos_StockPhotoScreensaverIt: Finished preparing resources
05-03 13:04:23.677 22012 22012 I Screensaver_BasicScreensaver: Resources are ready, starting screensaver.
05-03 13:04:23.700 22012 22049 I Screensaver_SushiRecorder: Sushi call success (200) on try 0: Response{protocol=http/1.1, code=200, message=OK, url=https://unagi-na.amazon.com/1/events/com.amazon.photos.bi.metrics.firetv.prod}
05-03 13:04:23.715 22012 22097 I Screensaver_EndpointStateClientWrpr: addOrUpdateEndpointState
05-03 13:04:23.716 22012 22097 I ServiceConnectionManager: Attempting to bind service, setting context => android.app.ContextImpl@26da8bb
05-03 13:04:23.728 22012 22083 I Screensaver_AccountFeaturesImpl: Not fetching account features - already have features and not a week has passed.
05-03 13:04:23.728 22012 22083 W StockPhotos_StockPhotoRetrievalTrac: Ignoring premature request to report metrics.
05-03 13:04:23.734 22012 22012 I SPCH-BaseClient: onBind(), serviceClass => IEndpointStateServer isSuccess => true
05-03 13:04:23.735 22012 22097 I Screensaver_ContentValues: Non-member mode check supported. isNonMemberMode: false
05-03 13:04:23.735 22012 22098 I StockPhotos_UpdateManifestWorker: Skipping fetching manifest. 22148172ms since last attempt. Force fetch: false
05-03 13:04:23.736 22012 22012 I ESF_EndpointStateClient: convertIBinderToService
05-03 13:04:23.736 22012 22075 I WM-WorkerWrapper: Worker result SUCCESS for Work [ id=e20c77f5-8773-4e75-b8bd-e89bebc78bdc, tags={ com.amazon.ftv.screensaver.provider.stockphoto.UpdateManifestWorker } ]
05-03 13:04:23.740 22012 22075 I WM-WorkerWrapper: Setting status to enqueued for 5e833063-6d44-4a51-b5e5-94bc76e88e2e
05-03 13:04:23.745   941 22057 I com.amazon.imp/CorPfmLogic[0]: COR is empty: false, PFM is empty: false
05-03 13:04:23.745   941 22057 I com.amazon.imp/CorPfmLogic[0]: Current time: 1777824263745 
05-03 13:04:23.745   941 22057 I com.amazon.imp/CorPfmLogic[0]:  cor/pfm last updated time: 1777812732850 
05-03 13:04:23.745   941 22057 I com.amazon.imp/CorPfmLogic[0]:  TTL: 86400000 
05-03 13:04:23.745   941 22057 I com.amazon.imp/CorPfmLogic[0]:  Jitter: 30929916
05-03 13:04:23.745   941 22057 I com.amazon.imp/CorPfmLogic[0]: COR or PFM isn't expired.
05-03 13:04:23.745   941 22057 I com.amazon.imp/CorPfmLogic[0]: COR PFM has already been fetched. Returning current COR/PFM
05-03 13:04:23.745   941 22057 I com.amazon.imp/CustomerAttributeStoreLogic[0]: Callback with value empty: false
05-03 13:04:23.762   941 22057 I com.amazon.imp/CorPfmLogic[0]: COR is empty: false, PFM is empty: false
05-03 13:04:23.762   941 22057 I com.amazon.imp/CorPfmLogic[0]: Current time: 1777824263762 
05-03 13:04:23.762   941 22057 I com.amazon.imp/CorPfmLogic[0]:  cor/pfm last updated time: 1777812732850 
05-03 13:04:23.762   941 22057 I com.amazon.imp/CorPfmLogic[0]:  TTL: 86400000 
05-03 13:04:23.762   941 22057 I com.amazon.imp/CorPfmLogic[0]:  Jitter: 13855344
05-03 13:04:23.762   941 22057 I com.amazon.imp/CorPfmLogic[0]: COR or PFM isn't expired.
05-03 13:04:23.762   941 22057 I com.amazon.imp/CorPfmLogic[0]: COR PFM has already been fetched. Returning current COR/PFM
05-03 13:04:23.762   941 22057 I com.amazon.imp/CustomerAttributeStoreLogic[0]: Callback with value empty: false
05-03 13:04:23.769 22012 22097 I Screensaver_ContentValues: Non-member mode check supported. isNonMemberMode: false
05-03 13:04:23.776 22012 22099 I StockPhotos_UpdateManifestWorker: Skipping fetching manifest. 22148214ms since last attempt. Force fetch: false
05-03 13:04:23.796   941 22057 I com.amazon.imp/CorPfmLogic[0]: COR is empty: false, PFM is empty: false
05-03 13:04:23.796   941 22057 I com.amazon.imp/CorPfmLogic[0]: Current time: 1777824263796 
05-03 13:04:23.796   941 22057 I com.amazon.imp/CorPfmLogic[0]:  cor/pfm last updated time: 1777812732850 
05-03 13:04:23.796   941 22057 I com.amazon.imp/CorPfmLogic[0]:  TTL: 86400000 
05-03 13:04:23.796   941 22057 I com.amazon.imp/CorPfmLogic[0]:  Jitter: -4324483
05-03 13:04:23.796   941 22057 I com.amazon.imp/CorPfmLogic[0]: COR or PFM isn't expired.
05-03 13:04:23.796   941 22057 I com.amazon.imp/CorPfmLogic[0]: COR PFM has already been fetched. Returning current COR/PFM
05-03 13:04:23.796   941 22057 I com.amazon.imp/CustomerAttributeStoreLogic[0]: Callback with value empty: false
05-03 13:04:23.800 22012 22047 I Screensaver_ContentValues: Non-member mode check supported. isNonMemberMode: false
05-03 13:04:23.815 22012 22097 I Screensaver_ContentValues: Non-member mode check supported. isNonMemberMode: false
05-03 13:04:23.828   941 22057 I com.amazon.imp/CorPfmLogic[0]: COR is empty: false, PFM is empty: false
05-03 13:04:23.828   941 22057 I com.amazon.imp/CorPfmLogic[0]: Current time: 1777824263828 
05-03 13:04:23.828   941 22057 I com.amazon.imp/CorPfmLogic[0]:  cor/pfm last updated time: 1777812732850 
05-03 13:04:23.828   941 22057 I com.amazon.imp/CorPfmLogic[0]:  TTL: 86400000 
05-03 13:04:23.828   941 22057 I com.amazon.imp/CorPfmLogic[0]:  Jitter: 39652532
05-03 13:04:23.828   941 22057 I com.amazon.imp/CorPfmLogic[0]: COR or PFM isn't expired.
05-03 13:04:23.828   941 22057 I com.amazon.imp/CorPfmLogic[0]: COR PFM has already been fetched. Returning current COR/PFM
05-03 13:04:23.828   941 22057 I com.amazon.imp/CustomerAttributeStoreLogic[0]: Callback with value empty: false
05-03 13:04:23.839 22012 22097 I Screensaver_ContentValues: Non-member mode check supported. isNonMemberMode: false
05-03 13:04:23.846 22012 22097 I ServiceConnectionManager: unbindService(), context => android.app.ContextImpl@26da8bb
05-03 13:04:23.858   941 22057 I com.amazon.imp/CorPfmLogic[0]: COR is empty: false, PFM is empty: false
05-03 13:04:23.858   941 22057 I com.amazon.imp/CorPfmLogic[0]: Current time: 1777824263858 
05-03 13:04:23.858   941 22057 I com.amazon.imp/CorPfmLogic[0]:  cor/pfm last updated time: 1777812732850 
05-03 13:04:23.858   941 22057 I com.amazon.imp/CorPfmLogic[0]:  TTL: 86400000 
05-03 13:04:23.858   941 22057 I com.amazon.imp/CorPfmLogic[0]:  Jitter: 31985047
05-03 13:04:23.858   941 22057 I com.amazon.imp/CorPfmLogic[0]: COR or PFM isn't expired.
05-03 13:04:23.858   941 22057 I com.amazon.imp/CorPfmLogic[0]: COR PFM has already been fetched. Returning current COR/PFM
05-03 13:04:23.858   941 22057 I com.amazon.imp/CustomerAttributeStoreLogic[0]: Callback with value empty: false
05-03 13:04:23.860 22012 22028 I WM-WorkerWrapper: Worker result SUCCESS for Work [ id=5e833063-6d44-4a51-b5e5-94bc76e88e2e, tags={ com.amazon.ftv.screensaver.provider.stockphoto.UpdateManifestWorker } ]
05-03 13:04:23.862 22012 22028 I WM-WorkerWrapper: Setting status to enqueued for 56aad81e-5749-49ab-b8e6-adb336151e36
05-03 13:04:23.899 22012 22084 I StockPhotos_UpdateManifestWorker: Skipping fetching manifest. 22148336ms since last attempt. Force fetch: false
05-03 13:04:23.901 22012 22028 I WM-WorkerWrapper: Worker result SUCCESS for Work [ id=56aad81e-5749-49ab-b8e6-adb336151e36, tags={ com.amazon.ftv.screensaver.provider.stockphoto.UpdateManifestWorker } ]
05-03 13:04:23.902   941 22057 I com.amazon.imp/CorPfmLogic[0]: COR is empty: false, PFM is empty: false
05-03 13:04:23.902   941 22057 I com.amazon.imp/CorPfmLogic[0]: Current time: 1777824263902 
05-03 13:04:23.902   941 22057 I com.amazon.imp/CorPfmLogic[0]:  cor/pfm last updated time: 1777812732850 
05-03 13:04:23.902   941 22057 I com.amazon.imp/CorPfmLogic[0]:  TTL: 86400000 
05-03 13:04:23.902   941 22057 I com.amazon.imp/CorPfmLogic[0]:  Jitter: 32769718
05-03 13:04:23.902   941 22057 I com.amazon.imp/CorPfmLogic[0]: COR or PFM isn't expired.
05-03 13:04:23.903   941 22057 I com.amazon.imp/CorPfmLogic[0]: COR PFM has already been fetched. Returning current COR/PFM
05-03 13:04:23.903   941 22057 I com.amazon.imp/CustomerAttributeStoreLogic[0]: Callback with value empty: false
05-03 13:04:23.928   941 22057 I com.amazon.imp/CorPfmLogic[0]: COR is empty: false, PFM is empty: false
05-03 13:04:23.928   941 22057 I com.amazon.imp/CorPfmLogic[0]: Current time: 1777824263928 
05-03 13:04:23.928   941 22057 I com.amazon.imp/CorPfmLogic[0]:  cor/pfm last updated time: 1777812732850 
05-03 13:04:23.928   941 22057 I com.amazon.imp/CorPfmLogic[0]:  TTL: 86400000 
05-03 13:04:23.928   941 22057 I com.amazon.imp/CorPfmLogic[0]:  Jitter: -29045561
05-03 13:04:23.928   941 22057 I com.amazon.imp/CorPfmLogic[0]: COR or PFM isn't expired.
05-03 13:04:23.928   941 22057 I com.amazon.imp/CorPfmLogic[0]: COR PFM has already been fetched. Returning current COR/PFM
05-03 13:04:23.928   941 22057 I com.amazon.imp/CustomerAttributeStoreLogic[0]: Callback with value empty: false
05-03 13:04:23.930 22012 22047 I Screensaver_PhotosAppStateReader: Using cached disablement setting
05-03 13:04:23.933 22012 22083 W Screensaver_SushiRecorder: Can't match Sushi endpoint for marketplace=A2Q3Y263D00KWC
05-03 13:04:23.964 22012 22094 I Screensaver_Hallow::d: Screensaver initialization duration: 1733 ms
05-03 13:04:23.966 22012 22097 I Screensaver_OnboardingContextHelper: Onboarding context not available as Customer has Control treatment.
05-03 13:04:24.004   941 22057 I com.amazon.imp/CorPfmLogic[0]: COR is empty: false, PFM is empty: false
05-03 13:04:24.004   941 22057 I com.amazon.imp/CorPfmLogic[0]: Current time: 1777824264004 
05-03 13:04:24.004   941 22057 I com.amazon.imp/CorPfmLogic[0]:  cor/pfm last updated time: 1777812732850 
05-03 13:04:24.004   941 22057 I com.amazon.imp/CorPfmLogic[0]:  TTL: 86400000 
05-03 13:04:24.004   941 22057 I com.amazon.imp/CorPfmLogic[0]:  Jitter: -40231866
05-03 13:04:24.004   941 22057 I com.amazon.imp/CorPfmLogic[0]: COR or PFM isn't expired.
05-03 13:04:24.004   941 22057 I com.amazon.imp/CorPfmLogic[0]: COR PFM has already been fetched. Returning current COR/PFM
05-03 13:04:24.004   941 22057 I com.amazon.imp/CustomerAttributeStoreLogic[0]: Callback with value empty: false
05-03 13:04:24.021 22012 22012 I Screensaver_ContStartTimeHelper: Screensaver contextual timeout setting not found
05-03 13:04:24.021 22012 22012 I Screensaver_ContStartTimeHelper: android.provider.Settings$SettingNotFoundException: contextual_screen_off_timeout
05-03 13:04:24.021 22012 22012 I Screensaver_ContStartTimeHelper: 	at android.provider.Settings$Secure.getIntForUser(Settings.java:5143)
05-03 13:04:24.021 22012 22012 I Screensaver_ContStartTimeHelper: 	at android.provider.Settings$Secure.getInt(Settings.java:5129)
05-03 13:04:24.021 22012 22012 I Screensaver_ContStartTimeHelper: 	at u2.a.run(Unknown Source:255)
05-03 13:04:24.021 22012 22012 I Screensaver_ContStartTimeHelper: 	at u9.e.c(Unknown Source:2)
05-03 13:04:24.021 22012 22012 I Screensaver_ContStartTimeHelper: 	at v9.i$a.run(Unknown Source:13)
05-03 13:04:24.021 22012 22012 I Screensaver_ContStartTimeHelper: 	at n9.c$b.run(Unknown Source:2)
05-03 13:04:24.021 22012 22012 I Screensaver_ContStartTimeHelper: 	at android.os.Handler.handleCallback(Handler.java:873)
05-03 13:04:24.021 22012 22012 I Screensaver_ContStartTimeHelper: 	at android.os.Handler.dispatchMessage(Handler.java:99)
05-03 13:04:24.021 22012 22012 I Screensaver_ContStartTimeHelper: 	at android.os.Looper.loop(Looper.java:211)
05-03 13:04:24.021 22012 22012 I Screensaver_ContStartTimeHelper: 	at android.app.ActivityThread.main(ActivityThread.java:6777)
05-03 13:04:24.021 22012 22012 I Screensaver_ContStartTimeHelper: 	at java.lang.reflect.Method.invoke(Native Method)
05-03 13:04:24.021 22012 22012 I Screensaver_ContStartTimeHelper: 	at com.android.internal.os.RuntimeInit$MethodAndArgsCaller.run(RuntimeInit.java:493)
05-03 13:04:24.021 22012 22012 I Screensaver_ContStartTimeHelper: 	at com.android.internal.os.ZygoteInit.main(ZygoteInit.java:858)
05-03 13:04:24.034 22012 22012 W StockPhotos_LegacyStockPhotoScreens: No prepared item available, checking out unprepared item!
05-03 13:04:24.035 22012 22012 I Screensaver_CompositeScheduler: Item is not ready to composite. Replacing with oldest ready item.
05-03 13:04:24.040 22012 22064 I StockPhotos_StockPhotoScreensaverIt: Finished preparing resources
05-03 13:04:24.041 22012 22012 W StockPhotos_LegacyStockPhotoScreens: Nothing to do. Prepared ready item available.
05-03 13:04:24.043 22012 22094 I StockPhotos_StockPhotoScreensaverIt: Finished preparing resources
05-03 13:04:24.051 22012 22012 I Screensaver_CompositeScheduler: Ready to composite s2.b@8501351
05-03 13:04:24.051 22012 22012 I Screensaver_CompositeScheduler: Ready to composite u2.x@1a117b6
05-03 13:04:24.051 22012 22109 I StockPhotos_StockPhotoScreensaverIt: Finished preparing resources
05-03 13:04:24.062 22012 22012 I Screensaver_CompositeScheduler: Scheduled x3.i@7366e9a
05-03 13:04:24.210   314   314 W IMGMemtrackHAL: hal_get_memory: memtrack cache rebuild was required
05-03 13:04:24.243 22012 22055 I ConfigStore: android::hardware::configstore::V1_0::ISurfaceFlingerConfigs::vsyncEventPhaseOffsetNs retrieved: 1000000 (default)
05-03 13:04:24.243 22012 22055 I ConfigStore: android::hardware::configstore::V1_0::ISurfaceFlingerConfigs::vsyncSfEventPhaseOffsetNs retrieved: 1000000 (default)
05-03 13:04:24.257   528  2418 I ActivityManager: Process com.amazon.bueller.photos (pid 21894) has died: cch+2CEM 
05-03 13:04:24.257   528   548 W libprocessgroup: kill(-21894, 9) failed: No such process
05-03 13:04:24.262   273   273 I Zygote  : Process 21894 exited due to signal 9 (Killed)
05-03 13:04:24.285 22012 22083 E System  : TRACE Starting certificate trust
05-03 13:04:24.295 22012 22047 I Screensaver_SushiRecorder: Sushi call success (200) on try 0: Response{protocol=http/1.1, code=200, message=OK, url=https://unagi-na.amazon.com/1/events/com.amazon.photos.bi.metrics.firetv.prod}
05-03 13:04:24.297   833   833 I PeriodicKPIReporter: Shutdown was invoked.
05-03 13:04:24.298   833   833 I CoordinatorUtils: Report Trim-memory (level-15) to NSC
05-03 13:04:24.299   528   548 W libprocessgroup: kill(-21894, 9) failed: No such process
05-03 13:04:24.299   528   548 I libprocessgroup: Successfully killed process cgroup uid 10077 pid 21894 in 41ms
05-03 13:04:24.300   833   833 I CoordinatorUtils: Neo Trim-memory NSC notification (level-15) - done
05-03 13:04:24.308   833   852 I PeriodicKPIReporter: Shutdown was invoked.
05-03 13:04:24.325   833   852 I PeriodicKPIReporter: Shutdown was invoked.
05-03 13:04:24.327  1376  1376 I com_amazon_devicecont..: on_trim_memory: Releasing unused memory!
05-03 13:04:24.350   216   216 E lowmemorykiller: Error writing /proc/21965/oom_score_adj; errno=22
05-03 13:04:24.354  1728  1728 I BuellerApplication: Received on trim from framework, level is 80
05-03 13:04:24.356  1728  1728 I BuellerApplication:  should trim frozen image false
05-03 13:04:24.356  1728  1728 W BuellerApplication: TRIM_MEMORY_COMPLETE
05-03 13:04:24.356  1728  1728 I MediaBrowseInMemoryCacheImpl: Cache size before trim: 345
05-03 13:04:24.356  1728  1728 I MediaBrowseInMemoryCacheImpl: Cache size after trim: 345
05-03 13:04:24.356  1728  1728 I BuellerApplication: Trim memory has completed
05-03 13:04:24.358  1728  1728 I MediaBrowseServiceImpl: Received notice that MediaBrowseServiceImpl is to trim memory. Trim memory level: 80
05-03 13:04:24.400  1728  2051 I ImageTrimMemoryHandler: Processing trimMemory level=80, availablePriority=3, cachedPriority=3, bytesInMemoryCache=0 bytes, bytesInUse=36 KB
05-03 13:04:24.401  1728  2051 I ImagePriorityLru: Releasing 0 cached items, and 0 available items, bytesInUse=36 KB, bytesOnlyInCache=0 bytes
05-03 13:04:24.401  1728  2051 I ImagePriorityLru: Releasing 0 cached items, and 0 available items, bytesInUse=36 KB, bytesOnlyInCache=0 bytes
05-03 13:04:24.407 11333 11333 I NapkinApplication: TRIM_MEMORY_COMPLETE
05-03 13:04:24.409   528  2418 I ActivityManager: Process com.amazon.diode (pid 21965) has died: cch+2CEM 
05-03 13:04:24.410   528   548 W libprocessgroup: kill(-21965, 9) failed: No such process
05-03 13:04:24.423   273   273 I Zygote  : Process 21965 exited due to signal 9 (Killed)
05-03 13:04:24.433 11333 11333 I AmazonAppstore.FireTVGlide: Cleared Glide Memory Cache
05-03 13:04:24.437 22012 22022 I ftv.screensave: NativeAlloc concurrent copying GC freed 261973(15MB) AllocSpace objects, 39(972KB) LOS objects, 50% free, 4MB/8MB, paused 321us total 161.535ms
05-03 13:04:24.446   528  7684 I ActivityManager: Process com.android.proxyhandler (pid 21684) has died: cch+1CEM 
05-03 13:04:24.446   273   273 I Zygote  : Process 21684 exited due to signal 9 (Killed)
05-03 13:04:24.449   528   548 W libprocessgroup: kill(-21965, 9) failed: No such process
05-03 13:04:24.449   528   548 I libprocessgroup: Successfully killed process cgroup uid 10091 pid 21965 in 39ms
05-03 13:04:24.450   528   548 W libprocessgroup: kill(-21684, 9) failed: No such process
05-03 13:04:24.450   528   548 I libprocessgroup: Successfully killed process cgroup uid 10006 pid 21684 in 0ms
05-03 13:04:24.718 22012 22083 I Screensaver_SushiRecorder: Sushi call success (200) on try 0: Response{protocol=http/1.1, code=200, message=OK, url=https://unagi-na.amazon.com/1/events/com.amazon.photos.bi.metrics.firetv.prod}
05-03 13:04:24.879 22012 22093 I Screensaver_SushiRecorder: Sushi call success (200) on try 0: Response{protocol=http/1.1, code=200, message=OK, url=https://unagi-na.amazon.com/1/events/com.amazon.photos.bi.metrics.firetv.prod}
05-03 13:04:25.186   314   314 W IMGMemtrackHAL: hal_get_memory: memtrack cache rebuild was required
05-03 13:04:25.439  1728  2051 I ImageTrimMemoryHandler: Processed trimMemory level=80, bytesInMemoryCache=0 bytes, bytesInUse=36 KB
05-03 13:04:26.182  1282  1282 I main.wifi_score: dump_wifi_score_ctxt(): is2g=1, is11ac=0, is11ax=0, chan_bw=20, nss=2, bcn_rssi=-33, data_rssi=-38, tx_ok=11816, tx_failed=29223, cca_idle_pct=77
05-03 13:04:26.182  1282  1282 I main.wifi_score: dump_wifi_score_ctxt(): last_tx_stats: sgi=0, pream=1, mcs=4, ss=2, bw=0
05-03 13:04:26.182  1282  1282 I main.wifi_score: rate correction orig per/mcs/bw 35/4/0, new per/mcs/bw 5/3/0
05-03 13:04:26.182  1282  1282 I main.wifi_score: cca_idle 48%, bcn_rssi -33, data_rssi -38, per 5% (ok=29, failed=16), N MCS 3, BW 0 SS 2  52mbps, AMPDU length 16, dur 4171us UDP tput 21mbps.
05-03 13:04:26.182  1282  1282 I main.wifi_score: Score -1, mcs 36 (phyrate cur/min/avg/max= 52/6/71/130 mbps), expected  UDP throughput cur/min/avg/max= 21/1/29/82 mbps.
05-03 13:04:26.192   314   314 W IMGMemtrackHAL: hal_get_memory: memtrack cache rebuild was required
05-03 13:04:27.094   321 18051 I Node    : dolby-audio-meter, AdapterPcmSystem adapter audio meter: channel 0; audio level: 0.000
05-03 13:04:27.094   321 18051 I Node    : dolby-audio-meter, AdapterPcmSystem adapter audio meter: channel 1; audio level: 0.000
05-03 13:04:27.094   321 18051 I Node    : dolby-audio-meter, AdapterPcmOut adapter audio meter: channel 0; audio level: 0.000
05-03 13:04:27.094   321 18051 I Node    : dolby-audio-meter, AdapterPcmOut adapter audio meter: channel 1; audio level: 0.000
05-03 13:04:27.181   314   314 W IMGMemtrackHAL: hal_get_memory: memtrack cache rebuild was required
05-03 13:04:28.192   314   314 W IMGMemtrackHAL: hal_get_memory: memtrack cache rebuild was required
05-03 13:04:29.106 22012 22115 W Ceviche : [CevicheContextTracker][EventTracker] EventMetadata is null or schema info is empty for event: com.amazon.ceviche.Event@d5c29b0
05-03 13:04:29.182   314   314 W IMGMemtrackHAL: hal_get_memory: memtrack cache rebuild was required
05-03 13:04:29.361 22012 22119 I com.amazon.ftv.screensaver/LocalKeyValueStore: Create DE shared preference, OS supports direct boot.
05-03 13:04:29.385   528  1766 W Process : Unable to open /proc/0/status
05-03 13:04:29.405   528   547 I ActivityManager: Start proc 22120:com.amazon.ceviche/u0a78 for content provider com.amazon.ceviche/.TrackEventsContentProvider
05-03 13:04:29.436 22120 22120 E .amazon.cevich: Not starting debugger since process cannot load the jdwp agent.
05-03 13:04:29.513 22120 22120 I .amazon.cevich: The ClassLoaderContext is a special shared library.
05-03 13:04:29.533 22120 22120 I chatty  : uid=10078(com.amazon.ceviche) identical 2 lines
05-03 13:04:29.535 22120 22120 I .amazon.cevich: The ClassLoaderContext is a special shared library.
